
> @yodev/ads@0.1.0 test:e2e:local
> node scripts/verify-local-browser.mjs --grep alert quality|searches older records

{"ok":true,"fixtureRoles":["owner","admin","strategist","analyst","client"],"foreignExportId":"80000000-0000-4000-8000-000000000003"}

> @yodev/ads@0.1.0 dev
> next dev --hostname 127.0.0.1 --port 3017

▲ Next.js 16.3.0 (Turbopack)
- Local:         http://127.0.0.1:3017
- Network:       http://127.0.0.1:3017
- Environments: .env.local
✓ Ready in 1221ms
✓ Running next.config.ts took 4.2s
- Experiments (use with caution):
  · clientTraceMetadata

 GET /sign-in 200 in 4.0s (proxy.ts: 248ms)
 GET / 200 in 4.1s (next.js: 2.9s, proxy.ts: 246ms, application-code: 937ms)
 GET /sign-in 200 in 361ms (next.js: 18ms, proxy.ts: 14ms, application-code: 328ms)
 GET /icon?a62dacc6b033a714 200 in 595ms (next.js: 101ms, proxy.ts: 42ms, application-code: 451ms)
 POST /api/auth/sign-in/email 200 in 1210ms (next.js: 922ms, proxy.ts: 9ms, application-code: 280ms)
 POST /api/auth/sign-in/email 200 in 90ms (next.js: 4ms, proxy.ts: 3ms, application-code: 84ms)
 POST /api/auth/sign-in/email 200 in 100ms (next.js: 3ms, proxy.ts: 3ms, application-code: 94ms)
 POST /api/auth/sign-in/email 200 in 90ms (next.js: 3ms, proxy.ts: 3ms, application-code: 85ms)
 POST /api/auth/sign-in/email 200 in 84ms (next.js: 3ms, proxy.ts: 2ms, application-code: 79ms)
 GET /dashboard 200 in 523ms (next.js: 226ms, proxy.ts: 4ms, application-code: 292ms)
 GET /settings 200 in 322ms (next.js: 79ms, proxy.ts: 3ms, application-code: 240ms)
 GET /billing 200 in 190ms (next.js: 17ms, proxy.ts: 2ms, application-code: 171ms)
 GET /support 200 in 186ms (next.js: 18ms, proxy.ts: 2.0ms, application-code: 166ms)
 GET /accounts 200 in 156ms (next.js: 15ms, proxy.ts: 3ms, application-code: 137ms)
 GET /history 200 in 141ms (next.js: 16ms, proxy.ts: 2ms, application-code: 123ms)
 GET /alerts 200 in 149ms (next.js: 19ms, proxy.ts: 1.9ms, application-code: 128ms)
 GET /tasks 200 in 174ms (next.js: 28ms, proxy.ts: 1.9ms, application-code: 144ms)
 GET /approvals 200 in 146ms (next.js: 24ms, proxy.ts: 2ms, application-code: 120ms)
 GET /reports 200 in 260ms (next.js: 25ms, proxy.ts: 2.0ms, application-code: 234ms)
 GET /audit 200 in 155ms (next.js: 25ms, proxy.ts: 2ms, application-code: 128ms)
 GET /agents 200 in 221ms (next.js: 31ms, proxy.ts: 3ms, application-code: 186ms)
 GET / 200 in 106ms (next.js: 3ms, proxy.ts: 3ms, application-code: 100ms)
 GET /privacy 200 in 58ms (next.js: 15ms, proxy.ts: 2ms, application-code: 42ms)
 GET /terms 200 in 72ms (next.js: 22ms, proxy.ts: 2ms, application-code: 47ms)
 GET /subprocessors 200 in 137ms (next.js: 58ms, proxy.ts: 3ms, application-code: 76ms)
 GET /status 200 in 148ms (next.js: 47ms, proxy.ts: 3ms, application-code: 98ms)
 GET /sign-in 200 in 63ms (next.js: 6ms, proxy.ts: 3ms, application-code: 53ms)
 GET /sign-up 200 in 432ms (next.js: 388ms, proxy.ts: 4ms, application-code: 39ms)
Local browser states ready in /var/folders/9h/sbxl7zl90j9_wc743xft5j8h0000gn/T/yodev-ads-browser-JTCYRj

Running 4 tests using 1 worker

(node:55747) Warning: The 'NO_COLOR' env is ignored due to the 'FORCE_COLOR' env being set.
(Use `node --trace-warnings ...` to show where the warning was created)
 GET /alerts?id=5057b7f0-c0ad-4739-8468-a9fba7e3ed49 200 in 304ms (next.js: 6ms, proxy.ts: 6ms, application-code: 292ms)
 GET /api/auth/get-session 200 in 104ms (next.js: 34ms, proxy.ts: 15ms, application-code: 55ms)
 GET /api/auth/organization/list 200 in 112ms (next.js: 51ms, proxy.ts: 15ms, application-code: 45ms)
 GET /alerts?notice=Avis+sur+la+qualit%C3%A9+de+l%E2%80%99alerte+enregistr%C3%A9.&id=5057b7f0-c0ad-4739-8468-a9fba7e3ed49 200 in 114ms (next.js: 3ms, proxy.ts: 5ms, application-code: 106ms)
 POST /alerts?id=5057b7f0-c0ad-4739-8468-a9fba7e3ed49 200 in 185ms (next.js: 4ms, proxy.ts: 12ms, application-code: 169ms)
  └─ ƒ reviewWorkspaceAlertQuality({}) in 32ms src/app/actions.ts
 GET /alerts?error=Cette+observation+ou+cet+avis+a+chang%C3%A9.+Actualisez+la+page+avant+de+l%E2%80%99%C3%A9valuer+%C3%A0+nouveau.&id=5057b7f0-c0ad-4739-8468-a9fba7e3ed49 200 in 186ms (next.js: 1.7ms, proxy.ts: 3ms, application-code: 182ms)
 POST /alerts?notice=Avis%20sur%20la%20qualit%C3%A9%20de%20l%E2%80%99alerte%20enregistr%C3%A9.&id=5057b7f0-c0ad-4739-8468-a9fba7e3ed49 200 in 222ms (next.js: 6ms, proxy.ts: 10ms, application-code: 205ms)
  └─ ƒ reviewWorkspaceAlertQuality({}) in 10ms src/app/actions.ts
 GET /alerts?notice=Avis+sur+la+qualit%C3%A9+de+l%E2%80%99alerte+enregistr%C3%A9.&id=5057b7f0-c0ad-4739-8468-a9fba7e3ed49 200 in 157ms (next.js: 10ms, proxy.ts: 7ms, application-code: 139ms)
 POST /alerts?error=Cette%20observation%20ou%20cet%20avis%20a%20chang%C3%A9.%20Actualisez%20la%20page%20avant%20de%20l%E2%80%99%C3%A9valuer%20%C3%A0%20nouveau.&id=5057b7f0-c0ad-4739-8468-a9fba7e3ed49 200 in 246ms (next.js: 12ms, proxy.ts: 21ms, application-code: 213ms)
  └─ ƒ reviewWorkspaceAlertQuality({}) in 33ms src/app/actions.ts
 GET /alerts?q=QUALITY_024c2eba-bde8-4462-bbf9-0ced4b3585e6 200 in 1051ms (next.js: 4ms, proxy.ts: 5ms, application-code: 1042ms)
 GET /api/auth/get-session 200 in 565ms (next.js: 418ms, proxy.ts: 33ms, application-code: 114ms)
 GET /api/auth/organization/list 200 in 568ms (next.js: 409ms, proxy.ts: 107ms, application-code: 52ms)
 GET /alerts?id=5057b7f0-c0ad-4739-8468-a9fba7e3ed49 200 in 372ms (next.js: 29ms, proxy.ts: 24ms, application-code: 319ms)
 GET /api/auth/get-session 200 in 71ms (next.js: 15ms, proxy.ts: 11ms, application-code: 45ms)
 GET /api/auth/organization/list 200 in 76ms (next.js: 25ms, proxy.ts: 12ms, application-code: 39ms)
 GET /alerts?notice=Avis+sur+la+qualit%C3%A9+de+l%E2%80%99alerte+enregistr%C3%A9.&id=5057b7f0-c0ad-4739-8468-a9fba7e3ed49 200 in 118ms (next.js: 13ms, proxy.ts: 19ms, application-code: 86ms)
 POST /alerts?id=5057b7f0-c0ad-4739-8468-a9fba7e3ed49 200 in 176ms (next.js: 6ms, proxy.ts: 7ms, application-code: 163ms)
  └─ ƒ reviewWorkspaceAlertQuality({}) in 30ms src/app/actions.ts
 GET /alerts?id=5057b7f0-c0ad-4739-8468-a9fba7e3ed49 200 in 141ms (next.js: 2ms, proxy.ts: 2ms, application-code: 137ms)
 GET /api/auth/get-session 200 in 133ms (next.js: 57ms, proxy.ts: 7ms, application-code: 69ms)
 GET /api/auth/organization/list 200 in 182ms (next.js: 60ms, proxy.ts: 18ms, application-code: 105ms)
 GET /alerts?notice=Avis%20sur%20la%20qualit%C3%A9%20de%20l%E2%80%99alerte%20enregistr%C3%A9.&id=5057b7f0-c0ad-4739-8468-a9fba7e3ed49 200 in 261ms (next.js: 11ms, proxy.ts: 6ms, application-code: 244ms)
  ✓  1 [chromium] › e2e/alert-quality-local.spec.ts:6:7 › alert quality fr reviews a specific observation without changing workflow (6.2s)
 GET /alerts?id=490be84d-272c-4d8c-ba02-af71750f37e8 200 in 179ms (next.js: 3ms, proxy.ts: 3ms, application-code: 173ms)
 GET /api/auth/get-session 200 in 135ms (next.js: 22ms, proxy.ts: 38ms, application-code: 76ms)
 GET /api/auth/organization/list 200 in 129ms (next.js: 25ms, proxy.ts: 32ms, application-code: 72ms)
 GET /alerts?notice=Alert+quality+review+saved.&id=490be84d-272c-4d8c-ba02-af71750f37e8 200 in 79ms (next.js: 1.9ms, proxy.ts: 3ms, application-code: 75ms)
 POST /alerts?id=490be84d-272c-4d8c-ba02-af71750f37e8 200 in 188ms (next.js: 30ms, proxy.ts: 8ms, application-code: 150ms)
  └─ ƒ reviewWorkspaceAlertQuality({}) in 54ms src/app/actions.ts
 GET /alerts?error=This+observation+or+review+has+changed.+Refresh+the+page+before+reviewing+it+again.&id=490be84d-272c-4d8c-ba02-af71750f37e8 200 in 70ms (next.js: 1.9ms, proxy.ts: 4ms, application-code: 65ms)
 POST /alerts?notice=Alert%20quality%20review%20saved.&id=490be84d-272c-4d8c-ba02-af71750f37e8 200 in 99ms (next.js: 2ms, proxy.ts: 3ms, application-code: 93ms)
  └─ ƒ reviewWorkspaceAlertQuality({}) in 16ms src/app/actions.ts
 GET /alerts?notice=Alert+quality+review+saved.&id=490be84d-272c-4d8c-ba02-af71750f37e8 200 in 106ms (next.js: 4ms, proxy.ts: 3ms, application-code: 100ms)
 POST /alerts?error=This%20observation%20or%20review%20has%20changed.%20Refresh%20the%20page%20before%20reviewing%20it%20again.&id=490be84d-272c-4d8c-ba02-af71750f37e8 200 in 134ms (next.js: 3ms, proxy.ts: 5ms, application-code: 127ms)
  └─ ƒ reviewWorkspaceAlertQuality({}) in 9ms src/app/actions.ts
 GET /alerts?q=QUALITY_865b4a11-35a6-4bda-86eb-d68ebdfade85 200 in 686ms (next.js: 9ms, proxy.ts: 7ms, application-code: 670ms)
 GET /api/auth/get-session 200 in 192ms (next.js: 22ms, proxy.ts: 90ms, application-code: 80ms)
 GET /api/auth/organization/list 200 in 196ms (next.js: 39ms, proxy.ts: 54ms, application-code: 103ms)
 GET /alerts?id=490be84d-272c-4d8c-ba02-af71750f37e8 200 in 272ms (next.js: 8ms, proxy.ts: 7ms, application-code: 257ms)
 GET /api/auth/get-session 200 in 34ms (next.js: 5ms, proxy.ts: 14ms, application-code: 14ms)
 GET /api/auth/organization/list 200 in 36ms (next.js: 8ms, proxy.ts: 15ms, application-code: 12ms)
 GET /alerts?notice=Alert+quality+review+saved.&id=490be84d-272c-4d8c-ba02-af71750f37e8 200 in 100ms (next.js: 3ms, proxy.ts: 7ms, application-code: 91ms)
 POST /alerts?id=490be84d-272c-4d8c-ba02-af71750f37e8 200 in 148ms (next.js: 7ms, proxy.ts: 10ms, application-code: 131ms)
  └─ ƒ reviewWorkspaceAlertQuality({}) in 15ms src/app/actions.ts
 GET /alerts?id=490be84d-272c-4d8c-ba02-af71750f37e8 200 in 159ms (next.js: 3ms, proxy.ts: 3ms, application-code: 152ms)
 GET /api/auth/get-session 200 in 138ms (next.js: 26ms, proxy.ts: 42ms, application-code: 69ms)
 GET /api/auth/organization/list 200 in 176ms (next.js: 39ms, proxy.ts: 42ms, application-code: 95ms)
 GET /alerts?notice=Alert%20quality%20review%20saved.&id=490be84d-272c-4d8c-ba02-af71750f37e8 200 in 253ms (next.js: 2ms, proxy.ts: 3ms, application-code: 248ms)
  ✓  2 [chromium] › e2e/alert-quality-local.spec.ts:6:7 › alert quality en reviews a specific observation without changing workflow (4.2s)
 GET /audit?q=COLL_AUDIT_ 200 in 196ms (next.js: 3ms, proxy.ts: 3ms, application-code: 189ms)
 GET /api/auth/get-session 200 in 110ms (next.js: 15ms, proxy.ts: 63ms, application-code: 31ms)
 GET /api/auth/organization/list 200 in 67ms (next.js: 17ms, proxy.ts: 19ms, application-code: 31ms)
 GET /audit?q=COLL_AUDIT_&cursor=eyJ2IjoxLCJpdiI6IjEwYjF4UXB2ODE2VncwdVMiLCJ0YWciOiJqM3l3bU0yblJZMkVvN19pSzgwclRnIiwiZGF0YSI6ImJEUG9VUGNZdVdfVzNlUnlwQnB3REFySTFCcFk3dEtyTm9DbnNZc2FDQTV3bUlCRWFYdXhZZm9QVmZlc292RUJSMUtRV2cxT0lJVkg1dzN3UjJqLWxxTFFLLTV4bHF2Nnp1WDdHdm1qaFdrTmRCWGpkcXNhOTZveHVLY1RqaHJkZ3Roc2FhaU85aEU3ajc2bE5EV2Z1THVyeUdINXVSLUdqWFJvZXBDVFN5SWNRQjlGUmVrMFZlWjVUdTdEZGFueE05VUtnUmhSeWcwVEN4MXNjYWM0Tkp1T0xMQlU0dnplR0hqVHNnNXk4ZmFSV3BBZmEycHpjaVBYdTdPaXZBbTBWaExySGV6dFJrT25sX1kwakxZSjN0M2hlcDl6NlV0M2dMQUdCNUlpb2RvYkFLODgtR2NucEEifQ 200 in 192ms (next.js: 13ms, proxy.ts: 26ms, application-code: 153ms)
 POST /audit?q=COLL_AUDIT_ 200 in 257ms (next.js: 5ms, proxy.ts: 14ms, application-code: 239ms)
  └─ ƒ setCookieConsent({}) in 3ms src/app/preferences-actions.ts
 GET /audit?q=COLL_AUDIT_&cursor=eyJ2IjoxLCJpdiI6IjEwYjF4UXB2ODE2VncwdVMiLCJ0YWciOiJqM3l3bU0yblJZMkVvN19pSzgwclRnIiwiZGF0YSI6ImJEUG9VUGNZdVdfVzNlUnlwQnB3REFySTFCcFk3dEtyTm9DbnNZc2FDQTV3bUlCRWFYdXhZZm9QVmZlc292RUJSMUtRV2cxT0lJVkg1dzN3UjJqLWxxTFFLLTV4bHF2Nnp1WDdHdm1qaFdrTmRCWGpkcXNhOTZveHVLY1RqaHJkZ3Roc2FhaU85aEU3ajc2bE5EV2Z1THVyeUdINXVSLUdqWFJvZXBDVFN5SWNRQjlGUmVrMFZlWjVUdTdEZGFueE05VUtnUmhSeWcwVEN4MXNjYWM0Tkp1T0xMQlU0dnplR0hqVHNnNXk4ZmFSV3BBZmEycHpjaVBYdTdPaXZBbTBWaExySGV6dFJrT25sX1kwakxZSjN0M2hlcDl6NlV0M2dMQUdCNUlpb2RvYkFLODgtR2NucEEifQ 200 in 113ms (next.js: 11ms, proxy.ts: 10ms, application-code: 92ms)
 GET /audit?q=COLL_AUDIT_001 200 in 140ms (next.js: 4ms, proxy.ts: 2ms, application-code: 134ms)
 GET /api/auth/get-session 200 in 436ms (next.js: 72ms, proxy.ts: 23ms, application-code: 341ms)
 GET /api/auth/organization/list 200 in 457ms (next.js: 76ms, proxy.ts: 23ms, application-code: 358ms)
 GET /tasks?q=COLL_TASK_ 200 in 541ms (next.js: 5ms, proxy.ts: 5ms, application-code: 531ms)
 GET /api/auth/get-session 200 in 48ms (next.js: 7ms, proxy.ts: 9ms, application-code: 33ms)
 GET /api/auth/organization/list 200 in 54ms (next.js: 16ms, proxy.ts: 7ms, application-code: 31ms)
 GET /tasks?q=COLL_TASK_&status=open&cursor=eyJ2IjoxLCJpdiI6Il9sUUVjVDVpTXU3NXBTc1MiLCJ0YWciOiJ1NXc3anZER3RJQVhGOVhQVkM1NnRBIiwiZGF0YSI6Ijc5QkE2TzFBLURSVzRYVEhzRmUxcEFmSFlIX01fOTBiSGZWU2tGOE9WdHNPQk5oRHkxMk1wMExYQVVUUnNRWWdvT0pMSElERVR1bXREZzNsUjFWOGJlSDBzbHlfMEhRVURpMnNOYkNfRFdyYkdGOWQyRjcwNFNKUThQVS1nLUFFRnRBckk5ajNPMlhmazFCc2pIUDRiYlJ0TmZXSVI0VW9Tb2paRVd4cmhHeXBqS1pZSUZHWW94UDRjUEctSXNIbnYtN25panJLZEJnWmk5X05Vd3h4UHk0UzVvd0tfZ0J1d2FNVUV2ZHk2WVh1eEdzTnF5ZGdiXzdiYUpqelVNUlNteVl4YzA0SWpuTlpoTk9hVFJ1ZjhJOTF4cmtpUmFPeVhHcUR5QlpoYkh2OE1yWlJTdUt4UHcifQ 200 in 229ms (next.js: 30ms, proxy.ts: 5ms, application-code: 193ms)
 GET /tasks?q=COLL_TASK_001&status=open 200 in 189ms (next.js: 3ms, proxy.ts: 3ms, application-code: 183ms)
 GET /api/auth/get-session 200 in 29ms (next.js: 7ms, proxy.ts: 7ms, application-code: 14ms)
 GET /api/auth/organization/list 200 in 32ms (next.js: 11ms, proxy.ts: 6ms, application-code: 14ms)
 GET /tasks?notice=Commentaire+ajout%C3%A9.&id=dbf97232-0e9d-4283-936a-8d5b8483ebaa 200 in 157ms (next.js: 4ms, proxy.ts: 22ms, application-code: 132ms)
 POST /tasks?q=COLL_TASK_001&status=open 200 in 193ms (next.js: 4ms, proxy.ts: 4ms, application-code: 185ms)
  └─ ƒ addWorkspaceTaskComment({}) in 14ms src/app/actions.ts
 GET /discussions/tasks/dbf97232-0e9d-4283-936a-8d5b8483ebaa 200 in 809ms (next.js: 741ms, proxy.ts: 18ms, application-code: 50ms)
 GET /discussions/tasks/dbf97232-0e9d-4283-936a-8d5b8483ebaa?cursor=eyJ2IjoxLCJpdiI6IkE3cXFHcEZGV3ZRa3BPVC0iLCJ0YWciOiJoMVpMVWtXN1lUc3UxLWJ0LXF2RUFBIiwiZGF0YSI6IjRIVHM1dHhQdzVJZ2hTT0c4QUg0dVJoVUNDTmh6dHZKdXhWdHNNWkhhZnBGUm91VnpTUkMzd3NwS21GR18wenhqTEh2MlhKYTd2Y0VWNXpjVUExcmMwdzdFcUlzb0lnYUMxM2l6TDJFYnBweVA0OWpFVS1xUFpWSlRFSXZseVdseWhPYkM5Qmd2ZXN6eHE0elFEVG9BODlDOURZYUlMTW9VdDI3LWdFSG1GTjZpU3ZYWTJfX01HMWhoNzVIeGpRWTZQUFp1Zy1JREhXbXM2ZlNocHQ1bmZsU0VaV3hRY1BfUFY2OHdmdnEtUGRkMTFhSHB3WnRUQmRQeDVmcVJjUVVSM012T1JRS2xnSEs4dzNYdFJNWFRQS2JUcU9NOUdmaGVuLWo3RXdmaDZlVjI0T3EyczFkVGcifQ 200 in 48ms (next.js: 6ms, proxy.ts: 3ms, application-code: 40ms)
 GET /discussions/tasks/dbf97232-0e9d-4283-936a-8d5b8483ebaa?q=COLL_MESSAGE_001 200 in 133ms (next.js: 3ms, proxy.ts: 1.9ms, application-code: 128ms)
 GET /api/auth/get-session 200 in 857ms (next.js: 81ms, proxy.ts: 16ms, application-code: 760ms)
 GET /api/auth/organization/list 200 in 880ms (next.js: 84ms, proxy.ts: 15ms, application-code: 781ms)
 GET /alerts?q=COLL_ALERT_ 200 in 991ms (next.js: 3ms, proxy.ts: 3ms, application-code: 985ms)
 GET /api/auth/get-session 200 in 136ms (next.js: 23ms, proxy.ts: 12ms, application-code: 100ms)
 GET /api/auth/organization/list 200 in 166ms (next.js: 49ms, proxy.ts: 13ms, application-code: 104ms)
 GET /alerts?q=COLL_ALERT_&cursor=eyJ2IjoxLCJpdiI6InhYeFlhVFluaGNJOHprNUkiLCJ0YWciOiJ1WnR2SWF1dnN5NGRmWkc0bnRGcTl3IiwiZGF0YSI6IjFOMFFRQmd3Z1l6RFZfN254emw1d1ZGTE40UXVhNmI5ZHdvYUdFM25xWkt1emdNQ0lxNHBPeVRWT3ZnU0xrQjhSWkxOb3pxaXlLQXJIa3FEaFYtSjVNM0NIdFR3bHFrX3EwX2NvRUVBRTVkRGVHS1VLSlBBSHJETUM0ejR0RVE4cFJJNDg5Z0xXem0td1Y1bXkzSE41dUdLVFpjN3NvUGdRSFB2T0c5NTQ5d3RBblplOXduZkpjaks1YXdfRUJIbS1ZOXRCUUFwM3JLU2hiY1BKbHNBeFRiOV84TC1SazBkT0NfcWpudnNudjhIM3BfY1Rla0l1MHdEVUZtVDRlV3pqMTFRSno4NDFPUHZuQmc3dlhHaV9YT01qQnVGZmlrSzFrVzZiZ0tSaFVXNHBZNU1sR0JSY3cifQ 200 in 644ms (next.js: 33ms, proxy.ts: 23ms, application-code: 588ms)
 GET /alerts?q=COLL_ALERT_001&status= 200 in 348ms (next.js: 13ms, proxy.ts: 7ms, application-code: 328ms)
 GET /api/auth/get-session 200 in 975ms (next.js: 11ms, proxy.ts: 43ms, application-code: 921ms)
 GET /api/auth/organization/list 200 in 984ms (next.js: 26ms, proxy.ts: 43ms, application-code: 915ms)
 GET /approvals?q=COLL_APPROVAL_ 200 in 1287ms (next.js: 8ms, proxy.ts: 5ms, application-code: 1275ms)
 GET /api/auth/get-session 200 in 71ms (next.js: 17ms, proxy.ts: 4ms, application-code: 51ms)
 GET /api/auth/organization/list 200 in 78ms (next.js: 26ms, proxy.ts: 4ms, application-code: 48ms)
 GET /approvals?q=COLL_APPROVAL_&cursor=eyJ2IjoxLCJpdiI6IkhwMDdES09ORW5HZ3R2OUwiLCJ0YWciOiJRMnpSUExTRFo0Y1N3OTVTNTZHazZ3IiwiZGF0YSI6IktpbklOZUJfTDhMOXdkdXMxdmUzVVFhRnRlWWwxU2drcVNGd1BpUTJVMXA5NkxKSm1uYURVMjVrWlZwSkdKN2pnOXRmMy1NNFNLRlUtR1NZNnM3c3FtRGw0d19lOVcwSlY2eTlmLUowbmNYMWRBeEhMRVNPa2RhMlZQSENKeERlTmJtOXoxa2NUVEdNdFk4bld3ZkgzRW43ZExaR2t1bjV1bzNLTUFYeThXYV91cmRvaGJkZFNyNHNuOWdLZDNqOERuYm0yQ1pDV0dfWVpURTRXTjlabXoyYXNaY1RTWlBlcExyRDVJS0tXMDlaVmhwazQyTnBUYV9nLVNyQlBfLVpvVTNkV2w2N0VRLTFmeUNRa0JXVkx3MnZmbFRNMjB5NFh6dVQtdG5UZ3Q3SUxJTVdWWnpHSHcifQ 200 in 242ms (next.js: 3ms, proxy.ts: 6ms, application-code: 233ms)
 GET /approvals?q=COLL_APPROVAL_001&status= 200 in 218ms (next.js: 2ms, proxy.ts: 2ms, application-code: 213ms)
 GET /api/auth/get-session 200 in 305ms (next.js: 264ms, proxy.ts: 23ms, application-code: 18ms)
 GET /api/auth/organization/list 200 in 304ms (next.js: 270ms, proxy.ts: 26ms, application-code: 8ms)
 GET /support?q=COLL_SUPPORT_ 200 in 459ms (next.js: 6ms, proxy.ts: 11ms, application-code: 442ms)
 GET /api/auth/get-session 200 in 37ms (next.js: 16ms, proxy.ts: 7ms, application-code: 14ms)
 GET /api/auth/organization/list 200 in 38ms (next.js: 5ms, proxy.ts: 8ms, application-code: 25ms)
 GET /support?q=COLL_SUPPORT_&cursor=eyJ2IjoxLCJpdiI6Ik43WWRJYS1UWl9kUmxyei0iLCJ0YWciOiJyUFQ3SXp4QW9FMGJyOEN2U3dGVmdnIiwiZGF0YSI6IkhacnQ3TWpnaU9JWlhEMGcyclk1c1c4ZTNKZXZrdllOR2ZVNzcwZk95bG00d0pObGpfaTRWQXJXT0RVaFRzSm5XcDFsMWZUb1F4TmJ1eDRLQUxZN2d2R0NkYmd3TU5ONTVXVmZ6VkVoUVh3NkhTVHo1dkNCa0lqQ29zSW02ZGNwODFEZy02aDdfdjlFMkdzMjd0VUlKSW1JbGN1ZnYtb25DX1JLbG1GOHYzYW03SmtYTjRSM1pfM1B3bFlNY2VRZHg5QUx2WTJyT3ZTbDFNVVo2NUplaC1YdW9mUDV2NlhXUnFxVWxCQThpd2MwVFlLdFlLM2tmcHRJYVFCd0hVeDByNFdQdHF3OWFYLUp1cERBam5TT244X0FXdXNaZDRBemJSSW5fTDcyaTRSaHhpUkF1WlNDSEEifQ 200 in 127ms (next.js: 14ms, proxy.ts: 4ms, application-code: 110ms)
 GET /support?q=COLL_SUPPORT_001&status= 200 in 230ms (next.js: 6ms, proxy.ts: 3ms, application-code: 221ms)
 GET /api/auth/get-session 200 in 48ms (next.js: 18ms, proxy.ts: 11ms, application-code: 19ms)
 GET /api/auth/organization/list 200 in 52ms (next.js: 22ms, proxy.ts: 14ms, application-code: 16ms)
 GET /tasks?cursor=forged 200 in 253ms (next.js: 4ms, proxy.ts: 5ms, application-code: 245ms)
 GET /api/auth/get-session 200 in 73ms (next.js: 13ms, proxy.ts: 14ms, application-code: 47ms)
 GET /api/auth/organization/list 200 in 71ms (next.js: 38ms, proxy.ts: 9ms, application-code: 24ms)
 GET /support?q=COLL_SUPPORT_ 200 in 132ms (next.js: 2ms, proxy.ts: 3ms, application-code: 128ms)
 GET /api/auth/get-session 200 in 128ms (next.js: 72ms, proxy.ts: 15ms, application-code: 42ms)
 GET /api/auth/organization/list 200 in 157ms (next.js: 51ms, proxy.ts: 44ms, application-code: 62ms)
 GET /discussions/support/3f0ff89f-f79f-484c-b8f6-a6688ec25ce3 404 in 172ms (next.js: 9ms, proxy.ts: 5ms, application-code: 157ms)
 GET /api/auth/organization/list 200 in 32ms (next.js: 18ms, proxy.ts: 5ms, application-code: 10ms)
 GET /api/auth/get-session 200 in 33ms (next.js: 10ms, proxy.ts: 4ms, application-code: 19ms)
  ✓  3 [chromium] › e2e/workspace-collections-local.spec.ts:14:53 › workspace collection navigation › searches older records and conversations in fr (13.4s)
 GET /audit?q=COLL_AUDIT_ 200 in 222ms (next.js: 4ms, proxy.ts: 5ms, application-code: 213ms)
 GET /api/auth/get-session 200 in 31ms (next.js: 9ms, proxy.ts: 4ms, application-code: 18ms)
 GET /api/auth/organization/list 200 in 33ms (next.js: 13ms, proxy.ts: 4ms, application-code: 16ms)
 GET /audit?q=COLL_AUDIT_&cursor=eyJ2IjoxLCJpdiI6IjdPNEdMb1k3ck9jbE5WUk0iLCJ0YWciOiJzWXRqMHEzNllXTEhRR1ZXNzRnNkNnIiwiZGF0YSI6ImR0VEZTMDJaR01SbnFOdm9EVlNzZW5fRjBuR0gxNmI1RXRiWFliTTR3enRZTnV6YjNob0JjZ20tRW1TaFhDbUdlVnpPX2pZSmVCUm9Oa1ZPdDkwWHRHWGg1U3dpNlZfcUw2Snd2MnFuLUtjYkE4RTl6bUZ3aFVZeHRVSHUtNTZ0aW5SdmdFQU16YkdsdXk3bHFhV1NXN3FQMFE0QTNqM1ZDNVpYNHNzc3RtSHdVQTc5QWVkZGF4S0xPaFlZeEpnXzYxa1gzbUh5eUdqSHNjMk5tckFMaWh3aWV4YWFFREtjR182bHB1em5EeElZck5RS2xPS01oWDJaeXZQa1hQS3VET0tWWWRtLTN0Q3p2dW1qTXU4aTgtQ1k1OFBYVlRmbWM1eFhoYllGb0haeDVueTEwcVVWUlEifQ 200 in 196ms (next.js: 14ms, proxy.ts: 12ms, application-code: 171ms)
 POST /audit?q=COLL_AUDIT_ 200 in 262ms (next.js: 3ms, proxy.ts: 7ms, application-code: 252ms)
  └─ ƒ setCookieConsent({}) in 2ms src/app/preferences-actions.ts
 GET /audit?q=COLL_AUDIT_&cursor=eyJ2IjoxLCJpdiI6IjdPNEdMb1k3ck9jbE5WUk0iLCJ0YWciOiJzWXRqMHEzNllXTEhRR1ZXNzRnNkNnIiwiZGF0YSI6ImR0VEZTMDJaR01SbnFOdm9EVlNzZW5fRjBuR0gxNmI1RXRiWFliTTR3enRZTnV6YjNob0JjZ20tRW1TaFhDbUdlVnpPX2pZSmVCUm9Oa1ZPdDkwWHRHWGg1U3dpNlZfcUw2Snd2MnFuLUtjYkE4RTl6bUZ3aFVZeHRVSHUtNTZ0aW5SdmdFQU16YkdsdXk3bHFhV1NXN3FQMFE0QTNqM1ZDNVpYNHNzc3RtSHdVQTc5QWVkZGF4S0xPaFlZeEpnXzYxa1gzbUh5eUdqSHNjMk5tckFMaWh3aWV4YWFFREtjR182bHB1em5EeElZck5RS2xPS01oWDJaeXZQa1hQS3VET0tWWWRtLTN0Q3p2dW1qTXU4aTgtQ1k1OFBYVlRmbWM1eFhoYllGb0haeDVueTEwcVVWUlEifQ 200 in 123ms (next.js: 16ms, proxy.ts: 5ms, application-code: 102ms)
 GET /audit?q=COLL_AUDIT_001 200 in 165ms (next.js: 3ms, proxy.ts: 3ms, application-code: 160ms)
 GET /api/auth/get-session 200 in 464ms (next.js: 76ms, proxy.ts: 11ms, application-code: 377ms)
 GET /api/auth/organization/list 200 in 493ms (next.js: 78ms, proxy.ts: 11ms, application-code: 404ms)
 GET /tasks?q=COLL_TASK_ 200 in 596ms (next.js: 3ms, proxy.ts: 4ms, application-code: 588ms)
 GET /api/auth/get-session 200 in 54ms (next.js: 10ms, proxy.ts: 5ms, application-code: 39ms)
 GET /api/auth/organization/list 200 in 60ms (next.js: 19ms, proxy.ts: 6ms, application-code: 35ms)
 GET /tasks?q=COLL_TASK_&status=open&cursor=eyJ2IjoxLCJpdiI6Ink1dVBWcHlwWnV1Vkh5QmEiLCJ0YWciOiJMY2RwOWIzeE9tdjkxUVoyanJOeGpBIiwiZGF0YSI6IlBmSEtpeE1EVFliMnFldnJ3OFFqbFptdXk1Q1NiaUl2S2dyeXFTLW01RVR4bHRQdC14SGFXekJ3bS04NzZTRVhlX2FYTnBocnZRSHR3d1l3RU1jaV9SQ29TeWlGeHFXY1drVHBRbS1pWGFPUWFlTTBEMkdINGw2S0E1TzNMM2hTMXBzWXEyeUdKeUJlOUQ1ak1VclVscElLczJOMGZHeWo3dU53bldQSTFta2tPV0Zvb2JoQlB4MU9RbkQ0LVFpT2dxSTdqX3ZiWTlyYU5pWkUxaHg5Mk96VUZSTlFTQkVUa1J5ZkdFcWVXZW1MR0Y2SjFwY0k2c3ZWMUM5cDg1VHpvUVI3Y013NjFlcUc2VU50Rnk4MFdpUWlNNHp2eVFzMXo2aDZEbmNVTUVqV1ZhRVU4Ry1lVmcifQ 200 in 220ms (next.js: 6ms, proxy.ts: 5ms, application-code: 210ms)
 GET /tasks?q=COLL_TASK_001&status=open 200 in 202ms (next.js: 3ms, proxy.ts: 14ms, application-code: 185ms)
 GET /api/auth/get-session 200 in 77ms (next.js: 14ms, proxy.ts: 9ms, application-code: 54ms)
 GET /api/auth/organization/list 200 in 83ms (next.js: 24ms, proxy.ts: 9ms, application-code: 50ms)
 GET /tasks?notice=Commentaire+ajout%C3%A9.&id=560e1095-27b7-4d0a-9546-14f5afd440ac 200 in 140ms (next.js: 7ms, proxy.ts: 6ms, application-code: 127ms)
 POST /tasks?q=COLL_TASK_001&status=open 200 in 252ms (next.js: 42ms, proxy.ts: 26ms, application-code: 183ms)
  └─ ƒ addWorkspaceTaskComment({}) in 28ms src/app/actions.ts
 GET /discussions/tasks/560e1095-27b7-4d0a-9546-14f5afd440ac 200 in 91ms (next.js: 17ms, proxy.ts: 10ms, application-code: 64ms)
 GET /discussions/tasks/560e1095-27b7-4d0a-9546-14f5afd440ac?cursor=eyJ2IjoxLCJpdiI6Ill5SU10RmV5RmstTWRZY1kiLCJ0YWciOiIyRU5ia1htbE43TzU3Xzk1cTg5MXlRIiwiZGF0YSI6IlprckstOWt3aVJ4V0ZNQVk1UVFVTHQ2anBfTnpzeWM2SHE1VzhkMExKVXhVR19nU0tJNGlTT1UtRnVQdXNvckJPMG1LaWpOUWl6TDV3YlU3QXNLX1pyUkVYVjR1Q1p0cVg5cTFxQkR2QnhCR2JwV2g0Q3lMMzZIenU0ZWFLNHpnaTdRWW5LT3o4X0RfN2RtUWhrbm5YSmFpU2UyUkxVYlNJcE1jckdZWHlTeVFJOGI4cmp2RkZhcW5JQUJiN0I0em1rZHRrS2l1RFhzd0pFN1hyZnBzbTZiWXg0Yk03bEtldkpGWHItNTRQV1VYWExlQ3lFV0pkTURVOXNUWkVuVEthSlpSMUJMMnRJR0FmT1lTTExsZ2F2dnJjSlM1YVBCN256Q1RuNWZ1QjU2M0lKS2tOVGd4VFEifQ 200 in 98ms (next.js: 13ms, proxy.ts: 6ms, application-code: 78ms)
 GET /discussions/tasks/560e1095-27b7-4d0a-9546-14f5afd440ac?q=COLL_MESSAGE_001 200 in 335ms (next.js: 4ms, proxy.ts: 7ms, application-code: 323ms)
 GET /api/auth/get-session 200 in 222ms (next.js: 67ms, proxy.ts: 28ms, application-code: 127ms)
 GET /api/auth/organization/list 200 in 244ms (next.js: 74ms, proxy.ts: 26ms, application-code: 145ms)
 GET /alerts?q=COLL_ALERT_ 200 in 951ms (next.js: 13ms, proxy.ts: 29ms, application-code: 909ms)
 GET /api/auth/get-session 200 in 26ms (next.js: 7ms, proxy.ts: 4ms, application-code: 16ms)
 GET /api/auth/organization/list 200 in 33ms (next.js: 12ms, proxy.ts: 4ms, application-code: 16ms)
 GET /alerts?q=COLL_ALERT_&cursor=eyJ2IjoxLCJpdiI6IjRVdGV6ZV9YaG5fNVpUVEoiLCJ0YWciOiJSTWhtNWJha2k4OWFZWmpaR3FXQXhnIiwiZGF0YSI6IjkyY2JOSXplcEVGU3lyRkxlekpBVXdDOGJFX3dhSGotM0JrQ19mUlFYWlM2TE5kMHJwQ2lmS2tMR3hMcmRDQXdsc0RXeUtDLXNIb1dKTHN1OVh3OHl4Uk4yVmdsZnd2b1FONHRFRU1oSkFPbWVaR1dhaWtITk1tbDQ0UVRhOU9TZFhMZjVHeXViUjhMbUpnVFRIbTVTS0I5a0VVa2ltTS16UTlha1NzRGJIZUloZy1mWm91MFM2QmZuOE5FaFNOZ00wc05XNzZjSU5YRzJ0Xzh4bEswejJ4RVBIQXVKb205ZHlQN2pJajFndHVJLU5ibXUxd0xtNUxiSmVNTTZQOEpwLV8wbTRfT0VLTm15ekhPUUQ4c0dRdUxlMjhpUGhhMnpPMExPLVVUaEVsR2hEZ0dNM2x0S0EifQ 200 in 265ms (next.js: 5ms, proxy.ts: 5ms, application-code: 254ms)
 GET /alerts?q=COLL_ALERT_001&status= 200 in 210ms (next.js: 3ms, proxy.ts: 3ms, application-code: 204ms)
 GET /api/auth/get-session 200 in 401ms (next.js: 9ms, proxy.ts: 27ms, application-code: 365ms)
 GET /api/auth/organization/list 200 in 388ms (next.js: 11ms, proxy.ts: 9ms, application-code: 368ms)
 GET /approvals?q=COLL_APPROVAL_ 200 in 607ms (next.js: 6ms, proxy.ts: 5ms, application-code: 596ms)
 GET /api/auth/get-session 200 in 82ms (next.js: 8ms, proxy.ts: 5ms, application-code: 70ms)
 GET /api/auth/organization/list 200 in 89ms (next.js: 14ms, proxy.ts: 6ms, application-code: 70ms)
 GET /approvals?q=COLL_APPROVAL_&cursor=eyJ2IjoxLCJpdiI6IlY0TThSdk9wOXBodGxjWlEiLCJ0YWciOiJVdG55NW1TUUZxVXpNSG1NR3JyQUl3IiwiZGF0YSI6IlJfTjlWckxDZmZjeURSbnN6am9TdkVGRTlidHlqTlNWZ2h0anNKNzNlVGktNVVSZ1ZoYWFidkJEaDQtZ2J5R1FMZGgxbENrZ1dtMEFmbWpZeHpPcWVPOEl4NFpDR3I0Y1ZpVVd1dUJGOHFObHJsV0xPc2RnNllxc283NG5jSUtpWjdFREwyWkhIWW1abFFmeUxZSkxnb2lxcGJyZFowbkZtX1lMV0llc29vQno1aWFJdW1rWWRnNklsNHNLbko5OElLc1h0Vkh1YmN4b1Y3WGZVZjd3bEc1azl5ME91UVBuNlRMUG1ENWxBS28wb1NPMlVScWtuSmtVNng2VlV6d1lWeGdyR3VrYzRwYkRFN1F0RXFaZkhFblV0RXFKZjBsclRxRXRmMkNUY3J3V3BLaE5EUVhtaUEifQ 200 in 198ms (next.js: 11ms, proxy.ts: 8ms, application-code: 179ms)
 GET /approvals?q=COLL_APPROVAL_001&status= 200 in 169ms (next.js: 2ms, proxy.ts: 3ms, application-code: 164ms)
 GET /api/auth/get-session 200 in 121ms (next.js: 68ms, proxy.ts: 21ms, application-code: 32ms)
 GET /api/auth/organization/list 200 in 343ms (next.js: 82ms, proxy.ts: 19ms, application-code: 241ms)
 GET /support?q=COLL_SUPPORT_ 200 in 467ms (next.js: 4ms, proxy.ts: 3ms, application-code: 460ms)
 GET /api/auth/get-session 200 in 67ms (next.js: 11ms, proxy.ts: 6ms, application-code: 50ms)
 GET /api/auth/organization/list 200 in 76ms (next.js: 26ms, proxy.ts: 7ms, application-code: 42ms)
 GET /support?q=COLL_SUPPORT_&cursor=eyJ2IjoxLCJpdiI6IkZ4THVTbkhBdW9tejhhYUwiLCJ0YWciOiJPT0U3WTNuZG5Uczd4clFUT2xpajZnIiwiZGF0YSI6Ii1ra0sySFYycTFnREJIQTBxOTJNNHR1TlFMT2ZPRTd4anBpX1ItUXp4OTR2RzBqYXM3eW5hbVlCWkJTUGNMckxMZ1ZuX0RBNnd2aGJrZ1doV09KUWxQV1NHcG04czktbnZnTUNKRVZlWks2dVBVSWtBcWE5Y2I2Ql92U0gwMXBNRlBzZVJKY1FEOG5PZWhWMVlPUUpMNnlrNVdHQWpkeWo4WGNCclhFQm96SS1rVXVTSVlFOG80TE4zWUl6ejkwbzZxN2Ita19NREpWeHlhMXk0ZTJtMTNCRUZXLU9pTnRWVElkaUlKdl9lQjNONE9vUm5pVllFWUxldVFnRVFSdGNwTE8zaWg4QWhFUFVtdUhrQnhSeE1HYXBRSHpVeFp5QlFGOS1VV0U4UVFnNHN4Wm9TNUFXZ2cifQ 200 in 143ms (next.js: 4ms, proxy.ts: 11ms, application-code: 128ms)
 GET /support?q=COLL_SUPPORT_001&status= 200 in 582ms (next.js: 13ms, proxy.ts: 15ms, application-code: 554ms)
 GET /api/auth/get-session 200 in 64ms (next.js: 44ms, proxy.ts: 5ms, application-code: 16ms)
 GET /api/auth/organization/list 200 in 72ms (next.js: 30ms, proxy.ts: 4ms, application-code: 38ms)
 GET /tasks?cursor=forged 200 in 246ms (next.js: 10ms, proxy.ts: 5ms, application-code: 231ms)
 GET /api/auth/get-session 200 in 90ms (next.js: 15ms, proxy.ts: 13ms, application-code: 62ms)
 GET /api/auth/organization/list 200 in 98ms (next.js: 25ms, proxy.ts: 13ms, application-code: 61ms)
 GET /support?q=COLL_SUPPORT_ 200 in 303ms (next.js: 7ms, proxy.ts: 10ms, application-code: 287ms)
 GET /api/auth/get-session 200 in 142ms (next.js: 48ms, proxy.ts: 33ms, application-code: 61ms)
 GET /api/auth/organization/list 200 in 208ms (next.js: 45ms, proxy.ts: 46ms, application-code: 117ms)
 GET /discussions/support/91e28490-b3f5-4249-aad0-67571277579a 404 in 245ms (next.js: 11ms, proxy.ts: 4ms, application-code: 230ms)
  ✓  4 [chromium] › e2e/workspace-collections-local.spec.ts:14:53 › workspace collection navigation › searches older records and conversations in en (12.3s)

  4 passed (37.2s)
{"ok":true,"cleaned":"local-browser-fixtures"}
[?25h
