
> @yodev/ads@0.1.0 test:e2e:local
> node scripts/verify-local-browser.mjs e2e/report-editions-local.spec.ts

{"ok":true,"fixtureRoles":["owner","admin","strategist","analyst","client"],"foreignExportId":"80000000-0000-4000-8000-000000000003"}

> @yodev/ads@0.1.0 dev
> next dev --hostname 127.0.0.1 --port 3017

▲ Next.js 16.3.0 (Turbopack)
- Local:         http://127.0.0.1:3017
- Network:       http://127.0.0.1:3017
- Environments: .env.local
✓ Ready in 301ms
✓ Running next.config.ts took 445ms
- Experiments (use with caution):
  · clientTraceMetadata

 GET /sign-in 200 in 1534ms (next.js: 1012ms, proxy.ts: 202ms, application-code: 320ms)
 POST /api/auth/sign-in/email 200 in 958ms (next.js: 774ms, proxy.ts: 5ms, application-code: 179ms)
 POST /api/auth/sign-in/email 200 in 90ms (next.js: 4ms, proxy.ts: 2ms, application-code: 83ms)
 POST /api/auth/sign-in/email 200 in 99ms (next.js: 11ms, proxy.ts: 3ms, application-code: 85ms)
 POST /api/auth/sign-in/email 200 in 86ms (next.js: 2ms, proxy.ts: 3ms, application-code: 81ms)
 POST /api/auth/sign-in/email 200 in 88ms (next.js: 2ms, proxy.ts: 3ms, application-code: 83ms)
 GET /dashboard 200 in 722ms (next.js: 207ms, proxy.ts: 3ms, application-code: 512ms)
 GET /settings 200 in 450ms (next.js: 34ms, proxy.ts: 2ms, application-code: 414ms)
 GET /billing 200 in 285ms (next.js: 21ms, proxy.ts: 2ms, application-code: 263ms)
 GET /support 200 in 222ms (next.js: 19ms, proxy.ts: 3ms, application-code: 201ms)
 GET /accounts 200 in 229ms (next.js: 25ms, proxy.ts: 5ms, application-code: 199ms)
 GET /history 200 in 200ms (next.js: 42ms, proxy.ts: 14ms, application-code: 144ms)
 GET /alerts 200 in 197ms (next.js: 24ms, proxy.ts: 2ms, application-code: 170ms)
 GET /tasks 200 in 214ms (next.js: 28ms, proxy.ts: 4ms, application-code: 183ms)
 GET /approvals 200 in 154ms (next.js: 28ms, proxy.ts: 1.7ms, application-code: 124ms)
 GET /reports 200 in 243ms (next.js: 22ms, proxy.ts: 2ms, application-code: 219ms)
 GET /audit 200 in 201ms (next.js: 34ms, proxy.ts: 1.8ms, application-code: 165ms)
 GET /agents 200 in 251ms (next.js: 23ms, proxy.ts: 2ms, application-code: 226ms)
 GET / 200 in 108ms (next.js: 18ms, proxy.ts: 2ms, application-code: 87ms)
 GET /privacy 200 in 52ms (next.js: 13ms, proxy.ts: 1.7ms, application-code: 38ms)
 GET /terms 200 in 54ms (next.js: 12ms, proxy.ts: 3ms, application-code: 39ms)
 GET /subprocessors 200 in 109ms (next.js: 41ms, proxy.ts: 2ms, application-code: 66ms)
 GET /status 200 in 98ms (next.js: 34ms, proxy.ts: 2ms, application-code: 63ms)
 GET /sign-in 200 in 39ms (next.js: 6ms, proxy.ts: 2ms, application-code: 31ms)
 GET /sign-up 200 in 337ms (next.js: 305ms, proxy.ts: 3ms, application-code: 29ms)
Local browser states ready in /var/folders/9h/sbxl7zl90j9_wc743xft5j8h0000gn/T/yodev-ads-browser-iWx5kU

Running 2 tests using 1 worker

(node:51368) Warning: The 'NO_COLOR' env is ignored due to the 'FORCE_COLOR' env being set.
(Use `node --trace-warnings ...` to show where the warning was created)
 GET /reports 200 in 226ms (next.js: 3ms, proxy.ts: 3ms, application-code: 220ms)
 GET /api/auth/get-session 200 in 59ms (next.js: 14ms, proxy.ts: 8ms, application-code: 37ms)
 GET /api/auth/organization/list 200 in 71ms (next.js: 22ms, proxy.ts: 7ms, application-code: 42ms)
 POST /reports 200 in 229ms (next.js: 11ms, proxy.ts: 16ms, application-code: 202ms)
  └─ ƒ setCookieConsent({}) in 4ms src/app/preferences-actions.ts
 GET /reports?notice=Rapport+cr%C3%A9%C3%A9.+R%C3%A9v%C3%A9lez+son+URL+dans+les+cinq+prochaines+minutes.&reveal=report-url&revealId=95ff6d91-82b0-410f-8c75-8e3d002c51f1 200 in 127ms (next.js: 4ms, proxy.ts: 3ms, application-code: 119ms)
 POST /reports 200 in 186ms (next.js: 4ms, proxy.ts: 4ms, application-code: 178ms)
  └─ ƒ createShareLink({}) in 34ms src/app/actions.ts
 POST /api/secret-revelation 200 in 324ms (next.js: 247ms, proxy.ts: 9ms, application-code: 68ms)
 GET /r/[REDACTED]?edition=f126ce4e-fa0a-4291-a35f-7dcfe7cc60ee 200 in 1035ms (next.js: 906ms, proxy.ts: 3ms, application-code: 127ms)
 GET /r/[REDACTED]/csv?edition=f126ce4e-fa0a-4291-a35f-7dcfe7cc60ee 200 in 852ms (next.js: 827ms, proxy.ts: 2ms, application-code: 23ms)
 GET /r/[REDACTED]/pdf?edition=f126ce4e-fa0a-4291-a35f-7dcfe7cc60ee 200 in 1316ms (next.js: 789ms, proxy.ts: 2ms, application-code: 525ms)
 GET /r/[REDACTED]?error=L%E2%80%99envoi+de+codes+email+n%E2%80%99est+pas+configur%C3%A9.&edition=f126ce4e-fa0a-4291-a35f-7dcfe7cc60ee 200 in 105ms (next.js: 3ms, proxy.ts: 5ms, application-code: 97ms)
 POST /r/[REDACTED]?edition=f126ce4e-fa0a-4291-a35f-7dcfe7cc60ee 200 in 145ms (next.js: 5ms, proxy.ts: 6ms, application-code: 134ms)
  └─ ƒ requestReportFeedbackOtp({}) in 14ms src/app/actions.ts
 GET /r/[REDACTED]?edition=f126ce4e-fa0a-4291-a35f-7dcfe7cc60ee&otp=1 200 in 145ms (next.js: 17ms, proxy.ts: 8ms, application-code: 120ms)
 GET /r/[REDACTED]?error=Demandez+un+nouveau+code.&otp=1&edition=f126ce4e-fa0a-4291-a35f-7dcfe7cc60ee 200 in 107ms (next.js: 4ms, proxy.ts: 3ms, application-code: 100ms)
 POST /r/[REDACTED]?edition=f126ce4e-fa0a-4291-a35f-7dcfe7cc60ee&otp=1 200 in 142ms (next.js: 10ms, proxy.ts: 4ms, application-code: 128ms)
  └─ ƒ verifyReportFeedbackOtp({}) in 8ms src/app/actions.ts
 GET /reports?notice=Rapport+cr%C3%A9%C3%A9.+R%C3%A9v%C3%A9lez+son+URL+dans+les+cinq+prochaines+minutes.&reveal=report-url&revealId=7b3a8c48-ecd7-429a-8c4c-5bba1b1178e5 200 in 96ms (next.js: 2ms, proxy.ts: 3ms, application-code: 91ms)
 POST /reports?notice=Rapport%20cr%C3%A9%C3%A9.%20R%C3%A9v%C3%A9lez%20son%20URL%20dans%20les%20cinq%20prochaines%20minutes.&reveal=report-url&revealId=95ff6d91-82b0-410f-8c75-8e3d002c51f1 200 in 141ms (next.js: 3ms, proxy.ts: 5ms, application-code: 133ms)
  └─ ƒ createShareLink({}) in 27ms src/app/actions.ts
 POST /api/secret-revelation 200 in 21ms (next.js: 1.6ms, proxy.ts: 3ms, application-code: 17ms)
 GET /r/[REDACTED]?edition=176a670f-b18c-4a4b-807b-536f1f749b38 200 in 157ms (next.js: 8ms, proxy.ts: 3ms, application-code: 146ms)
 GET /r/[REDACTED]/csv?edition=176a670f-b18c-4a4b-807b-536f1f749b38 200 in 70ms (next.js: 8ms, proxy.ts: 4ms, application-code: 58ms)
 GET /r/[REDACTED]/pdf?edition=176a670f-b18c-4a4b-807b-536f1f749b38 200 in 358ms (next.js: 23ms, proxy.ts: 6ms, application-code: 330ms)
 GET /reports?notice=Rapport+cr%C3%A9%C3%A9.+R%C3%A9v%C3%A9lez+son+URL+dans+les+cinq+prochaines+minutes.&reveal=report-url&revealId=13d398de-a509-46ea-9409-4cc28661f668 200 in 123ms (next.js: 3ms, proxy.ts: 3ms, application-code: 118ms)
 POST /reports?notice=Rapport%20cr%C3%A9%C3%A9.%20R%C3%A9v%C3%A9lez%20son%20URL%20dans%20les%20cinq%20prochaines%20minutes.&reveal=report-url&revealId=7b3a8c48-ecd7-429a-8c4c-5bba1b1178e5 200 in 163ms (next.js: 4ms, proxy.ts: 3ms, application-code: 156ms)
  └─ ƒ createShareLink({}) in 22ms src/app/actions.ts
 POST /api/secret-revelation 200 in 29ms (next.js: 7ms, proxy.ts: 7ms, application-code: 15ms)
 GET /r/[REDACTED]?edition=63561b6b-58fe-4351-a38c-886734b7a550 200 in 130ms (next.js: 7ms, proxy.ts: 6ms, application-code: 116ms)
 GET /r/[REDACTED]/csv?edition=63561b6b-58fe-4351-a38c-886734b7a550 200 in 64ms (next.js: 16ms, proxy.ts: 19ms, application-code: 29ms)
 GET /r/[REDACTED]/pdf?edition=63561b6b-58fe-4351-a38c-886734b7a550 200 in 265ms (next.js: 6ms, proxy.ts: 4ms, application-code: 255ms)
 GET /reports?notice=Rapport+cr%C3%A9%C3%A9.+R%C3%A9v%C3%A9lez+son+URL+dans+les+cinq+prochaines+minutes.&reveal=report-url&revealId=ad201452-ee87-4b4a-870b-abe455064e21 200 in 116ms (next.js: 2ms, proxy.ts: 4ms, application-code: 110ms)
 POST /reports?notice=Rapport%20cr%C3%A9%C3%A9.%20R%C3%A9v%C3%A9lez%20son%20URL%20dans%20les%20cinq%20prochaines%20minutes.&reveal=report-url&revealId=13d398de-a509-46ea-9409-4cc28661f668 200 in 147ms (next.js: 4ms, proxy.ts: 3ms, application-code: 139ms)
  └─ ƒ createShareLink({}) in 16ms src/app/actions.ts
 POST /api/secret-revelation 200 in 34ms (next.js: 2ms, proxy.ts: 9ms, application-code: 22ms)
 GET /r/[REDACTED]?edition=21912017-41d8-4b6e-a970-80a9bb2eda51 200 in 133ms (next.js: 6ms, proxy.ts: 3ms, application-code: 124ms)
 GET /r/[REDACTED]/csv?edition=21912017-41d8-4b6e-a970-80a9bb2eda51 200 in 16ms (next.js: 4ms, proxy.ts: 2ms, application-code: 10ms)
 GET /r/[REDACTED]/pdf?edition=21912017-41d8-4b6e-a970-80a9bb2eda51 200 in 238ms (next.js: 8ms, proxy.ts: 2ms, application-code: 227ms)
 GET /reports?notice=Rapport+cr%C3%A9%C3%A9.+R%C3%A9v%C3%A9lez+son+URL+dans+les+cinq+prochaines+minutes.&reveal=report-url&revealId=3af71543-ac3e-49a2-b596-ce63fc8b9cc1 200 in 85ms (next.js: 2ms, proxy.ts: 2ms, application-code: 81ms)
 POST /reports?notice=Rapport%20cr%C3%A9%C3%A9.%20R%C3%A9v%C3%A9lez%20son%20URL%20dans%20les%20cinq%20prochaines%20minutes.&reveal=report-url&revealId=ad201452-ee87-4b4a-870b-abe455064e21 200 in 116ms (next.js: 3ms, proxy.ts: 3ms, application-code: 110ms)
  └─ ƒ createShareLink({}) in 19ms src/app/actions.ts
 POST /api/secret-revelation 200 in 26ms (next.js: 2ms, proxy.ts: 10ms, application-code: 14ms)
 GET /r/[REDACTED]?edition=e54468c9-138f-4936-8fa3-f34363aec91f 200 in 100ms (next.js: 5ms, proxy.ts: 2ms, application-code: 93ms)
 GET /r/[REDACTED]/csv?edition=e54468c9-138f-4936-8fa3-f34363aec91f 200 in 17ms (next.js: 4ms, proxy.ts: 3ms, application-code: 10ms)
 GET /r/[REDACTED]/pdf?edition=e54468c9-138f-4936-8fa3-f34363aec91f 200 in 184ms (next.js: 5ms, proxy.ts: 1.9ms, application-code: 177ms)
 GET /r/[REDACTED]?edition=f126ce4e-fa0a-4291-a35f-7dcfe7cc60ee 200 in 85ms (next.js: 2ms, proxy.ts: 1.8ms, application-code: 80ms)
 GET /r/[REDACTED]/csv?edition=f126ce4e-fa0a-4291-a35f-7dcfe7cc60ee 200 in 19ms (next.js: 4ms, proxy.ts: 5ms, application-code: 11ms)
 GET /r/[REDACTED]/pdf?edition=f126ce4e-fa0a-4291-a35f-7dcfe7cc60ee 200 in 493ms (next.js: 3ms, proxy.ts: 2ms, application-code: 487ms)
 GET /reports?notice=R%C3%A9vision+publi%C3%A9e.+Les+%C3%A9ditions+pr%C3%A9c%C3%A9dentes+restent+inchang%C3%A9es.&reveal=report-url&revealId=0bf92639-2ac5-4bb5-bd60-e202ef899593 200 in 73ms (next.js: 1.8ms, proxy.ts: 2.0ms, application-code: 69ms)
 POST /reports?notice=Rapport%20cr%C3%A9%C3%A9.%20R%C3%A9v%C3%A9lez%20son%20URL%20dans%20les%20cinq%20prochaines%20minutes.&reveal=report-url&revealId=3af71543-ac3e-49a2-b596-ce63fc8b9cc1 200 in 182ms (next.js: 73ms, proxy.ts: 12ms, application-code: 97ms)
  └─ ƒ reviseReportEdition({}) in 17ms src/app/actions.ts
 POST /api/secret-revelation 200 in 15ms (next.js: 1.4ms, proxy.ts: 3ms, application-code: 11ms)
 GET /r/[REDACTED]?edition=319ac539-8455-48a1-a409-569f8674ce14 200 in 97ms (next.js: 5ms, proxy.ts: 2ms, application-code: 90ms)
 GET /r/[REDACTED]/csv?edition=319ac539-8455-48a1-a409-569f8674ce14 200 in 18ms (next.js: 4ms, proxy.ts: 2ms, application-code: 11ms)
 GET /reports?error=Les+donn%C3%A9es+compl%C3%A8tes+de+cette+p%C3%A9riode+ne+sont+pas+disponibles.+Actualisez+l%E2%80%99historique+du+compte+avant+de+publier+ce+bilan. 200 in 85ms (next.js: 1.8ms, proxy.ts: 2ms, application-code: 81ms)
 POST /reports?notice=R%C3%A9vision%20publi%C3%A9e.%20Les%20%C3%A9ditions%20pr%C3%A9c%C3%A9dentes%20restent%20inchang%C3%A9es.&reveal=report-url&revealId=0bf92639-2ac5-4bb5-bd60-e202ef899593 200 in 110ms (next.js: 1.8ms, proxy.ts: 2ms, application-code: 105ms)
  └─ ƒ createShareLink({}) in 12ms src/app/actions.ts
 GET /r/[REDACTED]?edition=f126ce4e-fa0a-4291-a35f-7dcfe7cc60ee 200 in 116ms (next.js: 8ms, proxy.ts: 7ms, application-code: 101ms)
 GET /r/[REDACTED]/pdf?edition=f126ce4e-fa0a-4291-a35f-7dcfe7cc60ee 429 in 13ms (next.js: 4ms, proxy.ts: 2ms, application-code: 6ms)
 GET /r/[REDACTED]/csv?edition=f126ce4e-fa0a-4291-a35f-7dcfe7cc60ee 404 in 12ms (next.js: 3ms, proxy.ts: 1.8ms, application-code: 7ms)
 GET /reports 200 in 165ms (next.js: 3ms, proxy.ts: 4ms, application-code: 158ms)
  ✓  1 [chromium] › e2e/report-editions-local.spec.ts:16:53 › published report editions › creates every period and preserves HTML PDF CSV through revision in fr (13.2s)
 GET /reports 200 in 160ms (next.js: 3ms, proxy.ts: 2ms, application-code: 155ms)
 GET /api/auth/get-session 200 in 22ms (next.js: 5ms, proxy.ts: 3ms, application-code: 14ms)
 GET /api/auth/organization/list 200 in 24ms (next.js: 9ms, proxy.ts: 3ms, application-code: 12ms)
 POST /reports 200 in 74ms (next.js: 1.8ms, proxy.ts: 2ms, application-code: 69ms)
  └─ ƒ setCookieConsent({}) in 2ms src/app/preferences-actions.ts
 GET /reports?notice=Report+created.+Reveal+its+URL+within+the+next+five+minutes.&reveal=report-url&revealId=fa17a985-3e24-42b7-872d-5b95d6b61a73 200 in 71ms (next.js: 1.7ms, proxy.ts: 2ms, application-code: 67ms)
 POST /reports 200 in 101ms (next.js: 2ms, proxy.ts: 3ms, application-code: 96ms)
  └─ ƒ createShareLink({}) in 19ms src/app/actions.ts
 POST /api/secret-revelation 200 in 17ms (next.js: 1.5ms, proxy.ts: 3ms, application-code: 13ms)
 GET /r/[REDACTED]?edition=963e71fe-e428-4be7-a59a-a8ea9f7dcf41 200 in 83ms (next.js: 4ms, proxy.ts: 2.0ms, application-code: 77ms)
 GET /r/[REDACTED]/csv?edition=963e71fe-e428-4be7-a59a-a8ea9f7dcf41 200 in 16ms (next.js: 3ms, proxy.ts: 1.9ms, application-code: 11ms)
 GET /r/[REDACTED]/pdf?edition=963e71fe-e428-4be7-a59a-a8ea9f7dcf41 200 in 281ms (next.js: 4ms, proxy.ts: 2ms, application-code: 274ms)
 GET /r/[REDACTED]?error=Email+code+delivery+is+not+configured.&edition=963e71fe-e428-4be7-a59a-a8ea9f7dcf41 200 in 61ms (next.js: 7ms, proxy.ts: 3ms, application-code: 51ms)
 POST /r/[REDACTED]?edition=963e71fe-e428-4be7-a59a-a8ea9f7dcf41 200 in 93ms (next.js: 5ms, proxy.ts: 4ms, application-code: 84ms)
  └─ ƒ requestReportFeedbackOtp({}) in 14ms src/app/actions.ts
 GET /r/[REDACTED]?edition=963e71fe-e428-4be7-a59a-a8ea9f7dcf41&otp=1 200 in 98ms (next.js: 4ms, proxy.ts: 4ms, application-code: 90ms)
 GET /r/[REDACTED]?error=Request+a+new+code.&otp=1&edition=963e71fe-e428-4be7-a59a-a8ea9f7dcf41 200 in 56ms (next.js: 3ms, proxy.ts: 3ms, application-code: 50ms)
 POST /r/[REDACTED]?edition=963e71fe-e428-4be7-a59a-a8ea9f7dcf41&otp=1 200 in 74ms (next.js: 4ms, proxy.ts: 3ms, application-code: 67ms)
  └─ ƒ verifyReportFeedbackOtp({}) in 6ms src/app/actions.ts
 GET /reports?notice=Report+created.+Reveal+its+URL+within+the+next+five+minutes.&reveal=report-url&revealId=decbfd39-da78-45e7-a262-7acb9a48a796 200 in 71ms (next.js: 2.0ms, proxy.ts: 2ms, application-code: 67ms)
 POST /reports?notice=Report%20created.%20Reveal%20its%20URL%20within%20the%20next%20five%20minutes.&reveal=report-url&revealId=fa17a985-3e24-42b7-872d-5b95d6b61a73 200 in 121ms (next.js: 3ms, proxy.ts: 5ms, application-code: 113ms)
  └─ ƒ createShareLink({}) in 35ms src/app/actions.ts
 POST /api/secret-revelation 200 in 16ms (next.js: 1.6ms, proxy.ts: 3ms, application-code: 12ms)
 GET /r/[REDACTED]?edition=b50357b3-c70e-45b4-89e8-f8387357a1ec 200 in 83ms (next.js: 4ms, proxy.ts: 2ms, application-code: 76ms)
 GET /r/[REDACTED]/csv?edition=b50357b3-c70e-45b4-89e8-f8387357a1ec 200 in 17ms (next.js: 4ms, proxy.ts: 2ms, application-code: 12ms)
 GET /r/[REDACTED]/pdf?edition=b50357b3-c70e-45b4-89e8-f8387357a1ec 200 in 78ms (next.js: 3ms, proxy.ts: 2.0ms, application-code: 73ms)
 GET /reports?notice=Report+created.+Reveal+its+URL+within+the+next+five+minutes.&reveal=report-url&revealId=ba278bb7-28d6-43cd-a1c2-5dc79d78631c 200 in 92ms (next.js: 1.9ms, proxy.ts: 1.9ms, application-code: 88ms)
 POST /reports?notice=Report%20created.%20Reveal%20its%20URL%20within%20the%20next%20five%20minutes.&reveal=report-url&revealId=decbfd39-da78-45e7-a262-7acb9a48a796 200 in 140ms (next.js: 4ms, proxy.ts: 7ms, application-code: 128ms)
  └─ ƒ createShareLink({}) in 27ms src/app/actions.ts
 POST /api/secret-revelation 200 in 17ms (next.js: 3ms, proxy.ts: 3ms, application-code: 11ms)
 GET /r/[REDACTED]?edition=72e77992-9b80-490d-9c4d-734763c1308b 200 in 114ms (next.js: 4ms, proxy.ts: 3ms, application-code: 107ms)
 GET /r/[REDACTED]/csv?edition=72e77992-9b80-490d-9c4d-734763c1308b 200 in 24ms (next.js: 7ms, proxy.ts: 3ms, application-code: 14ms)
 GET /r/[REDACTED]/pdf?edition=72e77992-9b80-490d-9c4d-734763c1308b 200 in 81ms (next.js: 3ms, proxy.ts: 3ms, application-code: 75ms)
 GET /reports?notice=Report+created.+Reveal+its+URL+within+the+next+five+minutes.&reveal=report-url&revealId=1e6fb347-8198-4862-a8fb-6f7ba6de97f0 200 in 120ms (next.js: 1.8ms, proxy.ts: 4ms, application-code: 114ms)
 POST /reports?notice=Report%20created.%20Reveal%20its%20URL%20within%20the%20next%20five%20minutes.&reveal=report-url&revealId=ba278bb7-28d6-43cd-a1c2-5dc79d78631c 200 in 164ms (next.js: 5ms, proxy.ts: 5ms, application-code: 154ms)
  └─ ƒ createShareLink({}) in 26ms src/app/actions.ts
 POST /api/secret-revelation 200 in 14ms (next.js: 1.5ms, proxy.ts: 2ms, application-code: 10ms)
 GET /r/[REDACTED]?edition=87d19ecd-6ec0-4c91-b20f-d0597ceb18eb 200 in 82ms (next.js: 4ms, proxy.ts: 2ms, application-code: 76ms)
 GET /r/[REDACTED]/csv?edition=87d19ecd-6ec0-4c91-b20f-d0597ceb18eb 200 in 19ms (next.js: 2ms, proxy.ts: 2ms, application-code: 14ms)
 GET /r/[REDACTED]/pdf?edition=87d19ecd-6ec0-4c91-b20f-d0597ceb18eb 200 in 74ms (next.js: 3ms, proxy.ts: 1.9ms, application-code: 68ms)
 GET /reports?notice=Report+created.+Reveal+its+URL+within+the+next+five+minutes.&reveal=report-url&revealId=d7691f01-1bca-4882-9ed5-d10cd624bf22 200 in 101ms (next.js: 2ms, proxy.ts: 2ms, application-code: 97ms)
 POST /reports?notice=Report%20created.%20Reveal%20its%20URL%20within%20the%20next%20five%20minutes.&reveal=report-url&revealId=1e6fb347-8198-4862-a8fb-6f7ba6de97f0 200 in 133ms (next.js: 4ms, proxy.ts: 3ms, application-code: 126ms)
  └─ ƒ createShareLink({}) in 18ms src/app/actions.ts
 POST /api/secret-revelation 200 in 19ms (next.js: 3ms, proxy.ts: 3ms, application-code: 12ms)
 GET /r/[REDACTED]?edition=54c882a7-d525-4eae-b478-f51f24c035a8 200 in 106ms (next.js: 3ms, proxy.ts: 3ms, application-code: 100ms)
 GET /r/[REDACTED]/csv?edition=54c882a7-d525-4eae-b478-f51f24c035a8 200 in 16ms (next.js: 3ms, proxy.ts: 2ms, application-code: 10ms)
 GET /r/[REDACTED]/pdf?edition=54c882a7-d525-4eae-b478-f51f24c035a8 200 in 84ms (next.js: 2ms, proxy.ts: 2ms, application-code: 79ms)
 GET /r/[REDACTED]?edition=963e71fe-e428-4be7-a59a-a8ea9f7dcf41 200 in 100ms (next.js: 5ms, proxy.ts: 3ms, application-code: 92ms)
 GET /r/[REDACTED]/csv?edition=963e71fe-e428-4be7-a59a-a8ea9f7dcf41 200 in 30ms (next.js: 3ms, proxy.ts: 4ms, application-code: 24ms)
 GET /r/[REDACTED]/pdf?edition=963e71fe-e428-4be7-a59a-a8ea9f7dcf41 200 in 436ms (next.js: 7ms, proxy.ts: 6ms, application-code: 423ms)
 GET /reports?notice=Revision+published.+Previous+editions+remain+unchanged.&reveal=report-url&revealId=e726d13b-9b47-419a-bc2c-9942ab901f6a 200 in 134ms (next.js: 4ms, proxy.ts: 3ms, application-code: 127ms)
 POST /reports?notice=Report%20created.%20Reveal%20its%20URL%20within%20the%20next%20five%20minutes.&reveal=report-url&revealId=d7691f01-1bca-4882-9ed5-d10cd624bf22 200 in 232ms (next.js: 7ms, proxy.ts: 8ms, application-code: 217ms)
  └─ ƒ reviseReportEdition({}) in 62ms src/app/actions.ts
 POST /api/secret-revelation 200 in 106ms (next.js: 13ms, proxy.ts: 17ms, application-code: 77ms)
 GET /sign-in 200 in 108ms (next.js: 25ms, proxy.ts: 9ms, application-code: 75ms)
 GET /r/[REDACTED]?edition=79ec96e6-3ed5-466e-936f-618fd92d63e4 200 in 292ms (next.js: 17ms, proxy.ts: 4ms, application-code: 270ms)
 GET /r/[REDACTED]/csv?edition=79ec96e6-3ed5-466e-936f-618fd92d63e4 200 in 42ms (next.js: 11ms, proxy.ts: 4ms, application-code: 27ms)
 GET /icon?a62dacc6b033a714 200 in 230ms (next.js: 130ms, proxy.ts: 19ms, application-code: 80ms)
 GET /reports?error=Les+donn%C3%A9es+compl%C3%A8tes+de+cette+p%C3%A9riode+ne+sont+pas+disponibles.+Actualisez+l%E2%80%99historique+du+compte+avant+de+publier+ce+bilan. 200 in 93ms (next.js: 2ms, proxy.ts: 2.0ms, application-code: 89ms)
 POST /reports?notice=Revision%20published.%20Previous%20editions%20remain%20unchanged.&reveal=report-url&revealId=e726d13b-9b47-419a-bc2c-9942ab901f6a 200 in 119ms (next.js: 3ms, proxy.ts: 3ms, application-code: 113ms)
  └─ ƒ createShareLink({}) in 14ms src/app/actions.ts
 GET /r/[REDACTED]?edition=963e71fe-e428-4be7-a59a-a8ea9f7dcf41 200 in 90ms (next.js: 3ms, proxy.ts: 4ms, application-code: 83ms)
 GET /r/[REDACTED]/pdf?edition=963e71fe-e428-4be7-a59a-a8ea9f7dcf41 429 in 12ms (next.js: 4ms, proxy.ts: 2ms, application-code: 5ms)
 GET /r/[REDACTED]/csv?edition=963e71fe-e428-4be7-a59a-a8ea9f7dcf41 404 in 10ms (next.js: 4ms, proxy.ts: 1.7ms, application-code: 4ms)
 GET /reports 200 in 149ms (next.js: 2ms, proxy.ts: 3ms, application-code: 144ms)
  ✓  2 [chromium] › e2e/report-editions-local.spec.ts:16:53 › published report editions › creates every period and preserves HTML PDF CSV through revision in en (7.8s)

  2 passed (21.6s)
{"ok":true,"cleaned":"local-browser-fixtures"}
[?25h
