
> @yodev/ads@0.1.0 test:e2e:local
> node scripts/verify-local-browser.mjs e2e/report-editions-local.spec.ts e2e/report-management-actors-local.spec.ts

{"ok":true,"fixtureRoles":["owner","admin","strategist","analyst","client"],"foreignExportId":"80000000-0000-4000-8000-000000000003"}

> @yodev/ads@0.1.0 dev
> next dev --hostname 127.0.0.1 --port 3017

▲ Next.js 16.3.0 (Turbopack)
- Local:         http://127.0.0.1:3017
- Network:       http://127.0.0.1:3017
- Environments: .env.local
✓ Ready in 416ms
✓ Running next.config.ts took 665ms
- Experiments (use with caution):
  · clientTraceMetadata

 GET /sign-in 200 in 1915ms (next.js: 1355ms, proxy.ts: 22ms, application-code: 538ms)
 GET /sign-in 200 in 562ms (next.js: 12ms, proxy.ts: 4ms, application-code: 545ms)
 GET /sign-in 200 in 138ms (next.js: 29ms, proxy.ts: 12ms, application-code: 98ms)
 GET /icon?a62dacc6b033a714 200 in 302ms (next.js: 44ms, proxy.ts: 10ms, application-code: 248ms)
 POST /api/auth/sign-in/email 200 in 2.1s (next.js: 1893ms, proxy.ts: 9ms, application-code: 227ms)
 POST /api/auth/sign-in/email 200 in 90ms (next.js: 4ms, proxy.ts: 2ms, application-code: 84ms)
 POST /api/auth/sign-in/email 200 in 88ms (next.js: 3ms, proxy.ts: 2ms, application-code: 83ms)
 POST /api/auth/sign-in/email 200 in 84ms (next.js: 3ms, proxy.ts: 2ms, application-code: 78ms)
 POST /api/auth/sign-in/email 200 in 100ms (next.js: 10ms, proxy.ts: 2ms, application-code: 88ms)
 GET /dashboard 200 in 509ms (next.js: 207ms, proxy.ts: 3ms, application-code: 299ms)
 GET /settings 200 in 273ms (next.js: 32ms, proxy.ts: 2ms, application-code: 238ms)
 GET /billing 200 in 162ms (next.js: 14ms, proxy.ts: 1.9ms, application-code: 146ms)
 GET /support 200 in 143ms (next.js: 15ms, proxy.ts: 2ms, application-code: 126ms)
 GET /accounts 200 in 127ms (next.js: 13ms, proxy.ts: 2.0ms, application-code: 112ms)
 GET /history 200 in 146ms (next.js: 18ms, proxy.ts: 1.8ms, application-code: 125ms)
 GET /alerts 200 in 145ms (next.js: 20ms, proxy.ts: 1.9ms, application-code: 122ms)
 GET /tasks 200 in 161ms (next.js: 22ms, proxy.ts: 2.0ms, application-code: 137ms)
 GET /approvals 200 in 143ms (next.js: 25ms, proxy.ts: 1.9ms, application-code: 117ms)
 GET /reports 200 in 252ms (next.js: 22ms, proxy.ts: 1.8ms, application-code: 228ms)
 GET /audit 200 in 170ms (next.js: 34ms, proxy.ts: 5ms, application-code: 131ms)
 GET /agents 200 in 239ms (next.js: 34ms, proxy.ts: 3ms, application-code: 203ms)
 GET / 200 in 114ms (next.js: 19ms, proxy.ts: 3ms, application-code: 92ms)
 GET /privacy 200 in 53ms (next.js: 13ms, proxy.ts: 1.8ms, application-code: 38ms)
 GET /terms 200 in 49ms (next.js: 12ms, proxy.ts: 2ms, application-code: 34ms)
 GET /subprocessors 200 in 110ms (next.js: 41ms, proxy.ts: 2ms, application-code: 66ms)
 GET /status 200 in 98ms (next.js: 34ms, proxy.ts: 1.9ms, application-code: 63ms)
 GET /sign-in 200 in 35ms (next.js: 5ms, proxy.ts: 1.8ms, application-code: 28ms)
 GET /sign-up 200 in 334ms (next.js: 297ms, proxy.ts: 3ms, application-code: 34ms)
Local browser states ready in /var/folders/9h/sbxl7zl90j9_wc743xft5j8h0000gn/T/yodev-ads-browser-Gaj7oj

Running 4 tests using 1 worker

(node:50492) Warning: The 'NO_COLOR' env is ignored due to the 'FORCE_COLOR' env being set.
(Use `node --trace-warnings ...` to show where the warning was created)
 GET /reports 200 in 150ms (next.js: 2ms, proxy.ts: 2ms, application-code: 145ms)
 GET /api/auth/get-session 200 in 33ms (next.js: 6ms, proxy.ts: 5ms, application-code: 22ms)
 GET /api/auth/organization/list 200 in 38ms (next.js: 11ms, proxy.ts: 4ms, application-code: 22ms)
 POST /reports 200 in 90ms (next.js: 2ms, proxy.ts: 3ms, application-code: 86ms)
  └─ ƒ setCookieConsent({}) in 3ms src/app/preferences-actions.ts
 GET /reports?notice=Rapport+cr%C3%A9%C3%A9.+R%C3%A9v%C3%A9lez+son+URL+dans+les+cinq+prochaines+minutes.&reveal=report-url&revealId=828f187d-aabe-47db-baa8-e59ae09c49e2 200 in 75ms (next.js: 2ms, proxy.ts: 2ms, application-code: 71ms)
 POST /reports 200 in 121ms (next.js: 3ms, proxy.ts: 3ms, application-code: 116ms)
  └─ ƒ createShareLink({}) in 31ms src/app/actions.ts
 POST /api/secret-revelation 200 in 170ms (next.js: 129ms, proxy.ts: 4ms, application-code: 38ms)
 GET /r/[REDACTED]?edition=0886bfb0-a8d5-4c84-9262-d16e0c29df40 200 in 792ms (next.js: 682ms, proxy.ts: 3ms, application-code: 107ms)
 GET /r/[REDACTED]/csv?edition=0886bfb0-a8d5-4c84-9262-d16e0c29df40 200 in 649ms (next.js: 629ms, proxy.ts: 2ms, application-code: 18ms)
 GET /r/[REDACTED]/pdf?edition=0886bfb0-a8d5-4c84-9262-d16e0c29df40 200 in 1425ms (next.js: 975ms, proxy.ts: 1.9ms, application-code: 447ms)
 GET /r/[REDACTED]?error=L%E2%80%99envoi+de+codes+email+n%E2%80%99est+pas+configur%C3%A9.&edition=0886bfb0-a8d5-4c84-9262-d16e0c29df40 200 in 59ms (next.js: 3ms, proxy.ts: 2ms, application-code: 54ms)
 POST /r/[REDACTED]?edition=0886bfb0-a8d5-4c84-9262-d16e0c29df40 200 in 90ms (next.js: 6ms, proxy.ts: 4ms, application-code: 80ms)
  └─ ƒ requestReportFeedbackOtp({}) in 12ms src/app/actions.ts
 GET /r/[REDACTED]?edition=0886bfb0-a8d5-4c84-9262-d16e0c29df40&otp=1 200 in 96ms (next.js: 7ms, proxy.ts: 2ms, application-code: 87ms)
 GET /r/[REDACTED]?error=Demandez+un+nouveau+code.&otp=1&edition=0886bfb0-a8d5-4c84-9262-d16e0c29df40 200 in 59ms (next.js: 2ms, proxy.ts: 2ms, application-code: 55ms)
 POST /r/[REDACTED]?edition=0886bfb0-a8d5-4c84-9262-d16e0c29df40&otp=1 200 in 85ms (next.js: 4ms, proxy.ts: 4ms, application-code: 77ms)
  └─ ƒ verifyReportFeedbackOtp({}) in 7ms src/app/actions.ts
 GET /reports?notice=Rapport+cr%C3%A9%C3%A9.+R%C3%A9v%C3%A9lez+son+URL+dans+les+cinq+prochaines+minutes.&reveal=report-url&revealId=09454289-783d-475f-ab4f-0cad635012e1 200 in 82ms (next.js: 2ms, proxy.ts: 2ms, application-code: 78ms)
 POST /reports?notice=Rapport%20cr%C3%A9%C3%A9.%20R%C3%A9v%C3%A9lez%20son%20URL%20dans%20les%20cinq%20prochaines%20minutes.&reveal=report-url&revealId=828f187d-aabe-47db-baa8-e59ae09c49e2 200 in 117ms (next.js: 3ms, proxy.ts: 6ms, application-code: 108ms)
  └─ ƒ createShareLink({}) in 19ms src/app/actions.ts
 POST /api/secret-revelation 200 in 33ms (next.js: 6ms, proxy.ts: 9ms, application-code: 18ms)
 GET /r/[REDACTED]?edition=68f4ea05-47db-44e2-9b61-64a5f9d199a5 200 in 117ms (next.js: 6ms, proxy.ts: 4ms, application-code: 107ms)
 GET /r/[REDACTED]/csv?edition=68f4ea05-47db-44e2-9b61-64a5f9d199a5 200 in 18ms (next.js: 4ms, proxy.ts: 3ms, application-code: 11ms)
 GET /r/[REDACTED]/pdf?edition=68f4ea05-47db-44e2-9b61-64a5f9d199a5 200 in 104ms (next.js: 3ms, proxy.ts: 3ms, application-code: 98ms)
 GET /reports?notice=Rapport+cr%C3%A9%C3%A9.+R%C3%A9v%C3%A9lez+son+URL+dans+les+cinq+prochaines+minutes.&reveal=report-url&revealId=22beb2b6-408f-42ad-ba3f-f2bc859536d7 200 in 92ms (next.js: 3ms, proxy.ts: 2ms, application-code: 87ms)
 POST /reports?notice=Rapport%20cr%C3%A9%C3%A9.%20R%C3%A9v%C3%A9lez%20son%20URL%20dans%20les%20cinq%20prochaines%20minutes.&reveal=report-url&revealId=09454289-783d-475f-ab4f-0cad635012e1 200 in 141ms (next.js: 3ms, proxy.ts: 5ms, application-code: 133ms)
  └─ ƒ createShareLink({}) in 32ms src/app/actions.ts
 POST /api/secret-revelation 200 in 46ms (next.js: 4ms, proxy.ts: 6ms, application-code: 36ms)
 GET /r/[REDACTED]?edition=4c4e55ad-ddeb-4c51-835f-b2ae5b9cad52 200 in 118ms (next.js: 3ms, proxy.ts: 4ms, application-code: 111ms)
 GET /r/[REDACTED]/csv?edition=4c4e55ad-ddeb-4c51-835f-b2ae5b9cad52 200 in 16ms (next.js: 4ms, proxy.ts: 2ms, application-code: 9ms)
 GET /r/[REDACTED]/pdf?edition=4c4e55ad-ddeb-4c51-835f-b2ae5b9cad52 200 in 84ms (next.js: 4ms, proxy.ts: 2ms, application-code: 78ms)
 GET /reports?notice=Rapport+cr%C3%A9%C3%A9.+R%C3%A9v%C3%A9lez+son+URL+dans+les+cinq+prochaines+minutes.&reveal=report-url&revealId=7711b6ff-77d0-460e-a2cc-1670cd1db84a 200 in 72ms (next.js: 2ms, proxy.ts: 1.9ms, application-code: 67ms)
 POST /reports?notice=Rapport%20cr%C3%A9%C3%A9.%20R%C3%A9v%C3%A9lez%20son%20URL%20dans%20les%20cinq%20prochaines%20minutes.&reveal=report-url&revealId=22beb2b6-408f-42ad-ba3f-f2bc859536d7 200 in 106ms (next.js: 3ms, proxy.ts: 3ms, application-code: 100ms)
  └─ ƒ createShareLink({}) in 22ms src/app/actions.ts
 POST /api/secret-revelation 200 in 19ms (next.js: 1.3ms, proxy.ts: 3ms, application-code: 15ms)
 GET /r/[REDACTED]?edition=9c94158d-0573-4d4b-9ac3-5b069e413a70 200 in 98ms (next.js: 4ms, proxy.ts: 2ms, application-code: 91ms)
 GET /r/[REDACTED]/csv?edition=9c94158d-0573-4d4b-9ac3-5b069e413a70 200 in 27ms (next.js: 9ms, proxy.ts: 4ms, application-code: 14ms)
 GET /r/[REDACTED]/pdf?edition=9c94158d-0573-4d4b-9ac3-5b069e413a70 200 in 94ms (next.js: 4ms, proxy.ts: 2ms, application-code: 88ms)
 GET /reports?notice=Rapport+cr%C3%A9%C3%A9.+R%C3%A9v%C3%A9lez+son+URL+dans+les+cinq+prochaines+minutes.&reveal=report-url&revealId=68de66ed-418f-47fd-9d9b-a14ead95bebc 200 in 150ms (next.js: 2ms, proxy.ts: 3ms, application-code: 145ms)
 POST /reports?notice=Rapport%20cr%C3%A9%C3%A9.%20R%C3%A9v%C3%A9lez%20son%20URL%20dans%20les%20cinq%20prochaines%20minutes.&reveal=report-url&revealId=7711b6ff-77d0-460e-a2cc-1670cd1db84a 200 in 195ms (next.js: 4ms, proxy.ts: 6ms, application-code: 184ms)
  └─ ƒ createShareLink({}) in 24ms src/app/actions.ts
 POST /api/secret-revelation 200 in 25ms (next.js: 3ms, proxy.ts: 5ms, application-code: 17ms)
 GET /r/[REDACTED]?edition=1f3b4381-7c1f-4298-a0a6-6e1b04de468e 200 in 128ms (next.js: 4ms, proxy.ts: 3ms, application-code: 121ms)
 GET /r/[REDACTED]/csv?edition=1f3b4381-7c1f-4298-a0a6-6e1b04de468e 200 in 17ms (next.js: 4ms, proxy.ts: 3ms, application-code: 10ms)
 GET /r/[REDACTED]/pdf?edition=1f3b4381-7c1f-4298-a0a6-6e1b04de468e 200 in 78ms (next.js: 2ms, proxy.ts: 2ms, application-code: 73ms)
 GET /r/[REDACTED]?edition=0886bfb0-a8d5-4c84-9262-d16e0c29df40 200 in 92ms (next.js: 4ms, proxy.ts: 1.8ms, application-code: 87ms)
 GET /r/[REDACTED]/csv?edition=0886bfb0-a8d5-4c84-9262-d16e0c29df40 200 in 16ms (next.js: 1.6ms, proxy.ts: 3ms, application-code: 12ms)
 GET /r/[REDACTED]/pdf?edition=0886bfb0-a8d5-4c84-9262-d16e0c29df40 200 in 316ms (next.js: 4ms, proxy.ts: 1.8ms, application-code: 310ms)
 GET /reports?notice=R%C3%A9vision+publi%C3%A9e.+Les+%C3%A9ditions+pr%C3%A9c%C3%A9dentes+restent+inchang%C3%A9es.&reveal=report-url&revealId=f32b53ed-deca-4f43-a08f-4ef5751e5970 200 in 125ms (next.js: 3ms, proxy.ts: 1.9ms, application-code: 120ms)
 POST /reports?notice=Rapport%20cr%C3%A9%C3%A9.%20R%C3%A9v%C3%A9lez%20son%20URL%20dans%20les%20cinq%20prochaines%20minutes.&reveal=report-url&revealId=68de66ed-418f-47fd-9d9b-a14ead95bebc 200 in 162ms (next.js: 3ms, proxy.ts: 4ms, application-code: 155ms)
  └─ ƒ reviseReportEdition({}) in 20ms src/app/actions.ts
 POST /api/secret-revelation 200 in 24ms (next.js: 4ms, proxy.ts: 4ms, application-code: 16ms)
 GET /r/[REDACTED]?edition=ea89bb16-af1a-4a14-b869-1068b9f9786e 200 in 135ms (next.js: 5ms, proxy.ts: 4ms, application-code: 126ms)
 GET /r/[REDACTED]/csv?edition=ea89bb16-af1a-4a14-b869-1068b9f9786e 200 in 30ms (next.js: 4ms, proxy.ts: 3ms, application-code: 22ms)
 GET /reports?error=Les+donn%C3%A9es+compl%C3%A8tes+de+cette+p%C3%A9riode+ne+sont+pas+disponibles.+Actualisez+l%E2%80%99historique+du+compte+avant+de+publier+ce+bilan. 200 in 93ms (next.js: 1.7ms, proxy.ts: 3ms, application-code: 89ms)
 POST /reports?notice=R%C3%A9vision%20publi%C3%A9e.%20Les%20%C3%A9ditions%20pr%C3%A9c%C3%A9dentes%20restent%20inchang%C3%A9es.&reveal=report-url&revealId=f32b53ed-deca-4f43-a08f-4ef5751e5970 200 in 122ms (next.js: 4ms, proxy.ts: 4ms, application-code: 115ms)
  └─ ƒ createShareLink({}) in 13ms src/app/actions.ts
 GET /r/[REDACTED]?edition=0886bfb0-a8d5-4c84-9262-d16e0c29df40 200 in 135ms (next.js: 5ms, proxy.ts: 2ms, application-code: 127ms)
 GET /r/[REDACTED]/pdf?edition=0886bfb0-a8d5-4c84-9262-d16e0c29df40 429 in 14ms (next.js: 4ms, proxy.ts: 3ms, application-code: 7ms)
 GET /r/[REDACTED]/csv?edition=0886bfb0-a8d5-4c84-9262-d16e0c29df40 404 in 10ms (next.js: 3ms, proxy.ts: 1.7ms, application-code: 5ms)
 GET /reports 200 in 174ms (next.js: 5ms, proxy.ts: 4ms, application-code: 165ms)
  ✓  1 [chromium] › e2e/report-editions-local.spec.ts:16:53 › published report editions › creates every period and preserves HTML PDF CSV through revision in fr (10.9s)
 GET /reports 200 in 200ms (next.js: 2ms, proxy.ts: 3ms, application-code: 194ms)
 GET /api/auth/get-session 200 in 67ms (next.js: 20ms, proxy.ts: 7ms, application-code: 41ms)
 GET /api/auth/organization/list 200 in 99ms (next.js: 29ms, proxy.ts: 8ms, application-code: 61ms)
 POST /reports 200 in 140ms (next.js: 12ms, proxy.ts: 15ms, application-code: 112ms)
  └─ ƒ setCookieConsent({}) in 1ms src/app/preferences-actions.ts
 GET /reports?notice=Report+created.+Reveal+its+URL+within+the+next+five+minutes.&reveal=report-url&revealId=8d0d587e-1308-44ff-afd3-f19de815f483 200 in 108ms (next.js: 3ms, proxy.ts: 1.7ms, application-code: 103ms)
 POST /reports 200 in 141ms (next.js: 3ms, proxy.ts: 5ms, application-code: 133ms)
  └─ ƒ createShareLink({}) in 18ms src/app/actions.ts
 POST /api/secret-revelation 200 in 34ms (next.js: 5ms, proxy.ts: 7ms, application-code: 23ms)
 GET /r/[REDACTED]?edition=f98e0e68-0729-48d1-8e5d-4d31288ca692 200 in 111ms (next.js: 4ms, proxy.ts: 2.0ms, application-code: 105ms)
 GET /r/[REDACTED]/csv?edition=f98e0e68-0729-48d1-8e5d-4d31288ca692 200 in 24ms (next.js: 6ms, proxy.ts: 2ms, application-code: 16ms)
 GET /r/[REDACTED]/pdf?edition=f98e0e68-0729-48d1-8e5d-4d31288ca692 200 in 307ms (next.js: 5ms, proxy.ts: 3ms, application-code: 299ms)
 GET /r/[REDACTED]?error=Email+code+delivery+is+not+configured.&edition=f98e0e68-0729-48d1-8e5d-4d31288ca692 200 in 111ms (next.js: 9ms, proxy.ts: 15ms, application-code: 87ms)
 POST /r/[REDACTED]?edition=f98e0e68-0729-48d1-8e5d-4d31288ca692 200 in 176ms (next.js: 10ms, proxy.ts: 8ms, application-code: 159ms)
  └─ ƒ requestReportFeedbackOtp({}) in 35ms src/app/actions.ts
 GET /r/[REDACTED]?edition=f98e0e68-0729-48d1-8e5d-4d31288ca692&otp=1 200 in 129ms (next.js: 10ms, proxy.ts: 4ms, application-code: 116ms)
 GET /r/[REDACTED]?error=Request+a+new+code.&otp=1&edition=f98e0e68-0729-48d1-8e5d-4d31288ca692 200 in 70ms (next.js: 3ms, proxy.ts: 2ms, application-code: 64ms)
 POST /r/[REDACTED]?edition=f98e0e68-0729-48d1-8e5d-4d31288ca692&otp=1 200 in 97ms (next.js: 6ms, proxy.ts: 5ms, application-code: 87ms)
  └─ ƒ verifyReportFeedbackOtp({}) in 8ms src/app/actions.ts
 GET /reports?notice=Report+created.+Reveal+its+URL+within+the+next+five+minutes.&reveal=report-url&revealId=2eaf7fea-dce1-4dca-a4ea-14fd258e30df 200 in 96ms (next.js: 2ms, proxy.ts: 2ms, application-code: 91ms)
 POST /reports?notice=Report%20created.%20Reveal%20its%20URL%20within%20the%20next%20five%20minutes.&reveal=report-url&revealId=8d0d587e-1308-44ff-afd3-f19de815f483 200 in 143ms (next.js: 4ms, proxy.ts: 3ms, application-code: 136ms)
  └─ ƒ createShareLink({}) in 34ms src/app/actions.ts
 POST /api/secret-revelation 200 in 29ms (next.js: 4ms, proxy.ts: 7ms, application-code: 18ms)
 GET /r/[REDACTED]?edition=9d58d9a0-fe0f-4682-ab71-94a7c3e869ff 200 in 111ms (next.js: 5ms, proxy.ts: 2ms, application-code: 103ms)
 GET /r/[REDACTED]/csv?edition=9d58d9a0-fe0f-4682-ab71-94a7c3e869ff 200 in 17ms (next.js: 3ms, proxy.ts: 3ms, application-code: 11ms)
 GET /r/[REDACTED]/pdf?edition=9d58d9a0-fe0f-4682-ab71-94a7c3e869ff 200 in 98ms (next.js: 4ms, proxy.ts: 1.8ms, application-code: 93ms)
 GET /reports?notice=Report+created.+Reveal+its+URL+within+the+next+five+minutes.&reveal=report-url&revealId=09a65fdb-911a-4bf4-acfe-0b6268e06a01 200 in 233ms (next.js: 5ms, proxy.ts: 2ms, application-code: 226ms)
 POST /reports?notice=Report%20created.%20Reveal%20its%20URL%20within%20the%20next%20five%20minutes.&reveal=report-url&revealId=2eaf7fea-dce1-4dca-a4ea-14fd258e30df 200 in 386ms (next.js: 3ms, proxy.ts: 27ms, application-code: 356ms)
  └─ ƒ createShareLink({}) in 105ms src/app/actions.ts
 POST /api/secret-revelation 200 in 31ms (next.js: 2ms, proxy.ts: 13ms, application-code: 16ms)
 GET /r/[REDACTED]?edition=b450460b-980a-4544-a5af-16728f382220 200 in 123ms (next.js: 6ms, proxy.ts: 4ms, application-code: 114ms)
 GET /r/[REDACTED]/csv?edition=b450460b-980a-4544-a5af-16728f382220 200 in 43ms (next.js: 6ms, proxy.ts: 5ms, application-code: 32ms)
 GET /r/[REDACTED]/pdf?edition=b450460b-980a-4544-a5af-16728f382220 200 in 128ms (next.js: 13ms, proxy.ts: 8ms, application-code: 108ms)
 GET /reports?notice=Report+created.+Reveal+its+URL+within+the+next+five+minutes.&reveal=report-url&revealId=5a0aed85-07b0-41ab-b054-53fc1199de69 200 in 93ms (next.js: 3ms, proxy.ts: 1.8ms, application-code: 88ms)
 POST /reports?notice=Report%20created.%20Reveal%20its%20URL%20within%20the%20next%20five%20minutes.&reveal=report-url&revealId=09a65fdb-911a-4bf4-acfe-0b6268e06a01 200 in 145ms (next.js: 7ms, proxy.ts: 5ms, application-code: 133ms)
  └─ ƒ createShareLink({}) in 31ms src/app/actions.ts
 POST /api/secret-revelation 200 in 38ms (next.js: 4ms, proxy.ts: 8ms, application-code: 26ms)
 GET /r/[REDACTED]?edition=afa27da8-f674-4c10-84dc-2f8dd9d7cb98 200 in 117ms (next.js: 6ms, proxy.ts: 4ms, application-code: 108ms)
 GET /r/[REDACTED]/csv?edition=afa27da8-f674-4c10-84dc-2f8dd9d7cb98 200 in 28ms (next.js: 6ms, proxy.ts: 2ms, application-code: 19ms)
 GET /r/[REDACTED]/pdf?edition=afa27da8-f674-4c10-84dc-2f8dd9d7cb98 200 in 107ms (next.js: 8ms, proxy.ts: 5ms, application-code: 94ms)
 GET /reports?notice=Report+created.+Reveal+its+URL+within+the+next+five+minutes.&reveal=report-url&revealId=06d3c064-72fa-4f2b-9adf-d45a86f46f44 200 in 96ms (next.js: 3ms, proxy.ts: 2ms, application-code: 91ms)
 POST /reports?notice=Report%20created.%20Reveal%20its%20URL%20within%20the%20next%20five%20minutes.&reveal=report-url&revealId=5a0aed85-07b0-41ab-b054-53fc1199de69 200 in 131ms (next.js: 3ms, proxy.ts: 7ms, application-code: 121ms)
  └─ ƒ createShareLink({}) in 16ms src/app/actions.ts
 POST /api/secret-revelation 200 in 27ms (next.js: 3ms, proxy.ts: 8ms, application-code: 16ms)
 GET /r/[REDACTED]?edition=14cc9533-50a3-4758-8088-c43191c37848 200 in 107ms (next.js: 5ms, proxy.ts: 3ms, application-code: 99ms)
 GET /r/[REDACTED]/csv?edition=14cc9533-50a3-4758-8088-c43191c37848 200 in 15ms (next.js: 4ms, proxy.ts: 2ms, application-code: 9ms)
 GET /r/[REDACTED]/pdf?edition=14cc9533-50a3-4758-8088-c43191c37848 200 in 76ms (next.js: 3ms, proxy.ts: 2ms, application-code: 71ms)
 GET /r/[REDACTED]?edition=f98e0e68-0729-48d1-8e5d-4d31288ca692 200 in 105ms (next.js: 3ms, proxy.ts: 3ms, application-code: 99ms)
 GET /r/[REDACTED]/csv?edition=f98e0e68-0729-48d1-8e5d-4d31288ca692 200 in 18ms (next.js: 3ms, proxy.ts: 5ms, application-code: 10ms)
 GET /r/[REDACTED]/pdf?edition=f98e0e68-0729-48d1-8e5d-4d31288ca692 200 in 245ms (next.js: 2ms, proxy.ts: 3ms, application-code: 240ms)
 GET /reports?notice=Revision+published.+Previous+editions+remain+unchanged.&reveal=report-url&revealId=07696e40-3edc-4771-bf31-01e6f0cd83f7 200 in 97ms (next.js: 7ms, proxy.ts: 5ms, application-code: 85ms)
 POST /reports?notice=Report%20created.%20Reveal%20its%20URL%20within%20the%20next%20five%20minutes.&reveal=report-url&revealId=06d3c064-72fa-4f2b-9adf-d45a86f46f44 200 in 133ms (next.js: 4ms, proxy.ts: 4ms, application-code: 125ms)
  └─ ƒ reviseReportEdition({}) in 22ms src/app/actions.ts
 POST /api/secret-revelation 200 in 17ms (next.js: 1.3ms, proxy.ts: 3ms, application-code: 13ms)
 GET /r/[REDACTED]?edition=cdd61fe4-03d2-4ed0-9182-8a53f9b6a6c3 200 in 80ms (next.js: 5ms, proxy.ts: 2ms, application-code: 73ms)
 GET /r/[REDACTED]/csv?edition=cdd61fe4-03d2-4ed0-9182-8a53f9b6a6c3 200 in 15ms (next.js: 4ms, proxy.ts: 2ms, application-code: 9ms)
 GET /reports?error=Les+donn%C3%A9es+compl%C3%A8tes+de+cette+p%C3%A9riode+ne+sont+pas+disponibles.+Actualisez+l%E2%80%99historique+du+compte+avant+de+publier+ce+bilan. 200 in 184ms (next.js: 3ms, proxy.ts: 4ms, application-code: 177ms)
 POST /reports?notice=Revision%20published.%20Previous%20editions%20remain%20unchanged.&reveal=report-url&revealId=07696e40-3edc-4771-bf31-01e6f0cd83f7 200 in 263ms (next.js: 3ms, proxy.ts: 5ms, application-code: 255ms)
  └─ ƒ createShareLink({}) in 43ms src/app/actions.ts
 GET /r/[REDACTED]?edition=f98e0e68-0729-48d1-8e5d-4d31288ca692 200 in 104ms (next.js: 6ms, proxy.ts: 3ms, application-code: 95ms)
 GET /r/[REDACTED]/pdf?edition=f98e0e68-0729-48d1-8e5d-4d31288ca692 429 in 13ms (next.js: 4ms, proxy.ts: 2ms, application-code: 6ms)
 GET /r/[REDACTED]/csv?edition=f98e0e68-0729-48d1-8e5d-4d31288ca692 404 in 24ms (next.js: 12ms, proxy.ts: 3ms, application-code: 9ms)
 GET /reports 200 in 152ms (next.js: 3ms, proxy.ts: 4ms, application-code: 146ms)
  ✓  2 [chromium] › e2e/report-editions-local.spec.ts:16:53 › published report editions › creates every period and preserves HTML PDF CSV through revision in en (8.7s)
 GET /reports 200 in 163ms (next.js: 3ms, proxy.ts: 14ms, application-code: 146ms)
 GET /api/auth/get-session 200 in 31ms (next.js: 13ms, proxy.ts: 4ms, application-code: 14ms)
 GET /api/auth/organization/list 200 in 32ms (next.js: 5ms, proxy.ts: 6ms, application-code: 21ms)
 GET /reports?notice=Mod%C3%A8le+de+rapport+cr%C3%A9%C3%A9. 200 in 94ms (next.js: 6ms, proxy.ts: 3ms, application-code: 84ms)
 POST /reports 200 in 116ms (next.js: 1.9ms, proxy.ts: 3ms, application-code: 111ms)
  └─ ƒ createReportTemplate({}) in 10ms src/app/actions.ts
 GET /reports?notice=Nouvelle+version+du+mod%C3%A8le+enregistr%C3%A9e. 200 in 108ms (next.js: 3ms, proxy.ts: 5ms, application-code: 100ms)
 POST /reports?notice=Mod%C3%A8le%20de%20rapport%20cr%C3%A9%C3%A9. 200 in 140ms (next.js: 3ms, proxy.ts: 10ms, application-code: 127ms)
  └─ ƒ updateReportTemplate({}) in 12ms src/app/actions.ts
 GET /reports?notice=Envoi+planifi%C3%A9+cr%C3%A9%C3%A9. 200 in 100ms (next.js: 1.9ms, proxy.ts: 3ms, application-code: 95ms)
 POST /reports?notice=Nouvelle%20version%20du%20mod%C3%A8le%20enregistr%C3%A9e. 200 in 161ms (next.js: 10ms, proxy.ts: 4ms, application-code: 147ms)
  └─ ƒ createReportSchedule({}) in 32ms src/app/actions.ts
 GET /reports?notice=Token+du+rapport+planifi%C3%A9+renouvel%C3%A9.+L%E2%80%99ancien+lien+est+imm%C3%A9diatement+invalide. 200 in 91ms (next.js: 2ms, proxy.ts: 3ms, application-code: 86ms)
 POST /reports?notice=Envoi%20planifi%C3%A9%20cr%C3%A9%C3%A9. 200 in 121ms (next.js: 8ms, proxy.ts: 3ms, application-code: 110ms)
  └─ ƒ rotateScheduledReportToken({}) in 11ms src/app/actions.ts
 GET /reports?notice=Envoi+planifi%C3%A9+suspendu+et+lien+r%C3%A9voqu%C3%A9. 200 in 74ms (next.js: 2ms, proxy.ts: 1.9ms, application-code: 69ms)
 POST /reports?notice=Token%20du%20rapport%20planifi%C3%A9%20renouvel%C3%A9.%20L%E2%80%99ancien%20lien%20est%20imm%C3%A9diatement%20invalide. 200 in 98ms (next.js: 3ms, proxy.ts: 3ms, application-code: 92ms)
  └─ ƒ toggleReportSchedule({}) in 9ms src/app/actions.ts
 GET /reports?notice=Envoi+planifi%C3%A9+activ%C3%A9. 200 in 76ms (next.js: 1.9ms, proxy.ts: 3ms, application-code: 71ms)
 POST /reports?notice=Envoi%20planifi%C3%A9%20suspendu%20et%20lien%20r%C3%A9voqu%C3%A9. 200 in 108ms (next.js: 1.9ms, proxy.ts: 3ms, application-code: 104ms)
  └─ ƒ toggleReportSchedule({}) in 21ms src/app/actions.ts
 GET /reports?notice=Mod%C3%A8le+d%C3%A9sactiv%C3%A9.+Les+rapports+existants+conservent+leur+snapshot. 200 in 72ms (next.js: 1.5ms, proxy.ts: 2ms, application-code: 68ms)
 POST /reports?notice=Envoi%20planifi%C3%A9%20activ%C3%A9. 200 in 89ms (next.js: 2ms, proxy.ts: 3ms, application-code: 84ms)
  └─ ƒ deactivateReportTemplate({}) in 6ms src/app/actions.ts
 GET /reports?error=Permission+required%3A+reports%3Amanage 200 in 42ms (next.js: 1.8ms, proxy.ts: 2ms, application-code: 38ms)
 POST /reports?notice=Mod%C3%A8le%20d%C3%A9sactiv%C3%A9.%20Les%20rapports%20existants%20conservent%20leur%20snapshot. 200 in 58ms (next.js: 1.9ms, proxy.ts: 2ms, application-code: 54ms)
  └─ ƒ createReportTemplate({}) in 5ms src/app/actions.ts
 GET /support?error=Vous+n%E2%80%99avez+plus+acc%C3%A8s+%C3%A0+cette+page.+Choisissez+une+rubrique+disponible+ou+contactez+un+administrateur. 200 in 68ms (next.js: 3ms, proxy.ts: 2ms, application-code: 62ms)
 GET /support?error=Vous+n%E2%80%99avez+plus+acc%C3%A8s+%C3%A0+cette+page.+Choisissez+une+rubrique+disponible+ou+contactez+un+administrateur. 200 in 56ms (next.js: 11ms, proxy.ts: 6ms, application-code: 39ms)
  ✓  3 [chromium] › e2e/report-management-actors-local.spec.ts:6:7 › analyst manages templates and schedules and loses write access in fr (2.3s)
 GET /reports 200 in 134ms (next.js: 1.7ms, proxy.ts: 2ms, application-code: 131ms)
 GET /api/auth/get-session 200 in 22ms (next.js: 5ms, proxy.ts: 3ms, application-code: 14ms)
 GET /api/auth/organization/list 200 in 24ms (next.js: 11ms, proxy.ts: 3ms, application-code: 11ms)
 GET /reports?notice=Mod%C3%A8le+de+rapport+cr%C3%A9%C3%A9. 200 in 84ms (next.js: 2ms, proxy.ts: 4ms, application-code: 78ms)
 POST /reports 200 in 105ms (next.js: 4ms, proxy.ts: 3ms, application-code: 99ms)
  └─ ƒ createReportTemplate({}) in 8ms src/app/actions.ts
 GET /reports?notice=Nouvelle+version+du+mod%C3%A8le+enregistr%C3%A9e. 200 in 74ms (next.js: 2ms, proxy.ts: 1.7ms, application-code: 70ms)
 POST /reports?notice=Mod%C3%A8le%20de%20rapport%20cr%C3%A9%C3%A9. 200 in 93ms (next.js: 1.9ms, proxy.ts: 2ms, application-code: 89ms)
  └─ ƒ updateReportTemplate({}) in 9ms src/app/actions.ts
 GET /reports?notice=Envoi+planifi%C3%A9+cr%C3%A9%C3%A9. 200 in 73ms (next.js: 2ms, proxy.ts: 2ms, application-code: 68ms)
 POST /reports?notice=Nouvelle%20version%20du%20mod%C3%A8le%20enregistr%C3%A9e. 200 in 94ms (next.js: 2ms, proxy.ts: 2ms, application-code: 89ms)
  └─ ƒ createReportSchedule({}) in 11ms src/app/actions.ts
 GET /reports?notice=Token+du+rapport+planifi%C3%A9+renouvel%C3%A9.+L%E2%80%99ancien+lien+est+imm%C3%A9diatement+invalide. 200 in 71ms (next.js: 1.8ms, proxy.ts: 2ms, application-code: 67ms)
 POST /reports?notice=Envoi%20planifi%C3%A9%20cr%C3%A9%C3%A9. 200 in 89ms (next.js: 1.7ms, proxy.ts: 2ms, application-code: 85ms)
  └─ ƒ rotateScheduledReportToken({}) in 9ms src/app/actions.ts
 GET /reports?notice=Envoi+planifi%C3%A9+suspendu+et+lien+r%C3%A9voqu%C3%A9. 200 in 64ms (next.js: 1.8ms, proxy.ts: 1.8ms, application-code: 60ms)
 POST /reports?notice=Token%20du%20rapport%20planifi%C3%A9%20renouvel%C3%A9.%20L%E2%80%99ancien%20lien%20est%20imm%C3%A9diatement%20invalide. 200 in 82ms (next.js: 2ms, proxy.ts: 3ms, application-code: 77ms)
  └─ ƒ toggleReportSchedule({}) in 8ms src/app/actions.ts
 GET /reports?notice=Envoi+planifi%C3%A9+activ%C3%A9. 200 in 79ms (next.js: 1.7ms, proxy.ts: 1.8ms, application-code: 75ms)
 POST /reports?notice=Envoi%20planifi%C3%A9%20suspendu%20et%20lien%20r%C3%A9voqu%C3%A9. 200 in 97ms (next.js: 2ms, proxy.ts: 3ms, application-code: 92ms)
  └─ ƒ toggleReportSchedule({}) in 9ms src/app/actions.ts
 GET /reports?notice=Mod%C3%A8le+d%C3%A9sactiv%C3%A9.+Les+rapports+existants+conservent+leur+snapshot. 200 in 64ms (next.js: 2ms, proxy.ts: 3ms, application-code: 59ms)
 POST /reports?notice=Envoi%20planifi%C3%A9%20activ%C3%A9. 200 in 92ms (next.js: 1.8ms, proxy.ts: 2ms, application-code: 88ms)
  └─ ƒ deactivateReportTemplate({}) in 16ms src/app/actions.ts
 GET /reports?error=Permission+required%3A+reports%3Amanage 200 in 47ms (next.js: 1.6ms, proxy.ts: 1.7ms, application-code: 44ms)
 POST /reports?notice=Mod%C3%A8le%20d%C3%A9sactiv%C3%A9.%20Les%20rapports%20existants%20conservent%20leur%20snapshot. 200 in 61ms (next.js: 1.8ms, proxy.ts: 2ms, application-code: 57ms)
  └─ ƒ createReportTemplate({}) in 5ms src/app/actions.ts
 GET /support?error=You+no+longer+have+access+to+this+page.+Choose+an+available+section+or+contact+an+administrator. 200 in 69ms (next.js: 2ms, proxy.ts: 2ms, application-code: 64ms)
 GET /support?error=You+no+longer+have+access+to+this+page.+Choose+an+available+section+or+contact+an+administrator. 200 in 54ms (next.js: 4ms, proxy.ts: 6ms, application-code: 44ms)
  ✓  4 [chromium] › e2e/report-management-actors-local.spec.ts:6:7 › analyst manages templates and schedules and loses write access in en (2.2s)

  4 passed (24.9s)
{"ok":true,"cleaned":"local-browser-fixtures"}
[?25h
