
> @yodev/ads@0.1.0 test:e2e:local
> node scripts/verify-local-browser.mjs e2e/secret-revelation-local.spec.ts e2e/security-actors-local.spec.ts e2e/report-editions-local.spec.ts

{"ok":true,"fixtureRoles":["owner","admin","strategist","analyst","client"],"foreignExportId":"80000000-0000-4000-8000-000000000003"}

> @yodev/ads@0.1.0 dev
> next dev --hostname 127.0.0.1 --port 3017

▲ Next.js 16.3.0 (Turbopack)
- Local:         http://127.0.0.1:3017
- Network:       http://127.0.0.1:3017
- Environments: .env.local
✓ Ready in 256ms
✓ Running next.config.ts took 416ms
- Experiments (use with caution):
  · clientTraceMetadata

 GET /sign-in 200 in 2.0s (next.js: 1498ms, proxy.ts: 130ms, application-code: 386ms)
 GET /sign-in 200 in 2.0s (next.js: 1503ms, proxy.ts: 121ms, application-code: 386ms)
 GET /icon?a62dacc6b033a714 200 in 210ms (next.js: 76ms, proxy.ts: 8ms, application-code: 125ms)
 POST /api/auth/sign-in/email 200 in 944ms (next.js: 774ms, proxy.ts: 3ms, application-code: 168ms)
 POST /api/auth/sign-in/email 200 in 85ms (next.js: 3ms, proxy.ts: 3ms, application-code: 79ms)
 POST /api/auth/sign-in/email 200 in 82ms (next.js: 3ms, proxy.ts: 2ms, application-code: 77ms)
 POST /api/auth/sign-in/email 200 in 78ms (next.js: 2ms, proxy.ts: 3ms, application-code: 73ms)
 POST /api/auth/sign-in/email 200 in 77ms (next.js: 1.9ms, proxy.ts: 2ms, application-code: 73ms)
 GET /dashboard 200 in 526ms (next.js: 229ms, proxy.ts: 3ms, application-code: 294ms)
 GET /settings 200 in 287ms (next.js: 33ms, proxy.ts: 3ms, application-code: 252ms)
 GET /billing 200 in 167ms (next.js: 13ms, proxy.ts: 2ms, application-code: 152ms)
 GET /support 200 in 139ms (next.js: 13ms, proxy.ts: 1.8ms, application-code: 124ms)
 GET /accounts 200 in 121ms (next.js: 12ms, proxy.ts: 2ms, application-code: 107ms)
 GET /history 200 in 138ms (next.js: 16ms, proxy.ts: 1.8ms, application-code: 120ms)
 GET /alerts 200 in 151ms (next.js: 20ms, proxy.ts: 1.8ms, application-code: 130ms)
 GET /tasks 200 in 146ms (next.js: 20ms, proxy.ts: 2ms, application-code: 124ms)
 GET /approvals 200 in 133ms (next.js: 23ms, proxy.ts: 2ms, application-code: 108ms)
 GET /reports 200 in 199ms (next.js: 19ms, proxy.ts: 2ms, application-code: 177ms)
 GET /audit 200 in 129ms (next.js: 19ms, proxy.ts: 2ms, application-code: 108ms)
 GET /agents 200 in 188ms (next.js: 18ms, proxy.ts: 1.8ms, application-code: 168ms)
 GET / 200 in 102ms (next.js: 22ms, proxy.ts: 2ms, application-code: 78ms)
 GET /privacy 200 in 52ms (next.js: 13ms, proxy.ts: 1.9ms, application-code: 38ms)
 GET /terms 200 in 54ms (next.js: 12ms, proxy.ts: 1.8ms, application-code: 40ms)
 GET /subprocessors 200 in 99ms (next.js: 41ms, proxy.ts: 3ms, application-code: 56ms)
 GET /status 200 in 98ms (next.js: 32ms, proxy.ts: 1.9ms, application-code: 64ms)
 GET /sign-in 200 in 33ms (next.js: 4ms, proxy.ts: 2.0ms, application-code: 27ms)
 GET /sign-up 200 in 318ms (next.js: 287ms, proxy.ts: 1.7ms, application-code: 29ms)
Local browser states ready in /var/folders/9h/sbxl7zl90j9_wc743xft5j8h0000gn/T/yodev-ads-browser-2H6Bfd

Running 6 tests using 1 worker

(node:84132) Warning: The 'NO_COLOR' env is ignored due to the 'FORCE_COLOR' env being set.
(Use `node --trace-warnings ...` to show where the warning was created)
 GET /reports 200 in 149ms (next.js: 2ms, proxy.ts: 2.0ms, application-code: 145ms)
 GET /api/auth/get-session 200 in 26ms (next.js: 8ms, proxy.ts: 3ms, application-code: 15ms)
 GET /api/auth/organization/list 200 in 29ms (next.js: 10ms, proxy.ts: 5ms, application-code: 14ms)
 POST /reports 200 in 83ms (next.js: 2ms, proxy.ts: 4ms, application-code: 77ms)
  └─ ƒ setCookieConsent({}) in 2ms src/app/preferences-actions.ts
 GET /reports?notice=Rapport+cr%C3%A9%C3%A9.+R%C3%A9v%C3%A9lez+son+URL+dans+les+cinq+prochaines+minutes.&reveal=report-url&revealId=7750b7ae-9956-461f-af36-f54b77efcf65 200 in 83ms (next.js: 2.0ms, proxy.ts: 3ms, application-code: 79ms)
 POST /reports 200 in 122ms (next.js: 1.8ms, proxy.ts: 3ms, application-code: 117ms)
  └─ ƒ createShareLink({}) in 25ms src/app/actions.ts
 POST /api/secret-revelation 200 in 165ms (next.js: 131ms, proxy.ts: 3ms, application-code: 31ms)
 GET /r/[REDACTED]?edition=3144da91-8f4a-478c-b35e-74bb8c4278a8 200 in 782ms (next.js: 667ms, proxy.ts: 2ms, application-code: 113ms)
 GET /r/[REDACTED]/csv?edition=3144da91-8f4a-478c-b35e-74bb8c4278a8 200 in 642ms (next.js: 623ms, proxy.ts: 4ms, application-code: 15ms)
 GET /r/[REDACTED]/pdf?edition=3144da91-8f4a-478c-b35e-74bb8c4278a8 200 in 986ms (next.js: 730ms, proxy.ts: 1.5ms, application-code: 254ms)
 GET /r/[REDACTED]?error=L%E2%80%99envoi+de+codes+email+n%E2%80%99est+pas+configur%C3%A9.&edition=3144da91-8f4a-478c-b35e-74bb8c4278a8 200 in 52ms (next.js: 2ms, proxy.ts: 2ms, application-code: 48ms)
 POST /r/[REDACTED]?edition=3144da91-8f4a-478c-b35e-74bb8c4278a8 200 in 79ms (next.js: 4ms, proxy.ts: 3ms, application-code: 71ms)
  └─ ƒ requestReportFeedbackOtp({}) in 11ms src/app/actions.ts
 GET /r/[REDACTED]?edition=3144da91-8f4a-478c-b35e-74bb8c4278a8&otp=1 200 in 80ms (next.js: 2ms, proxy.ts: 2ms, application-code: 76ms)
 GET /r/[REDACTED]?error=Demandez+un+nouveau+code.&otp=1&edition=3144da91-8f4a-478c-b35e-74bb8c4278a8 200 in 53ms (next.js: 2ms, proxy.ts: 2ms, application-code: 49ms)
 POST /r/[REDACTED]?edition=3144da91-8f4a-478c-b35e-74bb8c4278a8&otp=1 200 in 74ms (next.js: 4ms, proxy.ts: 4ms, application-code: 66ms)
  └─ ƒ verifyReportFeedbackOtp({}) in 6ms src/app/actions.ts
 GET /reports?notice=Rapport+cr%C3%A9%C3%A9.+R%C3%A9v%C3%A9lez+son+URL+dans+les+cinq+prochaines+minutes.&reveal=report-url&revealId=a3d379ca-cf72-442a-b1f8-029f212b3e6b 200 in 82ms (next.js: 3ms, proxy.ts: 2ms, application-code: 77ms)
 POST /reports?notice=Rapport%20cr%C3%A9%C3%A9.%20R%C3%A9v%C3%A9lez%20son%20URL%20dans%20les%20cinq%20prochaines%20minutes.&reveal=report-url&revealId=7750b7ae-9956-461f-af36-f54b77efcf65 200 in 132ms (next.js: 3ms, proxy.ts: 3ms, application-code: 126ms)
  └─ ƒ createShareLink({}) in 37ms src/app/actions.ts
 POST /api/secret-revelation 200 in 19ms (next.js: 1.2ms, proxy.ts: 3ms, application-code: 15ms)
 GET /r/[REDACTED]?edition=9992c802-7e72-43aa-af6e-318f68ab17c9 200 in 85ms (next.js: 5ms, proxy.ts: 2.0ms, application-code: 78ms)
 GET /r/[REDACTED]/csv?edition=9992c802-7e72-43aa-af6e-318f68ab17c9 200 in 18ms (next.js: 3ms, proxy.ts: 2ms, application-code: 13ms)
 GET /r/[REDACTED]/pdf?edition=9992c802-7e72-43aa-af6e-318f68ab17c9 200 in 85ms (next.js: 3ms, proxy.ts: 1.7ms, application-code: 80ms)
 GET /reports?notice=Rapport+cr%C3%A9%C3%A9.+R%C3%A9v%C3%A9lez+son+URL+dans+les+cinq+prochaines+minutes.&reveal=report-url&revealId=76fd8ef2-b647-4812-8d99-122af4cc312d 200 in 75ms (next.js: 3ms, proxy.ts: 2ms, application-code: 70ms)
 POST /reports?notice=Rapport%20cr%C3%A9%C3%A9.%20R%C3%A9v%C3%A9lez%20son%20URL%20dans%20les%20cinq%20prochaines%20minutes.&reveal=report-url&revealId=a3d379ca-cf72-442a-b1f8-029f212b3e6b 200 in 115ms (next.js: 3ms, proxy.ts: 4ms, application-code: 109ms)
  └─ ƒ createShareLink({}) in 25ms src/app/actions.ts
 POST /api/secret-revelation 200 in 30ms (next.js: 3ms, proxy.ts: 5ms, application-code: 21ms)
 GET /r/[REDACTED]?edition=b507b99f-b21f-4436-acfe-951cb24564ec 200 in 165ms (next.js: 21ms, proxy.ts: 5ms, application-code: 138ms)
 GET /r/[REDACTED]/csv?edition=b507b99f-b21f-4436-acfe-951cb24564ec 200 in 21ms (next.js: 4ms, proxy.ts: 3ms, application-code: 14ms)
 GET /r/[REDACTED]/pdf?edition=b507b99f-b21f-4436-acfe-951cb24564ec 200 in 82ms (next.js: 3ms, proxy.ts: 3ms, application-code: 76ms)
 GET /reports?notice=Rapport+cr%C3%A9%C3%A9.+R%C3%A9v%C3%A9lez+son+URL+dans+les+cinq+prochaines+minutes.&reveal=report-url&revealId=7dea75fd-f24a-4cf8-8cd3-9e63b55234ce 200 in 80ms (next.js: 1.7ms, proxy.ts: 2ms, application-code: 76ms)
 POST /reports?notice=Rapport%20cr%C3%A9%C3%A9.%20R%C3%A9v%C3%A9lez%20son%20URL%20dans%20les%20cinq%20prochaines%20minutes.&reveal=report-url&revealId=76fd8ef2-b647-4812-8d99-122af4cc312d 200 in 108ms (next.js: 2ms, proxy.ts: 3ms, application-code: 103ms)
  └─ ƒ createShareLink({}) in 17ms src/app/actions.ts
 POST /api/secret-revelation 200 in 19ms (next.js: 3ms, proxy.ts: 3ms, application-code: 14ms)
 GET /r/[REDACTED]?edition=89fb067a-08fd-4091-aeb3-343baf52a0fb 200 in 81ms (next.js: 4ms, proxy.ts: 4ms, application-code: 73ms)
 GET /r/[REDACTED]/csv?edition=89fb067a-08fd-4091-aeb3-343baf52a0fb 200 in 16ms (next.js: 5ms, proxy.ts: 2ms, application-code: 9ms)
 GET /r/[REDACTED]/pdf?edition=89fb067a-08fd-4091-aeb3-343baf52a0fb 200 in 91ms (next.js: 4ms, proxy.ts: 3ms, application-code: 84ms)
 GET /reports?notice=Rapport+cr%C3%A9%C3%A9.+R%C3%A9v%C3%A9lez+son+URL+dans+les+cinq+prochaines+minutes.&reveal=report-url&revealId=a9183226-2b5e-40d7-9961-be13b10efe4f 200 in 78ms (next.js: 3ms, proxy.ts: 4ms, application-code: 71ms)
 POST /reports?notice=Rapport%20cr%C3%A9%C3%A9.%20R%C3%A9v%C3%A9lez%20son%20URL%20dans%20les%20cinq%20prochaines%20minutes.&reveal=report-url&revealId=7dea75fd-f24a-4cf8-8cd3-9e63b55234ce 200 in 129ms (next.js: 3ms, proxy.ts: 4ms, application-code: 122ms)
  └─ ƒ createShareLink({}) in 34ms src/app/actions.ts
 POST /api/secret-revelation 200 in 20ms (next.js: 1.8ms, proxy.ts: 3ms, application-code: 15ms)
 GET /r/[REDACTED]?edition=9db2fb65-9d9a-421b-bd31-caeb8e359254 200 in 122ms (next.js: 3ms, proxy.ts: 3ms, application-code: 116ms)
 GET /r/[REDACTED]/csv?edition=9db2fb65-9d9a-421b-bd31-caeb8e359254 200 in 20ms (next.js: 5ms, proxy.ts: 3ms, application-code: 13ms)
 GET /r/[REDACTED]/pdf?edition=9db2fb65-9d9a-421b-bd31-caeb8e359254 200 in 79ms (next.js: 4ms, proxy.ts: 3ms, application-code: 72ms)
 GET /r/[REDACTED]?edition=3144da91-8f4a-478c-b35e-74bb8c4278a8 200 in 89ms (next.js: 5ms, proxy.ts: 2.0ms, application-code: 82ms)
 GET /r/[REDACTED]/csv?edition=3144da91-8f4a-478c-b35e-74bb8c4278a8 200 in 16ms (next.js: 1.8ms, proxy.ts: 5ms, application-code: 10ms)
 GET /r/[REDACTED]/pdf?edition=3144da91-8f4a-478c-b35e-74bb8c4278a8 200 in 219ms (next.js: 3ms, proxy.ts: 1.6ms, application-code: 215ms)
 GET /reports?notice=R%C3%A9vision+publi%C3%A9e.+Les+%C3%A9ditions+pr%C3%A9c%C3%A9dentes+restent+inchang%C3%A9es.&reveal=report-url&revealId=e0fbd7c3-0f05-47a5-8de2-834fd80438cf 200 in 80ms (next.js: 2ms, proxy.ts: 3ms, application-code: 75ms)
 POST /reports?notice=Rapport%20cr%C3%A9%C3%A9.%20R%C3%A9v%C3%A9lez%20son%20URL%20dans%20les%20cinq%20prochaines%20minutes.&reveal=report-url&revealId=a9183226-2b5e-40d7-9961-be13b10efe4f 200 in 122ms (next.js: 3ms, proxy.ts: 5ms, application-code: 113ms)
  └─ ƒ reviseReportEdition({}) in 24ms src/app/actions.ts
 POST /api/secret-revelation 200 in 24ms (next.js: 3ms, proxy.ts: 5ms, application-code: 16ms)
 GET /r/[REDACTED]?edition=5c2aa80a-ab6c-4089-91cf-249ade0c5d86 200 in 94ms (next.js: 4ms, proxy.ts: 2ms, application-code: 89ms)
 GET /r/[REDACTED]/csv?edition=5c2aa80a-ab6c-4089-91cf-249ade0c5d86 200 in 17ms (next.js: 3ms, proxy.ts: 3ms, application-code: 10ms)
 GET /reports?error=Les+donn%C3%A9es+compl%C3%A8tes+de+cette+p%C3%A9riode+ne+sont+pas+disponibles.+Actualisez+l%E2%80%99historique+du+compte+avant+de+publier+ce+bilan. 200 in 153ms (next.js: 3ms, proxy.ts: 4ms, application-code: 145ms)
 POST /reports?notice=R%C3%A9vision%20publi%C3%A9e.%20Les%20%C3%A9ditions%20pr%C3%A9c%C3%A9dentes%20restent%20inchang%C3%A9es.&reveal=report-url&revealId=e0fbd7c3-0f05-47a5-8de2-834fd80438cf 200 in 188ms (next.js: 4ms, proxy.ts: 5ms, application-code: 179ms)
  └─ ƒ createShareLink({}) in 15ms src/app/actions.ts
 GET /r/[REDACTED]?edition=3144da91-8f4a-478c-b35e-74bb8c4278a8 200 in 121ms (next.js: 7ms, proxy.ts: 9ms, application-code: 105ms)
 GET /r/[REDACTED]/pdf?edition=3144da91-8f4a-478c-b35e-74bb8c4278a8 429 in 14ms (next.js: 4ms, proxy.ts: 4ms, application-code: 6ms)
 GET /r/[REDACTED]/csv?edition=3144da91-8f4a-478c-b35e-74bb8c4278a8 404 in 10ms (next.js: 3ms, proxy.ts: 1.8ms, application-code: 5ms)
 GET /reports 200 in 163ms (next.js: 2ms, proxy.ts: 4ms, application-code: 157ms)
  ✓  1 [chromium] › e2e/report-editions-local.spec.ts:16:53 › published report editions › creates every period and preserves HTML PDF CSV through revision in fr (9.9s)
 GET /reports 200 in 168ms (next.js: 3ms, proxy.ts: 3ms, application-code: 162ms)
 GET /api/auth/get-session 200 in 23ms (next.js: 6ms, proxy.ts: 3ms, application-code: 14ms)
 GET /api/auth/organization/list 200 in 25ms (next.js: 10ms, proxy.ts: 3ms, application-code: 12ms)
 POST /reports 200 in 75ms (next.js: 2ms, proxy.ts: 2ms, application-code: 71ms)
  └─ ƒ setCookieConsent({}) in 2ms src/app/preferences-actions.ts
 GET /reports?notice=Report+created.+Reveal+its+URL+within+the+next+five+minutes.&reveal=report-url&revealId=f81f7438-7791-4726-bbf1-53b6812b6359 200 in 73ms (next.js: 1.8ms, proxy.ts: 2ms, application-code: 69ms)
 POST /reports 200 in 103ms (next.js: 2ms, proxy.ts: 3ms, application-code: 97ms)
  └─ ƒ createShareLink({}) in 18ms src/app/actions.ts
 POST /api/secret-revelation 200 in 18ms (next.js: 1.5ms, proxy.ts: 3ms, application-code: 13ms)
 GET /r/[REDACTED]?edition=41ac76dd-5bd7-4c5b-bcbf-3c0e71f6f479 200 in 85ms (next.js: 5ms, proxy.ts: 2.0ms, application-code: 78ms)
 GET /r/[REDACTED]/csv?edition=41ac76dd-5bd7-4c5b-bcbf-3c0e71f6f479 200 in 16ms (next.js: 4ms, proxy.ts: 2ms, application-code: 10ms)
 GET /r/[REDACTED]/pdf?edition=41ac76dd-5bd7-4c5b-bcbf-3c0e71f6f479 200 in 189ms (next.js: 3ms, proxy.ts: 1.7ms, application-code: 184ms)
 GET /r/[REDACTED]?error=Email+code+delivery+is+not+configured.&edition=41ac76dd-5bd7-4c5b-bcbf-3c0e71f6f479 200 in 62ms (next.js: 4ms, proxy.ts: 2ms, application-code: 55ms)
 POST /r/[REDACTED]?edition=41ac76dd-5bd7-4c5b-bcbf-3c0e71f6f479 200 in 105ms (next.js: 3ms, proxy.ts: 5ms, application-code: 97ms)
  └─ ƒ requestReportFeedbackOtp({}) in 29ms src/app/actions.ts
 GET /r/[REDACTED]?edition=41ac76dd-5bd7-4c5b-bcbf-3c0e71f6f479&otp=1 200 in 101ms (next.js: 6ms, proxy.ts: 4ms, application-code: 90ms)
 GET /r/[REDACTED]?error=Request+a+new+code.&otp=1&edition=41ac76dd-5bd7-4c5b-bcbf-3c0e71f6f479 200 in 58ms (next.js: 3ms, proxy.ts: 3ms, application-code: 53ms)
 POST /r/[REDACTED]?edition=41ac76dd-5bd7-4c5b-bcbf-3c0e71f6f479&otp=1 200 in 77ms (next.js: 4ms, proxy.ts: 3ms, application-code: 70ms)
  └─ ƒ verifyReportFeedbackOtp({}) in 6ms src/app/actions.ts
 GET /reports?notice=Report+created.+Reveal+its+URL+within+the+next+five+minutes.&reveal=report-url&revealId=1a6aafb2-4618-4310-a5f9-ae952e0ff777 200 in 68ms (next.js: 2ms, proxy.ts: 2ms, application-code: 64ms)
 POST /reports?notice=Report%20created.%20Reveal%20its%20URL%20within%20the%20next%20five%20minutes.&reveal=report-url&revealId=f81f7438-7791-4726-bbf1-53b6812b6359 200 in 106ms (next.js: 3ms, proxy.ts: 6ms, application-code: 97ms)
  └─ ƒ createShareLink({}) in 23ms src/app/actions.ts
 POST /api/secret-revelation 200 in 20ms (next.js: 1.5ms, proxy.ts: 2ms, application-code: 16ms)
 GET /r/[REDACTED]?edition=aae6fb4d-3c41-48e4-b708-1c9a557437ff 200 in 83ms (next.js: 4ms, proxy.ts: 2ms, application-code: 77ms)
 GET /r/[REDACTED]/csv?edition=aae6fb4d-3c41-48e4-b708-1c9a557437ff 200 in 15ms (next.js: 3ms, proxy.ts: 1.9ms, application-code: 10ms)
 GET /r/[REDACTED]/pdf?edition=aae6fb4d-3c41-48e4-b708-1c9a557437ff 200 in 80ms (next.js: 4ms, proxy.ts: 1.9ms, application-code: 74ms)
 GET /reports?notice=Report+created.+Reveal+its+URL+within+the+next+five+minutes.&reveal=report-url&revealId=c6dd4078-99f4-4d1d-9b86-287ec35253f2 200 in 80ms (next.js: 3ms, proxy.ts: 2ms, application-code: 75ms)
 POST /reports?notice=Report%20created.%20Reveal%20its%20URL%20within%20the%20next%20five%20minutes.&reveal=report-url&revealId=1a6aafb2-4618-4310-a5f9-ae952e0ff777 200 in 130ms (next.js: 4ms, proxy.ts: 6ms, application-code: 120ms)
  └─ ƒ createShareLink({}) in 32ms src/app/actions.ts
 POST /api/secret-revelation 200 in 30ms (next.js: 1.8ms, proxy.ts: 3ms, application-code: 25ms)
 GET /r/[REDACTED]?edition=9777e546-93da-49dd-8652-3844090bdb3f 200 in 98ms (next.js: 5ms, proxy.ts: 4ms, application-code: 89ms)
 GET /r/[REDACTED]/csv?edition=9777e546-93da-49dd-8652-3844090bdb3f 200 in 22ms (next.js: 4ms, proxy.ts: 3ms, application-code: 14ms)
 GET /r/[REDACTED]/pdf?edition=9777e546-93da-49dd-8652-3844090bdb3f 200 in 74ms (next.js: 2ms, proxy.ts: 3ms, application-code: 69ms)
 GET /reports?notice=Report+created.+Reveal+its+URL+within+the+next+five+minutes.&reveal=report-url&revealId=59c23b62-2f49-46fa-8ad0-e890e87f6e85 200 in 75ms (next.js: 2ms, proxy.ts: 1.9ms, application-code: 71ms)
 POST /reports?notice=Report%20created.%20Reveal%20its%20URL%20within%20the%20next%20five%20minutes.&reveal=report-url&revealId=c6dd4078-99f4-4d1d-9b86-287ec35253f2 200 in 107ms (next.js: 3ms, proxy.ts: 2ms, application-code: 102ms)
  └─ ƒ createShareLink({}) in 20ms src/app/actions.ts
 POST /api/secret-revelation 200 in 19ms (next.js: 1.6ms, proxy.ts: 3ms, application-code: 14ms)
 GET /r/[REDACTED]?edition=c9b0d483-cb3e-4379-8c77-2fc8a64a5a1f 200 in 81ms (next.js: 4ms, proxy.ts: 3ms, application-code: 75ms)
 GET /r/[REDACTED]/csv?edition=c9b0d483-cb3e-4379-8c77-2fc8a64a5a1f 200 in 18ms (next.js: 4ms, proxy.ts: 4ms, application-code: 10ms)
 GET /r/[REDACTED]/pdf?edition=c9b0d483-cb3e-4379-8c77-2fc8a64a5a1f 200 in 85ms (next.js: 6ms, proxy.ts: 2ms, application-code: 78ms)
 GET /reports?notice=Report+created.+Reveal+its+URL+within+the+next+five+minutes.&reveal=report-url&revealId=ded840d2-d2c8-4294-b4b4-f512fdd55c0b 200 in 90ms (next.js: 1.9ms, proxy.ts: 2ms, application-code: 86ms)
 POST /reports?notice=Report%20created.%20Reveal%20its%20URL%20within%20the%20next%20five%20minutes.&reveal=report-url&revealId=59c23b62-2f49-46fa-8ad0-e890e87f6e85 200 in 130ms (next.js: 4ms, proxy.ts: 4ms, application-code: 122ms)
  └─ ƒ createShareLink({}) in 22ms src/app/actions.ts
 POST /api/secret-revelation 200 in 29ms (next.js: 3ms, proxy.ts: 3ms, application-code: 24ms)
 GET /r/[REDACTED]?edition=59340f26-7137-4f12-ab08-8e85439b34dd 200 in 108ms (next.js: 3ms, proxy.ts: 3ms, application-code: 102ms)
 GET /r/[REDACTED]/csv?edition=59340f26-7137-4f12-ab08-8e85439b34dd 200 in 17ms (next.js: 5ms, proxy.ts: 2ms, application-code: 9ms)
 GET /r/[REDACTED]/pdf?edition=59340f26-7137-4f12-ab08-8e85439b34dd 200 in 75ms (next.js: 5ms, proxy.ts: 1.8ms, application-code: 68ms)
 GET /r/[REDACTED]?edition=41ac76dd-5bd7-4c5b-bcbf-3c0e71f6f479 200 in 94ms (next.js: 5ms, proxy.ts: 3ms, application-code: 86ms)
 GET /r/[REDACTED]/csv?edition=41ac76dd-5bd7-4c5b-bcbf-3c0e71f6f479 200 in 17ms (next.js: 2ms, proxy.ts: 5ms, application-code: 9ms)
 GET /r/[REDACTED]/pdf?edition=41ac76dd-5bd7-4c5b-bcbf-3c0e71f6f479 200 in 207ms (next.js: 3ms, proxy.ts: 1.8ms, application-code: 202ms)
 GET /reports?notice=Revision+published.+Previous+editions+remain+unchanged.&reveal=report-url&revealId=a804227d-05f1-4cbb-8ca5-def40fd49752 200 in 94ms (next.js: 2ms, proxy.ts: 13ms, application-code: 78ms)
 POST /reports?notice=Report%20created.%20Reveal%20its%20URL%20within%20the%20next%20five%20minutes.&reveal=report-url&revealId=ded840d2-d2c8-4294-b4b4-f512fdd55c0b 200 in 127ms (next.js: 3ms, proxy.ts: 3ms, application-code: 121ms)
  └─ ƒ reviseReportEdition({}) in 21ms src/app/actions.ts
 POST /api/secret-revelation 200 in 22ms (next.js: 3ms, proxy.ts: 4ms, application-code: 15ms)
 GET /r/[REDACTED]?edition=4cc79031-1e73-4d1c-a707-417ebe20e5e3 200 in 90ms (next.js: 5ms, proxy.ts: 3ms, application-code: 82ms)
 GET /r/[REDACTED]/csv?edition=4cc79031-1e73-4d1c-a707-417ebe20e5e3 200 in 22ms (next.js: 5ms, proxy.ts: 2ms, application-code: 14ms)
 GET /reports?error=Les+donn%C3%A9es+compl%C3%A8tes+de+cette+p%C3%A9riode+ne+sont+pas+disponibles.+Actualisez+l%E2%80%99historique+du+compte+avant+de+publier+ce+bilan. 200 in 117ms (next.js: 4ms, proxy.ts: 3ms, application-code: 110ms)
 POST /reports?notice=Revision%20published.%20Previous%20editions%20remain%20unchanged.&reveal=report-url&revealId=a804227d-05f1-4cbb-8ca5-def40fd49752 200 in 148ms (next.js: 2ms, proxy.ts: 2ms, application-code: 144ms)
  └─ ƒ createShareLink({}) in 18ms src/app/actions.ts
 GET /r/[REDACTED]?edition=41ac76dd-5bd7-4c5b-bcbf-3c0e71f6f479 200 in 102ms (next.js: 6ms, proxy.ts: 2ms, application-code: 94ms)
 GET /r/[REDACTED]/pdf?edition=41ac76dd-5bd7-4c5b-bcbf-3c0e71f6f479 429 in 11ms (next.js: 4ms, proxy.ts: 2ms, application-code: 5ms)
 GET /r/[REDACTED]/csv?edition=41ac76dd-5bd7-4c5b-bcbf-3c0e71f6f479 404 in 10ms (next.js: 3ms, proxy.ts: 1.6ms, application-code: 5ms)
 GET /reports 200 in 144ms (next.js: 2ms, proxy.ts: 3ms, application-code: 139ms)
  ✓  2 [chromium] › e2e/report-editions-local.spec.ts:16:53 › published report editions › creates every period and preserves HTML PDF CSV through revision in en (7.0s)
 GET /settings 200 in 243ms (next.js: 4ms, proxy.ts: 2ms, application-code: 236ms)
 GET /api/auth/get-session 200 in 22ms (next.js: 5ms, proxy.ts: 4ms, application-code: 13ms)
 GET /api/auth/organization/list 200 in 23ms (next.js: 9ms, proxy.ts: 4ms, application-code: 11ms)
 GET /settings?notice=Cl%C3%A9+cr%C3%A9%C3%A9e.+R%C3%A9v%C3%A9lez-la+une+seule+fois+dans+les+cinq+prochaines+minutes.&reveal=api-key&revealId=cb4984e7-0e09-4cef-853e-31a8aae3ec49 200 in 92ms (next.js: 1.9ms, proxy.ts: 1.9ms, application-code: 88ms)
 POST /settings 200 in 116ms (next.js: 2ms, proxy.ts: 3ms, application-code: 111ms)
  └─ ƒ createAgencyApiKey({}) in 13ms src/app/actions.ts
 POST /api/secret-revelation 404 in 18ms (next.js: 1.7ms, proxy.ts: 2.0ms, application-code: 15ms)
 GET /settings 200 in 223ms (next.js: 2.0ms, proxy.ts: 1.7ms, application-code: 219ms)
 GET /api/auth/get-session 200 in 22ms (next.js: 5ms, proxy.ts: 3ms, application-code: 15ms)
 GET /api/auth/organization/list 200 in 23ms (next.js: 11ms, proxy.ts: 3ms, application-code: 10ms)
 GET /settings?notice=Cl%C3%A9+cr%C3%A9%C3%A9e.+R%C3%A9v%C3%A9lez-la+une+seule+fois+dans+les+cinq+prochaines+minutes.&reveal=api-key&revealId=3c99c6ee-9bce-429f-8ce6-043de11e2114 200 in 81ms (next.js: 1.9ms, proxy.ts: 1.8ms, application-code: 78ms)
 POST /settings 200 in 107ms (next.js: 2ms, proxy.ts: 3ms, application-code: 101ms)
  └─ ƒ createAgencyApiKey({}) in 15ms src/app/actions.ts
 POST /api/secret-revelation 404 in 26ms (next.js: 1.4ms, proxy.ts: 2ms, application-code: 22ms)
 POST /api/secret-revelation 404 in 20ms (next.js: 2.0ms, proxy.ts: 4ms, application-code: 14ms)
 POST /api/secret-revelation 200 in 34ms (next.js: 5ms, proxy.ts: 3ms, application-code: 26ms)
 POST /api/secret-revelation 404 in 18ms (next.js: 1.8ms, proxy.ts: 3ms, application-code: 13ms)
 GET /settings 200 in 213ms (next.js: 2ms, proxy.ts: 1.6ms, application-code: 209ms)
 GET /api/auth/get-session 200 in 18ms (next.js: 4ms, proxy.ts: 2ms, application-code: 11ms)
 GET /api/auth/organization/list 200 in 19ms (next.js: 8ms, proxy.ts: 3ms, application-code: 9ms)
 GET /settings?notice=Cl%C3%A9+cr%C3%A9%C3%A9e.+R%C3%A9v%C3%A9lez-la+une+seule+fois+dans+les+cinq+prochaines+minutes.&reveal=api-key&revealId=10c47f23-de6c-4b3c-8690-26046a4a1b8e 200 in 78ms (next.js: 1.7ms, proxy.ts: 1.9ms, application-code: 74ms)
 POST /settings 200 in 99ms (next.js: 2ms, proxy.ts: 3ms, application-code: 93ms)
  └─ ƒ createAgencyApiKey({}) in 10ms src/app/actions.ts
 POST /api/secret-revelation 404 in 16ms (next.js: 1.7ms, proxy.ts: 3ms, application-code: 12ms)
 POST /api/secret-revelation 404 in 26ms (next.js: 1.3ms, proxy.ts: 2ms, application-code: 22ms)
  ✓  3 [chromium] › e2e/secret-revelation-local.spec.ts:6:7 › secret revelation fr binds the pending value, recovers offline and refuses revoked authority (3.0s)
 GET /settings 200 in 200ms (next.js: 3ms, proxy.ts: 1.8ms, application-code: 196ms)
 GET /api/auth/get-session 200 in 19ms (next.js: 6ms, proxy.ts: 3ms, application-code: 11ms)
 GET /api/auth/organization/list 200 in 21ms (next.js: 9ms, proxy.ts: 3ms, application-code: 9ms)
 GET /settings?notice=Cl%C3%A9+cr%C3%A9%C3%A9e.+R%C3%A9v%C3%A9lez-la+une+seule+fois+dans+les+cinq+prochaines+minutes.&reveal=api-key&revealId=2a29bc69-9623-4d0c-b84e-d3ce020b4653 200 in 94ms (next.js: 2ms, proxy.ts: 1.9ms, application-code: 90ms)
 POST /settings 200 in 115ms (next.js: 2ms, proxy.ts: 3ms, application-code: 110ms)
  └─ ƒ createAgencyApiKey({}) in 10ms src/app/actions.ts
 POST /api/secret-revelation 404 in 19ms (next.js: 1.1ms, proxy.ts: 2ms, application-code: 15ms)
 GET /settings 200 in 226ms (next.js: 1.8ms, proxy.ts: 1.9ms, application-code: 222ms)
 GET /api/auth/get-session 200 in 22ms (next.js: 6ms, proxy.ts: 3ms, application-code: 14ms)
 GET /api/auth/organization/list 200 in 24ms (next.js: 9ms, proxy.ts: 4ms, application-code: 11ms)
 GET /settings?notice=Cl%C3%A9+cr%C3%A9%C3%A9e.+R%C3%A9v%C3%A9lez-la+une+seule+fois+dans+les+cinq+prochaines+minutes.&reveal=api-key&revealId=a55dd192-e96c-4878-be86-7d701fa79a31 200 in 93ms (next.js: 1.8ms, proxy.ts: 1.9ms, application-code: 90ms)
 POST /settings 200 in 120ms (next.js: 2ms, proxy.ts: 4ms, application-code: 114ms)
  └─ ƒ createAgencyApiKey({}) in 16ms src/app/actions.ts
 POST /api/secret-revelation 404 in 16ms (next.js: 1.2ms, proxy.ts: 2ms, application-code: 13ms)
 POST /api/secret-revelation 404 in 13ms (next.js: 1.2ms, proxy.ts: 1.6ms, application-code: 10ms)
 POST /api/secret-revelation 200 in 18ms (next.js: 1.3ms, proxy.ts: 3ms, application-code: 14ms)
 POST /api/secret-revelation 404 in 15ms (next.js: 1.4ms, proxy.ts: 2ms, application-code: 11ms)
 GET /settings 200 in 243ms (next.js: 1.7ms, proxy.ts: 2ms, application-code: 239ms)
 GET /api/auth/get-session 200 in 19ms (next.js: 5ms, proxy.ts: 3ms, application-code: 12ms)
 GET /api/auth/organization/list 200 in 21ms (next.js: 8ms, proxy.ts: 3ms, application-code: 10ms)
 GET /settings?notice=Cl%C3%A9+cr%C3%A9%C3%A9e.+R%C3%A9v%C3%A9lez-la+une+seule+fois+dans+les+cinq+prochaines+minutes.&reveal=api-key&revealId=66a20e58-2aaa-475c-af56-00faff40cc10 200 in 110ms (next.js: 1.8ms, proxy.ts: 2ms, application-code: 106ms)
 POST /settings 200 in 139ms (next.js: 2ms, proxy.ts: 4ms, application-code: 133ms)
  └─ ƒ createAgencyApiKey({}) in 15ms src/app/actions.ts
 POST /api/secret-revelation 404 in 13ms (next.js: 1.4ms, proxy.ts: 2ms, application-code: 10ms)
 POST /api/secret-revelation 404 in 15ms (next.js: 1.3ms, proxy.ts: 2ms, application-code: 11ms)
  ✓  4 [chromium] › e2e/secret-revelation-local.spec.ts:6:7 › secret revelation en binds the pending value, recovers offline and refuses revoked authority (2.6s)
 GET /settings 200 in 209ms (next.js: 1.6ms, proxy.ts: 2ms, application-code: 206ms)
 GET /api/auth/get-session 200 in 20ms (next.js: 5ms, proxy.ts: 4ms, application-code: 11ms)
 GET /api/auth/organization/list 200 in 21ms (next.js: 8ms, proxy.ts: 4ms, application-code: 10ms)
 GET /settings?notice=Cl%C3%A9+cr%C3%A9%C3%A9e.+R%C3%A9v%C3%A9lez-la+une+seule+fois+dans+les+cinq+prochaines+minutes.&reveal=api-key&revealId=3358945f-a213-47ea-ab58-3f67744b1731 200 in 105ms (next.js: 1.9ms, proxy.ts: 2ms, application-code: 101ms)
 POST /settings 200 in 125ms (next.js: 2ms, proxy.ts: 3ms, application-code: 121ms)
  └─ ƒ createAgencyApiKey({}) in 11ms src/app/actions.ts
 POST /api/secret-revelation 200 in 19ms (next.js: 2ms, proxy.ts: 4ms, application-code: 13ms)
 POST /api/secret-revelation 404 in 10ms (next.js: 1.3ms, proxy.ts: 2ms, application-code: 7ms)
 GET /settings 200 in 214ms (next.js: 1.7ms, proxy.ts: 2ms, application-code: 210ms)
 GET /api/auth/get-session 200 in 20ms (next.js: 5ms, proxy.ts: 3ms, application-code: 12ms)
 GET /api/auth/organization/list 200 in 22ms (next.js: 8ms, proxy.ts: 4ms, application-code: 10ms)
 GET /settings?notice=Cl%C3%A9+API+r%C3%A9voqu%C3%A9e. 200 in 94ms (next.js: 1.9ms, proxy.ts: 3ms, application-code: 89ms)
 POST /settings 200 in 110ms (next.js: 1.9ms, proxy.ts: 3ms, application-code: 105ms)
  └─ ƒ revokeAgencyApiKey({}) in 5ms src/app/actions.ts
 GET /settings?notice=Canal+de+notification+ajout%C3%A9. 200 in 101ms (next.js: 1.9ms, proxy.ts: 2ms, application-code: 97ms)
 POST /settings?notice=Cl%C3%A9%20API%20r%C3%A9voqu%C3%A9e. 200 in 129ms (next.js: 3ms, proxy.ts: 3ms, application-code: 124ms)
  └─ ƒ createNotificationChannel({}) in 17ms src/app/actions.ts
 GET /settings?notice=Canal+d%C3%A9sactiv%C3%A9. 200 in 97ms (next.js: 3ms, proxy.ts: 1.9ms, application-code: 92ms)
 POST /settings?notice=Canal%20de%20notification%20ajout%C3%A9. 200 in 116ms (next.js: 2ms, proxy.ts: 3ms, application-code: 111ms)
  └─ ƒ disableNotificationChannel({}) in 9ms src/app/actions.ts
 GET /settings?notice=R%C3%A8gles+de+s%C3%A9curit%C3%A9+enregistr%C3%A9es. 200 in 91ms (next.js: 2ms, proxy.ts: 1.9ms, application-code: 87ms)
 POST /settings?notice=Canal%20d%C3%A9sactiv%C3%A9. 200 in 114ms (next.js: 3ms, proxy.ts: 3ms, application-code: 108ms)
  └─ ƒ updateSafetyRules({}) in 12ms src/app/actions.ts
 GET /settings?notice=Le+job+sera+r%C3%A9ex%C3%A9cut%C3%A9+par+le+prochain+worker+disponible. 200 in 96ms (next.js: 2ms, proxy.ts: 1.7ms, application-code: 92ms)
 POST /settings?notice=R%C3%A8gles%20de%20s%C3%A9curit%C3%A9%20enregistr%C3%A9es. 200 in 115ms (next.js: 3ms, proxy.ts: 3ms, application-code: 109ms)
  └─ ƒ retryDeadLetterJob({}) in 8ms src/app/actions.ts
 GET /settings 200 in 220ms (next.js: 1.7ms, proxy.ts: 1.7ms, application-code: 216ms)
 GET /api/auth/get-session 200 in 23ms (next.js: 10ms, proxy.ts: 3ms, application-code: 10ms)
 GET /api/auth/organization/list 200 in 24ms (next.js: 4ms, proxy.ts: 3ms, application-code: 16ms)
 GET /settings?error=Permission+required%3A+workspace%3Aadmin 200 in 51ms (next.js: 3ms, proxy.ts: 1.9ms, application-code: 47ms)
 POST /settings 200 in 67ms (next.js: 2.0ms, proxy.ts: 3ms, application-code: 62ms)
  └─ ƒ createNotificationChannel({}) in 5ms src/app/actions.ts
 GET /support?error=Vous+n%E2%80%99avez+plus+acc%C3%A8s+%C3%A0+cette+page.+Choisissez+une+rubrique+disponible+ou+contactez+un+administrateur. 200 in 59ms (next.js: 4ms, proxy.ts: 2.0ms, application-code: 53ms)
 GET /support?error=Vous+n%E2%80%99avez+plus+acc%C3%A8s+%C3%A0+cette+page.+Choisissez+une+rubrique+disponible+ou+contactez+un+administrateur. 200 in 51ms (next.js: 5ms, proxy.ts: 6ms, application-code: 41ms)
  ✓  5 [chromium] › e2e/security-actors-local.spec.ts:6:7 › security actor fr manages resources and rejects obsolete authority (3.2s)
 GET /settings 200 in 213ms (next.js: 2ms, proxy.ts: 2ms, application-code: 208ms)
 GET /api/auth/get-session 200 in 20ms (next.js: 4ms, proxy.ts: 4ms, application-code: 12ms)
 GET /api/auth/organization/list 200 in 21ms (next.js: 8ms, proxy.ts: 3ms, application-code: 9ms)
 GET /settings?notice=Cl%C3%A9+cr%C3%A9%C3%A9e.+R%C3%A9v%C3%A9lez-la+une+seule+fois+dans+les+cinq+prochaines+minutes.&reveal=api-key&revealId=8f3cc342-b5d1-4bf6-8ca6-8c3abd1ff221 200 in 110ms (next.js: 2ms, proxy.ts: 2ms, application-code: 106ms)
 POST /settings 200 in 131ms (next.js: 2ms, proxy.ts: 3ms, application-code: 126ms)
  └─ ƒ createAgencyApiKey({}) in 10ms src/app/actions.ts
 POST /api/secret-revelation 200 in 16ms (next.js: 1.6ms, proxy.ts: 3ms, application-code: 11ms)
 POST /api/secret-revelation 404 in 11ms (next.js: 1.6ms, proxy.ts: 2ms, application-code: 7ms)
 GET /settings 200 in 215ms (next.js: 1.9ms, proxy.ts: 2ms, application-code: 211ms)
 GET /api/auth/get-session 200 in 20ms (next.js: 5ms, proxy.ts: 2ms, application-code: 13ms)
 GET /api/auth/organization/list 200 in 22ms (next.js: 9ms, proxy.ts: 3ms, application-code: 11ms)
 GET /settings?notice=Cl%C3%A9+API+r%C3%A9voqu%C3%A9e. 200 in 106ms (next.js: 3ms, proxy.ts: 2ms, application-code: 101ms)
 POST /settings 200 in 137ms (next.js: 2ms, proxy.ts: 3ms, application-code: 132ms)
  └─ ƒ revokeAgencyApiKey({}) in 7ms src/app/actions.ts
 GET /settings?notice=Canal+de+notification+ajout%C3%A9. 200 in 105ms (next.js: 2ms, proxy.ts: 3ms, application-code: 100ms)
 POST /settings?notice=Cl%C3%A9%20API%20r%C3%A9voqu%C3%A9e. 200 in 124ms (next.js: 3ms, proxy.ts: 2ms, application-code: 119ms)
  └─ ƒ createNotificationChannel({}) in 8ms src/app/actions.ts
 GET /settings?notice=Canal+d%C3%A9sactiv%C3%A9. 200 in 90ms (next.js: 1.8ms, proxy.ts: 2ms, application-code: 86ms)
 POST /settings?notice=Canal%20de%20notification%20ajout%C3%A9. 200 in 109ms (next.js: 1.9ms, proxy.ts: 3ms, application-code: 104ms)
  └─ ƒ disableNotificationChannel({}) in 8ms src/app/actions.ts
 GET /settings?notice=R%C3%A8gles+de+s%C3%A9curit%C3%A9+enregistr%C3%A9es. 200 in 92ms (next.js: 1.6ms, proxy.ts: 3ms, application-code: 87ms)
 POST /settings?notice=Canal%20d%C3%A9sactiv%C3%A9. 200 in 114ms (next.js: 1.9ms, proxy.ts: 2ms, application-code: 110ms)
  └─ ƒ updateSafetyRules({}) in 11ms src/app/actions.ts
 GET /settings?notice=Le+job+sera+r%C3%A9ex%C3%A9cut%C3%A9+par+le+prochain+worker+disponible. 200 in 93ms (next.js: 1.7ms, proxy.ts: 1.9ms, application-code: 89ms)
 POST /settings?notice=R%C3%A8gles%20de%20s%C3%A9curit%C3%A9%20enregistr%C3%A9es. 200 in 111ms (next.js: 1.8ms, proxy.ts: 2ms, application-code: 107ms)
  └─ ƒ retryDeadLetterJob({}) in 8ms src/app/actions.ts
 GET /settings 200 in 235ms (next.js: 2ms, proxy.ts: 2ms, application-code: 230ms)
 GET /api/auth/get-session 200 in 19ms (next.js: 6ms, proxy.ts: 3ms, application-code: 11ms)
 GET /api/auth/organization/list 200 in 20ms (next.js: 9ms, proxy.ts: 3ms, application-code: 9ms)
 GET /settings?error=Permission+required%3A+workspace%3Aadmin 200 in 50ms (next.js: 2ms, proxy.ts: 2.0ms, application-code: 46ms)
 POST /settings 200 in 70ms (next.js: 4ms, proxy.ts: 3ms, application-code: 63ms)
  └─ ƒ createNotificationChannel({}) in 8ms src/app/actions.ts
 GET /support?error=You+no+longer+have+access+to+this+page.+Choose+an+available+section+or+contact+an+administrator. 200 in 75ms (next.js: 1.9ms, proxy.ts: 3ms, application-code: 71ms)
 GET /support?error=You+no+longer+have+access+to+this+page.+Choose+an+available+section+or+contact+an+administrator. 200 in 58ms (next.js: 4ms, proxy.ts: 5ms, application-code: 49ms)
  ✓  6 [chromium] › e2e/security-actors-local.spec.ts:6:7 › security actor en manages resources and rejects obsolete authority (3.2s)

  6 passed (29.6s)
{"ok":true,"cleaned":"local-browser-fixtures"}
[?25h
