
> @yodev/ads@0.1.0 test:e2e:local
> node scripts/verify-local-browser.mjs e2e/secret-revelation-local.spec.ts e2e/security-actors-local.spec.ts e2e/report-editions-local.spec.ts

{"ok":true,"fixtureRoles":["owner","admin","strategist","analyst","client"],"foreignExportId":"80000000-0000-4000-8000-000000000003"}

> @yodev/ads@0.1.0 dev
> next dev --hostname 127.0.0.1 --port 3017

▲ Next.js 16.3.0 (Turbopack)
- Local:         http://127.0.0.1:3017
- Network:       http://127.0.0.1:3017
- Environments: .env.local
✓ Ready in 281ms
✓ Running next.config.ts took 390ms
- Experiments (use with caution):
  · clientTraceMetadata

 GET /sign-in 200 in 1347ms (next.js: 629ms, proxy.ts: 259ms, application-code: 459ms)
 POST /api/auth/sign-in/email 200 in 920ms (next.js: 742ms, proxy.ts: 11ms, application-code: 167ms)
 POST /api/auth/sign-in/email 200 in 84ms (next.js: 4ms, proxy.ts: 2ms, application-code: 78ms)
 POST /api/auth/sign-in/email 200 in 87ms (next.js: 9ms, proxy.ts: 2ms, application-code: 75ms)
 POST /api/auth/sign-in/email 200 in 77ms (next.js: 2ms, proxy.ts: 2.0ms, application-code: 73ms)
 POST /api/auth/sign-in/email 200 in 77ms (next.js: 1.9ms, proxy.ts: 2ms, application-code: 73ms)
 GET /dashboard 200 in 575ms (next.js: 236ms, proxy.ts: 2ms, application-code: 337ms)
 GET /settings 200 in 258ms (next.js: 30ms, proxy.ts: 3ms, application-code: 225ms)
 GET /billing 200 in 188ms (next.js: 14ms, proxy.ts: 2ms, application-code: 173ms)
 GET /support 200 in 138ms (next.js: 16ms, proxy.ts: 2ms, application-code: 120ms)
 GET /accounts 200 in 136ms (next.js: 19ms, proxy.ts: 1.8ms, application-code: 115ms)
 GET /history 200 in 136ms (next.js: 20ms, proxy.ts: 1.8ms, application-code: 114ms)
 GET /alerts 200 in 140ms (next.js: 21ms, proxy.ts: 1.8ms, application-code: 117ms)
 GET /tasks 200 in 152ms (next.js: 20ms, proxy.ts: 1.9ms, application-code: 130ms)
 GET /approvals 200 in 133ms (next.js: 22ms, proxy.ts: 1.8ms, application-code: 109ms)
 GET /reports 200 in 199ms (next.js: 20ms, proxy.ts: 1.9ms, application-code: 177ms)
 GET /audit 200 in 123ms (next.js: 19ms, proxy.ts: 1.9ms, application-code: 102ms)
 GET /agents 200 in 199ms (next.js: 24ms, proxy.ts: 1.8ms, application-code: 173ms)
 GET / 200 in 102ms (next.js: 19ms, proxy.ts: 2ms, application-code: 81ms)
 GET /privacy 200 in 50ms (next.js: 12ms, proxy.ts: 1.8ms, application-code: 36ms)
 GET /terms 200 in 46ms (next.js: 11ms, proxy.ts: 1.8ms, application-code: 33ms)
 GET /subprocessors 200 in 103ms (next.js: 39ms, proxy.ts: 2ms, application-code: 62ms)
 GET /status 200 in 94ms (next.js: 33ms, proxy.ts: 2.0ms, application-code: 60ms)
 GET /sign-in 200 in 34ms (next.js: 4ms, proxy.ts: 2ms, application-code: 28ms)
 GET /sign-up 200 in 325ms (next.js: 293ms, proxy.ts: 4ms, application-code: 28ms)
Local browser states ready in /var/folders/9h/sbxl7zl90j9_wc743xft5j8h0000gn/T/yodev-ads-browser-GZftUW

Running 6 tests using 1 worker

(node:73428) Warning: The 'NO_COLOR' env is ignored due to the 'FORCE_COLOR' env being set.
(Use `node --trace-warnings ...` to show where the warning was created)
 GET /reports 200 in 188ms (next.js: 1.8ms, proxy.ts: 2ms, application-code: 184ms)
 GET /api/auth/get-session 200 in 30ms (next.js: 7ms, proxy.ts: 3ms, application-code: 21ms)
 GET /api/auth/organization/list 200 in 32ms (next.js: 12ms, proxy.ts: 3ms, application-code: 17ms)
 POST /reports 200 in 79ms (next.js: 1.8ms, proxy.ts: 2ms, application-code: 75ms)
  └─ ƒ setCookieConsent({}) in 3ms src/app/preferences-actions.ts
 GET /reports?notice=Rapport+cr%C3%A9%C3%A9.+R%C3%A9v%C3%A9lez+son+URL+dans+les+cinq+prochaines+minutes.&reveal=report-url&revealId=432273e9-a690-4260-a3d4-b7de5992c2fb 200 in 73ms (next.js: 1.9ms, proxy.ts: 2ms, application-code: 69ms)
 POST /reports 200 in 123ms (next.js: 3ms, proxy.ts: 3ms, application-code: 116ms)
  └─ ƒ createShareLink({}) in 29ms src/app/actions.ts
 POST /api/secret-revelation 200 in 169ms (next.js: 129ms, proxy.ts: 3ms, application-code: 36ms)
 GET /r/[REDACTED]?edition=21baa3f6-957a-4313-8625-c5602beb820f 200 in 781ms (next.js: 681ms, proxy.ts: 2ms, application-code: 98ms)
 GET /r/[REDACTED]/csv?edition=21baa3f6-957a-4313-8625-c5602beb820f 200 in 615ms (next.js: 597ms, proxy.ts: 2ms, application-code: 16ms)
 GET /r/[REDACTED]/pdf?edition=21baa3f6-957a-4313-8625-c5602beb820f 200 in 984ms (next.js: 727ms, proxy.ts: 1.6ms, application-code: 256ms)
 GET /r/[REDACTED]?error=L%E2%80%99envoi+de+codes+email+n%E2%80%99est+pas+configur%C3%A9.&edition=21baa3f6-957a-4313-8625-c5602beb820f 200 in 55ms (next.js: 4ms, proxy.ts: 2ms, application-code: 50ms)
 POST /r/[REDACTED]?edition=21baa3f6-957a-4313-8625-c5602beb820f 200 in 79ms (next.js: 4ms, proxy.ts: 3ms, application-code: 72ms)
  └─ ƒ requestReportFeedbackOtp({}) in 9ms src/app/actions.ts
 GET /r/[REDACTED]?edition=21baa3f6-957a-4313-8625-c5602beb820f&otp=1 200 in 84ms (next.js: 2ms, proxy.ts: 2ms, application-code: 79ms)
 GET /r/[REDACTED]?error=Demandez+un+nouveau+code.&otp=1&edition=21baa3f6-957a-4313-8625-c5602beb820f 200 in 64ms (next.js: 3ms, proxy.ts: 2ms, application-code: 60ms)
 POST /r/[REDACTED]?edition=21baa3f6-957a-4313-8625-c5602beb820f&otp=1 200 in 85ms (next.js: 3ms, proxy.ts: 5ms, application-code: 77ms)
  └─ ƒ verifyReportFeedbackOtp({}) in 4ms src/app/actions.ts
 GET /reports?notice=Rapport+cr%C3%A9%C3%A9.+R%C3%A9v%C3%A9lez+son+URL+dans+les+cinq+prochaines+minutes.&reveal=report-url&revealId=6bcf223b-c8a8-4422-9929-b8529191df98 200 in 72ms (next.js: 1.9ms, proxy.ts: 1.9ms, application-code: 69ms)
 POST /reports?notice=Rapport%20cr%C3%A9%C3%A9.%20R%C3%A9v%C3%A9lez%20son%20URL%20dans%20les%20cinq%20prochaines%20minutes.&reveal=report-url&revealId=432273e9-a690-4260-a3d4-b7de5992c2fb 200 in 102ms (next.js: 2ms, proxy.ts: 3ms, application-code: 98ms)
  └─ ƒ createShareLink({}) in 18ms src/app/actions.ts
 POST /api/secret-revelation 200 in 41ms (next.js: 3ms, proxy.ts: 4ms, application-code: 33ms)
 GET /r/[REDACTED]?edition=19fa1e33-0873-4066-bb92-f77a44064a3f 200 in 126ms (next.js: 7ms, proxy.ts: 5ms, application-code: 114ms)
 GET /r/[REDACTED]/csv?edition=19fa1e33-0873-4066-bb92-f77a44064a3f 200 in 38ms (next.js: 7ms, proxy.ts: 4ms, application-code: 27ms)
 GET /r/[REDACTED]/pdf?edition=19fa1e33-0873-4066-bb92-f77a44064a3f 200 in 185ms (next.js: 8ms, proxy.ts: 3ms, application-code: 173ms)
 GET /sign-in 200 in 122ms (next.js: 48ms, proxy.ts: 11ms, application-code: 64ms)
 GET /reports?notice=Rapport+cr%C3%A9%C3%A9.+R%C3%A9v%C3%A9lez+son+URL+dans+les+cinq+prochaines+minutes.&reveal=report-url&revealId=6cd12cf2-04d7-410e-8f1b-09e51de7209f 200 in 355ms (next.js: 4ms, proxy.ts: 5ms, application-code: 346ms)
 POST /reports?notice=Rapport%20cr%C3%A9%C3%A9.%20R%C3%A9v%C3%A9lez%20son%20URL%20dans%20les%20cinq%20prochaines%20minutes.&reveal=report-url&revealId=6bcf223b-c8a8-4422-9929-b8529191df98 200 in 559ms (next.js: -10.0ms, proxy.ts: 33ms, application-code: 537ms)
  └─ ƒ createShareLink({}) in 118ms src/app/actions.ts
 GET /icon?a62dacc6b033a714 200 in 262ms (next.js: 82ms, proxy.ts: 17ms, application-code: 163ms)
 POST /api/secret-revelation 200 in 46ms (next.js: 4ms, proxy.ts: 6ms, application-code: 37ms)
 GET /r/[REDACTED]?edition=f70a1838-aa63-4961-a613-9b19089ada5b 200 in 91ms (next.js: 4ms, proxy.ts: 2ms, application-code: 85ms)
 GET /r/[REDACTED]/csv?edition=f70a1838-aa63-4961-a613-9b19089ada5b 200 in 18ms (next.js: 4ms, proxy.ts: 3ms, application-code: 12ms)
 GET /r/[REDACTED]/pdf?edition=f70a1838-aa63-4961-a613-9b19089ada5b 200 in 125ms (next.js: 6ms, proxy.ts: 4ms, application-code: 115ms)
 GET /reports?notice=Rapport+cr%C3%A9%C3%A9.+R%C3%A9v%C3%A9lez+son+URL+dans+les+cinq+prochaines+minutes.&reveal=report-url&revealId=c7e3e9ac-5aa3-4c34-9ac3-1a2c776ac474 200 in 88ms (next.js: 2.0ms, proxy.ts: 2ms, application-code: 84ms)
 POST /reports?notice=Rapport%20cr%C3%A9%C3%A9.%20R%C3%A9v%C3%A9lez%20son%20URL%20dans%20les%20cinq%20prochaines%20minutes.&reveal=report-url&revealId=6cd12cf2-04d7-410e-8f1b-09e51de7209f 200 in 122ms (next.js: 2ms, proxy.ts: 3ms, application-code: 117ms)
  └─ ƒ createShareLink({}) in 23ms src/app/actions.ts
 POST /api/secret-revelation 200 in 38ms (next.js: 3ms, proxy.ts: 4ms, application-code: 32ms)
 GET /r/[REDACTED]?edition=b91ccd65-1c5c-48d9-8ea9-440a8a3b037f 200 in 127ms (next.js: 5ms, proxy.ts: 4ms, application-code: 118ms)
 GET /r/[REDACTED]/csv?edition=b91ccd65-1c5c-48d9-8ea9-440a8a3b037f 200 in 22ms (next.js: 4ms, proxy.ts: 3ms, application-code: 15ms)
 GET /r/[REDACTED]/pdf?edition=b91ccd65-1c5c-48d9-8ea9-440a8a3b037f 200 in 96ms (next.js: 6ms, proxy.ts: 9ms, application-code: 81ms)
 GET /reports?notice=Rapport+cr%C3%A9%C3%A9.+R%C3%A9v%C3%A9lez+son+URL+dans+les+cinq+prochaines+minutes.&reveal=report-url&revealId=7cc4f534-506a-4614-ae30-11438ea50eeb 200 in 77ms (next.js: 3ms, proxy.ts: 1.9ms, application-code: 72ms)
 POST /reports?notice=Rapport%20cr%C3%A9%C3%A9.%20R%C3%A9v%C3%A9lez%20son%20URL%20dans%20les%20cinq%20prochaines%20minutes.&reveal=report-url&revealId=c7e3e9ac-5aa3-4c34-9ac3-1a2c776ac474 200 in 118ms (next.js: 3ms, proxy.ts: 7ms, application-code: 108ms)
  └─ ƒ createShareLink({}) in 23ms src/app/actions.ts
 POST /api/secret-revelation 200 in 23ms (next.js: 1.8ms, proxy.ts: 4ms, application-code: 17ms)
 GET /r/[REDACTED]?edition=08dd949a-a66d-4d40-a3a8-da5048a6e7e1 200 in 114ms (next.js: 5ms, proxy.ts: 3ms, application-code: 106ms)
 GET /r/[REDACTED]/csv?edition=08dd949a-a66d-4d40-a3a8-da5048a6e7e1 200 in 18ms (next.js: 4ms, proxy.ts: 2ms, application-code: 11ms)
 GET /r/[REDACTED]/pdf?edition=08dd949a-a66d-4d40-a3a8-da5048a6e7e1 200 in 106ms (next.js: 2ms, proxy.ts: 3ms, application-code: 100ms)
 GET /r/[REDACTED]?edition=21baa3f6-957a-4313-8625-c5602beb820f 200 in 98ms (next.js: 5ms, proxy.ts: 2ms, application-code: 90ms)
 GET /r/[REDACTED]/csv?edition=21baa3f6-957a-4313-8625-c5602beb820f 200 in 17ms (next.js: 3ms, proxy.ts: 5ms, application-code: 9ms)
 GET /r/[REDACTED]/pdf?edition=21baa3f6-957a-4313-8625-c5602beb820f 200 in 196ms (next.js: 5ms, proxy.ts: 1.8ms, application-code: 189ms)
 GET /reports?notice=R%C3%A9vision+publi%C3%A9e.+Les+%C3%A9ditions+pr%C3%A9c%C3%A9dentes+restent+inchang%C3%A9es.&reveal=report-url&revealId=9430363a-87c4-45d8-999b-4487eeecda71 200 in 76ms (next.js: 1.9ms, proxy.ts: 2ms, application-code: 71ms)
 POST /reports?notice=Rapport%20cr%C3%A9%C3%A9.%20R%C3%A9v%C3%A9lez%20son%20URL%20dans%20les%20cinq%20prochaines%20minutes.&reveal=report-url&revealId=7cc4f534-506a-4614-ae30-11438ea50eeb 200 in 112ms (next.js: 3ms, proxy.ts: 3ms, application-code: 106ms)
  └─ ƒ reviseReportEdition({}) in 24ms src/app/actions.ts
 POST /api/secret-revelation 200 in 19ms (next.js: 1.3ms, proxy.ts: 3ms, application-code: 15ms)
 GET /r/[REDACTED]?edition=a522a698-33a4-4c24-9162-2a5d5daa7dc1 200 in 88ms (next.js: 4ms, proxy.ts: 2ms, application-code: 82ms)
 GET /r/[REDACTED]/csv?edition=a522a698-33a4-4c24-9162-2a5d5daa7dc1 200 in 23ms (next.js: 4ms, proxy.ts: 2ms, application-code: 17ms)
 GET /reports?error=Les+donn%C3%A9es+compl%C3%A8tes+de+cette+p%C3%A9riode+ne+sont+pas+disponibles.+Actualisez+l%E2%80%99historique+du+compte+avant+de+publier+ce+bilan. 200 in 89ms (next.js: 1.7ms, proxy.ts: 1.9ms, application-code: 86ms)
 POST /reports?notice=R%C3%A9vision%20publi%C3%A9e.%20Les%20%C3%A9ditions%20pr%C3%A9c%C3%A9dentes%20restent%20inchang%C3%A9es.&reveal=report-url&revealId=9430363a-87c4-45d8-999b-4487eeecda71 200 in 115ms (next.js: 1.9ms, proxy.ts: 2ms, application-code: 111ms)
  └─ ƒ createShareLink({}) in 14ms src/app/actions.ts
 GET /r/[REDACTED]?edition=21baa3f6-957a-4313-8625-c5602beb820f 200 in 98ms (next.js: 4ms, proxy.ts: 4ms, application-code: 90ms)
 GET /r/[REDACTED]/pdf?edition=21baa3f6-957a-4313-8625-c5602beb820f 429 in 11ms (next.js: 3ms, proxy.ts: 2ms, application-code: 5ms)
 GET /r/[REDACTED]/csv?edition=21baa3f6-957a-4313-8625-c5602beb820f 404 in 9ms (next.js: 3ms, proxy.ts: 1.8ms, application-code: 4ms)
 GET /reports 200 in 152ms (next.js: 2ms, proxy.ts: 2ms, application-code: 147ms)
  ✓  1 [chromium] › e2e/report-editions-local.spec.ts:16:53 › published report editions › creates every period and preserves HTML PDF CSV through revision in fr (11.1s)
 GET /reports 200 in 200ms (next.js: 4ms, proxy.ts: 5ms, application-code: 192ms)
 GET /api/auth/get-session 200 in 24ms (next.js: 6ms, proxy.ts: 4ms, application-code: 14ms)
 GET /api/auth/organization/list 200 in 26ms (next.js: 9ms, proxy.ts: 5ms, application-code: 13ms)
 POST /reports 200 in 74ms (next.js: 1.9ms, proxy.ts: 3ms, application-code: 69ms)
  └─ ƒ setCookieConsent({}) in 2ms src/app/preferences-actions.ts
 GET /reports?notice=Report+created.+Reveal+its+URL+within+the+next+five+minutes.&reveal=report-url&revealId=f0d1acdf-6ea8-4d1c-93dc-db4955b350a1 200 in 81ms (next.js: 1.8ms, proxy.ts: 2ms, application-code: 77ms)
 POST /reports 200 in 111ms (next.js: 2ms, proxy.ts: 3ms, application-code: 106ms)
  └─ ƒ createShareLink({}) in 18ms src/app/actions.ts
 POST /api/secret-revelation 200 in 23ms (next.js: 1.9ms, proxy.ts: 4ms, application-code: 17ms)
 GET /r/[REDACTED]?edition=fd67e7d7-77fa-4966-9214-32391a3609c8 200 in 87ms (next.js: 4ms, proxy.ts: 1.9ms, application-code: 81ms)
 GET /r/[REDACTED]/csv?edition=fd67e7d7-77fa-4966-9214-32391a3609c8 200 in 16ms (next.js: 4ms, proxy.ts: 2ms, application-code: 10ms)
 GET /r/[REDACTED]/pdf?edition=fd67e7d7-77fa-4966-9214-32391a3609c8 200 in 200ms (next.js: 5ms, proxy.ts: 1.8ms, application-code: 194ms)
 GET /r/[REDACTED]?error=Email+code+delivery+is+not+configured.&edition=fd67e7d7-77fa-4966-9214-32391a3609c8 200 in 60ms (next.js: 4ms, proxy.ts: 4ms, application-code: 52ms)
 POST /r/[REDACTED]?edition=fd67e7d7-77fa-4966-9214-32391a3609c8 200 in 102ms (next.js: 13ms, proxy.ts: 4ms, application-code: 85ms)
  └─ ƒ requestReportFeedbackOtp({}) in 17ms src/app/actions.ts
 GET /r/[REDACTED]?edition=fd67e7d7-77fa-4966-9214-32391a3609c8&otp=1 200 in 126ms (next.js: 7ms, proxy.ts: 4ms, application-code: 116ms)
 GET /r/[REDACTED]?error=Request+a+new+code.&otp=1&edition=fd67e7d7-77fa-4966-9214-32391a3609c8 200 in 48ms (next.js: 2ms, proxy.ts: 1.9ms, application-code: 44ms)
 POST /r/[REDACTED]?edition=fd67e7d7-77fa-4966-9214-32391a3609c8&otp=1 200 in 65ms (next.js: 3ms, proxy.ts: 2ms, application-code: 60ms)
  └─ ƒ verifyReportFeedbackOtp({}) in 7ms src/app/actions.ts
 GET /reports?notice=Report+created.+Reveal+its+URL+within+the+next+five+minutes.&reveal=report-url&revealId=64b7ed99-9eba-433c-a4ce-b041e9925baf 200 in 83ms (next.js: 2ms, proxy.ts: 2ms, application-code: 78ms)
 POST /reports?notice=Report%20created.%20Reveal%20its%20URL%20within%20the%20next%20five%20minutes.&reveal=report-url&revealId=f0d1acdf-6ea8-4d1c-93dc-db4955b350a1 200 in 116ms (next.js: 2ms, proxy.ts: 3ms, application-code: 110ms)
  └─ ƒ createShareLink({}) in 21ms src/app/actions.ts
 POST /api/secret-revelation 200 in 21ms (next.js: 1.6ms, proxy.ts: 3ms, application-code: 16ms)
 GET /r/[REDACTED]?edition=59a23b35-97ef-4f8c-8a8a-0d5f6eba1c83 200 in 77ms (next.js: 4ms, proxy.ts: 2ms, application-code: 71ms)
 GET /r/[REDACTED]/csv?edition=59a23b35-97ef-4f8c-8a8a-0d5f6eba1c83 200 in 18ms (next.js: 5ms, proxy.ts: 5ms, application-code: 9ms)
 GET /r/[REDACTED]/pdf?edition=59a23b35-97ef-4f8c-8a8a-0d5f6eba1c83 200 in 87ms (next.js: 4ms, proxy.ts: 1.7ms, application-code: 82ms)
 GET /reports?notice=Report+created.+Reveal+its+URL+within+the+next+five+minutes.&reveal=report-url&revealId=aecc5bad-174e-4ddb-bac8-9c1edf2b7f16 200 in 81ms (next.js: 2ms, proxy.ts: 2ms, application-code: 77ms)
 POST /reports?notice=Report%20created.%20Reveal%20its%20URL%20within%20the%20next%20five%20minutes.&reveal=report-url&revealId=64b7ed99-9eba-433c-a4ce-b041e9925baf 200 in 134ms (next.js: 3ms, proxy.ts: 3ms, application-code: 127ms)
  └─ ƒ createShareLink({}) in 36ms src/app/actions.ts
 POST /api/secret-revelation 200 in 19ms (next.js: 1.4ms, proxy.ts: 3ms, application-code: 15ms)
 GET /r/[REDACTED]?edition=1beae947-b299-40f6-b60f-397503eb10dc 200 in 107ms (next.js: 2ms, proxy.ts: 2ms, application-code: 102ms)
 GET /r/[REDACTED]/csv?edition=1beae947-b299-40f6-b60f-397503eb10dc 200 in 21ms (next.js: 8ms, proxy.ts: 2ms, application-code: 10ms)
 GET /r/[REDACTED]/pdf?edition=1beae947-b299-40f6-b60f-397503eb10dc 200 in 71ms (next.js: 2ms, proxy.ts: 2ms, application-code: 66ms)
 GET /reports?notice=Report+created.+Reveal+its+URL+within+the+next+five+minutes.&reveal=report-url&revealId=83fc4e8a-8796-4cec-8f25-111a6df5b027 200 in 71ms (next.js: 2ms, proxy.ts: 3ms, application-code: 66ms)
 POST /reports?notice=Report%20created.%20Reveal%20its%20URL%20within%20the%20next%20five%20minutes.&reveal=report-url&revealId=aecc5bad-174e-4ddb-bac8-9c1edf2b7f16 200 in 106ms (next.js: 2ms, proxy.ts: 3ms, application-code: 101ms)
  └─ ƒ createShareLink({}) in 23ms src/app/actions.ts
 POST /api/secret-revelation 200 in 17ms (next.js: 1.5ms, proxy.ts: 2ms, application-code: 13ms)
 GET /r/[REDACTED]?edition=d609da46-a398-479f-a259-600dc718bf00 200 in 88ms (next.js: 4ms, proxy.ts: 1.8ms, application-code: 82ms)
 GET /r/[REDACTED]/csv?edition=d609da46-a398-479f-a259-600dc718bf00 200 in 26ms (next.js: 5ms, proxy.ts: 4ms, application-code: 18ms)
 GET /r/[REDACTED]/pdf?edition=d609da46-a398-479f-a259-600dc718bf00 200 in 75ms (next.js: 3ms, proxy.ts: 2ms, application-code: 70ms)
 GET /reports?notice=Report+created.+Reveal+its+URL+within+the+next+five+minutes.&reveal=report-url&revealId=7327c72e-0ed2-423a-b7d5-7bfaa0febaf9 200 in 83ms (next.js: 2ms, proxy.ts: 2ms, application-code: 78ms)
 POST /reports?notice=Report%20created.%20Reveal%20its%20URL%20within%20the%20next%20five%20minutes.&reveal=report-url&revealId=83fc4e8a-8796-4cec-8f25-111a6df5b027 200 in 116ms (next.js: 3ms, proxy.ts: 3ms, application-code: 110ms)
  └─ ƒ createShareLink({}) in 21ms src/app/actions.ts
 POST /api/secret-revelation 200 in 19ms (next.js: 1.7ms, proxy.ts: 3ms, application-code: 14ms)
 GET /r/[REDACTED]?edition=cb219f5f-4a2c-4bb7-9a32-139fed35e700 200 in 90ms (next.js: 3ms, proxy.ts: 2ms, application-code: 85ms)
 GET /r/[REDACTED]/csv?edition=cb219f5f-4a2c-4bb7-9a32-139fed35e700 200 in 16ms (next.js: 4ms, proxy.ts: 2ms, application-code: 10ms)
 GET /r/[REDACTED]/pdf?edition=cb219f5f-4a2c-4bb7-9a32-139fed35e700 200 in 73ms (next.js: 2ms, proxy.ts: 2ms, application-code: 68ms)
 GET /r/[REDACTED]?edition=fd67e7d7-77fa-4966-9214-32391a3609c8 200 in 82ms (next.js: 4ms, proxy.ts: 2ms, application-code: 76ms)
 GET /r/[REDACTED]/csv?edition=fd67e7d7-77fa-4966-9214-32391a3609c8 200 in 17ms (next.js: 3ms, proxy.ts: 4ms, application-code: 10ms)
 GET /r/[REDACTED]/pdf?edition=fd67e7d7-77fa-4966-9214-32391a3609c8 200 in 188ms (next.js: 4ms, proxy.ts: 1.8ms, application-code: 182ms)
 GET /reports?notice=Revision+published.+Previous+editions+remain+unchanged.&reveal=report-url&revealId=399dfdba-f4f0-4dbf-9270-e74dae09dfa8 200 in 88ms (next.js: 3ms, proxy.ts: 3ms, application-code: 83ms)
 POST /reports?notice=Report%20created.%20Reveal%20its%20URL%20within%20the%20next%20five%20minutes.&reveal=report-url&revealId=7327c72e-0ed2-423a-b7d5-7bfaa0febaf9 200 in 123ms (next.js: 2ms, proxy.ts: 3ms, application-code: 118ms)
  └─ ƒ reviseReportEdition({}) in 23ms src/app/actions.ts
 POST /api/secret-revelation 200 in 22ms (next.js: 3ms, proxy.ts: 3ms, application-code: 15ms)
 GET /r/[REDACTED]?edition=4dd4f46f-efd4-44c4-ad77-039a3135b7fa 200 in 96ms (next.js: 8ms, proxy.ts: 3ms, application-code: 84ms)
 GET /r/[REDACTED]/csv?edition=4dd4f46f-efd4-44c4-ad77-039a3135b7fa 200 in 23ms (next.js: 6ms, proxy.ts: 2ms, application-code: 16ms)
 GET /reports?error=Les+donn%C3%A9es+compl%C3%A8tes+de+cette+p%C3%A9riode+ne+sont+pas+disponibles.+Actualisez+l%E2%80%99historique+du+compte+avant+de+publier+ce+bilan. 200 in 104ms (next.js: 2ms, proxy.ts: 3ms, application-code: 99ms)
 POST /reports?notice=Revision%20published.%20Previous%20editions%20remain%20unchanged.&reveal=report-url&revealId=399dfdba-f4f0-4dbf-9270-e74dae09dfa8 200 in 131ms (next.js: 3ms, proxy.ts: 4ms, application-code: 124ms)
  └─ ƒ createShareLink({}) in 11ms src/app/actions.ts
 GET /r/[REDACTED]?edition=fd67e7d7-77fa-4966-9214-32391a3609c8 200 in 105ms (next.js: 4ms, proxy.ts: 2ms, application-code: 99ms)
 GET /r/[REDACTED]/pdf?edition=fd67e7d7-77fa-4966-9214-32391a3609c8 429 in 12ms (next.js: 4ms, proxy.ts: 2ms, application-code: 6ms)
 GET /r/[REDACTED]/csv?edition=fd67e7d7-77fa-4966-9214-32391a3609c8 404 in 9ms (next.js: 3ms, proxy.ts: 1.7ms, application-code: 4ms)
 GET /reports 200 in 147ms (next.js: 2.0ms, proxy.ts: 3ms, application-code: 142ms)
  ✓  2 [chromium] › e2e/report-editions-local.spec.ts:16:53 › published report editions › creates every period and preserves HTML PDF CSV through revision in en (6.9s)
 GET /settings 200 in 242ms (next.js: 5ms, proxy.ts: 3ms, application-code: 234ms)
 GET /api/auth/get-session 200 in 20ms (next.js: 5ms, proxy.ts: 3ms, application-code: 12ms)
 GET /api/auth/organization/list 200 in 22ms (next.js: 9ms, proxy.ts: 3ms, application-code: 9ms)
 GET /settings?notice=Cl%C3%A9+cr%C3%A9%C3%A9e.+R%C3%A9v%C3%A9lez-la+une+seule+fois+dans+les+cinq+prochaines+minutes.&reveal=api-key&revealId=6e7ccea9-e5d2-4fac-b0e4-576738167191 200 in 100ms (next.js: 2ms, proxy.ts: 3ms, application-code: 95ms)
 POST /settings 200 in 124ms (next.js: 2ms, proxy.ts: 2ms, application-code: 119ms)
  └─ ƒ createAgencyApiKey({}) in 13ms src/app/actions.ts
 POST /api/secret-revelation 404 in 26ms (next.js: 1.9ms, proxy.ts: 13ms, application-code: 11ms)
 GET /settings 200 in 223ms (next.js: 1.9ms, proxy.ts: 1.9ms, application-code: 219ms)
 GET /api/auth/get-session 200 in 23ms (next.js: 6ms, proxy.ts: 3ms, application-code: 14ms)
 GET /api/auth/organization/list 200 in 24ms (next.js: 10ms, proxy.ts: 3ms, application-code: 11ms)
 GET /settings?notice=Cl%C3%A9+cr%C3%A9%C3%A9e.+R%C3%A9v%C3%A9lez-la+une+seule+fois+dans+les+cinq+prochaines+minutes.&reveal=api-key&revealId=5e95a424-2632-4a51-80b8-b2c9fce7f2a4 200 in 82ms (next.js: 1.8ms, proxy.ts: 1.9ms, application-code: 78ms)
 POST /settings 200 in 103ms (next.js: 1.7ms, proxy.ts: 2ms, application-code: 99ms)
  └─ ƒ createAgencyApiKey({}) in 12ms src/app/actions.ts
 POST /api/secret-revelation 404 in 20ms (next.js: 2ms, proxy.ts: 1.8ms, application-code: 16ms)
 POST /api/secret-revelation 404 in 14ms (next.js: 1.3ms, proxy.ts: 1.7ms, application-code: 11ms)
 POST /api/secret-revelation 200 in 20ms (next.js: 1.9ms, proxy.ts: 2ms, application-code: 15ms)
 POST /api/secret-revelation 404 in 13ms (next.js: 1.5ms, proxy.ts: 2ms, application-code: 10ms)
 GET /settings 200 in 225ms (next.js: 1.9ms, proxy.ts: 1.7ms, application-code: 221ms)
 GET /api/auth/get-session 200 in 20ms (next.js: 5ms, proxy.ts: 3ms, application-code: 13ms)
 GET /api/auth/organization/list 200 in 22ms (next.js: 9ms, proxy.ts: 3ms, application-code: 11ms)
 GET /settings?notice=Cl%C3%A9+cr%C3%A9%C3%A9e.+R%C3%A9v%C3%A9lez-la+une+seule+fois+dans+les+cinq+prochaines+minutes.&reveal=api-key&revealId=892b5d17-9c3e-4caf-9d8c-123ca8790028 200 in 91ms (next.js: 1.8ms, proxy.ts: 1.8ms, application-code: 87ms)
 POST /settings 200 in 116ms (next.js: 2ms, proxy.ts: 2ms, application-code: 112ms)
  └─ ƒ createAgencyApiKey({}) in 12ms src/app/actions.ts
 POST /api/secret-revelation 404 in 18ms (next.js: 1.4ms, proxy.ts: 3ms, application-code: 13ms)
  ✘  3 [chromium] › e2e/secret-revelation-local.spec.ts:6:7 › secret revelation fr binds the pending value, recovers offline and refuses revoked authority (2.8s)
(node:73717) Warning: The 'NO_COLOR' env is ignored due to the 'FORCE_COLOR' env being set.
(Use `node --trace-warnings ...` to show where the warning was created)
 GET /settings 200 in 193ms (next.js: 2.0ms, proxy.ts: 3ms, application-code: 188ms)
 GET /api/auth/get-session 200 in 21ms (next.js: 5ms, proxy.ts: 3ms, application-code: 13ms)
 GET /api/auth/organization/list 200 in 23ms (next.js: 8ms, proxy.ts: 3ms, application-code: 11ms)
 GET /settings?notice=Cl%C3%A9+cr%C3%A9%C3%A9e.+R%C3%A9v%C3%A9lez-la+une+seule+fois+dans+les+cinq+prochaines+minutes.&reveal=api-key&revealId=6d5618cc-e166-4d03-b16a-1818254099ef 200 in 94ms (next.js: 2ms, proxy.ts: 2ms, application-code: 90ms)
 POST /settings 200 in 114ms (next.js: 2.0ms, proxy.ts: 2ms, application-code: 110ms)
  └─ ƒ createAgencyApiKey({}) in 10ms src/app/actions.ts
 POST /api/secret-revelation 404 in 20ms (next.js: 1.8ms, proxy.ts: 3ms, application-code: 15ms)
 GET /settings 200 in 209ms (next.js: 1.8ms, proxy.ts: 2ms, application-code: 205ms)
 GET /api/auth/get-session 200 in 22ms (next.js: 5ms, proxy.ts: 3ms, application-code: 14ms)
 GET /api/auth/organization/list 200 in 24ms (next.js: 11ms, proxy.ts: 3ms, application-code: 10ms)
 GET /settings?notice=Cl%C3%A9+cr%C3%A9%C3%A9e.+R%C3%A9v%C3%A9lez-la+une+seule+fois+dans+les+cinq+prochaines+minutes.&reveal=api-key&revealId=8694de8c-c3d1-44d0-aeb8-9f164254b3ed 200 in 93ms (next.js: 1.9ms, proxy.ts: 2ms, application-code: 89ms)
 POST /settings 200 in 119ms (next.js: 2.0ms, proxy.ts: 2ms, application-code: 115ms)
  └─ ƒ createAgencyApiKey({}) in 14ms src/app/actions.ts
 POST /api/secret-revelation 404 in 12ms (next.js: 1.5ms, proxy.ts: 2ms, application-code: 9ms)
 POST /api/secret-revelation 404 in 20ms (next.js: 1.4ms, proxy.ts: 8ms, application-code: 10ms)
 POST /api/secret-revelation 200 in 19ms (next.js: 1.8ms, proxy.ts: 3ms, application-code: 15ms)
 POST /api/secret-revelation 404 in 14ms (next.js: 1.3ms, proxy.ts: 2ms, application-code: 11ms)
 GET /settings 200 in 237ms (next.js: 1.8ms, proxy.ts: 1.6ms, application-code: 234ms)
 GET /api/auth/get-session 200 in 20ms (next.js: 6ms, proxy.ts: 3ms, application-code: 10ms)
 GET /api/auth/organization/list 200 in 21ms (next.js: 9ms, proxy.ts: 3ms, application-code: 9ms)
 GET /settings?notice=Cl%C3%A9+cr%C3%A9%C3%A9e.+R%C3%A9v%C3%A9lez-la+une+seule+fois+dans+les+cinq+prochaines+minutes.&reveal=api-key&revealId=aa1087a0-33a3-4313-8034-25e07b6f0502 200 in 94ms (next.js: 1.9ms, proxy.ts: 1.9ms, application-code: 90ms)
 POST /settings 200 in 116ms (next.js: 2ms, proxy.ts: 2ms, application-code: 112ms)
  └─ ƒ createAgencyApiKey({}) in 13ms src/app/actions.ts
 POST /api/secret-revelation 404 in 15ms (next.js: 3ms, proxy.ts: 3ms, application-code: 9ms)
  ✘  4 [chromium] › e2e/secret-revelation-local.spec.ts:6:7 › secret revelation en binds the pending value, recovers offline and refuses revoked authority (2.9s)
(node:73761) Warning: The 'NO_COLOR' env is ignored due to the 'FORCE_COLOR' env being set.
(Use `node --trace-warnings ...` to show where the warning was created)
 GET /settings 200 in 200ms (next.js: 2ms, proxy.ts: 2ms, application-code: 195ms)
 GET /api/auth/get-session 200 in 23ms (next.js: 5ms, proxy.ts: 4ms, application-code: 14ms)
 GET /api/auth/organization/list 200 in 24ms (next.js: 7ms, proxy.ts: 4ms, application-code: 12ms)
 GET /settings?notice=Cl%C3%A9+cr%C3%A9%C3%A9e.+R%C3%A9v%C3%A9lez-la+une+seule+fois+dans+les+cinq+prochaines+minutes.&reveal=api-key&revealId=a32e44bc-01cb-4a33-84cd-931efb544219 200 in 102ms (next.js: 2.0ms, proxy.ts: 2ms, application-code: 97ms)
 POST /settings 200 in 122ms (next.js: 2ms, proxy.ts: 2ms, application-code: 117ms)
  └─ ƒ createAgencyApiKey({}) in 10ms src/app/actions.ts
 POST /api/secret-revelation 200 in 25ms (next.js: 10ms, proxy.ts: 3ms, application-code: 13ms)
 POST /api/secret-revelation 404 in 18ms (next.js: 3ms, proxy.ts: 5ms, application-code: 11ms)
 GET /settings 200 in 211ms (next.js: 3ms, proxy.ts: 3ms, application-code: 205ms)
 GET /api/auth/get-session 200 in 33ms (next.js: 11ms, proxy.ts: 7ms, application-code: 15ms)
 GET /api/auth/organization/list 200 in 35ms (next.js: 13ms, proxy.ts: 10ms, application-code: 11ms)
 GET /settings?notice=Cl%C3%A9+API+r%C3%A9voqu%C3%A9e. 200 in 103ms (next.js: 2ms, proxy.ts: 3ms, application-code: 98ms)
 POST /settings 200 in 124ms (next.js: 5ms, proxy.ts: 3ms, application-code: 116ms)
  └─ ƒ revokeAgencyApiKey({}) in 6ms src/app/actions.ts
 GET /settings?notice=Canal+de+notification+ajout%C3%A9. 200 in 98ms (next.js: 2.0ms, proxy.ts: 3ms, application-code: 94ms)
 POST /settings?notice=Cl%C3%A9%20API%20r%C3%A9voqu%C3%A9e. 200 in 128ms (next.js: 2ms, proxy.ts: 3ms, application-code: 124ms)
  └─ ƒ createNotificationChannel({}) in 19ms src/app/actions.ts
 GET /settings?notice=Canal+d%C3%A9sactiv%C3%A9. 200 in 98ms (next.js: 2.0ms, proxy.ts: 2ms, application-code: 94ms)
 POST /settings?notice=Canal%20de%20notification%20ajout%C3%A9. 200 in 117ms (next.js: 1.8ms, proxy.ts: 3ms, application-code: 113ms)
  └─ ƒ disableNotificationChannel({}) in 10ms src/app/actions.ts
 GET /settings?notice=R%C3%A8gles+de+s%C3%A9curit%C3%A9+enregistr%C3%A9es. 200 in 85ms (next.js: 1.7ms, proxy.ts: 1.9ms, application-code: 82ms)
 POST /settings?notice=Canal%20d%C3%A9sactiv%C3%A9. 200 in 107ms (next.js: 1.9ms, proxy.ts: 2ms, application-code: 103ms)
  └─ ƒ updateSafetyRules({}) in 13ms src/app/actions.ts
 GET /settings?notice=Le+job+sera+r%C3%A9ex%C3%A9cut%C3%A9+par+le+prochain+worker+disponible. 200 in 96ms (next.js: 1.9ms, proxy.ts: 1.7ms, application-code: 92ms)
 POST /settings?notice=R%C3%A8gles%20de%20s%C3%A9curit%C3%A9%20enregistr%C3%A9es. 200 in 114ms (next.js: 2.0ms, proxy.ts: 3ms, application-code: 109ms)
  └─ ƒ retryDeadLetterJob({}) in 9ms src/app/actions.ts
 GET /settings 200 in 202ms (next.js: 1.8ms, proxy.ts: 2ms, application-code: 198ms)
 GET /api/auth/get-session 200 in 21ms (next.js: 5ms, proxy.ts: 3ms, application-code: 13ms)
 GET /api/auth/organization/list 200 in 22ms (next.js: 8ms, proxy.ts: 3ms, application-code: 11ms)
 GET /settings?error=Permission+required%3A+workspace%3Aadmin 200 in 56ms (next.js: 3ms, proxy.ts: 4ms, application-code: 50ms)
 POST /settings 200 in 82ms (next.js: 3ms, proxy.ts: 4ms, application-code: 75ms)
  └─ ƒ createNotificationChannel({}) in 10ms src/app/actions.ts
 GET /support?error=Vous+n%E2%80%99avez+plus+acc%C3%A8s+%C3%A0+cette+page.+Choisissez+une+rubrique+disponible+ou+contactez+un+administrateur. 200 in 64ms (next.js: 4ms, proxy.ts: 3ms, application-code: 57ms)
 GET /support?error=Vous+n%E2%80%99avez+plus+acc%C3%A8s+%C3%A0+cette+page.+Choisissez+une+rubrique+disponible+ou+contactez+un+administrateur. 200 in 51ms (next.js: 3ms, proxy.ts: 6ms, application-code: 42ms)
  ✓  5 [chromium] › e2e/security-actors-local.spec.ts:6:7 › security actor fr manages resources and rejects obsolete authority (3.6s)
 GET /settings 200 in 223ms (next.js: 2ms, proxy.ts: 2ms, application-code: 218ms)
 GET /api/auth/get-session 200 in 20ms (next.js: 5ms, proxy.ts: 3ms, application-code: 12ms)
 GET /api/auth/organization/list 200 in 21ms (next.js: 8ms, proxy.ts: 3ms, application-code: 10ms)
 GET /settings?notice=Cl%C3%A9+cr%C3%A9%C3%A9e.+R%C3%A9v%C3%A9lez-la+une+seule+fois+dans+les+cinq+prochaines+minutes.&reveal=api-key&revealId=0eee1e48-f655-489c-a295-ce26b386ddac 200 in 115ms (next.js: 3ms, proxy.ts: 2ms, application-code: 110ms)
 POST /settings 200 in 136ms (next.js: 2ms, proxy.ts: 4ms, application-code: 131ms)
  └─ ƒ createAgencyApiKey({}) in 9ms src/app/actions.ts
 POST /api/secret-revelation 200 in 18ms (next.js: 1.4ms, proxy.ts: 3ms, application-code: 14ms)
 POST /api/secret-revelation 404 in 11ms (next.js: 1.3ms, proxy.ts: 1.9ms, application-code: 7ms)
 GET /settings 200 in 232ms (next.js: 1.8ms, proxy.ts: 1.6ms, application-code: 229ms)
 GET /api/auth/get-session 200 in 21ms (next.js: 6ms, proxy.ts: 3ms, application-code: 12ms)
 GET /api/auth/organization/list 200 in 23ms (next.js: 9ms, proxy.ts: 3ms, application-code: 11ms)
 GET /settings?notice=Cl%C3%A9+API+r%C3%A9voqu%C3%A9e. 200 in 106ms (next.js: 1.8ms, proxy.ts: 3ms, application-code: 101ms)
 POST /settings 200 in 125ms (next.js: 2ms, proxy.ts: 4ms, application-code: 119ms)
  └─ ƒ revokeAgencyApiKey({}) in 6ms src/app/actions.ts
 GET /settings?notice=Canal+de+notification+ajout%C3%A9. 200 in 108ms (next.js: 1.7ms, proxy.ts: 2ms, application-code: 105ms)
 POST /settings?notice=Cl%C3%A9%20API%20r%C3%A9voqu%C3%A9e. 200 in 127ms (next.js: 2ms, proxy.ts: 2ms, application-code: 122ms)
  └─ ƒ createNotificationChannel({}) in 10ms src/app/actions.ts
 GET /settings?notice=Canal+d%C3%A9sactiv%C3%A9. 200 in 93ms (next.js: 2.0ms, proxy.ts: 3ms, application-code: 89ms)
 POST /settings?notice=Canal%20de%20notification%20ajout%C3%A9. 200 in 116ms (next.js: 2ms, proxy.ts: 3ms, application-code: 111ms)
  └─ ƒ disableNotificationChannel({}) in 11ms src/app/actions.ts
 GET /settings?notice=R%C3%A8gles+de+s%C3%A9curit%C3%A9+enregistr%C3%A9es. 200 in 101ms (next.js: 1.7ms, proxy.ts: 1.9ms, application-code: 97ms)
 POST /settings?notice=Canal%20d%C3%A9sactiv%C3%A9. 200 in 123ms (next.js: 2.0ms, proxy.ts: 3ms, application-code: 118ms)
  └─ ƒ updateSafetyRules({}) in 12ms src/app/actions.ts
 GET /settings?notice=Le+job+sera+r%C3%A9ex%C3%A9cut%C3%A9+par+le+prochain+worker+disponible. 200 in 106ms (next.js: 1.9ms, proxy.ts: 2.0ms, application-code: 102ms)
 POST /settings?notice=R%C3%A8gles%20de%20s%C3%A9curit%C3%A9%20enregistr%C3%A9es. 200 in 124ms (next.js: 1.7ms, proxy.ts: 2ms, application-code: 120ms)
  └─ ƒ retryDeadLetterJob({}) in 10ms src/app/actions.ts
 GET /settings 200 in 210ms (next.js: 1.7ms, proxy.ts: 2ms, application-code: 206ms)
 GET /api/auth/get-session 200 in 20ms (next.js: 5ms, proxy.ts: 2ms, application-code: 13ms)
 GET /api/auth/organization/list 200 in 22ms (next.js: 9ms, proxy.ts: 3ms, application-code: 10ms)
 GET /settings?error=Permission+required%3A+workspace%3Aadmin 200 in 49ms (next.js: 1.7ms, proxy.ts: 1.7ms, application-code: 46ms)
 POST /settings 200 in 70ms (next.js: 2ms, proxy.ts: 2ms, application-code: 65ms)
  └─ ƒ createNotificationChannel({}) in 10ms src/app/actions.ts
 GET /support?error=You+no+longer+have+access+to+this+page.+Choose+an+available+section+or+contact+an+administrator. 200 in 61ms (next.js: 3ms, proxy.ts: 2ms, application-code: 56ms)
 GET /support?error=You+no+longer+have+access+to+this+page.+Choose+an+available+section+or+contact+an+administrator. 200 in 58ms (next.js: 3ms, proxy.ts: 5ms, application-code: 50ms)
  ✓  6 [chromium] › e2e/security-actors-local.spec.ts:6:7 › security actor en manages resources and rejects obsolete authority (3.2s)


  1) [chromium] › e2e/secret-revelation-local.spec.ts:6:7 › secret revelation fr binds the pending value, recovers offline and refuses revoked authority 

    error: inconsistent types deduced for parameter $1

      49 |       await panel.screenshot({ path: test.info().outputPath(`secret-revelation-denied-${locale}.png`), caret: 'initial' })
      50 |       expect(await page.evaluate(() => document.documentElement.scrollWidth <= window.innerWidth)).toBe(true)
    > 51 |       await db.query('update workspaces set owner_user_id=$1,auth_owner_user_id=$1 where id=$2', [actor, workspaceId]); await db.query('update auth_members set role=$1 where id=$2', [member.role, member.id])
         |       ^
      52 |       await db.query('update api_keys set revoked_at=clock_timestamp() where id=$1', [keyIds[2]])
      53 |       await reveal.click(); await expect(page.locator('p[role="alert"]')).toBeVisible(); await untouched(third)
      54 |       expect(errors).toEqual([])
        at /Users/yoannandrieux/Projets/yodev-ads/web/node_modules/pg/lib/client.js:694:17
        at /Users/yoannandrieux/Projets/yodev-ads/web/e2e/secret-revelation-local.spec.ts:51:7

    Error Context: test-results/secret-revelation-local-se-d3cdb-d-refuses-revoked-authority-chromium/error-context.md

  2) [chromium] › e2e/secret-revelation-local.spec.ts:6:7 › secret revelation en binds the pending value, recovers offline and refuses revoked authority 

    error: inconsistent types deduced for parameter $1

      49 |       await panel.screenshot({ path: test.info().outputPath(`secret-revelation-denied-${locale}.png`), caret: 'initial' })
      50 |       expect(await page.evaluate(() => document.documentElement.scrollWidth <= window.innerWidth)).toBe(true)
    > 51 |       await db.query('update workspaces set owner_user_id=$1,auth_owner_user_id=$1 where id=$2', [actor, workspaceId]); await db.query('update auth_members set role=$1 where id=$2', [member.role, member.id])
         |       ^
      52 |       await db.query('update api_keys set revoked_at=clock_timestamp() where id=$1', [keyIds[2]])
      53 |       await reveal.click(); await expect(page.locator('p[role="alert"]')).toBeVisible(); await untouched(third)
      54 |       expect(errors).toEqual([])
        at /Users/yoannandrieux/Projets/yodev-ads/web/node_modules/pg/lib/client.js:694:17
        at /Users/yoannandrieux/Projets/yodev-ads/web/e2e/secret-revelation-local.spec.ts:51:7

    Error Context: test-results/secret-revelation-local-se-c1997-d-refuses-revoked-authority-chromium/error-context.md

  2 failed
    [chromium] › e2e/secret-revelation-local.spec.ts:6:7 › secret revelation fr binds the pending value, recovers offline and refuses revoked authority 
    [chromium] › e2e/secret-revelation-local.spec.ts:6:7 › secret revelation en binds the pending value, recovers offline and refuses revoked authority 
  4 passed (31.9s)
{"ok":true,"cleaned":"local-browser-fixtures"}
[?25h
