
> @yodev/ads@0.1.0 test:e2e:local
> node scripts/verify-local-browser.mjs e2e/secret-revelation-local.spec.ts

{"ok":true,"fixtureRoles":["owner","admin","strategist","analyst","client"],"foreignExportId":"80000000-0000-4000-8000-000000000003"}

> @yodev/ads@0.1.0 dev
> next dev --hostname 127.0.0.1 --port 3017

▲ Next.js 16.3.0 (Turbopack)
- Local:         http://127.0.0.1:3017
- Network:       http://127.0.0.1:3017
- Environments: .env.local
✓ Ready in 276ms
✓ Running next.config.ts took 368ms
- Experiments (use with caution):
  · clientTraceMetadata

 GET /sign-in 200 in 1118ms (next.js: 603ms, proxy.ts: 200ms, application-code: 315ms)
 POST /api/auth/sign-in/email 200 in 905ms (next.js: 733ms, proxy.ts: 8ms, application-code: 163ms)
 POST /api/auth/sign-in/email 200 in 87ms (next.js: 4ms, proxy.ts: 3ms, application-code: 80ms)
 POST /api/auth/sign-in/email 200 in 88ms (next.js: 10ms, proxy.ts: 2ms, application-code: 75ms)
 POST /api/auth/sign-in/email 200 in 77ms (next.js: 2ms, proxy.ts: 2ms, application-code: 73ms)
 POST /api/auth/sign-in/email 200 in 81ms (next.js: 2ms, proxy.ts: 3ms, application-code: 76ms)
 GET /dashboard 200 in 552ms (next.js: 192ms, proxy.ts: 3ms, application-code: 357ms)
 GET /settings 200 in 261ms (next.js: 31ms, proxy.ts: 2ms, application-code: 228ms)
 GET /billing 200 in 190ms (next.js: 13ms, proxy.ts: 2ms, application-code: 175ms)
 GET /support 200 in 134ms (next.js: 14ms, proxy.ts: 2ms, application-code: 118ms)
 GET /accounts 200 in 128ms (next.js: 16ms, proxy.ts: 1.8ms, application-code: 110ms)
 GET /history 200 in 135ms (next.js: 21ms, proxy.ts: 1.7ms, application-code: 113ms)
 GET /alerts 200 in 139ms (next.js: 19ms, proxy.ts: 1.9ms, application-code: 118ms)
 GET /tasks 200 in 150ms (next.js: 20ms, proxy.ts: 2ms, application-code: 128ms)
 GET /approvals 200 in 130ms (next.js: 22ms, proxy.ts: 2.0ms, application-code: 106ms)
 GET /reports 200 in 198ms (next.js: 19ms, proxy.ts: 1.9ms, application-code: 177ms)
 GET /audit 200 in 124ms (next.js: 20ms, proxy.ts: 2ms, application-code: 102ms)
 GET /agents 200 in 189ms (next.js: 18ms, proxy.ts: 1.8ms, application-code: 169ms)
 GET / 200 in 110ms (next.js: 22ms, proxy.ts: 1.9ms, application-code: 87ms)
 GET /privacy 200 in 50ms (next.js: 13ms, proxy.ts: 1.7ms, application-code: 35ms)
 GET /terms 200 in 46ms (next.js: 12ms, proxy.ts: 1.8ms, application-code: 33ms)
 GET /subprocessors 200 in 104ms (next.js: 40ms, proxy.ts: 1.9ms, application-code: 62ms)
 GET /status 200 in 98ms (next.js: 33ms, proxy.ts: 1.9ms, application-code: 63ms)
 GET /sign-in 200 in 33ms (next.js: 5ms, proxy.ts: 2.0ms, application-code: 27ms)
 GET /sign-up 200 in 303ms (next.js: 273ms, proxy.ts: 1.8ms, application-code: 28ms)
Local browser states ready in /var/folders/9h/sbxl7zl90j9_wc743xft5j8h0000gn/T/yodev-ads-browser-KnAEaI

Running 2 tests using 1 worker

(node:74560) Warning: The 'NO_COLOR' env is ignored due to the 'FORCE_COLOR' env being set.
(Use `node --trace-warnings ...` to show where the warning was created)
 GET /settings 200 in 263ms (next.js: 4ms, proxy.ts: 3ms, application-code: 256ms)
 GET /api/auth/get-session 200 in 27ms (next.js: 5ms, proxy.ts: 4ms, application-code: 17ms)
 GET /api/auth/organization/list 200 in 29ms (next.js: 9ms, proxy.ts: 4ms, application-code: 16ms)
 GET /settings?notice=Cl%C3%A9+cr%C3%A9%C3%A9e.+R%C3%A9v%C3%A9lez-la+une+seule+fois+dans+les+cinq+prochaines+minutes.&reveal=api-key&revealId=1993c6e6-874c-4445-bc1c-60799be6aec7 200 in 109ms (next.js: 2ms, proxy.ts: 3ms, application-code: 104ms)
 POST /settings 200 in 147ms (next.js: 1.9ms, proxy.ts: 6ms, application-code: 140ms)
  └─ ƒ createAgencyApiKey({}) in 18ms src/app/actions.ts
 POST /api/secret-revelation 404 in 144ms (next.js: 119ms, proxy.ts: 3ms, application-code: 22ms)
 GET /settings 200 in 214ms (next.js: 1.9ms, proxy.ts: 1.7ms, application-code: 211ms)
 GET /api/auth/get-session 200 in 26ms (next.js: 7ms, proxy.ts: 4ms, application-code: 15ms)
 GET /api/auth/organization/list 200 in 28ms (next.js: 11ms, proxy.ts: 4ms, application-code: 13ms)
 GET /settings?notice=Cl%C3%A9+cr%C3%A9%C3%A9e.+R%C3%A9v%C3%A9lez-la+une+seule+fois+dans+les+cinq+prochaines+minutes.&reveal=api-key&revealId=4e3388db-6acd-415a-8af2-e2dfa78289f6 200 in 85ms (next.js: 2.0ms, proxy.ts: 2ms, application-code: 81ms)
 POST /settings 200 in 111ms (next.js: 1.9ms, proxy.ts: 2ms, application-code: 106ms)
  └─ ƒ createAgencyApiKey({}) in 15ms src/app/actions.ts
 POST /api/secret-revelation 404 in 14ms (next.js: 1.4ms, proxy.ts: 3ms, application-code: 10ms)
 POST /api/secret-revelation 404 in 16ms (next.js: 1.4ms, proxy.ts: 2ms, application-code: 13ms)
 POST /api/secret-revelation 200 in 30ms (next.js: 5ms, proxy.ts: 3ms, application-code: 23ms)
 POST /api/secret-revelation 404 in 14ms (next.js: 1.3ms, proxy.ts: 1.7ms, application-code: 11ms)
 GET /settings 200 in 231ms (next.js: 1.6ms, proxy.ts: 1.6ms, application-code: 228ms)
 GET /api/auth/get-session 200 in 23ms (next.js: 8ms, proxy.ts: 3ms, application-code: 12ms)
 GET /api/auth/organization/list 200 in 25ms (next.js: 11ms, proxy.ts: 3ms, application-code: 11ms)
 GET /settings?notice=Cl%C3%A9+cr%C3%A9%C3%A9e.+R%C3%A9v%C3%A9lez-la+une+seule+fois+dans+les+cinq+prochaines+minutes.&reveal=api-key&revealId=687e3916-c4c7-4b63-aaa7-f15145d9b49b 200 in 95ms (next.js: 1.9ms, proxy.ts: 2ms, application-code: 91ms)
 POST /settings 200 in 120ms (next.js: 1.9ms, proxy.ts: 3ms, application-code: 116ms)
  └─ ƒ createAgencyApiKey({}) in 15ms src/app/actions.ts
 POST /api/secret-revelation 404 in 18ms (next.js: 2ms, proxy.ts: 3ms, application-code: 13ms)
 POST /api/secret-revelation 404 in 18ms (next.js: 1.0ms, proxy.ts: 3ms, application-code: 14ms)
  ✓  1 [chromium] › e2e/secret-revelation-local.spec.ts:6:7 › secret revelation fr binds the pending value, recovers offline and refuses revoked authority (3.6s)
 GET /settings 200 in 194ms (next.js: 1.7ms, proxy.ts: 3ms, application-code: 190ms)
 GET /api/auth/get-session 200 in 24ms (next.js: 6ms, proxy.ts: 3ms, application-code: 14ms)
 GET /api/auth/organization/list 200 in 27ms (next.js: 9ms, proxy.ts: 4ms, application-code: 14ms)
 GET /settings?notice=Cl%C3%A9+cr%C3%A9%C3%A9e.+R%C3%A9v%C3%A9lez-la+une+seule+fois+dans+les+cinq+prochaines+minutes.&reveal=api-key&revealId=fee61f20-caec-4503-b1e0-b08de2be7d40 200 in 106ms (next.js: 3ms, proxy.ts: 3ms, application-code: 101ms)
 POST /settings 200 in 133ms (next.js: 3ms, proxy.ts: 3ms, application-code: 128ms)
  └─ ƒ createAgencyApiKey({}) in 16ms src/app/actions.ts
 POST /api/secret-revelation 404 in 14ms (next.js: 1.3ms, proxy.ts: 2ms, application-code: 10ms)
 GET /settings 200 in 221ms (next.js: 1.6ms, proxy.ts: 1.8ms, application-code: 218ms)
 GET /api/auth/get-session 200 in 21ms (next.js: 7ms, proxy.ts: 3ms, application-code: 11ms)
 GET /api/auth/organization/list 200 in 23ms (next.js: 11ms, proxy.ts: 3ms, application-code: 9ms)
 GET /settings?notice=Cl%C3%A9+cr%C3%A9%C3%A9e.+R%C3%A9v%C3%A9lez-la+une+seule+fois+dans+les+cinq+prochaines+minutes.&reveal=api-key&revealId=e7d477c4-53c8-4c32-b77f-54778ee03f8b 200 in 106ms (next.js: 2.0ms, proxy.ts: 3ms, application-code: 101ms)
 POST /settings 200 in 137ms (next.js: 5ms, proxy.ts: 3ms, application-code: 129ms)
  └─ ƒ createAgencyApiKey({}) in 12ms src/app/actions.ts
 POST /api/secret-revelation 404 in 19ms (next.js: 1.5ms, proxy.ts: 2ms, application-code: 15ms)
 POST /api/secret-revelation 404 in 14ms (next.js: 1.2ms, proxy.ts: 1.9ms, application-code: 11ms)
 POST /api/secret-revelation 200 in 22ms (next.js: 1.8ms, proxy.ts: 4ms, application-code: 17ms)
 POST /api/secret-revelation 404 in 17ms (next.js: 1.9ms, proxy.ts: 3ms, application-code: 12ms)
 GET /settings 200 in 261ms (next.js: 2.0ms, proxy.ts: 2.0ms, application-code: 257ms)
 GET /api/auth/get-session 200 in 21ms (next.js: 5ms, proxy.ts: 4ms, application-code: 12ms)
 GET /api/auth/organization/list 200 in 23ms (next.js: 8ms, proxy.ts: 4ms, application-code: 10ms)
 GET /settings?notice=Cl%C3%A9+cr%C3%A9%C3%A9e.+R%C3%A9v%C3%A9lez-la+une+seule+fois+dans+les+cinq+prochaines+minutes.&reveal=api-key&revealId=07fd7c76-7643-4dba-a176-626107b73a3b 200 in 113ms (next.js: 2ms, proxy.ts: 3ms, application-code: 108ms)
 POST /settings 200 in 146ms (next.js: 1.9ms, proxy.ts: 3ms, application-code: 141ms)
  └─ ƒ createAgencyApiKey({}) in 19ms src/app/actions.ts
 POST /api/secret-revelation 404 in 20ms (next.js: 1.3ms, proxy.ts: 2ms, application-code: 16ms)
 POST /api/secret-revelation 404 in 18ms (next.js: 1.5ms, proxy.ts: 3ms, application-code: 13ms)
  ✓  2 [chromium] › e2e/secret-revelation-local.spec.ts:6:7 › secret revelation en binds the pending value, recovers offline and refuses revoked authority (2.6s)

  2 passed (6.8s)
{"ok":true,"cleaned":"local-browser-fixtures"}
[?25h
