
> @yodev/ads@0.1.0 test:e2e:local
> node scripts/verify-local-browser.mjs e2e/secret-revelation-local.spec.ts e2e/security-actors-local.spec.ts e2e/report-editions-local.spec.ts

{"ok":true,"fixtureRoles":["owner","admin","strategist","analyst","client"],"foreignExportId":"80000000-0000-4000-8000-000000000003"}

> @yodev/ads@0.1.0 dev
> next dev --hostname 127.0.0.1 --port 3017

▲ Next.js 16.3.0 (Turbopack)
- Local:         http://127.0.0.1:3017
- Network:       http://127.0.0.1:3017
- Environments: .env.local
✓ Ready in 266ms
✓ Running next.config.ts took 462ms
- Experiments (use with caution):
  · clientTraceMetadata

 GET /sign-in 200 in 2.0s (next.js: 1541ms, proxy.ts: 156ms, application-code: 331ms)
 POST /api/auth/sign-in/email 200 in 1081ms (next.js: 899ms, proxy.ts: 5ms, application-code: 177ms)
 POST /api/auth/sign-in/email 200 in 85ms (next.js: 4ms, proxy.ts: 2ms, application-code: 79ms)
 POST /api/auth/sign-in/email 200 in 81ms (next.js: 2ms, proxy.ts: 2ms, application-code: 77ms)
 POST /api/auth/sign-in/email 200 in 78ms (next.js: 2ms, proxy.ts: 2ms, application-code: 73ms)
 POST /api/auth/sign-in/email 200 in 86ms (next.js: 10ms, proxy.ts: 3ms, application-code: 74ms)
 GET /dashboard 200 in 553ms (next.js: 198ms, proxy.ts: 2ms, application-code: 352ms)
 GET /settings 200 in 258ms (next.js: 30ms, proxy.ts: 2ms, application-code: 226ms)
 GET /billing 200 in 162ms (next.js: 13ms, proxy.ts: 2ms, application-code: 146ms)
 GET /support 200 in 141ms (next.js: 14ms, proxy.ts: 2ms, application-code: 125ms)
 GET /accounts 200 in 120ms (next.js: 16ms, proxy.ts: 1.9ms, application-code: 102ms)
 GET /history 200 in 142ms (next.js: 21ms, proxy.ts: 1.8ms, application-code: 120ms)
 GET /alerts 200 in 149ms (next.js: 21ms, proxy.ts: 1.9ms, application-code: 126ms)
 GET /tasks 200 in 147ms (next.js: 21ms, proxy.ts: 1.7ms, application-code: 123ms)
 GET /approvals 200 in 131ms (next.js: 22ms, proxy.ts: 1.8ms, application-code: 108ms)
 GET /reports 200 in 199ms (next.js: 20ms, proxy.ts: 1.9ms, application-code: 177ms)
 GET /audit 200 in 131ms (next.js: 19ms, proxy.ts: 1.9ms, application-code: 110ms)
 GET /agents 200 in 179ms (next.js: 18ms, proxy.ts: 1.8ms, application-code: 159ms)
 GET / 200 in 102ms (next.js: 17ms, proxy.ts: 1.9ms, application-code: 83ms)
 GET /privacy 200 in 53ms (next.js: 13ms, proxy.ts: 1.9ms, application-code: 38ms)
 GET /terms 200 in 54ms (next.js: 11ms, proxy.ts: 2ms, application-code: 41ms)
 GET /subprocessors 200 in 100ms (next.js: 40ms, proxy.ts: 2.0ms, application-code: 58ms)
 GET /status 200 in 140ms (next.js: 32ms, proxy.ts: 1.7ms, application-code: 107ms)
 GET /sign-in 200 in 37ms (next.js: 5ms, proxy.ts: 2ms, application-code: 30ms)
 GET /sign-up 200 in 313ms (next.js: 284ms, proxy.ts: 2ms, application-code: 27ms)
Local browser states ready in /var/folders/9h/sbxl7zl90j9_wc743xft5j8h0000gn/T/yodev-ads-browser-xvBddy

Running 6 tests using 1 worker

(node:70319) Warning: The 'NO_COLOR' env is ignored due to the 'FORCE_COLOR' env being set.
(Use `node --trace-warnings ...` to show where the warning was created)
 GET /reports 200 in 140ms (next.js: 1.8ms, proxy.ts: 2ms, application-code: 136ms)
 GET /api/auth/get-session 200 in 26ms (next.js: 7ms, proxy.ts: 3ms, application-code: 16ms)
 GET /api/auth/organization/list 200 in 31ms (next.js: 12ms, proxy.ts: 3ms, application-code: 16ms)
 POST /reports 200 in 79ms (next.js: 2ms, proxy.ts: 3ms, application-code: 74ms)
  └─ ƒ setCookieConsent({}) in 3ms src/app/preferences-actions.ts
 GET /reports?notice=Rapport+cr%C3%A9%C3%A9.+R%C3%A9v%C3%A9lez+son+URL+dans+les+cinq+prochaines+minutes.&reveal=report-url&revealId=4fb18956-1212-44a4-b289-35f782802ed1 200 in 88ms (next.js: 2ms, proxy.ts: 2ms, application-code: 83ms)
 POST /reports 200 in 130ms (next.js: 3ms, proxy.ts: 4ms, application-code: 124ms)
  └─ ƒ createShareLink({}) in 26ms src/app/actions.ts
 POST /api/secret-revelation 404 in 159ms (next.js: 126ms, proxy.ts: 3ms, application-code: 30ms)
  ✘  1 [chromium] › e2e/report-editions-local.spec.ts:16:53 › published report editions › creates every period and preserves HTML PDF CSV through revision in fr (16.3s)
  -  2 [chromium] › e2e/report-editions-local.spec.ts:16:53 › published report editions › creates every period and preserves HTML PDF CSV through revision in en
(node:71695) Warning: The 'NO_COLOR' env is ignored due to the 'FORCE_COLOR' env being set.
(Use `node --trace-warnings ...` to show where the warning was created)
 GET /settings 200 in 232ms (next.js: 10ms, proxy.ts: 2ms, application-code: 220ms)
 GET /api/auth/get-session 200 in 29ms (next.js: 10ms, proxy.ts: 4ms, application-code: 15ms)
 GET /api/auth/organization/list 200 in 33ms (next.js: 14ms, proxy.ts: 6ms, application-code: 13ms)
 GET /settings?notice=Cl%C3%A9+cr%C3%A9%C3%A9e.+R%C3%A9v%C3%A9lez-la+une+seule+fois+dans+les+cinq+prochaines+minutes.&reveal=api-key&revealId=83bbcd40-d8f6-4cb5-a7d2-7dea04326f3f 200 in 103ms (next.js: 1.7ms, proxy.ts: 2ms, application-code: 99ms)
 POST /settings 200 in 130ms (next.js: 2ms, proxy.ts: 3ms, application-code: 125ms)
  └─ ƒ createAgencyApiKey({}) in 14ms src/app/actions.ts
  ✘  3 [chromium] › e2e/secret-revelation-local.spec.ts:6:7 › secret revelation fr binds the pending value, recovers offline and refuses revoked authority (1.0s)
(node:71718) Warning: The 'NO_COLOR' env is ignored due to the 'FORCE_COLOR' env being set.
(Use `node --trace-warnings ...` to show where the warning was created)
 GET /settings 200 in 232ms (next.js: 1.7ms, proxy.ts: 3ms, application-code: 227ms)
 GET /api/auth/get-session 200 in 25ms (next.js: 7ms, proxy.ts: 4ms, application-code: 15ms)
 GET /api/auth/organization/list 200 in 27ms (next.js: 10ms, proxy.ts: 4ms, application-code: 13ms)
 GET /settings?notice=Cl%C3%A9+cr%C3%A9%C3%A9e.+R%C3%A9v%C3%A9lez-la+une+seule+fois+dans+les+cinq+prochaines+minutes.&reveal=api-key&revealId=6c9ee20c-93a4-40e6-b102-699f6b62aada 200 in 103ms (next.js: 1.9ms, proxy.ts: 3ms, application-code: 98ms)
 POST /settings 200 in 132ms (next.js: 2ms, proxy.ts: 4ms, application-code: 125ms)
  └─ ƒ createAgencyApiKey({}) in 15ms src/app/actions.ts
  ✘  4 [chromium] › e2e/secret-revelation-local.spec.ts:6:7 › secret revelation en binds the pending value, recovers offline and refuses revoked authority (928ms)
(node:71738) Warning: The 'NO_COLOR' env is ignored due to the 'FORCE_COLOR' env being set.
(Use `node --trace-warnings ...` to show where the warning was created)
 GET /settings 200 in 212ms (next.js: 1.7ms, proxy.ts: 3ms, application-code: 208ms)
 GET /api/auth/get-session 200 in 23ms (next.js: 5ms, proxy.ts: 4ms, application-code: 14ms)
 GET /api/auth/organization/list 200 in 24ms (next.js: 8ms, proxy.ts: 3ms, application-code: 13ms)
 GET /settings?notice=Cl%C3%A9+cr%C3%A9%C3%A9e.+R%C3%A9v%C3%A9lez-la+une+seule+fois+dans+les+cinq+prochaines+minutes.&reveal=api-key&revealId=40007b2f-a5db-4d1c-923f-3905702d0cde 200 in 107ms (next.js: 2ms, proxy.ts: 3ms, application-code: 102ms)
 POST /settings 200 in 126ms (next.js: 2.0ms, proxy.ts: 3ms, application-code: 122ms)
  └─ ƒ createAgencyApiKey({}) in 10ms src/app/actions.ts
 POST /api/secret-revelation 200 in 29ms (next.js: 7ms, proxy.ts: 3ms, application-code: 19ms)
 POST /api/secret-revelation 404 in 14ms (next.js: 1.8ms, proxy.ts: 3ms, application-code: 9ms)
 GET /settings 200 in 207ms (next.js: 1.9ms, proxy.ts: 2ms, application-code: 203ms)
 GET /api/auth/get-session 200 in 24ms (next.js: 10ms, proxy.ts: 3ms, application-code: 11ms)
 GET /api/auth/organization/list 200 in 25ms (next.js: 5ms, proxy.ts: 3ms, application-code: 17ms)
 GET /settings?notice=Cl%C3%A9+API+r%C3%A9voqu%C3%A9e. 200 in 104ms (next.js: 8ms, proxy.ts: 1.8ms, application-code: 94ms)
 POST /settings 200 in 129ms (next.js: 2ms, proxy.ts: 3ms, application-code: 124ms)
  └─ ƒ revokeAgencyApiKey({}) in 10ms src/app/actions.ts
 GET /settings?notice=Canal+de+notification+ajout%C3%A9. 200 in 108ms (next.js: 1.7ms, proxy.ts: 3ms, application-code: 104ms)
 POST /settings?notice=Cl%C3%A9%20API%20r%C3%A9voqu%C3%A9e. 200 in 129ms (next.js: 3ms, proxy.ts: 3ms, application-code: 124ms)
  └─ ƒ createNotificationChannel({}) in 10ms src/app/actions.ts
 GET /settings?notice=Canal+d%C3%A9sactiv%C3%A9. 200 in 93ms (next.js: 2ms, proxy.ts: 2ms, application-code: 88ms)
 POST /settings?notice=Canal%20de%20notification%20ajout%C3%A9. 200 in 112ms (next.js: 2.0ms, proxy.ts: 3ms, application-code: 108ms)
  └─ ƒ disableNotificationChannel({}) in 10ms src/app/actions.ts
 GET /settings?notice=R%C3%A8gles+de+s%C3%A9curit%C3%A9+enregistr%C3%A9es. 200 in 94ms (next.js: 1.5ms, proxy.ts: 2.0ms, application-code: 91ms)
 POST /settings?notice=Canal%20d%C3%A9sactiv%C3%A9. 200 in 117ms (next.js: 3ms, proxy.ts: 2ms, application-code: 112ms)
  └─ ƒ updateSafetyRules({}) in 13ms src/app/actions.ts
 GET /settings?notice=Le+job+sera+r%C3%A9ex%C3%A9cut%C3%A9+par+le+prochain+worker+disponible. 200 in 91ms (next.js: 1.9ms, proxy.ts: 2ms, application-code: 87ms)
 POST /settings?notice=R%C3%A8gles%20de%20s%C3%A9curit%C3%A9%20enregistr%C3%A9es. 200 in 111ms (next.js: 3ms, proxy.ts: 3ms, application-code: 105ms)
  └─ ƒ retryDeadLetterJob({}) in 9ms src/app/actions.ts
 GET /settings 200 in 208ms (next.js: 1.8ms, proxy.ts: 1.9ms, application-code: 205ms)
 GET /api/auth/get-session 200 in 21ms (next.js: 5ms, proxy.ts: 3ms, application-code: 14ms)
 GET /api/auth/organization/list 200 in 23ms (next.js: 9ms, proxy.ts: 3ms, application-code: 11ms)
 GET /settings?error=Permission+required%3A+workspace%3Aadmin 200 in 68ms (next.js: 3ms, proxy.ts: 1.9ms, application-code: 63ms)
 POST /settings 200 in 84ms (next.js: 2ms, proxy.ts: 4ms, application-code: 78ms)
  └─ ƒ createNotificationChannel({}) in 5ms src/app/actions.ts
 GET /support?error=Vous+n%E2%80%99avez+plus+acc%C3%A8s+%C3%A0+cette+page.+Choisissez+une+rubrique+disponible+ou+contactez+un+administrateur. 200 in 78ms (next.js: 14ms, proxy.ts: 3ms, application-code: 61ms)
 GET /support?error=Vous+n%E2%80%99avez+plus+acc%C3%A8s+%C3%A0+cette+page.+Choisissez+une+rubrique+disponible+ou+contactez+un+administrateur. 200 in 56ms (next.js: 5ms, proxy.ts: 7ms, application-code: 44ms)
  ✓  5 [chromium] › e2e/security-actors-local.spec.ts:6:7 › security actor fr manages resources and rejects obsolete authority (3.7s)
 GET /settings 200 in 222ms (next.js: 6ms, proxy.ts: 3ms, application-code: 212ms)
 GET /api/auth/get-session 200 in 19ms (next.js: 5ms, proxy.ts: 3ms, application-code: 11ms)
 GET /api/auth/organization/list 200 in 22ms (next.js: 9ms, proxy.ts: 3ms, application-code: 10ms)
 GET /settings?notice=Cl%C3%A9+cr%C3%A9%C3%A9e.+R%C3%A9v%C3%A9lez-la+une+seule+fois+dans+les+cinq+prochaines+minutes.&reveal=api-key&revealId=56b788b1-4a92-4f9b-9759-44b6d247a3f9 200 in 114ms (next.js: 2ms, proxy.ts: 2ms, application-code: 110ms)
 POST /settings 200 in 138ms (next.js: 1.9ms, proxy.ts: 3ms, application-code: 132ms)
  └─ ƒ createAgencyApiKey({}) in 12ms src/app/actions.ts
 POST /api/secret-revelation 200 in 18ms (next.js: 1.5ms, proxy.ts: 3ms, application-code: 14ms)
 POST /api/secret-revelation 404 in 11ms (next.js: 1.2ms, proxy.ts: 3ms, application-code: 7ms)
 GET /settings 200 in 236ms (next.js: 2ms, proxy.ts: 2.0ms, application-code: 232ms)
 GET /api/auth/get-session 200 in 21ms (next.js: 6ms, proxy.ts: 3ms, application-code: 12ms)
 GET /api/auth/organization/list 200 in 23ms (next.js: 10ms, proxy.ts: 3ms, application-code: 10ms)
 GET /settings?notice=Cl%C3%A9+API+r%C3%A9voqu%C3%A9e. 200 in 99ms (next.js: 1.8ms, proxy.ts: 2ms, application-code: 95ms)
 POST /settings 200 in 119ms (next.js: 1.7ms, proxy.ts: 5ms, application-code: 112ms)
  └─ ƒ revokeAgencyApiKey({}) in 7ms src/app/actions.ts
 GET /settings?notice=Canal+de+notification+ajout%C3%A9. 200 in 99ms (next.js: 1.8ms, proxy.ts: 1.8ms, application-code: 95ms)
 POST /settings?notice=Cl%C3%A9%20API%20r%C3%A9voqu%C3%A9e. 200 in 128ms (next.js: 2ms, proxy.ts: 3ms, application-code: 123ms)
  └─ ƒ createNotificationChannel({}) in 19ms src/app/actions.ts
 GET /settings?notice=Canal+d%C3%A9sactiv%C3%A9. 200 in 106ms (next.js: 2ms, proxy.ts: 1.9ms, application-code: 101ms)
 POST /settings?notice=Canal%20de%20notification%20ajout%C3%A9. 200 in 125ms (next.js: 2ms, proxy.ts: 2ms, application-code: 120ms)
  └─ ƒ disableNotificationChannel({}) in 10ms src/app/actions.ts
 GET /settings?notice=R%C3%A8gles+de+s%C3%A9curit%C3%A9+enregistr%C3%A9es. 200 in 93ms (next.js: 1.8ms, proxy.ts: 2ms, application-code: 89ms)
 POST /settings?notice=Canal%20d%C3%A9sactiv%C3%A9. 200 in 114ms (next.js: 2ms, proxy.ts: 2ms, application-code: 109ms)
  └─ ƒ updateSafetyRules({}) in 11ms src/app/actions.ts
 GET /settings?notice=Le+job+sera+r%C3%A9ex%C3%A9cut%C3%A9+par+le+prochain+worker+disponible. 200 in 90ms (next.js: 1.8ms, proxy.ts: 1.9ms, application-code: 87ms)
 POST /settings?notice=R%C3%A8gles%20de%20s%C3%A9curit%C3%A9%20enregistr%C3%A9es. 200 in 107ms (next.js: 1.7ms, proxy.ts: 2ms, application-code: 103ms)
  └─ ƒ retryDeadLetterJob({}) in 8ms src/app/actions.ts
 GET /settings 200 in 200ms (next.js: 1.7ms, proxy.ts: 2ms, application-code: 197ms)
 GET /api/auth/get-session 200 in 21ms (next.js: 6ms, proxy.ts: 3ms, application-code: 12ms)
 GET /api/auth/organization/list 200 in 24ms (next.js: 8ms, proxy.ts: 3ms, application-code: 12ms)
 GET /settings?error=Permission+required%3A+workspace%3Aadmin 200 in 56ms (next.js: 1.7ms, proxy.ts: 4ms, application-code: 50ms)
 POST /settings 200 in 74ms (next.js: 3ms, proxy.ts: 2ms, application-code: 68ms)
  └─ ƒ createNotificationChannel({}) in 7ms src/app/actions.ts
 GET /support?error=You+no+longer+have+access+to+this+page.+Choose+an+available+section+or+contact+an+administrator. 200 in 64ms (next.js: 2ms, proxy.ts: 2ms, application-code: 60ms)
 GET /support?error=You+no+longer+have+access+to+this+page.+Choose+an+available+section+or+contact+an+administrator. 200 in 49ms (next.js: 5ms, proxy.ts: 6ms, application-code: 38ms)
  ✓  6 [chromium] › e2e/security-actors-local.spec.ts:6:7 › security actor en manages resources and rejects obsolete authority (3.1s)


  1) [chromium] › e2e/report-editions-local.spec.ts:16:53 › published report editions › creates every period and preserves HTML PDF CSV through revision in fr 

    Error: expect(locator).toHaveValue(expected) failed

    Locator: locator('input[readonly]').filter({ visible: true })
    Expected pattern: /\/r\/.+\?edition=/
    Timeout: 15000ms
    Error: element(s) not found

    Call log:
      - Expect "toHaveValue" with timeout 15000ms
      - waiting for locator('input[readonly]').filter({ visible: true })


      54 |           await page.getByRole('button', { name: locale === 'en' ? 'Reveal link now' : 'Révéler le lien maintenant', exact: true }).click()
      55 |           const revealed = page.locator('input[readonly]').filter({ visible: true })
    > 56 |           await expect(revealed).toHaveValue(/\/r\/.+\?edition=/)
         |                                  ^
      57 |           const reportUrl = await revealed.inputValue()
      58 |           const editionId = new URL(reportUrl).searchParams.get('edition')!
      59 |           await publicPage.goto(reportUrl)
        at /Users/yoannandrieux/Projets/yodev-ads/web/e2e/report-editions-local.spec.ts:56:34

    Error Context: test-results/report-editions-local-publ-9c220--CSV-through-revision-in-fr-chromium/error-context.md

    Error Context: test-results/report-editions-local-publ-9c220--CSV-through-revision-in-fr-chromium/error-context.md

  2) [chromium] › e2e/secret-revelation-local.spec.ts:6:7 › secret revelation fr binds the pending value, recovers offline and refuses revoked authority 

    Error: expect(locator).toContainText(expected) failed

    Locator: getByRole('alert')
    Expected substring: "La réponse n’a pas pu"
    Error: strict mode violation: getByRole('alert') resolved to 2 elements:
        1) <p role="alert" class="mt-2 text-xs text-red-700">La réponse n’a pas pu être reçue. Réessayez ; si …</p> aka getByText('La réponse n’a pas pu être re')
        2) <div role="alert" aria-live="assertive" id="__next-route-announcer__">Réglages</div> aka locator('[id="__next-route-announcer__"]')

    Call log:
      - Expect "toContainText" with timeout 15000ms
      - waiting for getByRole('alert')
        - locator resolved to <div role="alert" aria-live="assertive" id="__next-route-announcer__">Réglages</div>
        - unexpected value "Réglages"


      31 |       const first = await create(1)
      32 |       await page.route('**/api/secret-revelation', (route) => route.abort('failed'), { times: 1 })
    > 33 |       await reveal.click(); await expect(page.getByRole('alert')).toContainText(locale === 'fr' ? 'La réponse n’a pas pu' : 'The response could not')
         |                                                                   ^
      34 |       await expect(reveal).toBeEnabled(); await untouched(first)
      35 |       expect((await page.request.post('/api/secret-revelation', { data: { workspaceId: randomUUID(), revelationId: first, kind: 'api_key' } })).status()).toBe(404)
      36 |       const second = await create(2)
        at /Users/yoannandrieux/Projets/yodev-ads/web/e2e/secret-revelation-local.spec.ts:33:67

    Error Context: test-results/secret-revelation-local-se-d3cdb-d-refuses-revoked-authority-chromium/error-context.md

  3) [chromium] › e2e/secret-revelation-local.spec.ts:6:7 › secret revelation en binds the pending value, recovers offline and refuses revoked authority 

    Error: expect(locator).toContainText(expected) failed

    Locator: getByRole('alert')
    Expected substring: "The response could not"
    Error: strict mode violation: getByRole('alert') resolved to 2 elements:
        1) <p role="alert" class="mt-2 text-xs text-red-700">The response could not be received. Try again; if…</p> aka getByText('The response could not be')
        2) <div role="alert" aria-live="assertive" id="__next-route-announcer__">Settings</div> aka locator('[id="__next-route-announcer__"]')

    Call log:
      - Expect "toContainText" with timeout 15000ms
      - waiting for getByRole('alert')
        - locator resolved to <div role="alert" aria-live="assertive" id="__next-route-announcer__">Settings</div>
        - unexpected value "Settings"


      31 |       const first = await create(1)
      32 |       await page.route('**/api/secret-revelation', (route) => route.abort('failed'), { times: 1 })
    > 33 |       await reveal.click(); await expect(page.getByRole('alert')).toContainText(locale === 'fr' ? 'La réponse n’a pas pu' : 'The response could not')
         |                                                                   ^
      34 |       await expect(reveal).toBeEnabled(); await untouched(first)
      35 |       expect((await page.request.post('/api/secret-revelation', { data: { workspaceId: randomUUID(), revelationId: first, kind: 'api_key' } })).status()).toBe(404)
      36 |       const second = await create(2)
        at /Users/yoannandrieux/Projets/yodev-ads/web/e2e/secret-revelation-local.spec.ts:33:67

    Error Context: test-results/secret-revelation-local-se-c1997-d-refuses-revoked-authority-chromium/error-context.md

  3 failed
    [chromium] › e2e/report-editions-local.spec.ts:16:53 › published report editions › creates every period and preserves HTML PDF CSV through revision in fr 
    [chromium] › e2e/secret-revelation-local.spec.ts:6:7 › secret revelation fr binds the pending value, recovers offline and refuses revoked authority 
    [chromium] › e2e/secret-revelation-local.spec.ts:6:7 › secret revelation en binds the pending value, recovers offline and refuses revoked authority 
  1 did not run
  2 passed (26.8s)
{"ok":true,"cleaned":"local-browser-fixtures"}
[?25h
