
> @yodev/ads@0.1.0 test:e2e:local
> node scripts/verify-local-browser.mjs --grep analysis evidence|operations counts|stored analytics remain

{"ok":true,"fixtureRoles":["owner","admin","strategist","analyst","client"],"foreignExportId":"80000000-0000-4000-8000-000000000003"}

> @yodev/ads@0.1.0 dev
> next dev --hostname 127.0.0.1 --port 3017

▲ Next.js 16.3.0 (Turbopack)
- Local:         http://127.0.0.1:3017
- Network:       http://127.0.0.1:3017
- Environments: .env.local
✓ Ready in 330ms
✓ Running next.config.ts took 450ms
- Experiments (use with caution):
  · clientTraceMetadata

 GET /sign-in 200 in 2.5s (next.js: 1994ms, proxy.ts: 140ms, application-code: 322ms)
 POST /api/auth/sign-in/email 200 in 890ms (next.js: 727ms, proxy.ts: 3ms, application-code: 160ms)
 POST /api/auth/sign-in/email 200 in 84ms (next.js: 3ms, proxy.ts: 2ms, application-code: 79ms)
 POST /api/auth/sign-in/email 200 in 84ms (next.js: 3ms, proxy.ts: 2ms, application-code: 79ms)
 POST /api/auth/sign-in/email 200 in 77ms (next.js: 2ms, proxy.ts: 2ms, application-code: 72ms)
 POST /api/auth/sign-in/email 200 in 81ms (next.js: 9ms, proxy.ts: 2ms, application-code: 70ms)
 GET /dashboard 200 in 521ms (next.js: 187ms, proxy.ts: 2ms, application-code: 331ms)
 GET /settings 200 in 224ms (next.js: 28ms, proxy.ts: 2ms, application-code: 193ms)
 GET /billing 200 in 163ms (next.js: 14ms, proxy.ts: 2ms, application-code: 147ms)
 GET /support 200 in 158ms (next.js: 13ms, proxy.ts: 2ms, application-code: 143ms)
 GET /accounts 200 in 240ms (next.js: 13ms, proxy.ts: 2ms, application-code: 224ms)
 GET / 200 in 149ms (next.js: 29ms, proxy.ts: 40ms, application-code: 80ms)
 GET /history 200 in 227ms (next.js: 64ms, proxy.ts: 8ms, application-code: 155ms)
 GET /icon?a62dacc6b033a714 200 in 191ms (next.js: 94ms, proxy.ts: 3ms, application-code: 95ms)
 GET /alerts 200 in 265ms (next.js: 34ms, proxy.ts: 4ms, application-code: 227ms)
 GET /tasks 200 in 154ms (next.js: 15ms, proxy.ts: 2ms, application-code: 136ms)
 GET /approvals 200 in 119ms (next.js: 15ms, proxy.ts: 2ms, application-code: 102ms)
 GET /reports 200 in 164ms (next.js: 15ms, proxy.ts: 1.7ms, application-code: 147ms)
 GET /audit 200 in 122ms (next.js: 14ms, proxy.ts: 6ms, application-code: 101ms)
 GET /agents 200 in 169ms (next.js: 13ms, proxy.ts: 1.9ms, application-code: 154ms)
 GET / 200 in 73ms (next.js: 1.4ms, proxy.ts: 1.9ms, application-code: 70ms)
 GET /privacy 200 in 49ms (next.js: 11ms, proxy.ts: 1.9ms, application-code: 36ms)
 GET /terms 200 in 44ms (next.js: 10ms, proxy.ts: 1.7ms, application-code: 32ms)
 GET /subprocessors 200 in 90ms (next.js: 26ms, proxy.ts: 1.8ms, application-code: 61ms)
 GET /status 200 in 95ms (next.js: 22ms, proxy.ts: 1.9ms, application-code: 71ms)
 GET /sign-in 200 in 33ms (next.js: 4ms, proxy.ts: 1.8ms, application-code: 27ms)
 GET /sign-up 200 in 300ms (next.js: 271ms, proxy.ts: 1.6ms, application-code: 28ms)
Local browser states ready in /var/folders/9h/sbxl7zl90j9_wc743xft5j8h0000gn/T/yodev-ads-browser-2L2QRS

Running 5 tests using 1 worker

(node:12173) Warning: The 'NO_COLOR' env is ignored due to the 'FORCE_COLOR' env being set.
(Use `node --trace-warnings ...` to show where the warning was created)
 GET /operations 200 in 243ms (next.js: 22ms, proxy.ts: 2ms, application-code: 219ms)
 GET /api/auth/get-session 200 in 23ms (next.js: 5ms, proxy.ts: 3ms, application-code: 15ms)
 GET /api/auth/organization/list 200 in 26ms (next.js: 10ms, proxy.ts: 3ms, application-code: 13ms)
  ✓  1 [chromium] › e2e/activation-local.spec.ts:6:7 › operations counts published reports and excludes legacy or future activation (911ms)
 GET /analysis?client=8edefa41-6abb-434b-afad-7f5687e3a9a8 200 in 161ms (next.js: 21ms, proxy.ts: 2ms, application-code: 137ms)
 GET /api/auth/get-session 200 in 116ms (next.js: 27ms, proxy.ts: 26ms, application-code: 63ms)
 GET /api/auth/organization/list 200 in 115ms (next.js: 50ms, proxy.ts: 24ms, application-code: 41ms)
 GET /analysis?client=8edefa41-6abb-434b-afad-7f5687e3a9a8 200 in 243ms (next.js: 3ms, proxy.ts: 3ms, application-code: 237ms)
 GET /api/auth/get-session 200 in 86ms (next.js: 51ms, proxy.ts: 13ms, application-code: 22ms)
 GET /api/auth/organization/list 200 in 90ms (next.js: 53ms, proxy.ts: 13ms, application-code: 23ms)
 GET /analysis?client=8edefa41-6abb-434b-afad-7f5687e3a9a8 200 in 206ms (next.js: 1.9ms, proxy.ts: 3ms, application-code: 201ms)
 GET /api/auth/get-session 200 in 83ms (next.js: 43ms, proxy.ts: 19ms, application-code: 21ms)
 GET /api/auth/organization/list 200 in 85ms (next.js: 45ms, proxy.ts: 19ms, application-code: 21ms)
 GET /analysis?client=8edefa41-6abb-434b-afad-7f5687e3a9a8 200 in 203ms (next.js: 2.0ms, proxy.ts: 2ms, application-code: 198ms)
 GET /api/auth/get-session 200 in 129ms (next.js: 34ms, proxy.ts: 34ms, application-code: 60ms)
 GET /api/auth/organization/list 200 in 131ms (next.js: 24ms, proxy.ts: 48ms, application-code: 59ms)
 GET /analysis?client=8edefa41-6abb-434b-afad-7f5687e3a9a8 200 in 239ms (next.js: 16ms, proxy.ts: 5ms, application-code: 218ms)
 GET /api/auth/get-session 200 in 107ms (next.js: 17ms, proxy.ts: 33ms, application-code: 57ms)
 GET /api/auth/organization/list 200 in 107ms (next.js: 19ms, proxy.ts: 33ms, application-code: 55ms)
 GET /analysis?client=8edefa41-6abb-434b-afad-7f5687e3a9a8 200 in 211ms (next.js: 5ms, proxy.ts: 2ms, application-code: 204ms)
 GET /api/auth/get-session 200 in 17ms (next.js: 5ms, proxy.ts: 3ms, application-code: 9ms)
 GET /api/auth/organization/list 200 in 19ms (next.js: 7ms, proxy.ts: 3ms, application-code: 8ms)
 GET /analysis?client=8edefa41-6abb-434b-afad-7f5687e3a9a8 200 in 189ms (next.js: 1.8ms, proxy.ts: 2ms, application-code: 185ms)
  ✓  2 [chromium] › e2e/analysis-evidence-local.spec.ts:7:7 › analysis evidence fr excludes empty and unqualified sources before first activation (2.6s)
 GET /analysis?client=274bee38-bc17-4ddb-a216-680306ddf75b 200 in 132ms (next.js: 1.8ms, proxy.ts: 2ms, application-code: 128ms)
 GET /api/auth/get-session 200 in 74ms (next.js: 42ms, proxy.ts: 11ms, application-code: 21ms)
 GET /api/auth/organization/list 200 in 77ms (next.js: 45ms, proxy.ts: 11ms, application-code: 22ms)
 GET /analysis?client=274bee38-bc17-4ddb-a216-680306ddf75b 200 in 194ms (next.js: 1.7ms, proxy.ts: 3ms, application-code: 190ms)
 GET /api/auth/get-session 200 in 76ms (next.js: 42ms, proxy.ts: 13ms, application-code: 22ms)
 GET /api/auth/organization/list 200 in 80ms (next.js: 44ms, proxy.ts: 13ms, application-code: 23ms)
 GET /analysis?client=274bee38-bc17-4ddb-a216-680306ddf75b 200 in 210ms (next.js: 1.8ms, proxy.ts: 3ms, application-code: 205ms)
 GET /api/auth/get-session 200 in 80ms (next.js: 44ms, proxy.ts: 15ms, application-code: 21ms)
 GET /api/auth/organization/list 200 in 83ms (next.js: 46ms, proxy.ts: 14ms, application-code: 22ms)
 GET /analysis?client=274bee38-bc17-4ddb-a216-680306ddf75b 200 in 218ms (next.js: 2ms, proxy.ts: 3ms, application-code: 213ms)
 GET /api/auth/get-session 200 in 113ms (next.js: 39ms, proxy.ts: 4ms, application-code: 70ms)
 GET /api/auth/organization/list 200 in 118ms (next.js: 43ms, proxy.ts: 4ms, application-code: 71ms)
 GET /analysis?client=274bee38-bc17-4ddb-a216-680306ddf75b 200 in 213ms (next.js: 2ms, proxy.ts: 4ms, application-code: 206ms)
 GET /api/auth/get-session 200 in 125ms (next.js: 58ms, proxy.ts: 7ms, application-code: 59ms)
 GET /api/auth/organization/list 200 in 132ms (next.js: 61ms, proxy.ts: 8ms, application-code: 63ms)
 GET /analysis?client=274bee38-bc17-4ddb-a216-680306ddf75b 200 in 238ms (next.js: 5ms, proxy.ts: 6ms, application-code: 227ms)
 GET /api/auth/get-session 200 in 16ms (next.js: 5ms, proxy.ts: 2ms, application-code: 9ms)
 GET /api/auth/organization/list 200 in 18ms (next.js: 8ms, proxy.ts: 3ms, application-code: 7ms)
 GET /analysis?client=274bee38-bc17-4ddb-a216-680306ddf75b 200 in 177ms (next.js: 2ms, proxy.ts: 2ms, application-code: 172ms)
  ✓  3 [chromium] › e2e/analysis-evidence-local.spec.ts:7:7 › analysis evidence en excludes empty and unqualified sources before first activation (2.6s)
 GET /dashboard?client=80000000-0000-4000-8000-000000000005 200 in 177ms (next.js: 3ms, proxy.ts: 2ms, application-code: 172ms)
 GET /api/auth/get-session 200 in 21ms (next.js: 4ms, proxy.ts: 3ms, application-code: 14ms)
 GET /api/auth/organization/list 200 in 24ms (next.js: 8ms, proxy.ts: 3ms, application-code: 13ms)
 GET /analysis?client=80000000-0000-4000-8000-000000000005 200 in 177ms (next.js: 4ms, proxy.ts: 4ms, application-code: 170ms)
 GET /api/auth/get-session 200 in 91ms (next.js: 14ms, proxy.ts: 23ms, application-code: 53ms)
 GET /api/auth/organization/list 200 in 91ms (next.js: 23ms, proxy.ts: 21ms, application-code: 47ms)
 GET /insights?client=80000000-0000-4000-8000-000000000005 200 in 273ms (next.js: 49ms, proxy.ts: 2ms, application-code: 222ms)
 GET /api/auth/get-session 200 in 84ms (next.js: 42ms, proxy.ts: 15ms, application-code: 27ms)
 GET /api/auth/organization/list 200 in 88ms (next.js: 45ms, proxy.ts: 16ms, application-code: 28ms)
 GET /dashboard?client=80000000-0000-4000-8000-000000000005 200 in 213ms (next.js: 1.7ms, proxy.ts: 1.9ms, application-code: 210ms)
 GET /api/auth/get-session 200 in 16ms (next.js: 3ms, proxy.ts: 3ms, application-code: 11ms)
 GET /api/auth/organization/list 200 in 18ms (next.js: 6ms, proxy.ts: 3ms, application-code: 10ms)
 GET /analysis?client=80000000-0000-4000-8000-000000000005 200 in 215ms (next.js: 2.0ms, proxy.ts: 3ms, application-code: 210ms)
 GET /api/auth/get-session 200 in 85ms (next.js: 52ms, proxy.ts: 13ms, application-code: 20ms)
 GET /api/auth/organization/list 200 in 88ms (next.js: 55ms, proxy.ts: 13ms, application-code: 20ms)
 GET /insights?client=80000000-0000-4000-8000-000000000005 200 in 235ms (next.js: 2ms, proxy.ts: 3ms, application-code: 230ms)
 GET /api/auth/get-session 200 in 98ms (next.js: 42ms, proxy.ts: 37ms, application-code: 19ms)
 GET /api/auth/organization/list 200 in 87ms (next.js: 50ms, proxy.ts: 23ms, application-code: 15ms)
 GET /insights?client=80000000-0000-4000-8000-000000000005 200 in 223ms (next.js: 3ms, proxy.ts: 3ms, application-code: 217ms)
 GET /api/auth/get-session 200 in 15ms (next.js: 3ms, proxy.ts: 2ms, application-code: 9ms)
 GET /api/auth/organization/list 200 in 16ms (next.js: 6ms, proxy.ts: 3ms, application-code: 8ms)
 POST /insights?client=80000000-0000-4000-8000-000000000005 200 in 83ms (next.js: 1.9ms, proxy.ts: 3ms, application-code: 78ms)
  └─ ƒ setCookieConsent({}) in 2ms src/app/preferences-actions.ts
  ✓  4 [chromium] › e2e/prod-ready-local.spec.ts:128:44 › local production readiness regression journeys › stored analytics remain available without Google and during grace in fr (3.1s)
 GET /dashboard?client=80000000-0000-4000-8000-000000000005 200 in 169ms (next.js: 1.7ms, proxy.ts: 2ms, application-code: 165ms)
 GET /api/auth/get-session 200 in 23ms (next.js: 5ms, proxy.ts: 3ms, application-code: 15ms)
 GET /api/auth/organization/list 200 in 24ms (next.js: 8ms, proxy.ts: 3ms, application-code: 12ms)
 GET /analysis?client=80000000-0000-4000-8000-000000000005 200 in 178ms (next.js: 3ms, proxy.ts: 5ms, application-code: 170ms)
 GET /api/auth/get-session 200 in 84ms (next.js: 43ms, proxy.ts: 19ms, application-code: 22ms)
 GET /api/auth/organization/list 200 in 88ms (next.js: 46ms, proxy.ts: 19ms, application-code: 23ms)
 GET /insights?client=80000000-0000-4000-8000-000000000005 200 in 234ms (next.js: 2ms, proxy.ts: 2ms, application-code: 230ms)
 GET /api/auth/get-session 200 in 75ms (next.js: 43ms, proxy.ts: 12ms, application-code: 20ms)
 GET /api/auth/organization/list 200 in 81ms (next.js: 46ms, proxy.ts: 12ms, application-code: 23ms)
 GET /dashboard?client=80000000-0000-4000-8000-000000000005 200 in 211ms (next.js: 1.9ms, proxy.ts: 1.9ms, application-code: 207ms)
 GET /api/auth/get-session 200 in 16ms (next.js: 3ms, proxy.ts: 2ms, application-code: 10ms)
 GET /api/auth/organization/list 200 in 18ms (next.js: 6ms, proxy.ts: 2ms, application-code: 9ms)
 GET /analysis?client=80000000-0000-4000-8000-000000000005 200 in 168ms (next.js: 2ms, proxy.ts: 2ms, application-code: 163ms)
 GET /api/auth/get-session 200 in 71ms (next.js: 40ms, proxy.ts: 13ms, application-code: 19ms)
 GET /api/auth/organization/list 200 in 74ms (next.js: 43ms, proxy.ts: 12ms, application-code: 18ms)
 GET /insights?client=80000000-0000-4000-8000-000000000005 200 in 219ms (next.js: 2ms, proxy.ts: 2ms, application-code: 215ms)
 GET /api/auth/get-session 200 in 73ms (next.js: 38ms, proxy.ts: 15ms, application-code: 20ms)
 GET /api/auth/organization/list 200 in 77ms (next.js: 41ms, proxy.ts: 16ms, application-code: 21ms)
 GET /insights?client=80000000-0000-4000-8000-000000000005 200 in 232ms (next.js: 2ms, proxy.ts: 2ms, application-code: 228ms)
 GET /api/auth/get-session 200 in 20ms (next.js: 9ms, proxy.ts: 3ms, application-code: 8ms)
 GET /api/auth/organization/list 200 in 21ms (next.js: 4ms, proxy.ts: 4ms, application-code: 14ms)
 POST /insights?client=80000000-0000-4000-8000-000000000005 200 in 77ms (next.js: 3ms, proxy.ts: 3ms, application-code: 72ms)
  └─ ƒ setCookieConsent({}) in 2ms src/app/preferences-actions.ts
  ✓  5 [chromium] › e2e/prod-ready-local.spec.ts:128:44 › local production readiness regression journeys › stored analytics remain available without Google and during grace in en (2.9s)

  5 passed (12.7s)
{"ok":true,"cleaned":"local-browser-fixtures"}
[?25h
