
> @yodev/ads@0.1.0 test:e2e:local
> node scripts/verify-local-browser.mjs e2e/monitoring-actors-local.spec.ts

{"ok":true,"fixtureRoles":["owner","admin","strategist","analyst","client"],"foreignExportId":"80000000-0000-4000-8000-000000000003"}

> @yodev/ads@0.1.0 dev
> next dev --hostname 127.0.0.1 --port 3017

▲ Next.js 16.3.0 (Turbopack)
- Local:         http://127.0.0.1:3017
- Network:       http://127.0.0.1:3017
- Environments: .env.local
✓ Ready in 457ms
✓ Running next.config.ts took 813ms
- Experiments (use with caution):
  · clientTraceMetadata

 GET /sign-in 200 in 1949ms (proxy.ts: 238ms)
 GET /sign-in 200 in 77ms (next.js: 7ms, proxy.ts: 3ms, application-code: 67ms)
 POST /api/auth/sign-in/email 200 in 1330ms (next.js: 1137ms, proxy.ts: 5ms, application-code: 189ms)
 POST /api/auth/sign-in/email 200 in 99ms (next.js: 14ms, proxy.ts: 3ms, application-code: 82ms)
 POST /api/auth/sign-in/email 200 in 82ms (next.js: 3ms, proxy.ts: 2ms, application-code: 77ms)
 POST /api/auth/sign-in/email 200 in 79ms (next.js: 2ms, proxy.ts: 2ms, application-code: 75ms)
 POST /api/auth/sign-in/email 200 in 79ms (next.js: 2ms, proxy.ts: 2ms, application-code: 75ms)
 GET /dashboard 200 in 566ms (next.js: 210ms, proxy.ts: 3ms, application-code: 353ms)
 GET /settings 200 in 236ms (next.js: 32ms, proxy.ts: 2ms, application-code: 201ms)
 GET /billing 200 in 169ms (next.js: 14ms, proxy.ts: 3ms, application-code: 152ms)
 GET /support 200 in 151ms (next.js: 17ms, proxy.ts: 2ms, application-code: 131ms)
 GET /accounts 200 in 124ms (next.js: 16ms, proxy.ts: 2.0ms, application-code: 107ms)
 GET /history 200 in 134ms (next.js: 21ms, proxy.ts: 1.9ms, application-code: 112ms)
 GET /alerts 200 in 151ms (next.js: 28ms, proxy.ts: 3ms, application-code: 120ms)
 GET /tasks 200 in 177ms (next.js: 23ms, proxy.ts: 2ms, application-code: 152ms)
 GET /approvals 200 in 168ms (next.js: 33ms, proxy.ts: 2ms, application-code: 132ms)
 GET /reports 200 in 195ms (next.js: 22ms, proxy.ts: 2ms, application-code: 171ms)
 GET /audit 200 in 135ms (next.js: 22ms, proxy.ts: 2ms, application-code: 110ms)
 GET /agents 200 in 186ms (next.js: 20ms, proxy.ts: 2ms, application-code: 165ms)
 GET / 200 in 105ms (next.js: 20ms, proxy.ts: 1.9ms, application-code: 83ms)
 GET /privacy 200 in 52ms (next.js: 13ms, proxy.ts: 1.9ms, application-code: 37ms)
 GET /terms 200 in 49ms (next.js: 13ms, proxy.ts: 2ms, application-code: 34ms)
 GET /subprocessors 200 in 113ms (next.js: 41ms, proxy.ts: 2ms, application-code: 70ms)
 GET /status 200 in 116ms (next.js: 37ms, proxy.ts: 4ms, application-code: 74ms)
 GET /sign-in 200 in 34ms (next.js: 4ms, proxy.ts: 2ms, application-code: 27ms)
 GET /sign-up 200 in 341ms (next.js: 308ms, proxy.ts: 3ms, application-code: 31ms)
Local browser states ready in /var/folders/9h/sbxl7zl90j9_wc743xft5j8h0000gn/T/yodev-ads-browser-t6kb7c

Running 2 tests using 1 worker

(node:62892) Warning: The 'NO_COLOR' env is ignored due to the 'FORCE_COLOR' env being set.
(Use `node --trace-warnings ...` to show where the warning was created)
 GET /agents 200 in 195ms (next.js: 1.9ms, proxy.ts: 8ms, application-code: 185ms)
 GET /api/auth/get-session 200 in 52ms (next.js: 13ms, proxy.ts: 3ms, application-code: 36ms)
 GET /api/auth/organization/list 200 in 54ms (next.js: 30ms, proxy.ts: 4ms, application-code: 21ms)
 GET /agents?notice=Vigie+activ%C3%A9e.+Elle+sera+ex%C3%A9cut%C3%A9e+chaque+jour. 200 in 142ms (next.js: 3ms, proxy.ts: 2ms, application-code: 137ms)
 POST /agents 200 in 184ms (next.js: 3ms, proxy.ts: 4ms, application-code: 177ms)
  └─ ƒ createMonitoringAgent({}) in 20ms src/app/actions.ts
 GET /agents?notice=Vigie+mise+en+pause. 200 in 96ms (next.js: 3ms, proxy.ts: 2ms, application-code: 91ms)
 POST /agents?notice=Vigie%20activ%C3%A9e.%20Elle%20sera%20ex%C3%A9cut%C3%A9e%20chaque%20jour. 200 in 119ms (next.js: 1.9ms, proxy.ts: 3ms, application-code: 115ms)
  └─ ƒ toggleMonitoringAgent({}) in 13ms src/app/actions.ts
 GET /agents?notice=Vigie+activ%C3%A9e. 200 in 142ms (next.js: 4ms, proxy.ts: 2ms, application-code: 136ms)
 POST /agents?notice=Vigie%20mise%20en%20pause. 200 in 164ms (next.js: 1.9ms, proxy.ts: 3ms, application-code: 160ms)
  └─ ƒ toggleMonitoringAgent({}) in 12ms src/app/actions.ts
 GET / 200 in 208ms (next.js: 6ms, proxy.ts: 7ms, application-code: 195ms)
 GET /icon?a62dacc6b033a714 200 in 295ms (next.js: 111ms, proxy.ts: 27ms, application-code: 157ms)
  ✘  1 [chromium] › e2e/monitoring-actors-local.spec.ts:6:7 › monitoring actor fr preserves authorized controls and rejects a revoked form (16.2s)
(node:63124) Warning: The 'NO_COLOR' env is ignored due to the 'FORCE_COLOR' env being set.
(Use `node --trace-warnings ...` to show where the warning was created)
 GET /agents 200 in 295ms (next.js: 78ms, proxy.ts: 3ms, application-code: 214ms)
 GET /api/auth/organization/list 200 in 110ms (next.js: 30ms, proxy.ts: 24ms, application-code: 56ms)
 GET /api/auth/get-session 200 in 117ms (next.js: 52ms, proxy.ts: 22ms, application-code: 43ms)
 GET /agents?notice=Vigie+activ%C3%A9e.+Elle+sera+ex%C3%A9cut%C3%A9e+chaque+jour. 200 in 180ms (next.js: 7ms, proxy.ts: 4ms, application-code: 169ms)
 POST /agents 200 in 282ms (next.js: 23ms, proxy.ts: 18ms, application-code: 241ms)
  └─ ƒ createMonitoringAgent({}) in 41ms src/app/actions.ts
 GET /agents?notice=Vigie+mise+en+pause. 200 in 166ms (next.js: 6ms, proxy.ts: 3ms, application-code: 158ms)
 POST /agents?notice=Vigie%20activ%C3%A9e.%20Elle%20sera%20ex%C3%A9cut%C3%A9e%20chaque%20jour. 200 in 218ms (next.js: 6ms, proxy.ts: 10ms, application-code: 202ms)
  └─ ƒ toggleMonitoringAgent({}) in 23ms src/app/actions.ts
 GET /agents?notice=Vigie+activ%C3%A9e. 200 in 110ms (next.js: 2ms, proxy.ts: 2ms, application-code: 106ms)
 POST /agents?notice=Vigie%20mise%20en%20pause. 200 in 145ms (next.js: 10ms, proxy.ts: 3ms, application-code: 132ms)
  └─ ƒ toggleMonitoringAgent({}) in 14ms src/app/actions.ts
  ✘  2 [chromium] › e2e/monitoring-actors-local.spec.ts:6:7 › monitoring actor en preserves authorized controls and rejects a revoked form (16.6s)


  1) [chromium] › e2e/monitoring-actors-local.spec.ts:6:7 › monitoring actor fr preserves authorized controls and rejects a revoked form

    Error: expect(locator).toBeVisible() failed

    Locator: locator('form:has(input[name="agentId"][value="6e1454c0-938e-4b65-81bd-c4f4894feeb4"]):has(input[name="enabled"])').getByRole('button', { name: /Deactivate|Désactiver/ })
    Expected: visible
    Timeout: 15000ms
    Error: element(s) not found

    Call log:
      - Expect "toBeVisible" with timeout 15000ms
      - waiting for locator('form:has(input[name="agentId"][value="6e1454c0-938e-4b65-81bd-c4f4894feeb4"]):has(input[name="enabled"])').getByRole('button', { name: /Deactivate|Désactiver/ })


      30 |       await toggle.getByRole('button',{name:/Reactivate|Réactiver/}).click()
      31 |       await expect.poll(async()=> (await db.query('select enabled from monitoring_agents where id=$1',[agentId])).rows[0].enabled).toBe(true)
    > 32 |       await expect(toggle.getByRole('button',{name:/Deactivate|Désactiver/})).toBeVisible()
         |                                                                               ^
      33 |       await page.locator(`form:has(input[name="agentId"][value="${agentId}"]):not(:has(input[name="enabled"]))`).getByRole('button').click()
      34 |       await expect(page).toHaveURL(/\/alerts\?notice=/)
      35 |       expect(Number((await db.query("select count(*) from jobs where workspace_id=$1 and type in ('monitoring.scan','monitoring.scan_chunk') and status in ('queued','running','retrying')",[workspaceId])).rows[0].count)).toBeGreaterThan(0)
        at /Users/yoannandrieux/Projets/yodev-ads/web/e2e/monitoring-actors-local.spec.ts:32:79

    Error Context: test-results/monitoring-actors-local-mo-d8f19--and-rejects-a-revoked-form-chromium/error-context.md

  2) [chromium] › e2e/monitoring-actors-local.spec.ts:6:7 › monitoring actor en preserves authorized controls and rejects a revoked form

    Error: expect(locator).toBeVisible() failed

    Locator: locator('form:has(input[name="agentId"][value="729c9514-26fc-43f3-b3f6-55edb2934185"]):has(input[name="enabled"])').getByRole('button', { name: /Deactivate|Désactiver/ })
    Expected: visible
    Timeout: 15000ms
    Error: element(s) not found

    Call log:
      - Expect "toBeVisible" with timeout 15000ms
      - waiting for locator('form:has(input[name="agentId"][value="729c9514-26fc-43f3-b3f6-55edb2934185"]):has(input[name="enabled"])').getByRole('button', { name: /Deactivate|Désactiver/ })


      30 |       await toggle.getByRole('button',{name:/Reactivate|Réactiver/}).click()
      31 |       await expect.poll(async()=> (await db.query('select enabled from monitoring_agents where id=$1',[agentId])).rows[0].enabled).toBe(true)
    > 32 |       await expect(toggle.getByRole('button',{name:/Deactivate|Désactiver/})).toBeVisible()
         |                                                                               ^
      33 |       await page.locator(`form:has(input[name="agentId"][value="${agentId}"]):not(:has(input[name="enabled"]))`).getByRole('button').click()
      34 |       await expect(page).toHaveURL(/\/alerts\?notice=/)
      35 |       expect(Number((await db.query("select count(*) from jobs where workspace_id=$1 and type in ('monitoring.scan','monitoring.scan_chunk') and status in ('queued','running','retrying')",[workspaceId])).rows[0].count)).toBeGreaterThan(0)
        at /Users/yoannandrieux/Projets/yodev-ads/web/e2e/monitoring-actors-local.spec.ts:32:79

    Error Context: test-results/monitoring-actors-local-mo-b2205--and-rejects-a-revoked-form-chromium/error-context.md

  2 failed
    [chromium] › e2e/monitoring-actors-local.spec.ts:6:7 › monitoring actor fr preserves authorized controls and rejects a revoked form
    [chromium] › e2e/monitoring-actors-local.spec.ts:6:7 › monitoring actor en preserves authorized controls and rejects a revoked form
{"ok":true,"cleaned":"local-browser-fixtures"}
