
> @yodev/ads@0.1.0 test:e2e:local
> node scripts/verify-local-browser.mjs e2e/settings-actors-local.spec.ts

{"ok":true,"fixtureRoles":["owner","admin","strategist","analyst","client"],"foreignExportId":"80000000-0000-4000-8000-000000000003"}

> @yodev/ads@0.1.0 dev
> next dev --hostname 127.0.0.1 --port 3017

▲ Next.js 16.3.0 (Turbopack)
- Local:         http://127.0.0.1:3017
- Network:       http://127.0.0.1:3017
- Environments: .env.local
✓ Ready in 372ms
✓ Running next.config.ts took 751ms
- Experiments (use with caution):
  · clientTraceMetadata

 GET /sign-in 200 in 143ms (next.js: 21ms, proxy.ts: 17ms, application-code: 105ms)
 POST /api/auth/sign-in/email 200 in 1468ms (next.js: 1163ms, proxy.ts: 8ms, application-code: 297ms)
 POST /api/auth/sign-in/email 200 in 95ms (next.js: 4ms, proxy.ts: 3ms, application-code: 89ms)
 POST /api/auth/sign-in/email 200 in 100ms (next.js: 2ms, proxy.ts: 2ms, application-code: 95ms)
 POST /api/auth/sign-in/email 200 in 90ms (next.js: 2ms, proxy.ts: 2ms, application-code: 85ms)
 POST /api/auth/sign-in/email 200 in 84ms (next.js: 2ms, proxy.ts: 2ms, application-code: 80ms)
 GET /dashboard 200 in 653ms (next.js: 211ms, proxy.ts: 3ms, application-code: 439ms)
 GET /settings 200 in 376ms (next.js: 34ms, proxy.ts: 3ms, application-code: 340ms)
 GET /billing 200 in 204ms (next.js: 19ms, proxy.ts: 2ms, application-code: 183ms)
 GET /support 200 in 235ms (next.js: 40ms, proxy.ts: 4ms, application-code: 192ms)
 GET /accounts 200 in 128ms (next.js: 14ms, proxy.ts: 1.8ms, application-code: 112ms)
 GET /history 200 in 124ms (next.js: 15ms, proxy.ts: 2ms, application-code: 108ms)
 GET /alerts 200 in 160ms (next.js: 22ms, proxy.ts: 1.9ms, application-code: 137ms)
 GET /tasks 200 in 163ms (next.js: 26ms, proxy.ts: 1.9ms, application-code: 135ms)
 GET /approvals 200 in 133ms (next.js: 24ms, proxy.ts: 1.9ms, application-code: 106ms)
 GET /reports 200 in 236ms (next.js: 28ms, proxy.ts: 2ms, application-code: 206ms)
 GET /audit 200 in 137ms (next.js: 22ms, proxy.ts: 2ms, application-code: 113ms)
 GET /agents 200 in 200ms (next.js: 26ms, proxy.ts: 2ms, application-code: 172ms)
 GET / 200 in 120ms (next.js: 22ms, proxy.ts: 1.9ms, application-code: 97ms)
 GET /privacy 200 in 52ms (next.js: 12ms, proxy.ts: 1.8ms, application-code: 37ms)
 GET /terms 200 in 46ms (next.js: 12ms, proxy.ts: 1.7ms, application-code: 32ms)
 GET /subprocessors 200 in 100ms (next.js: 40ms, proxy.ts: 1.6ms, application-code: 58ms)
 GET /status 200 in 107ms (next.js: 32ms, proxy.ts: 2ms, application-code: 73ms)
 GET /sign-in 200 in 34ms (next.js: 5ms, proxy.ts: 1.8ms, application-code: 27ms)
 GET /sign-up 200 in 321ms (next.js: 288ms, proxy.ts: 2ms, application-code: 31ms)
Local browser states ready in /var/folders/9h/sbxl7zl90j9_wc743xft5j8h0000gn/T/yodev-ads-browser-MoY9en

Running 2 tests using 1 worker

(node:49251) Warning: The 'NO_COLOR' env is ignored due to the 'FORCE_COLOR' env being set.
(Use `node --trace-warnings ...` to show where the warning was created)
 GET /settings 200 in 283ms (next.js: 9ms, proxy.ts: 7ms, application-code: 266ms)
 GET /api/auth/get-session 200 in 62ms (next.js: 10ms, proxy.ts: 13ms, application-code: 38ms)
 GET /api/auth/organization/list 200 in 69ms (next.js: 18ms, proxy.ts: 10ms, application-code: 41ms)
 GET /settings?notice=Workspace+language+updated. 200 in 137ms (next.js: 8ms, proxy.ts: 11ms, application-code: 117ms)
 POST /settings 200 in 228ms (next.js: 9ms, proxy.ts: 15ms, application-code: 204ms)
  └─ ƒ updateWorkspaceLocale({}) in 30ms src/app/actions.ts
 GET /settings?notice=Langue+de+l%E2%80%99espace+mise+%C3%A0+jour. 200 in 106ms (next.js: 2ms, proxy.ts: 4ms, application-code: 100ms)
 POST /settings?notice=Workspace%20language%20updated. 200 in 139ms (next.js: 4ms, proxy.ts: 6ms, application-code: 129ms)
  └─ ƒ updateWorkspaceLocale({}) in 13ms src/app/actions.ts
 GET /settings?notice=Politique+d%E2%80%99approbation+mise+%C3%A0+jour. 200 in 116ms (next.js: 2ms, proxy.ts: 2ms, application-code: 112ms)
 POST /settings?notice=Langue%20de%20l%E2%80%99espace%20mise%20%C3%A0%20jour. 200 in 150ms (next.js: 5ms, proxy.ts: 6ms, application-code: 139ms)
  └─ ƒ updateApprovalPolicy({}) in 16ms src/app/actions.ts
 GET /settings?notice=Identit%C3%A9+de+marque+enregistr%C3%A9e. 200 in 102ms (next.js: 3ms, proxy.ts: 2ms, application-code: 97ms)
 POST /settings?notice=Politique%20d%E2%80%99approbation%20mise%20%C3%A0%20jour. 200 in 125ms (next.js: 2ms, proxy.ts: 3ms, application-code: 120ms)
  └─ ƒ updateBranding({}) in 10ms src/app/actions.ts
 GET /settings?error=Capability+required%3A+approvals.dual 200 in 178ms (next.js: 4ms, proxy.ts: 3ms, application-code: 171ms)
 POST /settings?notice=Identit%C3%A9%20de%20marque%20enregistr%C3%A9e. 200 in 209ms (next.js: 4ms, proxy.ts: 4ms, application-code: 200ms)
  └─ ƒ updateApprovalPolicy({}) in 12ms src/app/actions.ts
 GET /settings 200 in 206ms (next.js: 2ms, proxy.ts: 3ms, application-code: 202ms)
 GET /api/auth/get-session 200 in 33ms (next.js: 7ms, proxy.ts: 4ms, application-code: 23ms)
 GET /api/auth/organization/list 200 in 36ms (next.js: 13ms, proxy.ts: 4ms, application-code: 19ms)
 GET /settings?error=Permission+required%3A+workspace%3Aadmin 200 in 60ms (next.js: 3ms, proxy.ts: 2ms, application-code: 55ms)
 POST /settings 200 in 87ms (next.js: 4ms, proxy.ts: 5ms, application-code: 79ms)
  └─ ƒ updateBranding({}) in 13ms src/app/actions.ts
 GET /support?error=Acc%C3%A8s+non+autoris%C3%A9 200 in 144ms (next.js: 3ms, proxy.ts: 3ms, application-code: 138ms)
 GET /support?error=Acc%C3%A8s+non+autoris%C3%A9 200 in 163ms (next.js: 5ms, proxy.ts: 7ms, application-code: 151ms)
 GET /support?error=Acc%C3%A8s+non+autoris%C3%A9 200 in 175ms (next.js: 11ms, proxy.ts: 19ms, application-code: 145ms)
 GET /support?error=Acc%C3%A8s+non+autoris%C3%A9 200 in 169ms (next.js: 6ms, proxy.ts: 17ms, application-code: 147ms)
 GET /support?error=Acc%C3%A8s+non+autoris%C3%A9 200 in 158ms (next.js: 5ms, proxy.ts: 18ms, application-code: 135ms)
 GET /support?error=Acc%C3%A8s+non+autoris%C3%A9 200 in 137ms (next.js: 9ms, proxy.ts: 8ms, application-code: 120ms)
 GET /support?error=Acc%C3%A8s+non+autoris%C3%A9 200 in 187ms (next.js: 4ms, proxy.ts: 4ms, application-code: 178ms)
 GET /support?error=Acc%C3%A8s+non+autoris%C3%A9 200 in 220ms (next.js: 9ms, proxy.ts: 9ms, application-code: 202ms)
 GET /settings 307 in 199ms (next.js: 26ms, proxy.ts: 4ms, application-code: 169ms)
 GET /support?error=Acc%C3%A8s+non+autoris%C3%A9 200 in 235ms (next.js: 6ms, proxy.ts: 12ms, application-code: 217ms)
 GET /support?error=Acc%C3%A8s+non+autoris%C3%A9 200 in 297ms (next.js: 28ms, proxy.ts: 50ms, application-code: 219ms)
 GET /support?error=Acc%C3%A8s+non+autoris%C3%A9 200 in 279ms (next.js: 4ms, proxy.ts: 26ms, application-code: 249ms)
 GET /support?error=Acc%C3%A8s+non+autoris%C3%A9 200 in 244ms (next.js: 9ms, proxy.ts: 10ms, application-code: 225ms)
⨯ Error: The destination stream closed early.
    at ignore-listed frames {
  digest: '2986962663'
}
 GET /support?error=Acc%C3%A8s+non+autoris%C3%A9 200 in 681ms (next.js: 7ms, proxy.ts: 13ms, application-code: 661ms)
 GET /support?error=Acc%C3%A8s+non+autoris%C3%A9 200 in 498ms (next.js: 80ms, proxy.ts: 49ms, application-code: 370ms)
⨯ Error: The destination stream closed early.
    at ignore-listed frames {
  digest: '2986962663'
}
 GET /portfolio 200 in 798ms (next.js: 38ms, proxy.ts: 11ms, application-code: 749ms)
 GET / 200 in 565ms (next.js: 336ms, proxy.ts: 17ms, application-code: 213ms)
 GET /api/auth/get-session 200 in 115ms (next.js: 31ms, proxy.ts: 24ms, application-code: 60ms)
 GET /api/auth/organization/list 200 in 130ms (next.js: 52ms, proxy.ts: 34ms, application-code: 45ms)
 GET /icon?a62dacc6b033a714 200 in 353ms (next.js: 141ms, proxy.ts: 26ms, application-code: 186ms)
 GET /portfolio?view_notice=unavailable 200 in 73ms (next.js: 6ms, proxy.ts: 4ms, application-code: 63ms)
 POST /portfolio 200 in 402ms (next.js: 34ms, proxy.ts: 26ms, application-code: 343ms)
  └─ ƒ storePortfolioView({}) in 249ms src/app/portfolio-actions.ts
 GET /support?error=Acc%C3%A8s+non+autoris%C3%A9 200 in 167ms (next.js: 4ms, proxy.ts: 5ms, application-code: 157ms)
 GET /support?error=Acc%C3%A8s+non+autoris%C3%A9 200 in 178ms (next.js: 5ms, proxy.ts: 10ms, application-code: 164ms)
 GET /support?error=Acc%C3%A8s+non+autoris%C3%A9 200 in 169ms (next.js: 7ms, proxy.ts: 19ms, application-code: 142ms)
 GET /support?error=Acc%C3%A8s+non+autoris%C3%A9 200 in 180ms (next.js: 11ms, proxy.ts: 16ms, application-code: 153ms)
 GET /support?error=Acc%C3%A8s+non+autoris%C3%A9 200 in 161ms (next.js: 27ms, proxy.ts: 12ms, application-code: 121ms)
 GET /support?error=Acc%C3%A8s+non+autoris%C3%A9 200 in 137ms (next.js: 9ms, proxy.ts: 5ms, application-code: 123ms)
 GET /support?error=Acc%C3%A8s+non+autoris%C3%A9 200 in 176ms (next.js: 4ms, proxy.ts: 16ms, application-code: 156ms)
 GET /support?error=Acc%C3%A8s+non+autoris%C3%A9 200 in 155ms (next.js: 6ms, proxy.ts: 11ms, application-code: 139ms)
 GET /support?error=Acc%C3%A8s+non+autoris%C3%A9 200 in 162ms (next.js: 33ms, proxy.ts: 5ms, application-code: 124ms)
 GET /support?error=Acc%C3%A8s+non+autoris%C3%A9 200 in 163ms (next.js: 6ms, proxy.ts: 9ms, application-code: 148ms)
 GET /support?error=Acc%C3%A8s+non+autoris%C3%A9 200 in 173ms (next.js: 5ms, proxy.ts: 8ms, application-code: 160ms)
 GET /support?error=Acc%C3%A8s+non+autoris%C3%A9 200 in 202ms (next.js: 34ms, proxy.ts: 18ms, application-code: 150ms)
 GET /support?error=Acc%C3%A8s+non+autoris%C3%A9 200 in 163ms (next.js: 5ms, proxy.ts: 9ms, application-code: 149ms)
 GET /support?error=Acc%C3%A8s+non+autoris%C3%A9 200 in 165ms (next.js: 14ms, proxy.ts: 23ms, application-code: 127ms)
 GET /support?error=Acc%C3%A8s+non+autoris%C3%A9 200 in 149ms (next.js: 4ms, proxy.ts: 9ms, application-code: 137ms)
 GET /support?error=Acc%C3%A8s+non+autoris%C3%A9 200 in 147ms (next.js: 10ms, proxy.ts: 18ms, application-code: 119ms)
 GET /support?error=Acc%C3%A8s+non+autoris%C3%A9 200 in 154ms (next.js: 4ms, proxy.ts: 15ms, application-code: 134ms)
 GET /support?error=Acc%C3%A8s+non+autoris%C3%A9 200 in 141ms (next.js: 6ms, proxy.ts: 12ms, application-code: 123ms)
 GET /support?error=Acc%C3%A8s+non+autoris%C3%A9 200 in 143ms (next.js: 5ms, proxy.ts: 25ms, application-code: 112ms)
 GET /support?error=Acc%C3%A8s+non+autoris%C3%A9 200 in 125ms (next.js: 6ms, proxy.ts: 15ms, application-code: 105ms)
 GET /support?error=Acc%C3%A8s+non+autoris%C3%A9 200 in 129ms (next.js: 4ms, proxy.ts: 11ms, application-code: 115ms)
 GET /support?error=Acc%C3%A8s+non+autoris%C3%A9 200 in 131ms (next.js: 9ms, proxy.ts: 10ms, application-code: 111ms)
 GET /support?error=Acc%C3%A8s+non+autoris%C3%A9 200 in 128ms (next.js: 4ms, proxy.ts: 10ms, application-code: 114ms)
 GET /support?error=Acc%C3%A8s+non+autoris%C3%A9 200 in 126ms (next.js: 14ms, proxy.ts: 11ms, application-code: 101ms)
 GET /support?error=Acc%C3%A8s+non+autoris%C3%A9 200 in 109ms (next.js: 4ms, proxy.ts: 4ms, application-code: 101ms)
 GET /support?error=Acc%C3%A8s+non+autoris%C3%A9 200 in 115ms (next.js: 5ms, proxy.ts: 15ms, application-code: 95ms)
 GET /support?error=Acc%C3%A8s+non+autoris%C3%A9 200 in 121ms (next.js: 4ms, proxy.ts: 4ms, application-code: 113ms)
 GET /support?error=Acc%C3%A8s+non+autoris%C3%A9 200 in 130ms (next.js: 6ms, proxy.ts: 12ms, application-code: 112ms)
 GET /support?error=Acc%C3%A8s+non+autoris%C3%A9 200 in 128ms (next.js: 4ms, proxy.ts: 5ms, application-code: 119ms)
 GET /support?error=Acc%C3%A8s+non+autoris%C3%A9 200 in 128ms (next.js: 5ms, proxy.ts: 10ms, application-code: 112ms)
 GET /support?error=Acc%C3%A8s+non+autoris%C3%A9 200 in 132ms (next.js: 6ms, proxy.ts: 13ms, application-code: 113ms)
 GET /support?error=Acc%C3%A8s+non+autoris%C3%A9 200 in 134ms (next.js: 4ms, proxy.ts: 13ms, application-code: 116ms)
 GET /support?error=Acc%C3%A8s+non+autoris%C3%A9 200 in 141ms (next.js: 4ms, proxy.ts: 5ms, application-code: 133ms)
 GET /support?error=Acc%C3%A8s+non+autoris%C3%A9 200 in 149ms (next.js: 13ms, proxy.ts: 18ms, application-code: 118ms)
 GET /support?error=Acc%C3%A8s+non+autoris%C3%A9 200 in 138ms (next.js: 4ms, proxy.ts: 4ms, application-code: 130ms)
 GET /support?error=Acc%C3%A8s+non+autoris%C3%A9 200 in 149ms (next.js: 5ms, proxy.ts: 21ms, application-code: 123ms)
 GET /support?error=Acc%C3%A8s+non+autoris%C3%A9 200 in 149ms (next.js: 4ms, proxy.ts: 9ms, application-code: 137ms)
 GET /support?error=Acc%C3%A8s+non+autoris%C3%A9 200 in 126ms (next.js: 6ms, proxy.ts: 13ms, application-code: 107ms)
 GET /support?error=Acc%C3%A8s+non+autoris%C3%A9 200 in 118ms (next.js: 4ms, proxy.ts: 17ms, application-code: 97ms)
 GET /support?error=Acc%C3%A8s+non+autoris%C3%A9 200 in 199ms (next.js: 19ms, proxy.ts: 17ms, application-code: 163ms)
 GET /support?error=Acc%C3%A8s+non+autoris%C3%A9 200 in 183ms (next.js: 5ms, proxy.ts: 8ms, application-code: 170ms)
 GET /support?error=Acc%C3%A8s+non+autoris%C3%A9 200 in 188ms (next.js: 15ms, proxy.ts: 22ms, application-code: 151ms)
 GET /support?error=Acc%C3%A8s+non+autoris%C3%A9 200 in 158ms (next.js: 6ms, proxy.ts: 28ms, application-code: 124ms)
 GET /support?error=Acc%C3%A8s+non+autoris%C3%A9 200 in 136ms (next.js: 5ms, proxy.ts: 19ms, application-code: 112ms)
 GET /support?error=Acc%C3%A8s+non+autoris%C3%A9 200 in 140ms (next.js: 5ms, proxy.ts: 11ms, application-code: 124ms)
 GET /support?error=Acc%C3%A8s+non+autoris%C3%A9 200 in 135ms (next.js: 8ms, proxy.ts: 12ms, application-code: 115ms)
 GET /support?error=Acc%C3%A8s+non+autoris%C3%A9 200 in 142ms (next.js: 4ms, proxy.ts: 13ms, application-code: 125ms)
 GET /support?error=Acc%C3%A8s+non+autoris%C3%A9 200 in 131ms (next.js: 7ms, proxy.ts: 10ms, application-code: 114ms)
 GET /support?error=Acc%C3%A8s+non+autoris%C3%A9 200 in 130ms (next.js: 5ms, proxy.ts: 21ms, application-code: 105ms)
 GET /support?error=Acc%C3%A8s+non+autoris%C3%A9 200 in 115ms (next.js: 6ms, proxy.ts: 13ms, application-code: 96ms)
 GET /support?error=Acc%C3%A8s+non+autoris%C3%A9 200 in 121ms (next.js: 4ms, proxy.ts: 8ms, application-code: 110ms)
 GET /support?error=Acc%C3%A8s+non+autoris%C3%A9 200 in 126ms (next.js: 5ms, proxy.ts: 11ms, application-code: 111ms)
 GET /support?error=Acc%C3%A8s+non+autoris%C3%A9 200 in 128ms (next.js: 6ms, proxy.ts: 7ms, application-code: 116ms)
 GET /support?error=Acc%C3%A8s+non+autoris%C3%A9 200 in 129ms (next.js: 12ms, proxy.ts: 13ms, application-code: 104ms)
 GET /support?error=Acc%C3%A8s+non+autoris%C3%A9 200 in 135ms (next.js: 4ms, proxy.ts: 9ms, application-code: 122ms)
 GET /support?error=Acc%C3%A8s+non+autoris%C3%A9 200 in 132ms (next.js: 10ms, proxy.ts: 14ms, application-code: 108ms)
 GET /support?error=Acc%C3%A8s+non+autoris%C3%A9 200 in 132ms (next.js: 4ms, proxy.ts: 9ms, application-code: 120ms)
 GET /support?error=Acc%C3%A8s+non+autoris%C3%A9 200 in 124ms (next.js: 8ms, proxy.ts: 9ms, application-code: 108ms)
 GET /support?error=Acc%C3%A8s+non+autoris%C3%A9 200 in 127ms (next.js: 4ms, proxy.ts: 11ms, application-code: 113ms)
 GET /support?error=Acc%C3%A8s+non+autoris%C3%A9 200 in 128ms (next.js: 8ms, proxy.ts: 14ms, application-code: 106ms)
 GET /support?error=Acc%C3%A8s+non+autoris%C3%A9 200 in 136ms (next.js: 5ms, proxy.ts: 10ms, application-code: 122ms)
 GET /support?error=Acc%C3%A8s+non+autoris%C3%A9 200 in 149ms (next.js: 6ms, proxy.ts: 13ms, application-code: 130ms)
 GET /support?error=Acc%C3%A8s+non+autoris%C3%A9 200 in 134ms (next.js: 4ms, proxy.ts: 14ms, application-code: 116ms)
 GET /support?error=Acc%C3%A8s+non+autoris%C3%A9 200 in 124ms (next.js: 18ms, proxy.ts: 11ms, application-code: 95ms)
 GET /support?error=Acc%C3%A8s+non+autoris%C3%A9 200 in 143ms (next.js: 4ms, proxy.ts: 6ms, application-code: 134ms)
 GET /support?error=Acc%C3%A8s+non+autoris%C3%A9 200 in 148ms (next.js: 5ms, proxy.ts: 13ms, application-code: 130ms)
 GET /support?error=Acc%C3%A8s+non+autoris%C3%A9 200 in 163ms (next.js: 4ms, proxy.ts: 12ms, application-code: 148ms)
 GET /support?error=Acc%C3%A8s+non+autoris%C3%A9 200 in 153ms (next.js: 9ms, proxy.ts: 24ms, application-code: 120ms)
 GET /support?error=Acc%C3%A8s+non+autoris%C3%A9 200 in 148ms (next.js: 4ms, proxy.ts: 19ms, application-code: 125ms)
 GET /support?error=Acc%C3%A8s+non+autoris%C3%A9 200 in 160ms (next.js: 6ms, proxy.ts: 15ms, application-code: 140ms)
 GET /support?error=Acc%C3%A8s+non+autoris%C3%A9 200 in 152ms (next.js: 6ms, proxy.ts: 9ms, application-code: 137ms)
 GET /support?error=Acc%C3%A8s+non+autoris%C3%A9 200 in 153ms (next.js: 11ms, proxy.ts: 23ms, application-code: 119ms)
 GET /support?error=Acc%C3%A8s+non+autoris%C3%A9 200 in 170ms (next.js: 4ms, proxy.ts: 9ms, application-code: 158ms)
 GET /support?error=Acc%C3%A8s+non+autoris%C3%A9 200 in 187ms (next.js: 12ms, proxy.ts: 16ms, application-code: 159ms)
 GET /support?error=Acc%C3%A8s+non+autoris%C3%A9 200 in 188ms (next.js: 10ms, proxy.ts: 22ms, application-code: 157ms)
 GET /support?error=Acc%C3%A8s+non+autoris%C3%A9 200 in 167ms (next.js: 8ms, proxy.ts: 22ms, application-code: 136ms)
 GET /support?error=Acc%C3%A8s+non+autoris%C3%A9 200 in 154ms (next.js: 5ms, proxy.ts: 9ms, application-code: 140ms)
 GET /support?error=Acc%C3%A8s+non+autoris%C3%A9 200 in 146ms (next.js: 8ms, proxy.ts: 11ms, application-code: 127ms)
 GET /support?error=Acc%C3%A8s+non+autoris%C3%A9 200 in 151ms (next.js: 4ms, proxy.ts: 17ms, application-code: 129ms)
 GET /support?error=Acc%C3%A8s+non+autoris%C3%A9 200 in 145ms (next.js: 6ms, proxy.ts: 18ms, application-code: 121ms)
 GET /support?error=Acc%C3%A8s+non+autoris%C3%A9 200 in 143ms (next.js: 4ms, proxy.ts: 11ms, application-code: 128ms)
 GET /support?error=Acc%C3%A8s+non+autoris%C3%A9 200 in 140ms (next.js: 6ms, proxy.ts: 16ms, application-code: 118ms)
 GET /support?error=Acc%C3%A8s+non+autoris%C3%A9 200 in 128ms (next.js: 5ms, proxy.ts: 11ms, application-code: 112ms)
 GET /support?error=Acc%C3%A8s+non+autoris%C3%A9 200 in 118ms (next.js: 13ms, proxy.ts: 11ms, application-code: 94ms)
 GET /support?error=Acc%C3%A8s+non+autoris%C3%A9 200 in 113ms (next.js: 3ms, proxy.ts: 7ms, application-code: 102ms)
 GET /support?error=Acc%C3%A8s+non+autoris%C3%A9 200 in 117ms (next.js: 5ms, proxy.ts: 13ms, application-code: 99ms)
 GET /support?error=Acc%C3%A8s+non+autoris%C3%A9 200 in 134ms (next.js: 4ms, proxy.ts: 11ms, application-code: 119ms)
 GET /support?error=Acc%C3%A8s+non+autoris%C3%A9 200 in 134ms (next.js: 6ms, proxy.ts: 13ms, application-code: 115ms)
 GET /support?error=Acc%C3%A8s+non+autoris%C3%A9 200 in 129ms (next.js: 4ms, proxy.ts: 19ms, application-code: 106ms)
 GET /support?error=Acc%C3%A8s+non+autoris%C3%A9 200 in 110ms (next.js: 4ms, proxy.ts: 14ms, application-code: 91ms)
 GET /support?error=Acc%C3%A8s+non+autoris%C3%A9 200 in 102ms (next.js: 4ms, proxy.ts: 8ms, application-code: 90ms)
 GET /support?error=Acc%C3%A8s+non+autoris%C3%A9 200 in 110ms (next.js: 5ms, proxy.ts: 12ms, application-code: 93ms)
 GET /support?error=Acc%C3%A8s+non+autoris%C3%A9 200 in 105ms (next.js: 4ms, proxy.ts: 4ms, application-code: 98ms)
 GET /support?error=Acc%C3%A8s+non+autoris%C3%A9 200 in 108ms (next.js: 11ms, proxy.ts: 9ms, application-code: 87ms)
 GET /support?error=Acc%C3%A8s+non+autoris%C3%A9 200 in 99ms (next.js: 3ms, proxy.ts: 7ms, application-code: 89ms)
 GET /support?error=Acc%C3%A8s+non+autoris%C3%A9 200 in 102ms (next.js: 4ms, proxy.ts: 11ms, application-code: 86ms)
 GET /support?error=Acc%C3%A8s+non+autoris%C3%A9 200 in 111ms (next.js: 3ms, proxy.ts: 7ms, application-code: 101ms)
 GET /support?error=Acc%C3%A8s+non+autoris%C3%A9 200 in 110ms (next.js: 5ms, proxy.ts: 9ms, application-code: 97ms)
 GET /support?error=Acc%C3%A8s+non+autoris%C3%A9 200 in 109ms (next.js: 4ms, proxy.ts: 16ms, application-code: 89ms)
 GET /support?error=Acc%C3%A8s+non+autoris%C3%A9 200 in 97ms (next.js: 6ms, proxy.ts: 7ms, application-code: 83ms)
 GET /support?error=Acc%C3%A8s+non+autoris%C3%A9 200 in 96ms (next.js: 3ms, proxy.ts: 3ms, application-code: 89ms)
 GET /support?error=Acc%C3%A8s+non+autoris%C3%A9 200 in 99ms (next.js: 5ms, proxy.ts: 5ms, application-code: 89ms)
 GET /support?error=Acc%C3%A8s+non+autoris%C3%A9 200 in 110ms (next.js: 4ms, proxy.ts: 11ms, application-code: 95ms)
 GET /support?error=Acc%C3%A8s+non+autoris%C3%A9 200 in 104ms (next.js: 10ms, proxy.ts: 6ms, application-code: 88ms)
 GET /support?error=Acc%C3%A8s+non+autoris%C3%A9 200 in 100ms (next.js: 3ms, proxy.ts: 10ms, application-code: 87ms)
 GET /support?error=Acc%C3%A8s+non+autoris%C3%A9 200 in 107ms (next.js: 5ms, proxy.ts: 11ms, application-code: 91ms)
 GET /support?error=Acc%C3%A8s+non+autoris%C3%A9 200 in 122ms (next.js: 4ms, proxy.ts: 3ms, application-code: 115ms)
 GET /support?error=Acc%C3%A8s+non+autoris%C3%A9 200 in 128ms (next.js: 6ms, proxy.ts: 10ms, application-code: 112ms)
 GET /support?error=Acc%C3%A8s+non+autoris%C3%A9 200 in 142ms (next.js: 5ms, proxy.ts: 17ms, application-code: 120ms)
 GET /support?error=Acc%C3%A8s+non+autoris%C3%A9 200 in 139ms (next.js: 4ms, proxy.ts: 13ms, application-code: 122ms)
 GET /support?error=Acc%C3%A8s+non+autoris%C3%A9 200 in 147ms (next.js: 6ms, proxy.ts: 12ms, application-code: 129ms)
 GET /support?error=Acc%C3%A8s+non+autoris%C3%A9 200 in 146ms (next.js: 6ms, proxy.ts: 16ms, application-code: 124ms)
 GET /support?error=Acc%C3%A8s+non+autoris%C3%A9 200 in 132ms (next.js: 3ms, proxy.ts: 13ms, application-code: 116ms)
 GET /support?error=Acc%C3%A8s+non+autoris%C3%A9 200 in 134ms (next.js: 22ms, proxy.ts: 8ms, application-code: 104ms)
 GET /support?error=Acc%C3%A8s+non+autoris%C3%A9 200 in 128ms (next.js: 4ms, proxy.ts: 10ms, application-code: 114ms)
 GET /support?error=Acc%C3%A8s+non+autoris%C3%A9 200 in 125ms (next.js: 6ms, proxy.ts: 14ms, application-code: 104ms)
 GET /support?error=Acc%C3%A8s+non+autoris%C3%A9 200 in 124ms (next.js: 4ms, proxy.ts: 4ms, application-code: 116ms)
 GET /support?error=Acc%C3%A8s+non+autoris%C3%A9 200 in 126ms (next.js: 4ms, proxy.ts: 7ms, application-code: 114ms)
 GET /support?error=Acc%C3%A8s+non+autoris%C3%A9 200 in 148ms (next.js: 4ms, proxy.ts: 17ms, application-code: 127ms)
 GET /support?error=Acc%C3%A8s+non+autoris%C3%A9 200 in 157ms (next.js: 5ms, proxy.ts: 13ms, application-code: 140ms)
 GET /support?error=Acc%C3%A8s+non+autoris%C3%A9 200 in 197ms (next.js: 7ms, proxy.ts: 17ms, application-code: 174ms)
 GET /support?error=Acc%C3%A8s+non+autoris%C3%A9 200 in 227ms (next.js: 7ms, proxy.ts: 19ms, application-code: 201ms)
 GET /support?error=Acc%C3%A8s+non+autoris%C3%A9 200 in 220ms (next.js: 5ms, proxy.ts: 22ms, application-code: 193ms)
 GET /support?error=Acc%C3%A8s+non+autoris%C3%A9 200 in 201ms (next.js: 31ms, proxy.ts: 44ms, application-code: 126ms)
 GET /support?error=Acc%C3%A8s+non+autoris%C3%A9 200 in 138ms (next.js: 8ms, proxy.ts: 7ms, application-code: 122ms)
 GET /support?error=Acc%C3%A8s+non+autoris%C3%A9 200 in 123ms (next.js: 7ms, proxy.ts: 16ms, application-code: 100ms)
 GET /support?error=Acc%C3%A8s+non+autoris%C3%A9 200 in 138ms (next.js: 4ms, proxy.ts: 4ms, application-code: 129ms)
 GET /support?error=Acc%C3%A8s+non+autoris%C3%A9 200 in 143ms (next.js: 6ms, proxy.ts: 13ms, application-code: 125ms)
 GET /support?error=Acc%C3%A8s+non+autoris%C3%A9 200 in 136ms (next.js: 14ms, proxy.ts: 10ms, application-code: 112ms)
 GET /support?error=Acc%C3%A8s+non+autoris%C3%A9 200 in 115ms (next.js: 6ms, proxy.ts: 15ms, application-code: 95ms)
 GET /support?error=Acc%C3%A8s+non+autoris%C3%A9 200 in 114ms (next.js: 4ms, proxy.ts: 12ms, application-code: 98ms)
 GET /support?error=Acc%C3%A8s+non+autoris%C3%A9 200 in 111ms (next.js: 4ms, proxy.ts: 10ms, application-code: 97ms)
 GET /support?error=Acc%C3%A8s+non+autoris%C3%A9 200 in 112ms (next.js: 3ms, proxy.ts: 10ms, application-code: 99ms)
 GET /support?error=Acc%C3%A8s+non+autoris%C3%A9 200 in 110ms (next.js: 10ms, proxy.ts: 12ms, application-code: 88ms)
 GET /support?error=Acc%C3%A8s+non+autoris%C3%A9 200 in 105ms (next.js: 3ms, proxy.ts: 7ms, application-code: 95ms)
 GET /support?error=Acc%C3%A8s+non+autoris%C3%A9 200 in 109ms (next.js: 5ms, proxy.ts: 10ms, application-code: 93ms)
 GET /support?error=Acc%C3%A8s+non+autoris%C3%A9 200 in 136ms (next.js: 3ms, proxy.ts: 5ms, application-code: 127ms)
 GET /support?error=Acc%C3%A8s+non+autoris%C3%A9 200 in 135ms (next.js: 6ms, proxy.ts: 8ms, application-code: 121ms)
 GET /support?error=Acc%C3%A8s+non+autoris%C3%A9 200 in 133ms (next.js: 15ms, proxy.ts: 4ms, application-code: 115ms)
 GET /support?error=Acc%C3%A8s+non+autoris%C3%A9 200 in 98ms (next.js: 3ms, proxy.ts: 9ms, application-code: 85ms)
 GET /support?error=Acc%C3%A8s+non+autoris%C3%A9 200 in 102ms (next.js: 4ms, proxy.ts: 7ms, application-code: 92ms)
 GET /support?error=Acc%C3%A8s+non+autoris%C3%A9 200 in 117ms (next.js: 5ms, proxy.ts: 9ms, application-code: 103ms)
 GET /support?error=Acc%C3%A8s+non+autoris%C3%A9 200 in 111ms (next.js: 3ms, proxy.ts: 4ms, application-code: 104ms)
 GET /support?error=Acc%C3%A8s+non+autoris%C3%A9 200 in 118ms (next.js: 4ms, proxy.ts: 10ms, application-code: 104ms)
 GET /support?error=Acc%C3%A8s+non+autoris%C3%A9 200 in 104ms (next.js: 3ms, proxy.ts: 7ms, application-code: 94ms)
 GET /support?error=Acc%C3%A8s+non+autoris%C3%A9 200 in 102ms (next.js: 4ms, proxy.ts: 9ms, application-code: 88ms)
 GET /support?error=Acc%C3%A8s+non+autoris%C3%A9 200 in 119ms (next.js: 4ms, proxy.ts: 6ms, application-code: 108ms)
 GET /support?error=Acc%C3%A8s+non+autoris%C3%A9 200 in 125ms (next.js: 4ms, proxy.ts: 10ms, application-code: 111ms)
 GET /support?error=Acc%C3%A8s+non+autoris%C3%A9 200 in 166ms (next.js: 6ms, proxy.ts: 9ms, application-code: 151ms)
 GET /support?error=Acc%C3%A8s+non+autoris%C3%A9 200 in 160ms (next.js: 3ms, proxy.ts: 12ms, application-code: 145ms)
 GET /support?error=Acc%C3%A8s+non+autoris%C3%A9 200 in 162ms (next.js: 17ms, proxy.ts: 25ms, application-code: 120ms)
 GET /support?error=Acc%C3%A8s+non+autoris%C3%A9 200 in 128ms (next.js: 10ms, proxy.ts: 10ms, application-code: 108ms)
 GET /support?error=Acc%C3%A8s+non+autoris%C3%A9 200 in 115ms (next.js: 4ms, proxy.ts: 4ms, application-code: 107ms)
 GET /support?error=Acc%C3%A8s+non+autoris%C3%A9 200 in 129ms (next.js: 4ms, proxy.ts: 7ms, application-code: 118ms)
 GET /support?error=Acc%C3%A8s+non+autoris%C3%A9 200 in 122ms (next.js: 5ms, proxy.ts: 9ms, application-code: 109ms)
 GET /support?error=Acc%C3%A8s+non+autoris%C3%A9 200 in 118ms (next.js: 5ms, proxy.ts: 12ms, application-code: 101ms)
 GET /support?error=Acc%C3%A8s+non+autoris%C3%A9 200 in 121ms (next.js: 4ms, proxy.ts: 9ms, application-code: 108ms)
 GET /support?error=Acc%C3%A8s+non+autoris%C3%A9 200 in 119ms (next.js: 5ms, proxy.ts: 12ms, application-code: 102ms)
 GET /support?error=Acc%C3%A8s+non+autoris%C3%A9 200 in 122ms (next.js: 4ms, proxy.ts: 11ms, application-code: 108ms)
 GET /support?error=Acc%C3%A8s+non+autoris%C3%A9 200 in 112ms (next.js: 4ms, proxy.ts: 12ms, application-code: 95ms)
 GET /support?error=Acc%C3%A8s+non+autoris%C3%A9 200 in 111ms (next.js: 5ms, proxy.ts: 7ms, application-code: 99ms)
 GET /support?error=Acc%C3%A8s+non+autoris%C3%A9 200 in 115ms (next.js: 6ms, proxy.ts: 13ms, application-code: 97ms)
 GET /support?error=Acc%C3%A8s+non+autoris%C3%A9 200 in 108ms (next.js: 4ms, proxy.ts: 3ms, application-code: 101ms)
 GET /support?error=Acc%C3%A8s+non+autoris%C3%A9 200 in 109ms (next.js: 4ms, proxy.ts: 11ms, application-code: 95ms)
 GET /support?error=Acc%C3%A8s+non+autoris%C3%A9 200 in 113ms (next.js: 4ms, proxy.ts: 8ms, application-code: 101ms)
 GET /support?error=Acc%C3%A8s+non+autoris%C3%A9 200 in 110ms (next.js: 6ms, proxy.ts: 8ms, application-code: 96ms)
 GET /support?error=Acc%C3%A8s+non+autoris%C3%A9 200 in 117ms (next.js: 3ms, proxy.ts: 7ms, application-code: 106ms)
 GET /support?error=Acc%C3%A8s+non+autoris%C3%A9 200 in 108ms (next.js: 6ms, proxy.ts: 7ms, application-code: 94ms)
 GET /support?error=Acc%C3%A8s+non+autoris%C3%A9 200 in 114ms (next.js: 4ms, proxy.ts: 9ms, application-code: 101ms)
 GET /support?error=Acc%C3%A8s+non+autoris%C3%A9 200 in 101ms (next.js: 4ms, proxy.ts: 10ms, application-code: 87ms)
 GET /support?error=Acc%C3%A8s+non+autoris%C3%A9 200 in 102ms (next.js: 3ms, proxy.ts: 8ms, application-code: 90ms)
 GET /support?error=Acc%C3%A8s+non+autoris%C3%A9 200 in 114ms (next.js: 4ms, proxy.ts: 12ms, application-code: 99ms)
 GET /support?error=Acc%C3%A8s+non+autoris%C3%A9 200 in 119ms (next.js: 3ms, proxy.ts: 7ms, application-code: 108ms)
 GET /support?error=Acc%C3%A8s+non+autoris%C3%A9 200 in 120ms (next.js: 4ms, proxy.ts: 9ms, application-code: 107ms)
 GET /support?error=Acc%C3%A8s+non+autoris%C3%A9 200 in 108ms (next.js: 4ms, proxy.ts: 12ms, application-code: 91ms)
 GET /support?error=Acc%C3%A8s+non+autoris%C3%A9 200 in 101ms (next.js: 5ms, proxy.ts: 12ms, application-code: 84ms)
 GET /support?error=Acc%C3%A8s+non+autoris%C3%A9 200 in 108ms (next.js: 4ms, proxy.ts: 3ms, application-code: 101ms)
 GET /support?error=Acc%C3%A8s+non+autoris%C3%A9 200 in 115ms (next.js: 3ms, proxy.ts: 9ms, application-code: 103ms)
 GET /support?error=Acc%C3%A8s+non+autoris%C3%A9 200 in 120ms (next.js: 3ms, proxy.ts: 10ms, application-code: 107ms)
 GET /support?error=Acc%C3%A8s+non+autoris%C3%A9 200 in 118ms (next.js: 5ms, proxy.ts: 20ms, application-code: 92ms)
 GET /support?error=Acc%C3%A8s+non+autoris%C3%A9 200 in 112ms (next.js: 4ms, proxy.ts: 4ms, application-code: 104ms)
 GET /support?error=Acc%C3%A8s+non+autoris%C3%A9 200 in 118ms (next.js: 5ms, proxy.ts: 8ms, application-code: 106ms)
 GET /support?error=Acc%C3%A8s+non+autoris%C3%A9 200 in 118ms (next.js: 4ms, proxy.ts: 8ms, application-code: 106ms)
 GET /support?error=Acc%C3%A8s+non+autoris%C3%A9 200 in 117ms (next.js: 8ms, proxy.ts: 9ms, application-code: 100ms)
 GET /support?error=Acc%C3%A8s+non+autoris%C3%A9 200 in 107ms (next.js: 3ms, proxy.ts: 10ms, application-code: 94ms)
 GET /support?error=Acc%C3%A8s+non+autoris%C3%A9 200 in 104ms (next.js: 5ms, proxy.ts: 12ms, application-code: 87ms)
 GET /support?error=Acc%C3%A8s+non+autoris%C3%A9 200 in 117ms (next.js: 5ms, proxy.ts: 4ms, application-code: 108ms)
 GET /support?error=Acc%C3%A8s+non+autoris%C3%A9 200 in 154ms (next.js: 4ms, proxy.ts: 7ms, application-code: 143ms)
 GET /support?error=Acc%C3%A8s+non+autoris%C3%A9 200 in 174ms (next.js: 5ms, proxy.ts: 11ms, application-code: 159ms)
 GET /support?error=Acc%C3%A8s+non+autoris%C3%A9 200 in 175ms (next.js: 8ms, proxy.ts: 26ms, application-code: 141ms)
 GET /support?error=Acc%C3%A8s+non+autoris%C3%A9 200 in 127ms (next.js: 4ms, proxy.ts: 14ms, application-code: 109ms)
 GET /support?error=Acc%C3%A8s+non+autoris%C3%A9 200 in 120ms (next.js: 9ms, proxy.ts: 10ms, application-code: 101ms)
 GET /support?error=Acc%C3%A8s+non+autoris%C3%A9 200 in 173ms (next.js: 5ms, proxy.ts: 9ms, application-code: 160ms)
 GET /support?error=Acc%C3%A8s+non+autoris%C3%A9 200 in 170ms (next.js: 6ms, proxy.ts: 17ms, application-code: 147ms)
 GET /support?error=Acc%C3%A8s+non+autoris%C3%A9 200 in 166ms (next.js: 9ms, proxy.ts: 25ms, application-code: 133ms)
 GET /support?error=Acc%C3%A8s+non+autoris%C3%A9 200 in 117ms (next.js: 12ms, proxy.ts: 15ms, application-code: 91ms)
 GET /support?error=Acc%C3%A8s+non+autoris%C3%A9 200 in 169ms (next.js: 3ms, proxy.ts: 7ms, application-code: 158ms)
 GET /support?error=Acc%C3%A8s+non+autoris%C3%A9 200 in 181ms (next.js: 6ms, proxy.ts: 12ms, application-code: 162ms)
 GET /support?error=Acc%C3%A8s+non+autoris%C3%A9 200 in 178ms (next.js: 9ms, proxy.ts: 36ms, application-code: 132ms)
 GET /support?error=Acc%C3%A8s+non+autoris%C3%A9 200 in 130ms (next.js: 5ms, proxy.ts: 24ms, application-code: 101ms)
 GET /support?error=Acc%C3%A8s+non+autoris%C3%A9 200 in 115ms (next.js: 5ms, proxy.ts: 10ms, application-code: 100ms)
 GET /support?error=Acc%C3%A8s+non+autoris%C3%A9 200 in 172ms (next.js: 5ms, proxy.ts: 12ms, application-code: 155ms)
 GET /support?error=Acc%C3%A8s+non+autoris%C3%A9 200 in 323ms (next.js: 3ms, proxy.ts: 10ms, application-code: 310ms)
 GET /support?error=Acc%C3%A8s+non+autoris%C3%A9 200 in 631ms (next.js: 6ms, proxy.ts: 13ms, application-code: 612ms)
 GET /support?error=Acc%C3%A8s+non+autoris%C3%A9 200 in 658ms (next.js: 43ms, proxy.ts: 68ms, application-code: 547ms)
 GET /support?error=Acc%C3%A8s+non+autoris%C3%A9 200 in 1206ms (next.js: 29ms, proxy.ts: 10ms, application-code: 1167ms)
 GET /support?error=Acc%C3%A8s+non+autoris%C3%A9 200 in 1274ms (next.js: 174ms, proxy.ts: 75ms, application-code: 1025ms)
 GET /support?error=Acc%C3%A8s+non+autoris%C3%A9 200 in 2.0s (next.js: 18ms, proxy.ts: 10ms, application-code: 1976ms)
 GET /support?error=Acc%C3%A8s+non+autoris%C3%A9 200 in 2.4s (next.js: 52ms, proxy.ts: 597ms, application-code: 1735ms)
 GET /support?error=Acc%C3%A8s+non+autoris%C3%A9 200 in 1749ms (next.js: 139ms, proxy.ts: 174ms, application-code: 1437ms)
 GET /support?error=Acc%C3%A8s+non+autoris%C3%A9 200 in 531ms (next.js: 21ms, proxy.ts: 81ms, application-code: 428ms)
 GET /support?error=Acc%C3%A8s+non+autoris%C3%A9 200 in 402ms (next.js: 10ms, proxy.ts: 29ms, application-code: 363ms)
 GET /support?error=Acc%C3%A8s+non+autoris%C3%A9 200 in 294ms (next.js: 16ms, proxy.ts: 67ms, application-code: 211ms)
 GET /support?error=Acc%C3%A8s+non+autoris%C3%A9 200 in 202ms (next.js: 9ms, proxy.ts: 24ms, application-code: 169ms)
 GET /support?error=Acc%C3%A8s+non+autoris%C3%A9 200 in 183ms (next.js: 7ms, proxy.ts: 55ms, application-code: 120ms)
 GET /support?error=Acc%C3%A8s+non+autoris%C3%A9 200 in 129ms (next.js: 6ms, proxy.ts: 20ms, application-code: 104ms)
 GET /support?error=Acc%C3%A8s+non+autoris%C3%A9 200 in 174ms (next.js: 5ms, proxy.ts: 5ms, application-code: 164ms)
 GET /support?error=Acc%C3%A8s+non+autoris%C3%A9 200 in 189ms (next.js: 6ms, proxy.ts: 7ms, application-code: 176ms)
 GET /support?error=Acc%C3%A8s+non+autoris%C3%A9 200 in 179ms (next.js: 5ms, proxy.ts: 16ms, application-code: 159ms)
 GET /support?error=Acc%C3%A8s+non+autoris%C3%A9 200 in 177ms (next.js: 14ms, proxy.ts: 19ms, application-code: 144ms)
 GET /support?error=Acc%C3%A8s+non+autoris%C3%A9 200 in 167ms (next.js: 9ms, proxy.ts: 18ms, application-code: 141ms)
 GET /support?error=Acc%C3%A8s+non+autoris%C3%A9 200 in 161ms (next.js: 7ms, proxy.ts: 19ms, application-code: 135ms)
 GET /support?error=Acc%C3%A8s+non+autoris%C3%A9 200 in 166ms (next.js: 7ms, proxy.ts: 16ms, application-code: 144ms)
 GET /support?error=Acc%C3%A8s+non+autoris%C3%A9 200 in 142ms (next.js: 5ms, proxy.ts: 9ms, application-code: 128ms)
 GET /support?error=Acc%C3%A8s+non+autoris%C3%A9 200 in 155ms (next.js: 15ms, proxy.ts: 13ms, application-code: 127ms)
 GET /support?error=Acc%C3%A8s+non+autoris%C3%A9 200 in 134ms (next.js: 5ms, proxy.ts: 13ms, application-code: 116ms)
 GET /support?error=Acc%C3%A8s+non+autoris%C3%A9 200 in 137ms (next.js: 5ms, proxy.ts: 13ms, application-code: 119ms)
 GET /support?error=Acc%C3%A8s+non+autoris%C3%A9 200 in 140ms (next.js: 7ms, proxy.ts: 15ms, application-code: 118ms)
 GET /support?error=Acc%C3%A8s+non+autoris%C3%A9 200 in 167ms (next.js: 5ms, proxy.ts: 13ms, application-code: 149ms)
 GET /support?error=Acc%C3%A8s+non+autoris%C3%A9 200 in 147ms (next.js: 15ms, proxy.ts: 9ms, application-code: 123ms)
 GET /support?error=Acc%C3%A8s+non+autoris%C3%A9 200 in 149ms (next.js: 14ms, proxy.ts: 7ms, application-code: 129ms)
 GET /support?error=Acc%C3%A8s+non+autoris%C3%A9 200 in 141ms (next.js: 6ms, proxy.ts: 19ms, application-code: 116ms)
 GET /support?error=Acc%C3%A8s+non+autoris%C3%A9 200 in 146ms (next.js: 6ms, proxy.ts: 8ms, application-code: 133ms)
 GET /support?error=Acc%C3%A8s+non+autoris%C3%A9 200 in 113ms (next.js: 7ms, proxy.ts: 15ms, application-code: 92ms)
 GET /support?error=Acc%C3%A8s+non+autoris%C3%A9 200 in 72ms (next.js: 11ms, proxy.ts: 12ms, application-code: 49ms)
 GET /support?error=Acc%C3%A8s+non+autoris%C3%A9 200 in 132ms (next.js: 22ms, proxy.ts: 15ms, application-code: 96ms)
 GET /support?error=Acc%C3%A8s+non+autoris%C3%A9 200 in 146ms (next.js: 9ms, proxy.ts: 4ms, application-code: 133ms)
 GET /support?error=Acc%C3%A8s+non+autoris%C3%A9 200 in 188ms (next.js: 5ms, proxy.ts: 8ms, application-code: 174ms)
 GET /support?error=Acc%C3%A8s+non+autoris%C3%A9 200 in 170ms (next.js: 6ms, proxy.ts: 15ms, application-code: 149ms)
 GET /support?error=Acc%C3%A8s+non+autoris%C3%A9 200 in 263ms (next.js: 10ms, proxy.ts: 20ms, application-code: 234ms)
 GET /support?error=Acc%C3%A8s+non+autoris%C3%A9 200 in 642ms (next.js: 40ms, proxy.ts: 10ms, application-code: 592ms)
 GET /support?error=Acc%C3%A8s+non+autoris%C3%A9 200 in 502ms (next.js: 11ms, proxy.ts: 20ms, application-code: 470ms)
⨯ Error: The destination stream closed early.
    at ignore-listed frames {
  digest: '2986962663'
}
 GET /support?error=Acc%C3%A8s+non+autoris%C3%A9 200 in 602ms (next.js: 14ms, proxy.ts: 12ms, application-code: 575ms)
 GET /support?error=Acc%C3%A8s+non+autoris%C3%A9 200 in 156ms (next.js: 65ms, proxy.ts: 47ms, application-code: 44ms)
⨯ Error: The destination stream closed early.
    at ignore-listed frames {
  digest: '2986962663'
}
  ✘  1 [chromium] › e2e/settings-actors-local.spec.ts:6:7 › settings actor fr saves current policy and rejects downgraded or revoked forms (20.2s)
(node:49564) Warning: The 'NO_COLOR' env is ignored due to the 'FORCE_COLOR' env being set.
(Use `node --trace-warnings ...` to show where the warning was created)
 GET /settings 200 in 397ms (next.js: 10ms, proxy.ts: 5ms, application-code: 382ms)
 GET /api/auth/get-session 200 in 715ms (next.js: 76ms, proxy.ts: 611ms, application-code: 28ms)
 GET /api/auth/organization/list 200 in 668ms (next.js: 64ms, proxy.ts: 581ms, application-code: 24ms)
 GET /settings?notice=Langue+de+l%E2%80%99espace+mise+%C3%A0+jour. 200 in 124ms (next.js: 2.0ms, proxy.ts: 2ms, application-code: 120ms)
 POST /settings 200 in 271ms (next.js: 18ms, proxy.ts: 46ms, application-code: 207ms)
  └─ ƒ updateWorkspaceLocale({}) in 59ms src/app/actions.ts
 GET /settings?notice=Workspace+language+updated. 200 in 180ms (next.js: 8ms, proxy.ts: 4ms, application-code: 167ms)
 POST /settings?notice=Langue%20de%20l%E2%80%99espace%20mise%20%C3%A0%20jour. 200 in 216ms (next.js: 6ms, proxy.ts: 6ms, application-code: 204ms)
  └─ ƒ updateWorkspaceLocale({}) in 14ms src/app/actions.ts
 GET /settings?notice=Approval+policy+updated. 200 in 234ms (next.js: 5ms, proxy.ts: 6ms, application-code: 223ms)
 POST /settings?notice=Workspace%20language%20updated. 200 in 292ms (next.js: 6ms, proxy.ts: 5ms, application-code: 281ms)
  └─ ƒ updateApprovalPolicy({}) in 26ms src/app/actions.ts
 GET /settings?notice=Identit%C3%A9+de+marque+enregistr%C3%A9e. 200 in 154ms (next.js: 3ms, proxy.ts: 3ms, application-code: 148ms)
 POST /settings?notice=Approval%20policy%20updated. 200 in 182ms (next.js: 2ms, proxy.ts: 4ms, application-code: 176ms)
  └─ ƒ updateBranding({}) in 12ms src/app/actions.ts
 GET /settings?error=Capability+required%3A+approvals.dual 200 in 142ms (next.js: 8ms, proxy.ts: 4ms, application-code: 130ms)
 POST /settings?notice=Identit%C3%A9%20de%20marque%20enregistr%C3%A9e. 200 in 174ms (next.js: 8ms, proxy.ts: 6ms, application-code: 160ms)
  └─ ƒ updateApprovalPolicy({}) in 9ms src/app/actions.ts
 GET /settings 200 in 236ms (next.js: 8ms, proxy.ts: 5ms, application-code: 223ms)
 GET /api/auth/get-session 200 in 34ms (next.js: 6ms, proxy.ts: 3ms, application-code: 25ms)
 GET /api/auth/organization/list 200 in 38ms (next.js: 14ms, proxy.ts: 4ms, application-code: 20ms)
 GET /settings?error=Permission+required%3A+workspace%3Aadmin 200 in 153ms (next.js: 19ms, proxy.ts: 3ms, application-code: 132ms)
 POST /settings 200 in 220ms (next.js: 5ms, proxy.ts: 11ms, application-code: 204ms)
  └─ ƒ updateBranding({}) in 11ms src/app/actions.ts
 GET /support?error=Acc%C3%A8s+non+autoris%C3%A9 200 in 326ms (next.js: 98ms, proxy.ts: 55ms, application-code: 174ms)
 GET /support?error=Acc%C3%A8s+non+autoris%C3%A9 200 in 308ms (next.js: 6ms, proxy.ts: 9ms, application-code: 293ms)
 GET /support?error=Acc%C3%A8s+non+autoris%C3%A9 200 in 433ms (next.js: 22ms, proxy.ts: 11ms, application-code: 400ms)
 GET /support?error=Acc%C3%A8s+non+autoris%C3%A9 200 in 449ms (next.js: 35ms, proxy.ts: 14ms, application-code: 400ms)
 GET /settings 307 in 270ms (next.js: 27ms, proxy.ts: 23ms, application-code: 220ms)
 GET /support?error=Acc%C3%A8s+non+autoris%C3%A9 200 in 424ms (next.js: 36ms, proxy.ts: 37ms, application-code: 352ms)
 GET /support?error=Acc%C3%A8s+non+autoris%C3%A9 200 in 353ms (next.js: 17ms, proxy.ts: 30ms, application-code: 306ms)
 GET /support?error=Acc%C3%A8s+non+autoris%C3%A9 200 in 349ms (next.js: 18ms, proxy.ts: 5ms, application-code: 325ms)
 GET /support?error=Acc%C3%A8s+non+autoris%C3%A9 200 in 136ms (next.js: 7ms, proxy.ts: 25ms, application-code: 103ms)
⨯ Error: The destination stream closed early.
    at ignore-listed frames {
  digest: '2986962663'
}
 GET /support?error=Acc%C3%A8s+non+autoris%C3%A9 200 in 324ms (next.js: 60ms, proxy.ts: 21ms, application-code: 243ms)
 GET /support?error=Acc%C3%A8s+non+autoris%C3%A9 200 in 88ms (next.js: 9ms, proxy.ts: 62ms, application-code: 17ms)
⨯ Error: The destination stream closed early.
    at ignore-listed frames {
  digest: '2986962663'
}
 GET /portfolio 200 in 387ms (next.js: 29ms, proxy.ts: 18ms, application-code: 340ms)
 GET /api/auth/get-session 200 in 42ms (next.js: 5ms, proxy.ts: 4ms, application-code: 33ms)
 GET /api/auth/organization/list 200 in 45ms (next.js: 11ms, proxy.ts: 3ms, application-code: 30ms)
 GET /portfolio?view_notice=unavailable 200 in 51ms (next.js: 1.7ms, proxy.ts: 1.8ms, application-code: 48ms)
 POST /portfolio 200 in 82ms (next.js: 5ms, proxy.ts: 8ms, application-code: 70ms)
  └─ ƒ storePortfolioView({}) in 11ms src/app/portfolio-actions.ts
 GET /portfolio 307 in 178ms (next.js: 6ms, proxy.ts: 15ms, application-code: 157ms)
  ✓  2 [chromium] › e2e/settings-actors-local.spec.ts:6:7 › settings actor en saves current policy and rejects downgraded or revoked forms (6.7s)
 GET /support?error=Acc%C3%A8s+non+autoris%C3%A9 200 in 104ms (next.js: 30ms, proxy.ts: 7ms, application-code: 66ms)
⨯ Error: The destination stream closed early.
    at ignore-listed frames {
  digest: '2986962663'
}
 GET /support?error=Acc%C3%A8s+non+autoris%C3%A9 200 in 197ms (next.js: 19ms, proxy.ts: 9ms, application-code: 169ms)
 GET /support?error=Acc%C3%A8s+non+autoris%C3%A9 200 in 228ms (next.js: 3ms, proxy.ts: 2ms, application-code: 223ms)
 GET /support?error=Acc%C3%A8s+non+autoris%C3%A9 200 in 50ms (next.js: 14ms, proxy.ts: 10ms, application-code: 26ms)
⨯ Error: The destination stream closed early.
    at ignore-listed frames {
  digest: '2986962663'
}


  1) [chromium] › e2e/settings-actors-local.spec.ts:6:7 › settings actor fr saves current policy and rejects downgraded or revoked forms

    Error: expect(page).toHaveURL(expected) failed

    Expected pattern: /view_notice=unavailable/
    Received string:  "http://localhost:3017/support?error=Acc%C3%A8s%20non%20autoris%C3%A9"
    Timeout: 15000ms

    Call log:
      - Expect "toHaveURL" with timeout 15000ms
        5 × locator resolved to <html lang="fr" class="dm_sans_fe7dbf25-module__9qQx3a__variable plus_jakarta_sans_51fa6e4-module__PMjDsW__variable fira_code_959efba7-module__26MZXG__variable h-full antialiased">…</html>
          - unexpected value "http://localhost:3017/portfolio"
        28 × locator resolved to <html lang="fr" class="dm_sans_fe7dbf25-module__9qQx3a__variable plus_jakarta_sans_51fa6e4-module__PMjDsW__variable fira_code_959efba7-module__26MZXG__variable h-full antialiased">…</html>
           - unexpected value "http://localhost:3017/support?error=Acc%C3%A8s%20non%20autoris%C3%A9"


      60 |       await db.query("update auth_members set role='client' where id=$1", [member.id])
      61 |       await views.getByRole('button', { name: /Save current filters|Enregistrer ces filtres/ }).click()
    > 62 |       await expect(page).toHaveURL(/view_notice=unavailable/)
         |                          ^
      63 |       await expect(views).toHaveCount(0)
      64 |       const portfolioDenied = await page.request.get('/portfolio', { maxRedirects: 0 })
      65 |       expect(portfolioDenied.status()).toBe(307)
        at /Users/yoannandrieux/Projets/yodev-ads/web/e2e/settings-actors-local.spec.ts:62:26

    Error Context: test-results/settings-actors-local-sett-67f8a-downgraded-or-revoked-forms-chromium/error-context.md

  1 failed
    [chromium] › e2e/settings-actors-local.spec.ts:6:7 › settings actor fr saves current policy and rejects downgraded or revoked forms
  1 passed (29.6s)
{"ok":true,"cleaned":"local-browser-fixtures"}
