
> @yodev/ads@0.1.0 test:e2e:local
> node scripts/verify-local-browser.mjs --grep guided setup

{"ok":true,"fixtureRoles":["owner","admin","strategist","analyst","client"],"foreignExportId":"80000000-0000-4000-8000-000000000003"}

> @yodev/ads@0.1.0 dev
> next dev --hostname 127.0.0.1 --port 3017

▲ Next.js 16.3.0 (Turbopack)
- Local:         http://127.0.0.1:3017
- Network:       http://127.0.0.1:3017
- Environments: .env.local
✓ Ready in 259ms
✓ Running next.config.ts took 347ms
- Experiments (use with caution):
  · clientTraceMetadata

 GET / 200 in 2.0s (next.js: 1378ms, proxy.ts: 113ms, application-code: 509ms)
 GET /sign-in 200 in 2.0s (next.js: 1810ms, proxy.ts: 117ms, application-code: 79ms)
 GET /icon?a62dacc6b033a714 200 in 214ms (next.js: 49ms, proxy.ts: 4ms, application-code: 161ms)
 POST /api/auth/sign-in/email 200 in 899ms (next.js: 738ms, proxy.ts: 3ms, application-code: 158ms)
 POST /api/auth/sign-in/email 200 in 85ms (next.js: 4ms, proxy.ts: 2ms, application-code: 79ms)
 POST /api/auth/sign-in/email 200 in 83ms (next.js: 3ms, proxy.ts: 3ms, application-code: 78ms)
 POST /api/auth/sign-in/email 200 in 75ms (next.js: 1.8ms, proxy.ts: 2.0ms, application-code: 72ms)
 POST /api/auth/sign-in/email 200 in 75ms (next.js: 2ms, proxy.ts: 2ms, application-code: 71ms)
 GET /dashboard 200 in 440ms (next.js: 188ms, proxy.ts: 3ms, application-code: 250ms)
 GET /settings 200 in 219ms (next.js: 28ms, proxy.ts: 2ms, application-code: 188ms)
 GET /billing 200 in 161ms (next.js: 12ms, proxy.ts: 2.0ms, application-code: 147ms)
 GET /support 200 in 130ms (next.js: 14ms, proxy.ts: 1.9ms, application-code: 114ms)
 GET /accounts 200 in 115ms (next.js: 11ms, proxy.ts: 1.8ms, application-code: 101ms)
 GET /history 200 in 119ms (next.js: 13ms, proxy.ts: 1.8ms, application-code: 104ms)
 GET /alerts 200 in 121ms (next.js: 14ms, proxy.ts: 1.8ms, application-code: 106ms)
 GET /tasks 200 in 146ms (next.js: 19ms, proxy.ts: 1.8ms, application-code: 125ms)
 GET /approvals 200 in 126ms (next.js: 21ms, proxy.ts: 2.0ms, application-code: 103ms)
 GET /reports 200 in 181ms (next.js: 19ms, proxy.ts: 1.7ms, application-code: 160ms)
 GET /audit 200 in 128ms (next.js: 20ms, proxy.ts: 2.0ms, application-code: 106ms)
 GET /agents 200 in 174ms (next.js: 17ms, proxy.ts: 1.8ms, application-code: 156ms)
 GET / 200 in 73ms (next.js: 1.4ms, proxy.ts: 1.7ms, application-code: 70ms)
 GET /privacy 200 in 48ms (next.js: 11ms, proxy.ts: 1.8ms, application-code: 35ms)
 GET /terms 200 in 45ms (next.js: 11ms, proxy.ts: 1.7ms, application-code: 32ms)
 GET /subprocessors 200 in 95ms (next.js: 38ms, proxy.ts: 1.7ms, application-code: 55ms)
 GET /status 200 in 96ms (next.js: 31ms, proxy.ts: 1.7ms, application-code: 63ms)
 GET /sign-in 200 in 32ms (next.js: 4ms, proxy.ts: 1.8ms, application-code: 26ms)
 GET /sign-up 200 in 303ms (next.js: 272ms, proxy.ts: 1.8ms, application-code: 30ms)
Local browser states ready in /var/folders/9h/sbxl7zl90j9_wc743xft5j8h0000gn/T/yodev-ads-browser-T2QEeJ

Running 2 tests using 1 worker

(node:35363) Warning: The 'NO_COLOR' env is ignored due to the 'FORCE_COLOR' env being set.
(Use `node --trace-warnings ...` to show where the warning was created)
 POST /api/auth/organization/set-active 200 in 29ms (next.js: 8ms, proxy.ts: 6ms, application-code: 16ms)
 GET /getting-started 200 in 205ms (next.js: 19ms, proxy.ts: 1.8ms, application-code: 184ms)
 GET /api/auth/get-session 200 in 65ms (next.js: 8ms, proxy.ts: 5ms, application-code: 51ms)
 GET /api/auth/organization/list 200 in 71ms (next.js: 16ms, proxy.ts: 5ms, application-code: 50ms)
 GET /getting-started 200 in 163ms (next.js: 10ms, proxy.ts: 3ms, application-code: 150ms)
 GET /api/auth/get-session 200 in 20ms (next.js: 4ms, proxy.ts: 2ms, application-code: 14ms)
 GET /api/auth/organization/list 200 in 24ms (next.js: 7ms, proxy.ts: 3ms, application-code: 14ms)
 GET /getting-started 200 in 143ms (next.js: 1.9ms, proxy.ts: 5ms, application-code: 136ms)
 GET /api/auth/get-session 200 in 24ms (next.js: 5ms, proxy.ts: 2ms, application-code: 16ms)
 GET /api/auth/organization/list 200 in 26ms (next.js: 10ms, proxy.ts: 3ms, application-code: 14ms)
 GET /getting-started 200 in 147ms (next.js: 1.4ms, proxy.ts: 2ms, application-code: 143ms)
 GET /api/auth/get-session 200 in 17ms (next.js: 4ms, proxy.ts: 3ms, application-code: 11ms)
 GET /api/auth/organization/list 200 in 20ms (next.js: 6ms, proxy.ts: 3ms, application-code: 11ms)
 GET /getting-started 200 in 128ms (next.js: 1.4ms, proxy.ts: 2ms, application-code: 124ms)
 GET /api/auth/get-session 200 in 32ms (next.js: 22ms, proxy.ts: 4ms, application-code: 6ms)
 GET /api/auth/organization/list 200 in 34ms (next.js: 17ms, proxy.ts: 6ms, application-code: 11ms)
 GET /getting-started 200 in 122ms (next.js: 1.5ms, proxy.ts: 1.9ms, application-code: 118ms)
  ✓  1 [chromium] › e2e/getting-started-local.spec.ts:6:7 › guided setup fr requires selected accounts and qualified milestones (2.7s)
 POST /api/auth/organization/set-active 200 in 10ms (next.js: 1.7ms, proxy.ts: 1.8ms, application-code: 7ms)
 GET /getting-started 200 in 145ms (next.js: 1.6ms, proxy.ts: 2.0ms, application-code: 141ms)
 GET /api/auth/get-session 200 in 23ms (next.js: 6ms, proxy.ts: 3ms, application-code: 15ms)
 GET /api/auth/organization/list 200 in 26ms (next.js: 10ms, proxy.ts: 3ms, application-code: 13ms)
 GET /getting-started 200 in 150ms (next.js: 6ms, proxy.ts: 5ms, application-code: 140ms)
 GET /api/auth/get-session 200 in 19ms (next.js: 4ms, proxy.ts: 3ms, application-code: 12ms)
 GET /api/auth/organization/list 200 in 23ms (next.js: 6ms, proxy.ts: 3ms, application-code: 13ms)
 GET /getting-started 200 in 143ms (next.js: 1.9ms, proxy.ts: 6ms, application-code: 136ms)
 GET /api/auth/get-session 200 in 26ms (next.js: 6ms, proxy.ts: 3ms, application-code: 17ms)
 GET /api/auth/organization/list 200 in 29ms (next.js: 10ms, proxy.ts: 3ms, application-code: 17ms)
 GET /getting-started 200 in 160ms (next.js: 4ms, proxy.ts: 7ms, application-code: 149ms)
 GET /api/auth/get-session 200 in 18ms (next.js: 4ms, proxy.ts: 3ms, application-code: 12ms)
 GET /api/auth/organization/list 200 in 20ms (next.js: 7ms, proxy.ts: 3ms, application-code: 10ms)
 GET /getting-started 200 in 229ms (next.js: 1.7ms, proxy.ts: 2ms, application-code: 225ms)
 GET / 200 in 151ms (next.js: 3ms, proxy.ts: 43ms, application-code: 105ms)
 GET /api/auth/get-session 200 in 57ms (next.js: 11ms, proxy.ts: 21ms, application-code: 25ms)
 GET /api/auth/organization/list 200 in 68ms (next.js: 17ms, proxy.ts: 19ms, application-code: 32ms)
 GET /getting-started 200 in 186ms (next.js: 5ms, proxy.ts: 15ms, application-code: 167ms)
  ✓  2 [chromium] › e2e/getting-started-local.spec.ts:6:7 › guided setup en requires selected accounts and qualified milestones (2.3s)

  2 passed (5.8s)
{"ok":true,"cleaned":"local-browser-fixtures"}
[?25h
