
> @yodev/ads@0.1.0 check
> npm run lint && npm run typecheck && npm run verify:data-boundary && npm run verify:transaction-serialization && npm run test:coverage && npm run build && npm run audit:runtime


> @yodev/ads@0.1.0 lint
> eslint


> @yodev/ads@0.1.0 typecheck
> tsc --noEmit


> @yodev/ads@0.1.0 verify:data-boundary
> tsx scripts/verify-app-data-boundary.ts

App data boundary verified (72 files, allowlist: none).

> @yodev/ads@0.1.0 verify:transaction-serialization
> tsx scripts/verify-transaction-query-serialization.ts

Database transaction query serialization verified.

> @yodev/ads@0.1.0 test:coverage
> vitest run --coverage


 RUN  v4.1.10 /Users/yoannandrieux/Projets/yodev-ads/web
      Coverage enabled with v8


 Test Files  123 passed (123)
      Tests  819 passed (819)
   Start at  22:00:04
   Duration  9.47s (transform 3.62s, setup 0ms, import 34.96s, tests 4.29s, environment 9ms)

 % Coverage report from v8
-------------------|---------|----------|---------|---------|-------------------
File               | % Stmts | % Branch | % Funcs | % Lines | Uncovered Line #s 
-------------------|---------|----------|---------|---------|-------------------
All files          |   92.27 |    85.56 |   93.26 |   94.65 |                   
 ...n-analytics.ts |   95.74 |    84.84 |      80 |     100 | 15,31-49,57,62    
 ...tion-events.ts |     100 |       95 |     100 |     100 | 21                
 analysis.ts       |   96.15 |    88.97 |   86.66 |   95.55 | 226-227           
 ...-repository.ts |   91.17 |       75 |    87.5 |   96.15 | 82                
 api-v1.ts         |   98.38 |    93.61 |     100 |   98.07 | 133               
 ...hange-batch.ts |   86.95 |    84.21 |     100 |     100 | 20,35-42          
 auth-client.ts    |       0 |      100 |     100 |       0 | 1-8               
 ...email-model.ts |     100 |    95.45 |     100 |     100 | 28                
 auth-emails.ts    |   77.27 |    38.46 |     100 |   80.95 | 69-73             
 auth.ts           |   42.85 |       50 |    37.5 |   45.16 | 32-65,125-207     
 ...-management.ts |   63.82 |    52.63 |   71.42 |   65.78 | 42,158-203        
 billing.ts        |   84.84 |    82.05 |      84 |   85.71 | 135-137,213-220   
 ...ding-assets.ts |      95 |       85 |     100 |     100 | 5,18              
 ...eallocation.ts |   94.73 |    93.75 |     100 |   94.11 | 49                
 budget-safety.ts  |   94.11 |    95.55 |   71.42 |   93.75 | 78-80             
 ...eport-model.ts |     100 |       80 |     100 |     100 | 50,59-61          
 ...-report-pdf.ts |   63.91 |    44.73 |      90 |   68.29 | ...,56-70,124-136 
 crypto.ts         |   90.69 |    85.29 |     100 |     100 | 24-31,51,67       
 data.ts           |   89.68 |    81.57 |    88.4 |   88.04 | ...04,124-148,495 
 entitlements.ts   |   94.73 |    94.11 |     100 |     100 | 116               
 feature-flags.ts  |   95.45 |    68.18 |     100 |     100 | 37,50-68,74-76    
 ...-read-drill.ts |      78 |       50 |   78.57 |    73.8 | 54-88,94          
 google-ads.ts     |   87.94 |    86.82 |   91.33 |   92.16 | ...1766,2180,2292 
 ...-management.ts |     100 |    81.91 |     100 |     100 | ...38,269,323-345 
 job-runner.ts     |   87.78 |    78.44 |   89.47 |   88.15 | ...60-561,624,644 
 job-scheduler.ts  |   90.12 |    75.55 |      80 |   95.89 | 138,140-144       
 jobs.ts           |   98.14 |    95.89 |     100 |     100 | 170,199,211       
 ...rd-creation.ts |   53.12 |    48.48 |     100 |   62.96 | ...49-50,81-82,93 
 ...email-model.ts |   95.45 |    83.33 |     100 |     100 | 41,88             
 ...g-workflows.ts |     100 |    90.62 |     100 |     100 | 76,102,128        
 monitoring.ts     |     100 |    98.03 |     100 |     100 | 129,145           
 ...tion-impact.ts |   95.55 |    80.28 |    92.3 |   94.87 | 77,101            
 ...observation.ts |   94.11 |    84.21 |     100 |     100 | 26,49-50          
 ...bservations.ts |   97.14 |     82.5 |     100 |     100 | 33-67             
 ...-management.ts |   97.67 |    77.77 |     100 |     100 | 21-53,100         
 notifications.ts  |   99.15 |    84.44 |     100 |     100 | ...38,215,269-279 
 oauth-state.ts    |   97.36 |    98.03 |     100 |   97.05 | 83                
 ...tional-runs.ts |     100 |    97.14 |     100 |     100 | 51                
 pacing.ts         |   90.47 |     84.9 |   81.25 |   95.65 | 176,210,233,236   
 ...diagnostics.ts |   94.59 |    78.84 |     100 |   96.61 | 128-129           
 ...nce-history.ts |     100 |       80 |     100 |     100 | 29                
 ...-management.ts |     100 |     87.5 |     100 |     100 | 70                
 ...form-status.ts |      90 |     62.5 |     100 |     100 | 24-28             
 ...n-readiness.ts |   97.33 |    98.96 |     100 |   97.01 | 22,151            
 ...t-workflows.ts |     100 |    82.69 |     100 |     100 | ...26,169,220-254 
 rate-limit.ts     |     100 |    95.65 |     100 |     100 | 39                
 ...le-mutation.ts |   98.78 |    94.38 |     100 |     100 | 60,65,106,140,161 
 ...l-readiness.ts |     100 |       76 |     100 |     100 | 28-33             
 ...-management.ts |     100 |     92.5 |     100 |     100 | ...46,216,242,262 
 report-otp.ts     |     100 |    93.75 |     100 |     100 | 20                
 ...-scheduling.ts |    90.9 |    80.95 |     100 |     100 | 23-28,36-37       
 run-monitoring.ts |   98.92 |     70.9 |     100 |     100 | ...11-130,133,206 
 ...led-reports.ts |   97.72 |    73.91 |     100 |     100 | 27-37,60-73,117   
 ...et-rotation.ts |   97.87 |    66.66 |     100 |     100 | 31,109            
 ...y-redaction.ts |    86.2 |       75 |      80 |     100 | 23-34             
 slack-oauth.ts    |   96.87 |      100 |   83.33 |     100 |                   
 ...plan-change.ts |      98 |    91.66 |     100 |     100 | 14,25,84          
 ...onciliation.ts |   98.48 |    92.85 |     100 |   98.03 | 58                
 ...ook-service.ts |    86.8 |    67.58 |   93.33 |   89.31 | ...48-249,377,448 
 ...-management.ts |      90 |       50 |     100 |     100 | 21-34             
 ...tifications.ts |   92.68 |    84.61 |     100 |   96.87 | 24                
 ...email-model.ts |     100 |    86.36 |     100 |     100 | 19,21,24          
 ...-management.ts |   91.66 |    80.55 |     100 |     100 | ...51,163,201-204 
 ...tifications.ts |     100 |    96.55 |     100 |     100 | 36                
 ...rt-workflow.ts |    92.3 |    94.11 |     100 |     100 | 20                
 system-health.ts  |     100 |    90.47 |     100 |     100 | 47,49,53,55       
 ...-operations.ts |   93.54 |    70.73 |     100 |     100 | 27-152,232-233    
 ...ation-model.ts |      90 |    77.77 |     100 |     100 | 18-19,40,59       
 ...tifications.ts |   91.37 |     87.5 |   91.66 |   95.65 | 147-151           
 task-workflow.ts  |   86.66 |    83.33 |     100 |   93.54 | 63-64             
 teams-oauth.ts    |   85.71 |       70 |      80 |    94.8 | 124-127           
 tokens.ts         |      90 |      100 |   85.71 |   88.88 | 30                
 ...diagnostics.ts |   98.11 |    94.89 |   93.33 |      98 | 55                
 ...ional-email.ts |   85.71 |     75.4 |   93.33 |   90.16 | ...58-159,169-170 
 vercel-domains.ts |   75.47 |    76.74 |   61.53 |   77.27 | 42-50,78-79,82    
 ...ok-security.ts |   93.42 |    95.65 |   84.21 |     100 | 11,74,113-120     
 ...ce-deletion.ts |   98.87 |    92.64 |     100 |     100 | 58,98,134,163,210 
 ...-management.ts |     100 |    90.47 |     100 |     100 | 24,78-90,133      
 ...pace-export.ts |     100 |       92 |     100 |     100 | 237,347           
 ...-management.ts |     100 |    81.81 |     100 |     100 | ...25-128,157,182 
 ...ace-members.ts |   91.42 |    73.33 |     100 |     100 | 156-157,203-289   
 ...y-resources.ts |     100 |    86.88 |     100 |     100 | ...62,191,215,238 
 ...ce-settings.ts |     100 |       75 |     100 |     100 | 29-33             
 ...ask-actions.ts |     100 |    96.77 |     100 |     100 | 37,113            
 ...ction-guard.ts |     100 |    85.71 |     100 |     100 | 32                
 workspace.ts      |   90.12 |    86.79 |     100 |   92.95 | 28-29,101-103,154 
 ...ail-webhook.ts |     100 |    91.37 |     100 |     100 | 30,74,83,85,93    
-------------------|---------|----------|---------|---------|-------------------

=============================== Coverage summary ===============================
Statements   : 92.27% ( 4578/4961 )
Branches     : 85.56% ( 4160/4862 )
Functions    : 93.26% ( 1039/1114 )
Lines        : 94.65% ( 3982/4207 )
================================================================================

> @yodev/ads@0.1.0 build
> next build

▲ Next.js 16.3.0 (Turbopack)
- Environments: .env.local
✓ Running next.config.ts took 1064ms
- Experiments (use with caution):
  · clientTraceMetadata

  Creating an optimized production build ...
✓ Compiled successfully in 4.7s
  Running next.config.js provided runAfterProductionCompile ...
✓ Completed runAfterProductionCompile in 174ms
  Running TypeScript ...
  Finished TypeScript in 3.0s ...
  Collecting page data using 7 workers ...
  Generating static pages using 7 workers (0/52) ...
  Generating static pages using 7 workers (13/52) 
{"level":"error","message":"auth.session.unavailable"}
{"level":"error","message":"auth.session.unavailable"}
{"level":"error","message":"auth.session.unavailable"}
  Generating static pages using 7 workers (26/52) 
{"level":"error","message":"auth.session.unavailable"}
  Generating static pages using 7 workers (39/52) 
✓ Generating static pages using 7 workers (52/52) in 594ms
  Finalizing page optimization ...

Route (app)
┌ ƒ /
├ ƒ /_not-found
├ ƒ /accounts
├ ƒ /agents
├ ƒ /alerts
├ ƒ /analysis
├ ƒ /api/auth/[...all]
├ ƒ /api/connectors/slack/callback
├ ƒ /api/connectors/slack/connect
├ ƒ /api/connectors/teams/callback
├ ƒ /api/connectors/teams/connect
├ ƒ /api/cron/monitor
├ ƒ /api/cron/scheduler
├ ƒ /api/exports/[exportId]
├ ƒ /api/google-ads/callback
├ ƒ /api/google-ads/connect
├ ƒ /api/health
├ ƒ /api/internal/google-ads-read-drill
├ ƒ /api/internal/release-readiness
├ ƒ /api/internal/sentry-drill
├ ƒ /api/secret-revelation
├ ƒ /api/v1/alerts
├ ƒ /api/v1/approvals
├ ƒ /api/v1/performance
├ ƒ /api/v1/portfolio
├ ƒ /api/v1/reports
├ ƒ /api/webhooks/stripe
├ ƒ /api/webhooks/yodev-mail
├ ƒ /approvals
├ ƒ /audit
├ ƒ /billing
├ ƒ /cookies
├ ƒ /dashboard
├ ƒ /dpa
├ ƒ /forgot-password
├ ƒ /getting-started
├ ƒ /history
├ ○ /icon
├ ƒ /insights
├ ƒ /invitation
├ ƒ /legal
├ ƒ /maintenance
├ ƒ /onboarding
├ ○ /opengraph-image
├ ƒ /operations
├ ƒ /privacy
├ ƒ /r/[token]
├ ƒ /r/[token]/csv
├ ƒ /r/[token]/pdf
├ ƒ /reports
├ ƒ /reset-password
├ ƒ /settings
├ ƒ /settings/teams
├ ƒ /sign-in/[[...sign-in]]
├ ƒ /sign-up/[[...sign-up]]
├ ƒ /status
├ ƒ /subprocessors
├ ƒ /support
├ ƒ /tasks
├ ƒ /terms
└ ƒ /withdrawal


ƒ Proxy (Middleware)

○  (Static)   prerendered as static content
ƒ  (Dynamic)  server-rendered on demand


> @yodev/ads@0.1.0 audit:runtime
> npm audit --omit=dev --audit-level=high

# npm audit report

browserslist  <=4.28.6
Severity: high
Browserslist: Unbounded memory growth (no cache eviction) via distinct query results, leading to eventual OOM - https://github.com/advisories/GHSA-c83g-rgw3-j3cx
Browserslist: Uncaught crash / prototype write via untrusted browserslist-stats.json custom stats (normalizeStats) - https://github.com/advisories/GHSA-73wf-gq98-2v4g
fix available via `npm audit fix`
node_modules/browserslist

fast-uri  3.0.0 - 3.1.5
Severity: high
fast-uri vulnerable to host confusion via skipped IDN canonicalization on scheme-relative references - https://github.com/advisories/GHSA-5jgf-p345-68v8
fast-uri vulnerable to server-side request forgery via malformed IPv6 normalization - https://github.com/advisories/GHSA-f65p-4m7j-42xc
fast-uri vulnerable to server-side request forgery via repeated hostname percent-decoding - https://github.com/advisories/GHSA-fph4-wmhf-6fwf
fast-uri vulnerable to host confusion via percent-encoded scheme normalization - https://github.com/advisories/GHSA-jqff-g426-hqxp
fix available via `npm audit fix`
node_modules/fast-uri

2 high severity vulnerabilities

To address all issues, run:
  npm audit fix
