
> @yodev/ads@0.1.0 test:e2e:local
> node scripts/verify-local-browser.mjs --grep live navigation state|full navigation and workspace selection|workspace selection switches|authenticated five-role

{"ok":true,"fixtureRoles":["owner","admin","strategist","analyst","client"],"foreignExportId":"80000000-0000-4000-8000-000000000003"}

> @yodev/ads@0.1.0 dev
> next dev --hostname 127.0.0.1 --port 3017

▲ Next.js 16.3.0 (Turbopack)
- Local:         http://127.0.0.1:3017
- Network:       http://127.0.0.1:3017
- Environments: .env.local
✓ Ready in 253ms
✓ Running next.config.ts took 445ms
- Experiments (use with caution):
  · clientTraceMetadata

 GET /sign-in 200 in 2.1s (next.js: 1650ms, proxy.ts: 116ms, application-code: 318ms)
 POST /api/auth/sign-in/email 200 in 1133ms (next.js: 903ms, proxy.ts: 11ms, application-code: 219ms)
 POST /api/auth/sign-in/email 200 in 130ms (next.js: 6ms, proxy.ts: 3ms, application-code: 121ms)
 POST /api/auth/sign-in/email 200 in 158ms (next.js: 13ms, proxy.ts: 8ms, application-code: 137ms)
 GET /sign-in 200 in 113ms (next.js: 17ms, proxy.ts: 12ms, application-code: 84ms)
 POST /api/auth/sign-in/email 200 in 214ms (next.js: 9ms, proxy.ts: 10ms, application-code: 195ms)
 POST /api/auth/sign-in/email 200 in 151ms (next.js: 13ms, proxy.ts: 7ms, application-code: 130ms)
 GET /icon?a62dacc6b033a714 200 in 141ms (next.js: 21ms, proxy.ts: 31ms, application-code: 89ms)
 GET /dashboard 200 in 652ms (next.js: 242ms, proxy.ts: 3ms, application-code: 406ms)
 GET /settings 200 in 283ms (next.js: 32ms, proxy.ts: 5ms, application-code: 246ms)
 GET /billing 200 in 173ms (next.js: 27ms, proxy.ts: 2ms, application-code: 143ms)
 GET /support 200 in 160ms (next.js: 28ms, proxy.ts: 1.9ms, application-code: 130ms)
 GET /accounts 200 in 125ms (next.js: 14ms, proxy.ts: 1.9ms, application-code: 110ms)
 GET /history 200 in 122ms (next.js: 14ms, proxy.ts: 1.7ms, application-code: 106ms)
 GET /alerts 200 in 148ms (next.js: 28ms, proxy.ts: 2.0ms, application-code: 118ms)
 GET /tasks 200 in 156ms (next.js: 30ms, proxy.ts: 1.9ms, application-code: 124ms)
 GET /approvals 200 in 135ms (next.js: 30ms, proxy.ts: 2ms, application-code: 102ms)
 GET /reports 200 in 204ms (next.js: 44ms, proxy.ts: 1.8ms, application-code: 158ms)
 GET /audit 200 in 125ms (next.js: 19ms, proxy.ts: 1.8ms, application-code: 104ms)
 GET /agents 200 in 207ms (next.js: 44ms, proxy.ts: 2ms, application-code: 161ms)
 GET / 200 in 104ms (next.js: 17ms, proxy.ts: 2ms, application-code: 85ms)
 GET /privacy 200 in 52ms (next.js: 12ms, proxy.ts: 2.0ms, application-code: 38ms)
 GET /terms 200 in 46ms (next.js: 11ms, proxy.ts: 1.8ms, application-code: 33ms)
 GET /subprocessors 200 in 101ms (next.js: 38ms, proxy.ts: 1.9ms, application-code: 61ms)
 GET /status 200 in 95ms (next.js: 35ms, proxy.ts: 1.8ms, application-code: 58ms)
 GET /sign-in 200 in 32ms (next.js: 4ms, proxy.ts: 1.9ms, application-code: 27ms)
 GET /sign-up 200 in 299ms (next.js: 266ms, proxy.ts: 1.8ms, application-code: 31ms)
Local browser states ready in /var/folders/9h/sbxl7zl90j9_wc743xft5j8h0000gn/T/yodev-ads-browser-KNXnyc

Running 17 tests using 1 worker

(node:43197) Warning: The 'NO_COLOR' env is ignored due to the 'FORCE_COLOR' env being set.
(Use `node --trace-warnings ...` to show where the warning was created)
 GET /dashboard 200 in 148ms (next.js: 2ms, proxy.ts: 3ms, application-code: 143ms)
 GET /api/auth/get-session 200 in 105ms (next.js: 19ms, proxy.ts: 25ms, application-code: 61ms)
 GET /api/auth/organization/list 200 in 190ms (next.js: 29ms, proxy.ts: 23ms, application-code: 137ms)
 GET /settings 200 in 223ms (next.js: 3ms, proxy.ts: 3ms, application-code: 218ms)
 GET /api/auth/get-session 200 in 98ms (next.js: 15ms, proxy.ts: 28ms, application-code: 54ms)
 GET /api/auth/organization/list 200 in 102ms (next.js: 23ms, proxy.ts: 28ms, application-code: 51ms)
 GET /billing 200 in 193ms (next.js: 3ms, proxy.ts: 2ms, application-code: 188ms)
 GET /api/auth/get-session 200 in 92ms (next.js: 23ms, proxy.ts: 25ms, application-code: 44ms)
 GET /api/auth/organization/list 200 in 94ms (next.js: 45ms, proxy.ts: 25ms, application-code: 24ms)
 GET /support 200 in 150ms (next.js: 1.9ms, proxy.ts: 3ms, application-code: 146ms)
  ✓   1 [chromium] › e2e/authenticated-rbac.spec.ts:55:9 › authenticated five-role route matrix › owner has only its server-authorized product surface (1.6s)
 GET /dashboard 200 in 142ms (next.js: 1.7ms, proxy.ts: 8ms, application-code: 132ms)
 GET /api/auth/get-session 200 in 110ms (next.js: 18ms, proxy.ts: 26ms, application-code: 65ms)
 GET /api/auth/organization/list 200 in 173ms (next.js: 38ms, proxy.ts: 24ms, application-code: 111ms)
 GET /settings 200 in 214ms (next.js: 3ms, proxy.ts: 3ms, application-code: 208ms)
 GET /api/auth/get-session 200 in 97ms (next.js: 16ms, proxy.ts: 32ms, application-code: 49ms)
 GET /api/auth/organization/list 200 in 120ms (next.js: 23ms, proxy.ts: 31ms, application-code: 66ms)
 GET /support 200 in 153ms (next.js: 2ms, proxy.ts: 2ms, application-code: 149ms)
⨯ Error [PermissionDeniedError]: Permission required: billing:manage
    at requirePermission (src/lib/permissions.ts:78:19)
    at requireWorkspacePermission (src/lib/workspace.ts:164:73)
    at async BillingPage (src/app/(app)/billing/page.tsx:23:40)
  76 | export function requirePermission(role: WorkspaceRole, permission: Permission) {
  77 |   if (!rolePermissions[role].has(permission)) {
> 78 |     const error = new Error(`Permission required: ${permission}`)
     |                   ^
  79 |     error.name = 'PermissionDeniedError'
  80 |     throw error
  81 |   } {
  digest: '1103282577'
}
 GET /api/auth/get-session 200 in 91ms (next.js: 31ms, proxy.ts: 24ms, application-code: 35ms)
 GET /api/auth/organization/list 200 in 90ms (next.js: 42ms, proxy.ts: 23ms, application-code: 25ms)
 GET /billing 307 in 120ms (next.js: 1.9ms, proxy.ts: 2ms, application-code: 116ms)
 GET /support?error=Acc%C3%A8s%20non%20autoris%C3%A9 200 in 158ms (next.js: 6ms, proxy.ts: 10ms, application-code: 141ms)
  ✓   2 [chromium] › e2e/authenticated-rbac.spec.ts:55:9 › authenticated five-role route matrix › admin has only its server-authorized product surface (1.5s)
 GET /dashboard 200 in 114ms (next.js: 5ms, proxy.ts: 9ms, application-code: 100ms)
 GET /api/auth/get-session 200 in 95ms (next.js: 25ms, proxy.ts: 24ms, application-code: 46ms)
 GET /api/auth/organization/list 200 in 123ms (next.js: 44ms, proxy.ts: 23ms, application-code: 56ms)
 GET /tasks 200 in 157ms (next.js: 2ms, proxy.ts: 3ms, application-code: 153ms)
 GET /api/auth/get-session 200 in 102ms (next.js: 66ms, proxy.ts: 11ms, application-code: 24ms)
 GET /api/auth/organization/list 200 in 135ms (next.js: 73ms, proxy.ts: 12ms, application-code: 51ms)
 GET /support 200 in 189ms (next.js: 1.7ms, proxy.ts: 2ms, application-code: 185ms)
 GET /api/auth/get-session 200 in 68ms (next.js: 15ms, proxy.ts: 4ms, application-code: 49ms)
 GET /api/auth/organization/list 200 in 70ms (next.js: 18ms, proxy.ts: 5ms, application-code: 48ms)
⨯ Error [PermissionDeniedError]: Permission required: workspace:admin
    at requirePermission (src/lib/permissions.ts:78:19)
    at requireWorkspacePermission (src/lib/workspace.ts:164:73)
    at async SettingsPage (src/app/(app)/settings/page.tsx:51:57)
  76 | export function requirePermission(role: WorkspaceRole, permission: Permission) {
  77 |   if (!rolePermissions[role].has(permission)) {
> 78 |     const error = new Error(`Permission required: ${permission}`)
     |                   ^
  79 |     error.name = 'PermissionDeniedError'
  80 |     throw error
  81 |   } {
  digest: '1489820008'
}
 GET /settings 307 in 104ms (next.js: 14ms, proxy.ts: 6ms, application-code: 84ms)
 GET /support?error=Acc%C3%A8s%20non%20autoris%C3%A9 200 in 123ms (next.js: 1.9ms, proxy.ts: 2ms, application-code: 118ms)
⨯ Error [PermissionDeniedError]: Permission required: billing:manage
    at requirePermission (src/lib/permissions.ts:78:19)
    at requireWorkspacePermission (src/lib/workspace.ts:164:73)
    at async BillingPage (src/app/(app)/billing/page.tsx:23:40)
  76 | export function requirePermission(role: WorkspaceRole, permission: Permission) {
  77 |   if (!rolePermissions[role].has(permission)) {
> 78 |     const error = new Error(`Permission required: ${permission}`)
     |                   ^
  79 |     error.name = 'PermissionDeniedError'
  80 |     throw error
  81 |   } {
  digest: '1103282577'
}
 GET /api/auth/get-session 200 in 52ms (next.js: 27ms, proxy.ts: 11ms, application-code: 14ms)
 GET /billing 307 in 90ms (next.js: 1.7ms, proxy.ts: 2ms, application-code: 86ms)
 GET /api/auth/organization/list 200 in 56ms (next.js: 30ms, proxy.ts: 11ms, application-code: 15ms)
 GET /support?error=Acc%C3%A8s%20non%20autoris%C3%A9 200 in 122ms (next.js: 3ms, proxy.ts: 3ms, application-code: 116ms)
  ✓   3 [chromium] › e2e/authenticated-rbac.spec.ts:55:9 › authenticated five-role route matrix › strategist has only its server-authorized product surface (1.7s)
 GET /dashboard 200 in 113ms (next.js: 1.8ms, proxy.ts: 2ms, application-code: 109ms)
 GET /api/auth/get-session 200 in 89ms (next.js: 25ms, proxy.ts: 24ms, application-code: 40ms)
 GET /api/auth/organization/list 200 in 118ms (next.js: 43ms, proxy.ts: 24ms, application-code: 51ms)
 GET /reports 200 in 163ms (next.js: 3ms, proxy.ts: 4ms, application-code: 156ms)
 GET /api/auth/get-session 200 in 86ms (next.js: 24ms, proxy.ts: 25ms, application-code: 37ms)
 GET /api/auth/organization/list 200 in 106ms (next.js: 40ms, proxy.ts: 25ms, application-code: 41ms)
 GET /support 200 in 134ms (next.js: 3ms, proxy.ts: 2ms, application-code: 129ms)
⨯ Error [PermissionDeniedError]: Permission required: workspace:admin
    at requirePermission (src/lib/permissions.ts:78:19)
    at requireWorkspacePermission (src/lib/workspace.ts:164:73)
    at async SettingsPage (src/app/(app)/settings/page.tsx:51:57)
  76 | export function requirePermission(role: WorkspaceRole, permission: Permission) {
  77 |   if (!rolePermissions[role].has(permission)) {
> 78 |     const error = new Error(`Permission required: ${permission}`)
     |                   ^
  79 |     error.name = 'PermissionDeniedError'
  80 |     throw error
  81 |   } {
  digest: '1489820008'
}
 GET /api/auth/get-session 200 in 78ms (next.js: 19ms, proxy.ts: 32ms, application-code: 26ms)
 GET /api/auth/organization/list 200 in 77ms (next.js: 23ms, proxy.ts: 30ms, application-code: 24ms)
 GET /settings 307 in 105ms (next.js: 2ms, proxy.ts: 2ms, application-code: 100ms)
 GET /support?error=Acc%C3%A8s%20non%20autoris%C3%A9 200 in 132ms (next.js: 2.0ms, proxy.ts: 5ms, application-code: 124ms)
⨯ Error [PermissionDeniedError]: Permission required: billing:manage
    at requirePermission (src/lib/permissions.ts:78:19)
    at requireWorkspacePermission (src/lib/workspace.ts:164:73)
    at async BillingPage (src/app/(app)/billing/page.tsx:23:40)
  76 | export function requirePermission(role: WorkspaceRole, permission: Permission) {
  77 |   if (!rolePermissions[role].has(permission)) {
> 78 |     const error = new Error(`Permission required: ${permission}`)
     |                   ^
  79 |     error.name = 'PermissionDeniedError'
  80 |     throw error
  81 |   } {
  digest: '1103282577'
}
 GET /api/auth/get-session 200 in 48ms (next.js: 26ms, proxy.ts: 11ms, application-code: 12ms)
 GET /api/auth/organization/list 200 in 52ms (next.js: 29ms, proxy.ts: 11ms, application-code: 12ms)
 GET /billing 307 in 90ms (next.js: 1.9ms, proxy.ts: 2ms, application-code: 86ms)
 GET /support?error=Acc%C3%A8s%20non%20autoris%C3%A9 200 in 124ms (next.js: 2ms, proxy.ts: 4ms, application-code: 118ms)
  ✓   4 [chromium] › e2e/authenticated-rbac.spec.ts:55:9 › authenticated five-role route matrix › analyst has only its server-authorized product surface (1.6s)
 GET /support 200 in 89ms (next.js: 1.6ms, proxy.ts: 1.7ms, application-code: 86ms)
 GET /api/auth/get-session 200 in 105ms (next.js: 19ms, proxy.ts: 9ms, application-code: 77ms)
 GET /api/auth/organization/list 200 in 112ms (next.js: 11ms, proxy.ts: 10ms, application-code: 92ms)
⨯ Error [PermissionDeniedError]: Permission required: portfolio:read
    at requirePermission (src/lib/permissions.ts:78:19)
    at requireWorkspacePermission (src/lib/workspace.ts:164:73)
    at async DashboardPage (src/app/(app)/dashboard/page.tsx:27:54)
  76 | export function requirePermission(role: WorkspaceRole, permission: Permission) {
  77 |   if (!rolePermissions[role].has(permission)) {
> 78 |     const error = new Error(`Permission required: ${permission}`)
     |                   ^
  79 |     error.name = 'PermissionDeniedError'
  80 |     throw error
  81 |   } {
  digest: '1157077830'
}
 GET /dashboard 307 in 143ms (next.js: 21ms, proxy.ts: 5ms, application-code: 116ms)
 GET /support?error=Acc%C3%A8s%20non%20autoris%C3%A9 200 in 94ms (next.js: 2ms, proxy.ts: 3ms, application-code: 88ms)
⨯ Error [PermissionDeniedError]: Permission required: workspace:admin
    at requirePermission (src/lib/permissions.ts:78:19)
    at requireWorkspacePermission (src/lib/workspace.ts:164:73)
    at async SettingsPage (src/app/(app)/settings/page.tsx:51:57)
  76 | export function requirePermission(role: WorkspaceRole, permission: Permission) {
  77 |   if (!rolePermissions[role].has(permission)) {
> 78 |     const error = new Error(`Permission required: ${permission}`)
     |                   ^
  79 |     error.name = 'PermissionDeniedError'
  80 |     throw error
  81 |   } {
  digest: '1489820008'
}
 GET /api/auth/get-session 200 in 67ms (next.js: 44ms, proxy.ts: 4ms, application-code: 19ms)
 GET /api/auth/organization/list 200 in 87ms (next.js: 46ms, proxy.ts: 4ms, application-code: 36ms)
 GET /settings 307 in 96ms (next.js: 4ms, proxy.ts: 3ms, application-code: 89ms)
 GET /support?error=Acc%C3%A8s%20non%20autoris%C3%A9 200 in 105ms (next.js: 2ms, proxy.ts: 1.9ms, application-code: 100ms)
⨯ Error [PermissionDeniedError]: Permission required: billing:manage
    at requirePermission (src/lib/permissions.ts:78:19)
    at requireWorkspacePermission (src/lib/workspace.ts:164:73)
    at async BillingPage (src/app/(app)/billing/page.tsx:23:40)
  76 | export function requirePermission(role: WorkspaceRole, permission: Permission) {
  77 |   if (!rolePermissions[role].has(permission)) {
> 78 |     const error = new Error(`Permission required: ${permission}`)
     |                   ^
  79 |     error.name = 'PermissionDeniedError'
  80 |     throw error
  81 |   } {
  digest: '1103282577'
}
 GET /api/auth/get-session 200 in 70ms (next.js: 41ms, proxy.ts: 4ms, application-code: 25ms)
 GET /api/auth/organization/list 200 in 83ms (next.js: 45ms, proxy.ts: 4ms, application-code: 33ms)
 GET /billing 307 in 90ms (next.js: 4ms, proxy.ts: 3ms, application-code: 83ms)
 GET /support?error=Acc%C3%A8s%20non%20autoris%C3%A9 200 in 103ms (next.js: 2ms, proxy.ts: 2.0ms, application-code: 98ms)
  ✓   5 [chromium] › e2e/authenticated-rbac.spec.ts:55:9 › authenticated five-role route matrix › client has only its server-authorized product surface (1.4s)
 GET /api/exports/80000000-0000-4000-8000-000000000003 404 in 1898ms (next.js: 1848ms, proxy.ts: 3ms, application-code: 47ms)
  ✓   6 [chromium] › e2e/authenticated-rbac.spec.ts:75:9 › authenticated five-role route matrix › owner cannot cross the direct export API boundary (2.3s)
 GET /api/exports/80000000-0000-4000-8000-000000000003 403 in 13ms (next.js: 4ms, proxy.ts: 3ms, application-code: 7ms)
  ✓   7 [chromium] › e2e/authenticated-rbac.spec.ts:75:9 › authenticated five-role route matrix › admin cannot cross the direct export API boundary (76ms)
 GET /api/exports/80000000-0000-4000-8000-000000000003 403 in 11ms (next.js: 2ms, proxy.ts: 1.8ms, application-code: 7ms)
  ✓   8 [chromium] › e2e/authenticated-rbac.spec.ts:75:9 › authenticated five-role route matrix › strategist cannot cross the direct export API boundary (55ms)
 GET /api/exports/80000000-0000-4000-8000-000000000003 403 in 11ms (next.js: 2ms, proxy.ts: 1.9ms, application-code: 7ms)
  ✓   9 [chromium] › e2e/authenticated-rbac.spec.ts:75:9 › authenticated five-role route matrix › analyst cannot cross the direct export API boundary (58ms)
 GET /api/exports/80000000-0000-4000-8000-000000000003 403 in 11ms (next.js: 2ms, proxy.ts: 2ms, application-code: 7ms)
  ✓  10 [chromium] › e2e/authenticated-rbac.spec.ts:75:9 › authenticated five-role route matrix › client cannot cross the direct export API boundary (50ms)
 GET /insights/devices?client=80000000-0000-4000-8000-000000000094 200 in 1535ms (next.js: 1167ms, proxy.ts: 2ms, application-code: 367ms)
 GET /api/auth/get-session 200 in 24ms (next.js: 8ms, proxy.ts: 4ms, application-code: 12ms)
 GET /api/auth/organization/list 200 in 24ms (next.js: 12ms, proxy.ts: 3ms, application-code: 8ms)
 GET /tasks 200 in 54ms (next.js: 2ms, proxy.ts: 3ms, application-code: 49ms)
  ✘  11 [chromium] › e2e/navigation-state-local.spec.ts:14:53 › live navigation state › follows client navigation, keyboard and invalid accounts in fr (17.1s)
  -  12 [chromium] › e2e/navigation-state-local.spec.ts:14:53 › live navigation state › follows client navigation, keyboard and invalid accounts in en
(node:43660) Warning: The 'NO_COLOR' env is ignored due to the 'FORCE_COLOR' env being set.
(Use `node --trace-warnings ...` to show where the warning was created)
 GET /dashboard 200 in 298ms (next.js: 165ms, proxy.ts: 4ms, application-code: 130ms)
 GET /api/auth/get-session 200 in 46ms (next.js: 33ms, proxy.ts: 4ms, application-code: 10ms)
 GET /api/auth/organization/list 200 in 60ms (next.js: 26ms, proxy.ts: 4ms, application-code: 30ms)
 POST /dashboard 200 in 79ms (next.js: 4ms, proxy.ts: 8ms, application-code: 67ms)
  └─ ƒ setCookieConsent({}) in 3ms src/app/preferences-actions.ts
 GET /settings 200 in 145ms (next.js: 72ms, proxy.ts: 2ms, application-code: 70ms)
  ✓  13 [chromium] › e2e/prod-ready-local.spec.ts:248:11 › local production readiness regression journeys › full navigation and workspace selection work at 390px in fr (1.1s)
 GET /dashboard 200 in 121ms (next.js: 1.8ms, proxy.ts: 2ms, application-code: 118ms)
 GET /api/auth/get-session 200 in 20ms (next.js: 5ms, proxy.ts: 3ms, application-code: 12ms)
 GET /api/auth/organization/list 200 in 22ms (next.js: 9ms, proxy.ts: 3ms, application-code: 10ms)
 POST /dashboard 200 in 106ms (next.js: 7ms, proxy.ts: 6ms, application-code: 93ms)
  └─ ƒ setCookieConsent({}) in 3ms src/app/preferences-actions.ts
 GET /settings 200 in 55ms (next.js: 2ms, proxy.ts: 2ms, application-code: 50ms)
  ✓  14 [chromium] › e2e/prod-ready-local.spec.ts:248:11 › local production readiness regression journeys › full navigation and workspace selection work at 768px in fr (803ms)
 GET /dashboard 200 in 132ms (next.js: 3ms, proxy.ts: 2ms, application-code: 127ms)
 GET /api/auth/get-session 200 in 21ms (next.js: 5ms, proxy.ts: 2ms, application-code: 13ms)
 GET /api/auth/organization/list 200 in 23ms (next.js: 10ms, proxy.ts: 3ms, application-code: 10ms)
 POST /dashboard 200 in 66ms (next.js: 1.9ms, proxy.ts: 2ms, application-code: 61ms)
  └─ ƒ setCookieConsent({}) in 2ms src/app/preferences-actions.ts
 GET /settings 200 in 52ms (next.js: 2ms, proxy.ts: 2ms, application-code: 48ms)
  ✓  15 [chromium] › e2e/prod-ready-local.spec.ts:248:11 › local production readiness regression journeys › full navigation and workspace selection work at 390px in en (707ms)
 GET /dashboard 200 in 114ms (next.js: 1.8ms, proxy.ts: 2ms, application-code: 110ms)
 GET /api/auth/get-session 200 in 23ms (next.js: 7ms, proxy.ts: 3ms, application-code: 13ms)
 GET /api/auth/organization/list 200 in 25ms (next.js: 11ms, proxy.ts: 3ms, application-code: 11ms)
 POST /dashboard 200 in 75ms (next.js: 2.0ms, proxy.ts: 3ms, application-code: 70ms)
  └─ ƒ setCookieConsent({}) in 2ms src/app/preferences-actions.ts
 GET /settings 200 in 56ms (next.js: 2ms, proxy.ts: 2ms, application-code: 52ms)
  ✓  16 [chromium] › e2e/prod-ready-local.spec.ts:248:11 › local production readiness regression journeys › full navigation and workspace selection work at 768px in en (796ms)
 GET /dashboard 200 in 106ms (next.js: 1.7ms, proxy.ts: 2ms, application-code: 103ms)
 GET /api/auth/get-session 200 in 20ms (next.js: 5ms, proxy.ts: 3ms, application-code: 12ms)
 GET /api/auth/organization/list 200 in 22ms (next.js: 9ms, proxy.ts: 3ms, application-code: 10ms)
 POST /dashboard 200 in 68ms (next.js: 2ms, proxy.ts: 2ms, application-code: 63ms)
  └─ ƒ setCookieConsent({}) in 2ms src/app/preferences-actions.ts
 POST /api/auth/organization/set-active 200 in 15ms (next.js: 3ms, proxy.ts: 2ms, application-code: 10ms)
⨯ Error [PermissionDeniedError]: Permission required: portfolio:read
    at requirePermission (src/lib/permissions.ts:78:19)
    at requireWorkspacePermission (src/lib/workspace.ts:164:73)
    at async DashboardPage (src/app/(app)/dashboard/page.tsx:27:54)
  76 | export function requirePermission(role: WorkspaceRole, permission: Permission) {
  77 |   if (!rolePermissions[role].has(permission)) {
> 78 |     const error = new Error(`Permission required: ${permission}`)
     |                   ^
  79 |     error.name = 'PermissionDeniedError'
  80 |     throw error
  81 |   } {
  digest: '1157077830'
}
 GET /api/auth/get-session 200 in 57ms (next.js: 27ms, proxy.ts: 10ms, application-code: 20ms)
 GET /dashboard 307 in 89ms (next.js: 2ms, proxy.ts: 2ms, application-code: 85ms)
 GET /support?error=Acc%C3%A8s%20non%20autoris%C3%A9 200 in 168ms (next.js: 63ms, proxy.ts: 6ms, application-code: 99ms)
 GET /api/auth/get-session 200 in 20ms (next.js: 4ms, proxy.ts: 3ms, application-code: 13ms)
 GET /api/auth/organization/list 200 in 22ms (next.js: 8ms, proxy.ts: 3ms, application-code: 10ms)
 POST /api/auth/organization/set-active 200 in 15ms (next.js: 4ms, proxy.ts: 2ms, application-code: 9ms)
 GET /api/auth/get-session 200 in 77ms (next.js: 47ms, proxy.ts: 17ms, application-code: 13ms)
 GET /dashboard 200 in 126ms (next.js: 1.9ms, proxy.ts: 1.7ms, application-code: 122ms)
 GET /api/auth/get-session 200 in 16ms (next.js: 4ms, proxy.ts: 3ms, application-code: 10ms)
 GET /api/auth/organization/list 200 in 18ms (next.js: 7ms, proxy.ts: 3ms, application-code: 8ms)
  ✓  17 [chromium] › e2e/prod-ready-local.spec.ts:273:9 › local production readiness regression journeys › workspace selection switches context and permissions on mobile (1.4s)


  1) [chromium] › e2e/navigation-state-local.spec.ts:14:53 › live navigation state › follows client navigation, keyboard and invalid accounts in fr 

    Error: expect(locator).toHaveAttribute(expected) failed

    Locator:  getByRole('navigation', { name: /Navigation principale|Main navigation/ }).locator('a[aria-current="page"]')
    Expected: "/insights"
    Received: "/tasks"
    Timeout:  15000ms

    Call log:
      - Expect "toHaveAttribute" with timeout 15000ms
      - waiting for getByRole('navigation', { name: /Navigation principale|Main navigation/ }).locator('a[aria-current="page"]')
        34 × locator resolved to <a href="/tasks" aria-current="page" class="flex items-center gap-3 rounded-xl px-3 py-2.5 text-sm font-medium text-white/70 transition hover:bg-white/8 hover:text-white aria-[current=page]:bg-white/12 aria-[current=page]:text-white aria-[current=page]:ring-1 aria-[current=page]:ring-inset aria-[current=page]:ring-white/20 focus-visible:outline-2 focus-visible:outline-offset-2">…</a>
           - unexpected value "/tasks"


      37 |         expect(await page.evaluate(() => (window as unknown as { __navigationSentinel?: string }).__navigationSentinel)).toBe('retained')
      38 |         await page.goBack()
    > 39 |         await expect(navigation.locator('a[aria-current="page"]')).toHaveAttribute('href', '/insights')
         |                                                                    ^
      40 |         await navigation.locator('a[href="/operations"]').scrollIntoViewIfNeeded()
      41 |         await expect(navigation.locator('a[href="/operations"]')).toBeInViewport()
      42 |         expect(await page.evaluate(() => document.documentElement.scrollWidth <= window.innerWidth + 1)).toBe(true)
        at /Users/yoannandrieux/Projets/yodev-ads/web/e2e/navigation-state-local.spec.ts:39:68

    Error Context: test-results/navigation-state-local-liv-5c367--and-invalid-accounts-in-fr-chromium/error-context.md

    Error Context: test-results/navigation-state-local-liv-5c367--and-invalid-accounts-in-fr-chromium/error-context.md

  1 failed
    [chromium] › e2e/navigation-state-local.spec.ts:14:53 › live navigation state › follows client navigation, keyboard and invalid accounts in fr 
  1 did not run
  15 passed (33.4s)
[?25h
{"ok":true,"cleaned":"local-browser-fixtures"}
