
> @yodev/ads@0.1.0 test:e2e:local
> node scripts/verify-local-browser.mjs --grep operations counts|analysis evidence

{"ok":true,"fixtureRoles":["owner","admin","strategist","analyst","client"],"foreignExportId":"80000000-0000-4000-8000-000000000003"}

> @yodev/ads@0.1.0 dev
> next dev --hostname 127.0.0.1 --port 3017

▲ Next.js 16.3.0 (Turbopack)
- Local:         http://127.0.0.1:3017
- Network:       http://127.0.0.1:3017
- Environments: .env.local
✓ Ready in 258ms
✓ Running next.config.ts took 273ms
- Experiments (use with caution):
  · clientTraceMetadata

 GET /sign-in 200 in 1436ms (next.js: 758ms, proxy.ts: 261ms, application-code: 418ms)
 GET / 200 in 1430ms (next.js: 690ms, proxy.ts: 257ms, application-code: 483ms)
 GET /icon?a62dacc6b033a714 200 in 320ms (next.js: 48ms, proxy.ts: 4ms, application-code: 268ms)
 POST /api/auth/sign-in/email 200 in 873ms (next.js: 715ms, proxy.ts: 3ms, application-code: 154ms)
 POST /api/auth/sign-in/email 200 in 81ms (next.js: 3ms, proxy.ts: 2ms, application-code: 76ms)
 POST /api/auth/sign-in/email 200 in 78ms (next.js: 2ms, proxy.ts: 2ms, application-code: 73ms)
 POST /api/auth/sign-in/email 200 in 85ms (next.js: 2ms, proxy.ts: 8ms, application-code: 75ms)
 POST /api/auth/sign-in/email 200 in 75ms (next.js: 1.9ms, proxy.ts: 2ms, application-code: 71ms)
 GET /dashboard 200 in 451ms (next.js: 169ms, proxy.ts: 2ms, application-code: 280ms)
 GET /settings 200 in 231ms (next.js: 29ms, proxy.ts: 2ms, application-code: 200ms)
 GET /billing 200 in 154ms (next.js: 12ms, proxy.ts: 2.0ms, application-code: 140ms)
 GET /support 200 in 127ms (next.js: 13ms, proxy.ts: 1.8ms, application-code: 112ms)
 GET /accounts 200 in 191ms (next.js: 11ms, proxy.ts: 1.8ms, application-code: 178ms)
 GET / 200 in 103ms (next.js: 6ms, proxy.ts: 23ms, application-code: 74ms)
 GET /history 200 in 188ms (next.js: 33ms, proxy.ts: 6ms, application-code: 150ms)
 GET /alerts 200 in 182ms (next.js: 18ms, proxy.ts: 1.8ms, application-code: 162ms)
 GET /tasks 200 in 160ms (next.js: 23ms, proxy.ts: 2ms, application-code: 135ms)
 GET /approvals 200 in 123ms (next.js: 21ms, proxy.ts: 1.9ms, application-code: 100ms)
 GET /reports 200 in 183ms (next.js: 19ms, proxy.ts: 1.8ms, application-code: 162ms)
 GET /audit 200 in 125ms (next.js: 19ms, proxy.ts: 1.8ms, application-code: 104ms)
 GET /agents 200 in 171ms (next.js: 17ms, proxy.ts: 1.9ms, application-code: 152ms)
 GET / 200 in 67ms (next.js: 1.5ms, proxy.ts: 1.8ms, application-code: 64ms)
 GET /privacy 200 in 48ms (next.js: 11ms, proxy.ts: 1.8ms, application-code: 35ms)
 GET /terms 200 in 45ms (next.js: 11ms, proxy.ts: 2ms, application-code: 32ms)
 GET /subprocessors 200 in 103ms (next.js: 38ms, proxy.ts: 1.6ms, application-code: 64ms)
 GET /status 200 in 93ms (next.js: 32ms, proxy.ts: 1.9ms, application-code: 60ms)
 GET /sign-in 200 in 32ms (next.js: 4ms, proxy.ts: 2.0ms, application-code: 26ms)
 GET /sign-up 200 in 303ms (next.js: 268ms, proxy.ts: 1.7ms, application-code: 34ms)
Local browser states ready in /var/folders/9h/sbxl7zl90j9_wc743xft5j8h0000gn/T/yodev-ads-browser-tYw0VG

Running 3 tests using 1 worker

(node:18781) Warning: The 'NO_COLOR' env is ignored due to the 'FORCE_COLOR' env being set.
(Use `node --trace-warnings ...` to show where the warning was created)
(node:18781) DeprecationWarning: Calling client.query() when the client is already executing a query is deprecated and will be removed in pg@9.0. Use async/await or an external async flow control mechanism instead.
 GET /operations 200 in 277ms (next.js: 25ms, proxy.ts: 2ms, application-code: 249ms)
 GET /api/auth/get-session 200 in 23ms (next.js: 5ms, proxy.ts: 3ms, application-code: 15ms)
 GET /api/auth/organization/list 200 in 26ms (next.js: 10ms, proxy.ts: 3ms, application-code: 13ms)
  ✓  1 [chromium] › e2e/activation-local.spec.ts:7:7 › operations counts published reports and excludes legacy or future activation (1.2s)
 GET /analysis?client=39ab3af0-0388-4064-a74a-4a4160d5bda3 200 in 178ms (next.js: 27ms, proxy.ts: 2ms, application-code: 149ms)
 GET /api/auth/get-session 200 in 89ms (next.js: 21ms, proxy.ts: 21ms, application-code: 47ms)
 GET /api/auth/organization/list 200 in 83ms (next.js: 46ms, proxy.ts: 11ms, application-code: 26ms)
 GET /analysis?client=39ab3af0-0388-4064-a74a-4a4160d5bda3 200 in 226ms (next.js: 1.9ms, proxy.ts: 2ms, application-code: 222ms)
 GET /api/auth/get-session 200 in 114ms (next.js: 17ms, proxy.ts: 37ms, application-code: 60ms)
 GET /api/auth/organization/list 200 in 115ms (next.js: 19ms, proxy.ts: 34ms, application-code: 62ms)
 GET /analysis?client=39ab3af0-0388-4064-a74a-4a4160d5bda3 200 in 225ms (next.js: 12ms, proxy.ts: 3ms, application-code: 210ms)
 GET /api/auth/get-session 200 in 79ms (next.js: 44ms, proxy.ts: 12ms, application-code: 23ms)
 GET /api/auth/organization/list 200 in 83ms (next.js: 47ms, proxy.ts: 13ms, application-code: 24ms)
 GET /analysis?client=39ab3af0-0388-4064-a74a-4a4160d5bda3 200 in 212ms (next.js: 2ms, proxy.ts: 2ms, application-code: 207ms)
 GET /api/auth/get-session 200 in 80ms (next.js: 45ms, proxy.ts: 12ms, application-code: 22ms)
 GET /api/auth/organization/list 200 in 83ms (next.js: 48ms, proxy.ts: 12ms, application-code: 23ms)
 GET /analysis?client=39ab3af0-0388-4064-a74a-4a4160d5bda3 200 in 218ms (next.js: 1.7ms, proxy.ts: 3ms, application-code: 214ms)
 GET /api/auth/get-session 200 in 120ms (next.js: 22ms, proxy.ts: 37ms, application-code: 61ms)
 GET /api/auth/organization/list 200 in 118ms (next.js: 24ms, proxy.ts: 37ms, application-code: 57ms)
 GET /analysis?client=39ab3af0-0388-4064-a74a-4a4160d5bda3 200 in 225ms (next.js: 5ms, proxy.ts: 2ms, application-code: 217ms)
 GET /api/auth/get-session 200 in 18ms (next.js: 5ms, proxy.ts: 3ms, application-code: 10ms)
 GET /api/auth/organization/list 200 in 21ms (next.js: 8ms, proxy.ts: 3ms, application-code: 11ms)
 GET /analysis?client=39ab3af0-0388-4064-a74a-4a4160d5bda3 200 in 198ms (next.js: 1.7ms, proxy.ts: 4ms, application-code: 192ms)
  ✓  2 [chromium] › e2e/analysis-evidence-local.spec.ts:7:7 › analysis evidence fr excludes empty and unqualified sources before first activation (2.6s)
 GET /analysis?client=a5116e77-095f-4cb4-b214-15d243c97c87 200 in 129ms (next.js: 1.7ms, proxy.ts: 2ms, application-code: 126ms)
 GET /api/auth/get-session 200 in 90ms (next.js: 16ms, proxy.ts: 22ms, application-code: 53ms)
 GET /api/auth/organization/list 200 in 90ms (next.js: 23ms, proxy.ts: 21ms, application-code: 46ms)
 GET /analysis?client=a5116e77-095f-4cb4-b214-15d243c97c87 200 in 207ms (next.js: 2ms, proxy.ts: 8ms, application-code: 196ms)
 GET /api/auth/get-session 200 in 84ms (next.js: 48ms, proxy.ts: 16ms, application-code: 19ms)
 GET /api/auth/organization/list 200 in 88ms (next.js: 46ms, proxy.ts: 16ms, application-code: 25ms)
 GET /analysis?client=a5116e77-095f-4cb4-b214-15d243c97c87 200 in 219ms (next.js: 2ms, proxy.ts: 3ms, application-code: 213ms)
 GET /api/auth/get-session 200 in 79ms (next.js: 45ms, proxy.ts: 13ms, application-code: 22ms)
 GET /api/auth/organization/list 200 in 83ms (next.js: 47ms, proxy.ts: 13ms, application-code: 23ms)
 GET /analysis?client=a5116e77-095f-4cb4-b214-15d243c97c87 200 in 206ms (next.js: 1.9ms, proxy.ts: 2ms, application-code: 202ms)
 GET /api/auth/get-session 200 in 75ms (next.js: 41ms, proxy.ts: 13ms, application-code: 21ms)
 GET /api/auth/organization/list 200 in 79ms (next.js: 44ms, proxy.ts: 13ms, application-code: 22ms)
 GET /analysis?client=a5116e77-095f-4cb4-b214-15d243c97c87 200 in 210ms (next.js: 1.9ms, proxy.ts: 2ms, application-code: 206ms)
 GET /api/auth/get-session 200 in 60ms (next.js: 8ms, proxy.ts: 5ms, application-code: 47ms)
 GET /api/auth/organization/list 200 in 70ms (next.js: 13ms, proxy.ts: 5ms, application-code: 52ms)
 GET /analysis?client=a5116e77-095f-4cb4-b214-15d243c97c87 200 in 206ms (next.js: 13ms, proxy.ts: 4ms, application-code: 189ms)
 GET /api/auth/get-session 200 in 20ms (next.js: 7ms, proxy.ts: 3ms, application-code: 10ms)
 GET /api/auth/organization/list 200 in 21ms (next.js: 10ms, proxy.ts: 3ms, application-code: 8ms)
 GET /analysis?client=a5116e77-095f-4cb4-b214-15d243c97c87 200 in 172ms (next.js: 1.9ms, proxy.ts: 2ms, application-code: 168ms)
  ✓  3 [chromium] › e2e/analysis-evidence-local.spec.ts:7:7 › analysis evidence en excludes empty and unqualified sources before first activation (2.5s)

  3 passed (6.9s)
{"ok":true,"cleaned":"local-browser-fixtures"}
[?25h
