
> @yodev/ads@0.1.0 test:e2e:local
> node scripts/verify-local-browser.mjs e2e/report-management-actors-local.spec.ts e2e/report-editions-local.spec.ts

{"ok":true,"fixtureRoles":["owner","admin","strategist","analyst","client"],"foreignExportId":"80000000-0000-4000-8000-000000000003"}

> @yodev/ads@0.1.0 dev
> next dev --hostname 127.0.0.1 --port 3017

▲ Next.js 16.3.0 (Turbopack)
- Local:         http://127.0.0.1:3017
- Network:       http://127.0.0.1:3017
- Environments: .env.local
✓ Ready in 275ms
✓ Running next.config.ts took 443ms
- Experiments (use with caution):
  · clientTraceMetadata

 GET /sign-in 200 in 2000ms (proxy.ts: 6ms)
 GET /sign-in 200 in 3.0s (next.js: 2.5s, proxy.ts: 120ms, application-code: 380ms)
 GET /sign-in 200 in 41ms (next.js: 4ms, proxy.ts: 3ms, application-code: 34ms)
 POST /api/auth/sign-in/email 200 in 1457ms (next.js: 1245ms, proxy.ts: 4ms, application-code: 208ms)
 POST /api/auth/sign-in/email 200 in 166ms (next.js: 6ms, proxy.ts: 10ms, application-code: 150ms)
 POST /api/auth/sign-in/email 200 in 165ms (next.js: 6ms, proxy.ts: 5ms, application-code: 154ms)
 GET /sign-in 200 in 82ms (next.js: 8ms, proxy.ts: 16ms, application-code: 57ms)
 POST /api/auth/sign-in/email 200 in 171ms (next.js: 7ms, proxy.ts: 8ms, application-code: 156ms)
 POST /api/auth/sign-in/email 200 in 234ms (next.js: 18ms, proxy.ts: 12ms, application-code: 204ms)
 GET /icon?a62dacc6b033a714 200 in 229ms (next.js: 35ms, proxy.ts: 25ms, application-code: 168ms)
 GET /dashboard 200 in 562ms (next.js: 187ms, proxy.ts: 107ms, application-code: 268ms)
 GET /settings 200 in 273ms (next.js: 31ms, proxy.ts: 1.9ms, application-code: 240ms)
 GET /billing 200 in 165ms (next.js: 13ms, proxy.ts: 2.0ms, application-code: 150ms)
 GET /support 200 in 144ms (next.js: 16ms, proxy.ts: 2ms, application-code: 125ms)
 GET /accounts 200 in 122ms (next.js: 12ms, proxy.ts: 2ms, application-code: 108ms)
 GET /history 200 in 125ms (next.js: 14ms, proxy.ts: 1.9ms, application-code: 109ms)
 GET /alerts 200 in 138ms (next.js: 20ms, proxy.ts: 1.9ms, application-code: 116ms)
 GET /tasks 200 in 149ms (next.js: 20ms, proxy.ts: 2.0ms, application-code: 127ms)
 GET /approvals 200 in 132ms (next.js: 22ms, proxy.ts: 1.9ms, application-code: 108ms)
 GET /reports 200 in 215ms (next.js: 21ms, proxy.ts: 2ms, application-code: 193ms)
 GET /audit 200 in 130ms (next.js: 21ms, proxy.ts: 2.0ms, application-code: 108ms)
 GET /agents 200 in 182ms (next.js: 18ms, proxy.ts: 1.8ms, application-code: 162ms)
 GET / 200 in 103ms (next.js: 18ms, proxy.ts: 1.9ms, application-code: 83ms)
 GET /privacy 200 in 52ms (next.js: 12ms, proxy.ts: 2.0ms, application-code: 38ms)
 GET /terms 200 in 49ms (next.js: 13ms, proxy.ts: 1.8ms, application-code: 34ms)
 GET /subprocessors 200 in 111ms (next.js: 40ms, proxy.ts: 1.9ms, application-code: 69ms)
 GET /status 200 in 139ms (next.js: 44ms, proxy.ts: 4ms, application-code: 91ms)
 GET /sign-in 200 in 36ms (next.js: 4ms, proxy.ts: 2ms, application-code: 30ms)
 GET /sign-up 200 in 332ms (next.js: 298ms, proxy.ts: 1.8ms, application-code: 32ms)
Local browser states ready in /var/folders/9h/sbxl7zl90j9_wc743xft5j8h0000gn/T/yodev-ads-browser-4evRbV

Running 4 tests using 1 worker

(node:37025) Warning: The 'NO_COLOR' env is ignored due to the 'FORCE_COLOR' env being set.
(Use `node --trace-warnings ...` to show where the warning was created)
 GET /reports 200 in 142ms (next.js: 2ms, proxy.ts: 2ms, application-code: 138ms)
 GET /api/auth/get-session 200 in 25ms (next.js: 6ms, proxy.ts: 4ms, application-code: 16ms)
 GET /api/auth/organization/list 200 in 29ms (next.js: 9ms, proxy.ts: 4ms, application-code: 16ms)
 POST /reports 200 in 87ms (next.js: 2ms, proxy.ts: 4ms, application-code: 80ms)
  └─ ƒ setCookieConsent({}) in 2ms src/app/preferences-actions.ts
 GET /reports?notice=Rapport+cr%C3%A9%C3%A9.+R%C3%A9v%C3%A9lez+son+URL+dans+les+cinq+prochaines+minutes.&reveal=report-url&revealId=d9417013-05bf-4c32-bf91-40f38fe85e3a 200 in 76ms (next.js: 2ms, proxy.ts: 2ms, application-code: 71ms)
 POST /reports 200 in 113ms (next.js: 1.9ms, proxy.ts: 2ms, application-code: 109ms)
  └─ ƒ createShareLink({}) in 23ms src/app/actions.ts
 POST /api/secret-revelation 200 in 165ms (next.js: 131ms, proxy.ts: 3ms, application-code: 31ms)
 GET /r/[REDACTED]?edition=9c1919e9-604b-486e-b5c1-537a8a4b361d 200 in 792ms (next.js: 679ms, proxy.ts: 2ms, application-code: 112ms)
 GET /r/[REDACTED]/csv?edition=9c1919e9-604b-486e-b5c1-537a8a4b361d 200 in 643ms (next.js: 624ms, proxy.ts: 4ms, application-code: 15ms)
 GET /r/[REDACTED]/pdf?edition=9c1919e9-604b-486e-b5c1-537a8a4b361d 200 in 1036ms (next.js: 746ms, proxy.ts: 1.6ms, application-code: 288ms)
 GET /r/[REDACTED]?error=L%E2%80%99envoi+de+codes+email+n%E2%80%99est+pas+configur%C3%A9.&edition=9c1919e9-604b-486e-b5c1-537a8a4b361d 200 in 50ms (next.js: 2ms, proxy.ts: 2ms, application-code: 45ms)
 POST /r/[REDACTED]?edition=9c1919e9-604b-486e-b5c1-537a8a4b361d 200 in 77ms (next.js: 6ms, proxy.ts: 3ms, application-code: 68ms)
  └─ ƒ requestReportFeedbackOtp({}) in 10ms src/app/actions.ts
 GET /r/[REDACTED]?edition=9c1919e9-604b-486e-b5c1-537a8a4b361d&otp=1 200 in 79ms (next.js: 3ms, proxy.ts: 2ms, application-code: 74ms)
 GET /r/[REDACTED]?error=Demandez+un+nouveau+code.&otp=1&edition=9c1919e9-604b-486e-b5c1-537a8a4b361d 200 in 52ms (next.js: 2ms, proxy.ts: 1.8ms, application-code: 48ms)
 POST /r/[REDACTED]?edition=9c1919e9-604b-486e-b5c1-537a8a4b361d&otp=1 200 in 71ms (next.js: 3ms, proxy.ts: 3ms, application-code: 65ms)
  └─ ƒ verifyReportFeedbackOtp({}) in 5ms src/app/actions.ts
 GET /reports?notice=Rapport+cr%C3%A9%C3%A9.+R%C3%A9v%C3%A9lez+son+URL+dans+les+cinq+prochaines+minutes.&reveal=report-url&revealId=e6ceeefb-9828-4c6f-802b-9b235cce5c4f 200 in 83ms (next.js: 1.9ms, proxy.ts: 2ms, application-code: 79ms)
 POST /reports?notice=Rapport%20cr%C3%A9%C3%A9.%20R%C3%A9v%C3%A9lez%20son%20URL%20dans%20les%20cinq%20prochaines%20minutes.&reveal=report-url&revealId=d9417013-05bf-4c32-bf91-40f38fe85e3a 200 in 116ms (next.js: 2ms, proxy.ts: 3ms, application-code: 110ms)
  └─ ƒ createShareLink({}) in 20ms src/app/actions.ts
 POST /api/secret-revelation 200 in 20ms (next.js: 1.4ms, proxy.ts: 3ms, application-code: 16ms)
 GET /r/[REDACTED]?edition=5251433e-f9ec-492b-8143-a0fe63be2474 200 in 89ms (next.js: 4ms, proxy.ts: 2ms, application-code: 83ms)
 GET /r/[REDACTED]/csv?edition=5251433e-f9ec-492b-8143-a0fe63be2474 200 in 18ms (next.js: 3ms, proxy.ts: 3ms, application-code: 12ms)
 GET /r/[REDACTED]/pdf?edition=5251433e-f9ec-492b-8143-a0fe63be2474 200 in 92ms (next.js: 3ms, proxy.ts: 1.8ms, application-code: 87ms)
 GET /reports?notice=Rapport+cr%C3%A9%C3%A9.+R%C3%A9v%C3%A9lez+son+URL+dans+les+cinq+prochaines+minutes.&reveal=report-url&revealId=9c66b00e-d408-4b6f-9030-701e15b87c24 200 in 74ms (next.js: 1.7ms, proxy.ts: 2ms, application-code: 70ms)
 POST /reports?notice=Rapport%20cr%C3%A9%C3%A9.%20R%C3%A9v%C3%A9lez%20son%20URL%20dans%20les%20cinq%20prochaines%20minutes.&reveal=report-url&revealId=e6ceeefb-9828-4c6f-802b-9b235cce5c4f 200 in 113ms (next.js: 4ms, proxy.ts: 4ms, application-code: 105ms)
  └─ ƒ createShareLink({}) in 21ms src/app/actions.ts
 POST /api/secret-revelation 200 in 45ms (next.js: 3ms, proxy.ts: 4ms, application-code: 37ms)
 GET /r/[REDACTED]?edition=d50e6e46-8406-4592-ae48-443e71d01443 200 in 131ms (next.js: 7ms, proxy.ts: 4ms, application-code: 120ms)
 GET /r/[REDACTED]/csv?edition=d50e6e46-8406-4592-ae48-443e71d01443 200 in 30ms (next.js: 4ms, proxy.ts: 2ms, application-code: 24ms)
 GET /r/[REDACTED]/pdf?edition=d50e6e46-8406-4592-ae48-443e71d01443 200 in 88ms (next.js: 7ms, proxy.ts: 4ms, application-code: 77ms)
 GET /reports?notice=Rapport+cr%C3%A9%C3%A9.+R%C3%A9v%C3%A9lez+son+URL+dans+les+cinq+prochaines+minutes.&reveal=report-url&revealId=2f6a4699-e29b-4593-a5c0-a480be3e358c 200 in 85ms (next.js: 3ms, proxy.ts: 3ms, application-code: 79ms)
 POST /reports?notice=Rapport%20cr%C3%A9%C3%A9.%20R%C3%A9v%C3%A9lez%20son%20URL%20dans%20les%20cinq%20prochaines%20minutes.&reveal=report-url&revealId=9c66b00e-d408-4b6f-9030-701e15b87c24 200 in 126ms (next.js: 3ms, proxy.ts: 4ms, application-code: 119ms)
  └─ ƒ createShareLink({}) in 25ms src/app/actions.ts
 POST /api/secret-revelation 200 in 26ms (next.js: 1.7ms, proxy.ts: 3ms, application-code: 21ms)
 GET /r/[REDACTED]?edition=dd4d62bb-e490-48fd-af65-64656e05e051 200 in 98ms (next.js: 5ms, proxy.ts: 4ms, application-code: 89ms)
 GET /r/[REDACTED]/csv?edition=dd4d62bb-e490-48fd-af65-64656e05e051 200 in 15ms (next.js: 4ms, proxy.ts: 3ms, application-code: 9ms)
 GET /r/[REDACTED]/pdf?edition=dd4d62bb-e490-48fd-af65-64656e05e051 200 in 77ms (next.js: 3ms, proxy.ts: 4ms, application-code: 71ms)
 GET /reports?notice=Rapport+cr%C3%A9%C3%A9.+R%C3%A9v%C3%A9lez+son+URL+dans+les+cinq+prochaines+minutes.&reveal=report-url&revealId=a3a53972-7876-446f-a4d1-71612325b763 200 in 79ms (next.js: 1.6ms, proxy.ts: 5ms, application-code: 73ms)
 POST /reports?notice=Rapport%20cr%C3%A9%C3%A9.%20R%C3%A9v%C3%A9lez%20son%20URL%20dans%20les%20cinq%20prochaines%20minutes.&reveal=report-url&revealId=2f6a4699-e29b-4593-a5c0-a480be3e358c 200 in 113ms (next.js: 2ms, proxy.ts: 7ms, application-code: 103ms)
  └─ ƒ createShareLink({}) in 18ms src/app/actions.ts
 POST /api/secret-revelation 200 in 18ms (next.js: 1.7ms, proxy.ts: 2ms, application-code: 13ms)
 GET /r/[REDACTED]?edition=a6113c55-c1d9-43b6-a82c-8ff71aa08841 200 in 96ms (next.js: 4ms, proxy.ts: 1.9ms, application-code: 90ms)
 GET /r/[REDACTED]/csv?edition=a6113c55-c1d9-43b6-a82c-8ff71aa08841 200 in 16ms (next.js: 4ms, proxy.ts: 2ms, application-code: 9ms)
 GET /r/[REDACTED]/pdf?edition=a6113c55-c1d9-43b6-a82c-8ff71aa08841 200 in 74ms (next.js: 4ms, proxy.ts: 2ms, application-code: 68ms)
 GET /r/[REDACTED]?edition=9c1919e9-604b-486e-b5c1-537a8a4b361d 200 in 100ms (next.js: 4ms, proxy.ts: 10ms, application-code: 86ms)
 GET /r/[REDACTED]/csv?edition=9c1919e9-604b-486e-b5c1-537a8a4b361d 200 in 18ms (next.js: 3ms, proxy.ts: 5ms, application-code: 11ms)
 GET /r/[REDACTED]/pdf?edition=9c1919e9-604b-486e-b5c1-537a8a4b361d 200 in 221ms (next.js: 3ms, proxy.ts: 1.7ms, application-code: 216ms)
 GET /reports?notice=R%C3%A9vision+publi%C3%A9e.+Les+%C3%A9ditions+pr%C3%A9c%C3%A9dentes+restent+inchang%C3%A9es.&reveal=report-url&revealId=6ccd8b9b-6561-4202-b30e-c792919a0193 200 in 86ms (next.js: 3ms, proxy.ts: 3ms, application-code: 80ms)
 POST /reports?notice=Rapport%20cr%C3%A9%C3%A9.%20R%C3%A9v%C3%A9lez%20son%20URL%20dans%20les%20cinq%20prochaines%20minutes.&reveal=report-url&revealId=a3a53972-7876-446f-a4d1-71612325b763 200 in 124ms (next.js: 5ms, proxy.ts: 3ms, application-code: 116ms)
  └─ ƒ reviseReportEdition({}) in 22ms src/app/actions.ts
 POST /api/secret-revelation 200 in 15ms (next.js: 1.5ms, proxy.ts: 2ms, application-code: 12ms)
 GET /r/[REDACTED]?edition=654389cf-07bb-4c16-ad7d-8c9b04ca154b 200 in 94ms (next.js: 4ms, proxy.ts: 1.9ms, application-code: 88ms)
 GET /r/[REDACTED]/csv?edition=654389cf-07bb-4c16-ad7d-8c9b04ca154b 200 in 16ms (next.js: 4ms, proxy.ts: 3ms, application-code: 9ms)
 GET /reports?error=Les+donn%C3%A9es+compl%C3%A8tes+de+cette+p%C3%A9riode+ne+sont+pas+disponibles.+Actualisez+l%E2%80%99historique+du+compte+avant+de+publier+ce+bilan. 200 in 81ms (next.js: 1.6ms, proxy.ts: 1.8ms, application-code: 78ms)
 POST /reports?notice=R%C3%A9vision%20publi%C3%A9e.%20Les%20%C3%A9ditions%20pr%C3%A9c%C3%A9dentes%20restent%20inchang%C3%A9es.&reveal=report-url&revealId=6ccd8b9b-6561-4202-b30e-c792919a0193 200 in 104ms (next.js: 1.9ms, proxy.ts: 2ms, application-code: 100ms)
  └─ ƒ createShareLink({}) in 13ms src/app/actions.ts
 GET /r/[REDACTED]?edition=9c1919e9-604b-486e-b5c1-537a8a4b361d 200 in 96ms (next.js: 3ms, proxy.ts: 3ms, application-code: 90ms)
 GET /r/[REDACTED]/pdf?edition=9c1919e9-604b-486e-b5c1-537a8a4b361d 429 in 11ms (next.js: 3ms, proxy.ts: 2ms, application-code: 6ms)
 GET /r/[REDACTED]/csv?edition=9c1919e9-604b-486e-b5c1-537a8a4b361d 404 in 9ms (next.js: 3ms, proxy.ts: 1.9ms, application-code: 4ms)
 GET /reports 200 in 149ms (next.js: 3ms, proxy.ts: 3ms, application-code: 144ms)
  ✓  1 [chromium] › e2e/report-editions-local.spec.ts:16:53 › published report editions › creates every period and preserves HTML PDF CSV through revision in fr (9.8s)
 GET /reports 200 in 168ms (next.js: 3ms, proxy.ts: 3ms, application-code: 163ms)
 GET /api/auth/get-session 200 in 29ms (next.js: 5ms, proxy.ts: 4ms, application-code: 20ms)
 GET /api/auth/organization/list 200 in 32ms (next.js: 14ms, proxy.ts: 4ms, application-code: 14ms)
 POST /reports 200 in 79ms (next.js: 2ms, proxy.ts: 3ms, application-code: 74ms)
  └─ ƒ setCookieConsent({}) in 2ms src/app/preferences-actions.ts
 GET /reports?notice=Report+created.+Reveal+its+URL+within+the+next+five+minutes.&reveal=report-url&revealId=3dcf8dfe-c75a-459f-abd4-15e280855a3b 200 in 77ms (next.js: 2ms, proxy.ts: 2ms, application-code: 73ms)
 POST /reports 200 in 109ms (next.js: 2.0ms, proxy.ts: 3ms, application-code: 104ms)
  └─ ƒ createShareLink({}) in 21ms src/app/actions.ts
 POST /api/secret-revelation 200 in 18ms (next.js: 1.5ms, proxy.ts: 3ms, application-code: 13ms)
 GET /r/[REDACTED]?edition=32d07192-fb1b-407b-9021-616869a71224 200 in 89ms (next.js: 4ms, proxy.ts: 1.9ms, application-code: 83ms)
 GET /r/[REDACTED]/csv?edition=32d07192-fb1b-407b-9021-616869a71224 200 in 15ms (next.js: 3ms, proxy.ts: 2ms, application-code: 10ms)
 GET /r/[REDACTED]/pdf?edition=32d07192-fb1b-407b-9021-616869a71224 200 in 191ms (next.js: 3ms, proxy.ts: 1.7ms, application-code: 186ms)
 GET /r/[REDACTED]?error=Email+code+delivery+is+not+configured.&edition=32d07192-fb1b-407b-9021-616869a71224 200 in 88ms (next.js: 5ms, proxy.ts: 6ms, application-code: 77ms)
 POST /r/[REDACTED]?edition=32d07192-fb1b-407b-9021-616869a71224 200 in 148ms (next.js: 9ms, proxy.ts: 4ms, application-code: 136ms)
  └─ ƒ requestReportFeedbackOtp({}) in 33ms src/app/actions.ts
 GET /r/[REDACTED]?edition=32d07192-fb1b-407b-9021-616869a71224&otp=1 200 in 102ms (next.js: 4ms, proxy.ts: 4ms, application-code: 95ms)
 GET /r/[REDACTED]?error=Request+a+new+code.&otp=1&edition=32d07192-fb1b-407b-9021-616869a71224 200 in 54ms (next.js: 2ms, proxy.ts: 1.8ms, application-code: 50ms)
 POST /r/[REDACTED]?edition=32d07192-fb1b-407b-9021-616869a71224&otp=1 200 in 72ms (next.js: 3ms, proxy.ts: 3ms, application-code: 67ms)
  └─ ƒ verifyReportFeedbackOtp({}) in 6ms src/app/actions.ts
 GET /reports?notice=Report+created.+Reveal+its+URL+within+the+next+five+minutes.&reveal=report-url&revealId=a88edc1a-1f3f-4974-a8ad-ffeb7124a74b 200 in 76ms (next.js: 1.9ms, proxy.ts: 2ms, application-code: 72ms)
 POST /reports?notice=Report%20created.%20Reveal%20its%20URL%20within%20the%20next%20five%20minutes.&reveal=report-url&revealId=3dcf8dfe-c75a-459f-abd4-15e280855a3b 200 in 109ms (next.js: 3ms, proxy.ts: 3ms, application-code: 103ms)
  └─ ƒ createShareLink({}) in 21ms src/app/actions.ts
 POST /api/secret-revelation 200 in 18ms (next.js: 1.4ms, proxy.ts: 3ms, application-code: 14ms)
 GET /r/[REDACTED]?edition=2cc1dcc8-188d-42b3-9a10-d80118accbae 200 in 84ms (next.js: 4ms, proxy.ts: 2ms, application-code: 78ms)
 GET /r/[REDACTED]/csv?edition=2cc1dcc8-188d-42b3-9a10-d80118accbae 200 in 17ms (next.js: 4ms, proxy.ts: 2ms, application-code: 12ms)
 GET /r/[REDACTED]/pdf?edition=2cc1dcc8-188d-42b3-9a10-d80118accbae 200 in 91ms (next.js: 5ms, proxy.ts: 2ms, application-code: 84ms)
 GET /reports?notice=Report+created.+Reveal+its+URL+within+the+next+five+minutes.&reveal=report-url&revealId=df3a6817-f18c-4759-869b-0dc6492c7e01 200 in 81ms (next.js: 4ms, proxy.ts: 3ms, application-code: 75ms)
 POST /reports?notice=Report%20created.%20Reveal%20its%20URL%20within%20the%20next%20five%20minutes.&reveal=report-url&revealId=a88edc1a-1f3f-4974-a8ad-ffeb7124a74b 200 in 119ms (next.js: 3ms, proxy.ts: 4ms, application-code: 112ms)
  └─ ƒ createShareLink({}) in 23ms src/app/actions.ts
 POST /api/secret-revelation 200 in 25ms (next.js: 8ms, proxy.ts: 3ms, application-code: 14ms)
 GET /r/[REDACTED]?edition=3f92ea49-9768-448a-859f-4e2b4b76dd0a 200 in 110ms (next.js: 4ms, proxy.ts: 2ms, application-code: 104ms)
 GET /r/[REDACTED]/csv?edition=3f92ea49-9768-448a-859f-4e2b4b76dd0a 200 in 21ms (next.js: 4ms, proxy.ts: 5ms, application-code: 12ms)
 GET /r/[REDACTED]/pdf?edition=3f92ea49-9768-448a-859f-4e2b4b76dd0a 200 in 73ms (next.js: 1.9ms, proxy.ts: 1.8ms, application-code: 69ms)
 GET /reports?notice=Report+created.+Reveal+its+URL+within+the+next+five+minutes.&reveal=report-url&revealId=968e2ac1-4e6b-459a-af6d-4f576fc856fe 200 in 74ms (next.js: 1.8ms, proxy.ts: 2ms, application-code: 70ms)
 POST /reports?notice=Report%20created.%20Reveal%20its%20URL%20within%20the%20next%20five%20minutes.&reveal=report-url&revealId=df3a6817-f18c-4759-869b-0dc6492c7e01 200 in 102ms (next.js: 2ms, proxy.ts: 2ms, application-code: 98ms)
  └─ ƒ createShareLink({}) in 18ms src/app/actions.ts
 POST /api/secret-revelation 200 in 19ms (next.js: 1.8ms, proxy.ts: 3ms, application-code: 14ms)
 GET /r/[REDACTED]?edition=eb25dbf8-2102-4e70-b645-1e3ee156ca08 200 in 81ms (next.js: 4ms, proxy.ts: 2ms, application-code: 75ms)
 GET /r/[REDACTED]/csv?edition=eb25dbf8-2102-4e70-b645-1e3ee156ca08 200 in 14ms (next.js: 2ms, proxy.ts: 3ms, application-code: 9ms)
 GET /r/[REDACTED]/pdf?edition=eb25dbf8-2102-4e70-b645-1e3ee156ca08 200 in 71ms (next.js: 5ms, proxy.ts: 2ms, application-code: 64ms)
 GET /reports?notice=Report+created.+Reveal+its+URL+within+the+next+five+minutes.&reveal=report-url&revealId=b8cd314c-dc93-458f-afbd-8fb957e6a9da 200 in 88ms (next.js: 3ms, proxy.ts: 1.9ms, application-code: 83ms)
 POST /reports?notice=Report%20created.%20Reveal%20its%20URL%20within%20the%20next%20five%20minutes.&reveal=report-url&revealId=968e2ac1-4e6b-459a-af6d-4f576fc856fe 200 in 118ms (next.js: 3ms, proxy.ts: 3ms, application-code: 112ms)
  └─ ƒ createShareLink({}) in 17ms src/app/actions.ts
 POST /api/secret-revelation 200 in 19ms (next.js: 1.7ms, proxy.ts: 3ms, application-code: 14ms)
 GET /r/[REDACTED]?edition=b16c373e-504a-4fa0-81eb-a01e13228013 200 in 85ms (next.js: 3ms, proxy.ts: 2ms, application-code: 79ms)
 GET /r/[REDACTED]/csv?edition=b16c373e-504a-4fa0-81eb-a01e13228013 200 in 15ms (next.js: 3ms, proxy.ts: 2ms, application-code: 9ms)
 GET /r/[REDACTED]/pdf?edition=b16c373e-504a-4fa0-81eb-a01e13228013 200 in 70ms (next.js: 1.9ms, proxy.ts: 1.8ms, application-code: 67ms)
 GET /r/[REDACTED]?edition=32d07192-fb1b-407b-9021-616869a71224 200 in 113ms (next.js: 5ms, proxy.ts: 3ms, application-code: 105ms)
 GET /r/[REDACTED]/csv?edition=32d07192-fb1b-407b-9021-616869a71224 200 in 15ms (next.js: 2.0ms, proxy.ts: 3ms, application-code: 11ms)
 GET /r/[REDACTED]/pdf?edition=32d07192-fb1b-407b-9021-616869a71224 200 in 187ms (next.js: 3ms, proxy.ts: 1.5ms, application-code: 182ms)
 GET /reports?notice=Revision+published.+Previous+editions+remain+unchanged.&reveal=report-url&revealId=86783626-5838-48ea-a32e-7a9d1f568b34 200 in 87ms (next.js: 3ms, proxy.ts: 2ms, application-code: 82ms)
 POST /reports?notice=Report%20created.%20Reveal%20its%20URL%20within%20the%20next%20five%20minutes.&reveal=report-url&revealId=b8cd314c-dc93-458f-afbd-8fb957e6a9da 200 in 121ms (next.js: 2ms, proxy.ts: 3ms, application-code: 116ms)
  └─ ƒ reviseReportEdition({}) in 23ms src/app/actions.ts
 POST /api/secret-revelation 200 in 29ms (next.js: 1.7ms, proxy.ts: 3ms, application-code: 24ms)
 GET /r/[REDACTED]?edition=0a2a4208-cb28-4bb5-89cf-e5ad8fec0b53 200 in 91ms (next.js: 6ms, proxy.ts: 2ms, application-code: 83ms)
 GET /r/[REDACTED]/csv?edition=0a2a4208-cb28-4bb5-89cf-e5ad8fec0b53 200 in 28ms (next.js: 4ms, proxy.ts: 3ms, application-code: 21ms)
 GET /reports?error=Les+donn%C3%A9es+compl%C3%A8tes+de+cette+p%C3%A9riode+ne+sont+pas+disponibles.+Actualisez+l%E2%80%99historique+du+compte+avant+de+publier+ce+bilan. 200 in 105ms (next.js: 3ms, proxy.ts: 2ms, application-code: 100ms)
 POST /reports?notice=Revision%20published.%20Previous%20editions%20remain%20unchanged.&reveal=report-url&revealId=86783626-5838-48ea-a32e-7a9d1f568b34 200 in 135ms (next.js: 2ms, proxy.ts: 2ms, application-code: 130ms)
  └─ ƒ createShareLink({}) in 16ms src/app/actions.ts
 GET /r/[REDACTED]?edition=32d07192-fb1b-407b-9021-616869a71224 200 in 100ms (next.js: 4ms, proxy.ts: 1.9ms, application-code: 95ms)
 GET /r/[REDACTED]/pdf?edition=32d07192-fb1b-407b-9021-616869a71224 429 in 21ms (next.js: 13ms, proxy.ts: 2ms, application-code: 6ms)
 GET /r/[REDACTED]/csv?edition=32d07192-fb1b-407b-9021-616869a71224 404 in 10ms (next.js: 4ms, proxy.ts: 2ms, application-code: 4ms)
 GET /reports 200 in 145ms (next.js: 3ms, proxy.ts: 2ms, application-code: 140ms)
  ✓  2 [chromium] › e2e/report-editions-local.spec.ts:16:53 › published report editions › creates every period and preserves HTML PDF CSV through revision in en (6.9s)
 GET /reports 200 in 150ms (next.js: 2ms, proxy.ts: 3ms, application-code: 144ms)
 GET /api/auth/get-session 200 in 22ms (next.js: 5ms, proxy.ts: 3ms, application-code: 13ms)
 GET /api/auth/organization/list 200 in 33ms (next.js: 10ms, proxy.ts: 3ms, application-code: 20ms)
 GET /reports?notice=Mod%C3%A8le+de+rapport+cr%C3%A9%C3%A9. 200 in 78ms (next.js: 3ms, proxy.ts: 2ms, application-code: 73ms)
 POST /reports 200 in 99ms (next.js: 2ms, proxy.ts: 3ms, application-code: 94ms)
  └─ ƒ createReportTemplate({}) in 9ms src/app/actions.ts
 GET /reports?notice=Nouvelle+version+du+mod%C3%A8le+enregistr%C3%A9e. 200 in 104ms (next.js: 4ms, proxy.ts: 2ms, application-code: 98ms)
 POST /reports?notice=Mod%C3%A8le%20de%20rapport%20cr%C3%A9%C3%A9. 200 in 128ms (next.js: 2ms, proxy.ts: 3ms, application-code: 123ms)
  └─ ƒ updateReportTemplate({}) in 11ms src/app/actions.ts
 GET /reports?notice=Envoi+planifi%C3%A9+cr%C3%A9%C3%A9. 200 in 81ms (next.js: 2ms, proxy.ts: 1.9ms, application-code: 77ms)
 POST /reports?notice=Nouvelle%20version%20du%20mod%C3%A8le%20enregistr%C3%A9e. 200 in 103ms (next.js: 2ms, proxy.ts: 3ms, application-code: 99ms)
  └─ ƒ createReportSchedule({}) in 13ms src/app/actions.ts
  ✘  3 [chromium] › e2e/report-management-actors-local.spec.ts:6:7 › analyst manages templates and schedules and loses write access in fr (1.3s)
(node:37253) Warning: The 'NO_COLOR' env is ignored due to the 'FORCE_COLOR' env being set.
(Use `node --trace-warnings ...` to show where the warning was created)
 GET /reports 200 in 136ms (next.js: 1.8ms, proxy.ts: 2ms, application-code: 132ms)
 GET /api/auth/get-session 200 in 24ms (next.js: 7ms, proxy.ts: 3ms, application-code: 13ms)
 GET /api/auth/organization/list 200 in 31ms (next.js: 11ms, proxy.ts: 4ms, application-code: 17ms)
 GET /reports?notice=Mod%C3%A8le+de+rapport+cr%C3%A9%C3%A9. 200 in 91ms (next.js: 3ms, proxy.ts: 3ms, application-code: 85ms)
 POST /reports 200 in 111ms (next.js: 2ms, proxy.ts: 3ms, application-code: 106ms)
  └─ ƒ createReportTemplate({}) in 8ms src/app/actions.ts
 GET /reports?notice=Nouvelle+version+du+mod%C3%A8le+enregistr%C3%A9e. 200 in 69ms (next.js: 1.8ms, proxy.ts: 1.8ms, application-code: 66ms)
 POST /reports?notice=Mod%C3%A8le%20de%20rapport%20cr%C3%A9%C3%A9. 200 in 88ms (next.js: 1.9ms, proxy.ts: 3ms, application-code: 83ms)
  └─ ƒ updateReportTemplate({}) in 9ms src/app/actions.ts
 GET /reports?notice=Envoi+planifi%C3%A9+cr%C3%A9%C3%A9. 200 in 81ms (next.js: 2.0ms, proxy.ts: 2.0ms, application-code: 77ms)
 POST /reports?notice=Nouvelle%20version%20du%20mod%C3%A8le%20enregistr%C3%A9e. 200 in 102ms (next.js: 2ms, proxy.ts: 3ms, application-code: 98ms)
  └─ ƒ createReportSchedule({}) in 12ms src/app/actions.ts
  ✘  4 [chromium] › e2e/report-management-actors-local.spec.ts:6:7 › analyst manages templates and schedules and loses write access in en (1.3s)


  1) [chromium] › e2e/report-management-actors-local.spec.ts:6:7 › analyst manages templates and schedules and loses write access in fr 

    Error: expect(locator).toBeVisible() failed

    Locator: getByRole('heading', { name: 'Management fr a4fa0888', exact: true })
    Expected: visible
    Error: strict mode violation: getByRole('heading', { name: 'Management fr a4fa0888', exact: true }) resolved to 2 elements:
        1) <h3 class="mt-3 font-semibold">Management fr a4fa0888</h3> aka locator('section').filter({ hasText: 'Envois planifiésConnecté' }).locator('h3')
        2) <h3 class="mt-3 font-semibold">Management fr a4fa0888</h3> aka locator('section').filter({ hasText: 'Liens actifs et' }).locator('h3')

    Call log:
      - Expect "toBeVisible" with timeout 15000ms
      - waiting for getByRole('heading', { name: 'Management fr a4fa0888', exact: true })


      29 |       await page.locator('#schedule-name').fill(marker); await page.locator('#schedule-client').selectOption(clientId); await page.locator('#schedule-template').selectOption(templateId); await page.locator('#schedule-recipients').fill('fixture@example.test')
      30 |       await page.getByRole('button', { name: /Create schedule|Créer la planification/, exact: true }).click()
    > 31 |       await expect(page.getByRole('heading', { name: marker, exact: true })).toBeVisible()
         |                                                                              ^
      32 |       const scheduleId = (await db.query('select id from report_schedules where workspace_id=$1 and name=$2', [workspaceId, marker])).rows[0].id
      33 |       const scheduleForm = page.locator('form').filter({ has: page.locator(`[name="scheduleId"][value="${scheduleId}"]`) })
      34 |       const tokenHash = async () => (await db.query('select token_hash from share_links l join report_schedules s on s.share_id=l.id where s.id=$1', [scheduleId])).rows[0].token_hash
        at /Users/yoannandrieux/Projets/yodev-ads/web/e2e/report-management-actors-local.spec.ts:31:78

    Error Context: test-results/report-management-actors-l-db4fa-nd-loses-write-access-in-fr-chromium/error-context.md

  2) [chromium] › e2e/report-management-actors-local.spec.ts:6:7 › analyst manages templates and schedules and loses write access in en 

    Error: expect(locator).toBeVisible() failed

    Locator: getByRole('heading', { name: 'Management en 0403506c', exact: true })
    Expected: visible
    Error: strict mode violation: getByRole('heading', { name: 'Management en 0403506c', exact: true }) resolved to 2 elements:
        1) <h3 class="mt-3 font-semibold">Management en 0403506c</h3> aka locator('section').filter({ hasText: 'Scheduled' }).locator('h3')
        2) <h3 class="mt-3 font-semibold">Management en 0403506c</h3> aka locator('section').filter({ hasText: 'Active and historical' }).locator('h3')

    Call log:
      - Expect "toBeVisible" with timeout 15000ms
      - waiting for getByRole('heading', { name: 'Management en 0403506c', exact: true })


      29 |       await page.locator('#schedule-name').fill(marker); await page.locator('#schedule-client').selectOption(clientId); await page.locator('#schedule-template').selectOption(templateId); await page.locator('#schedule-recipients').fill('fixture@example.test')
      30 |       await page.getByRole('button', { name: /Create schedule|Créer la planification/, exact: true }).click()
    > 31 |       await expect(page.getByRole('heading', { name: marker, exact: true })).toBeVisible()
         |                                                                              ^
      32 |       const scheduleId = (await db.query('select id from report_schedules where workspace_id=$1 and name=$2', [workspaceId, marker])).rows[0].id
      33 |       const scheduleForm = page.locator('form').filter({ has: page.locator(`[name="scheduleId"][value="${scheduleId}"]`) })
      34 |       const tokenHash = async () => (await db.query('select token_hash from share_links l join report_schedules s on s.share_id=l.id where s.id=$1', [scheduleId])).rows[0].token_hash
        at /Users/yoannandrieux/Projets/yodev-ads/web/e2e/report-management-actors-local.spec.ts:31:78

    Error Context: test-results/report-management-actors-l-ecdf8-nd-loses-write-access-in-en-chromium/error-context.md

  2 failed
    [chromium] › e2e/report-management-actors-local.spec.ts:6:7 › analyst manages templates and schedules and loses write access in fr 
    [chromium] › e2e/report-management-actors-local.spec.ts:6:7 › analyst manages templates and schedules and loses write access in en 
  2 passed (20.2s)
{"ok":true,"cleaned":"local-browser-fixtures"}
[?25h
