
> @yodev/ads@0.1.0 test:e2e:local
> node scripts/verify-local-browser.mjs e2e/report-management-actors-local.spec.ts

{"ok":true,"fixtureRoles":["owner","admin","strategist","analyst","client"],"foreignExportId":"80000000-0000-4000-8000-000000000003"}

> @yodev/ads@0.1.0 dev
> next dev --hostname 127.0.0.1 --port 3017

▲ Next.js 16.3.0 (Turbopack)
- Local:         http://127.0.0.1:3017
- Network:       http://127.0.0.1:3017
- Environments: .env.local
✓ Ready in 278ms
✓ Running next.config.ts took 369ms
- Experiments (use with caution):
  · clientTraceMetadata

 GET /sign-in 200 in 1177ms (next.js: 728ms, proxy.ts: 4ms, application-code: 445ms)
 GET /sign-in 200 in 2.3s (next.js: 1759ms, proxy.ts: 117ms, application-code: 449ms)
 GET /sign-in 200 in 123ms (next.js: 43ms, proxy.ts: 6ms, application-code: 73ms)
 POST /api/auth/sign-in/email 200 in 1282ms (next.js: 941ms, proxy.ts: 5ms, application-code: 336ms)
 POST /api/auth/sign-in/email 200 in 150ms (next.js: 24ms, proxy.ts: 13ms, application-code: 113ms)
 GET /icon?a62dacc6b033a714 200 in 198ms (next.js: 39ms, proxy.ts: 7ms, application-code: 152ms)
 POST /api/auth/sign-in/email 200 in 245ms (next.js: 4ms, proxy.ts: 4ms, application-code: 237ms)
 POST /api/auth/sign-in/email 200 in 89ms (next.js: 2ms, proxy.ts: 2ms, application-code: 84ms)
 POST /api/auth/sign-in/email 200 in 80ms (next.js: 3ms, proxy.ts: 2ms, application-code: 75ms)
 GET /dashboard 200 in 477ms (next.js: 201ms, proxy.ts: 3ms, application-code: 274ms)
 GET /settings 200 in 269ms (next.js: 33ms, proxy.ts: 2ms, application-code: 234ms)
 GET /billing 200 in 163ms (next.js: 15ms, proxy.ts: 2ms, application-code: 145ms)
 GET /support 200 in 138ms (next.js: 14ms, proxy.ts: 1.9ms, application-code: 122ms)
 GET /accounts 200 in 127ms (next.js: 12ms, proxy.ts: 2ms, application-code: 113ms)
 GET /history 200 in 132ms (next.js: 16ms, proxy.ts: 1.9ms, application-code: 114ms)
 GET /alerts 200 in 150ms (next.js: 20ms, proxy.ts: 1.9ms, application-code: 127ms)
 GET /tasks 200 in 155ms (next.js: 21ms, proxy.ts: 2ms, application-code: 132ms)
 GET /approvals 200 in 134ms (next.js: 22ms, proxy.ts: 1.9ms, application-code: 110ms)
 GET /reports 200 in 214ms (next.js: 21ms, proxy.ts: 1.7ms, application-code: 192ms)
 GET /audit 200 in 128ms (next.js: 22ms, proxy.ts: 2ms, application-code: 104ms)
 GET /agents 200 in 198ms (next.js: 19ms, proxy.ts: 1.8ms, application-code: 178ms)
 GET / 200 in 105ms (next.js: 18ms, proxy.ts: 2ms, application-code: 85ms)
 GET /privacy 200 in 54ms (next.js: 13ms, proxy.ts: 1.8ms, application-code: 39ms)
 GET /terms 200 in 50ms (next.js: 13ms, proxy.ts: 2.0ms, application-code: 35ms)
 GET /subprocessors 200 in 113ms (next.js: 41ms, proxy.ts: 2ms, application-code: 70ms)
 GET /status 200 in 111ms (next.js: 38ms, proxy.ts: 7ms, application-code: 67ms)
 GET /sign-in 200 in 34ms (next.js: 4ms, proxy.ts: 1.8ms, application-code: 28ms)
 GET /sign-up 200 in 315ms (next.js: 285ms, proxy.ts: 2ms, application-code: 28ms)
Local browser states ready in /var/folders/9h/sbxl7zl90j9_wc743xft5j8h0000gn/T/yodev-ads-browser-Ss3sBx

Running 2 tests using 1 worker

(node:39397) Warning: The 'NO_COLOR' env is ignored due to the 'FORCE_COLOR' env being set.
(Use `node --trace-warnings ...` to show where the warning was created)
 GET /reports 200 in 222ms (next.js: 2ms, proxy.ts: 2ms, application-code: 217ms)
 GET /api/auth/get-session 200 in 26ms (next.js: 6ms, proxy.ts: 3ms, application-code: 17ms)
 GET /api/auth/organization/list 200 in 29ms (next.js: 11ms, proxy.ts: 3ms, application-code: 14ms)
 GET /reports?notice=Mod%C3%A8le+de+rapport+cr%C3%A9%C3%A9. 200 in 87ms (next.js: 0.1ms, proxy.ts: 5ms, application-code: 82ms)
 POST /reports 200 in 127ms (next.js: 2ms, proxy.ts: 5ms, application-code: 120ms)
  └─ ƒ createReportTemplate({}) in 18ms src/app/actions.ts
 GET /reports?notice=Nouvelle+version+du+mod%C3%A8le+enregistr%C3%A9e. 200 in 76ms (next.js: 2ms, proxy.ts: 1.8ms, application-code: 72ms)
 POST /reports?notice=Mod%C3%A8le%20de%20rapport%20cr%C3%A9%C3%A9. 200 in 99ms (next.js: 1.9ms, proxy.ts: 3ms, application-code: 94ms)
  └─ ƒ updateReportTemplate({}) in 13ms src/app/actions.ts
 GET /reports?notice=Envoi+planifi%C3%A9+cr%C3%A9%C3%A9. 200 in 101ms (next.js: 3ms, proxy.ts: 2ms, application-code: 96ms)
 POST /reports?notice=Nouvelle%20version%20du%20mod%C3%A8le%20enregistr%C3%A9e. 200 in 125ms (next.js: 1.9ms, proxy.ts: 3ms, application-code: 120ms)
  └─ ƒ createReportSchedule({}) in 14ms src/app/actions.ts
 GET /reports?notice=Token+du+rapport+planifi%C3%A9+renouvel%C3%A9.+L%E2%80%99ancien+lien+est+imm%C3%A9diatement+invalide. 200 in 65ms (next.js: 1.6ms, proxy.ts: 1.9ms, application-code: 61ms)
 POST /reports?notice=Envoi%20planifi%C3%A9%20cr%C3%A9%C3%A9. 200 in 85ms (next.js: 1.8ms, proxy.ts: 2ms, application-code: 80ms)
  └─ ƒ rotateScheduledReportToken({}) in 11ms src/app/actions.ts
 GET /reports?notice=Envoi+planifi%C3%A9+suspendu+et+lien+r%C3%A9voqu%C3%A9. 200 in 71ms (next.js: 1.7ms, proxy.ts: 1.8ms, application-code: 68ms)
 POST /reports?notice=Token%20du%20rapport%20planifi%C3%A9%20renouvel%C3%A9.%20L%E2%80%99ancien%20lien%20est%20imm%C3%A9diatement%20invalide. 200 in 93ms (next.js: 1.8ms, proxy.ts: 3ms, application-code: 89ms)
  └─ ƒ toggleReportSchedule({}) in 13ms src/app/actions.ts
 GET /reports?notice=Envoi+planifi%C3%A9+activ%C3%A9. 200 in 69ms (next.js: 1.8ms, proxy.ts: 3ms, application-code: 65ms)
 POST /reports?notice=Envoi%20planifi%C3%A9%20suspendu%20et%20lien%20r%C3%A9voqu%C3%A9. 200 in 88ms (next.js: 2.0ms, proxy.ts: 3ms, application-code: 83ms)
  └─ ƒ toggleReportSchedule({}) in 9ms src/app/actions.ts
 GET /reports?notice=Mod%C3%A8le+d%C3%A9sactiv%C3%A9.+Les+rapports+existants+conservent+leur+snapshot. 200 in 71ms (next.js: 1.5ms, proxy.ts: 2ms, application-code: 67ms)
 POST /reports?notice=Envoi%20planifi%C3%A9%20activ%C3%A9. 200 in 88ms (next.js: 1.8ms, proxy.ts: 3ms, application-code: 83ms)
  └─ ƒ deactivateReportTemplate({}) in 8ms src/app/actions.ts
 GET /reports?error=Permission+required%3A+reports%3Amanage 200 in 41ms (next.js: 1.7ms, proxy.ts: 1.7ms, application-code: 38ms)
 POST /reports?notice=Mod%C3%A8le%20d%C3%A9sactiv%C3%A9.%20Les%20rapports%20existants%20conservent%20leur%20snapshot. 200 in 57ms (next.js: 2ms, proxy.ts: 3ms, application-code: 52ms)
  └─ ƒ createReportTemplate({}) in 6ms src/app/actions.ts
 GET /support?error=Vous+n%E2%80%99avez+plus+acc%C3%A8s+%C3%A0+cette+page.+Choisissez+une+rubrique+disponible+ou+contactez+un+administrateur. 200 in 59ms (next.js: 2ms, proxy.ts: 3ms, application-code: 54ms)
 GET /support?error=Vous+n%E2%80%99avez+plus+acc%C3%A8s+%C3%A0+cette+page.+Choisissez+une+rubrique+disponible+ou+contactez+un+administrateur. 200 in 52ms (next.js: 3ms, proxy.ts: 5ms, application-code: 44ms)
  ✓  1 [chromium] › e2e/report-management-actors-local.spec.ts:6:7 › analyst manages templates and schedules and loses write access in fr (2.5s)
 GET /reports 200 in 152ms (next.js: 4ms, proxy.ts: 3ms, application-code: 146ms)
 GET /api/auth/get-session 200 in 34ms (next.js: 8ms, proxy.ts: 3ms, application-code: 23ms)
 GET /api/auth/organization/list 200 in 37ms (next.js: 11ms, proxy.ts: 3ms, application-code: 23ms)
 GET /reports?notice=Mod%C3%A8le+de+rapport+cr%C3%A9%C3%A9. 200 in 76ms (next.js: 4ms, proxy.ts: 2ms, application-code: 69ms)
 POST /reports 200 in 103ms (next.js: 2ms, proxy.ts: 6ms, application-code: 95ms)
  └─ ƒ createReportTemplate({}) in 12ms src/app/actions.ts
 GET /reports?notice=Nouvelle+version+du+mod%C3%A8le+enregistr%C3%A9e. 200 in 76ms (next.js: 1.7ms, proxy.ts: 1.9ms, application-code: 73ms)
 POST /reports?notice=Mod%C3%A8le%20de%20rapport%20cr%C3%A9%C3%A9. 200 in 96ms (next.js: 1.9ms, proxy.ts: 2ms, application-code: 91ms)
  └─ ƒ updateReportTemplate({}) in 10ms src/app/actions.ts
 GET /reports?notice=Envoi+planifi%C3%A9+cr%C3%A9%C3%A9. 200 in 76ms (next.js: 1.7ms, proxy.ts: 1.8ms, application-code: 73ms)
 POST /reports?notice=Nouvelle%20version%20du%20mod%C3%A8le%20enregistr%C3%A9e. 200 in 101ms (next.js: 2.0ms, proxy.ts: 3ms, application-code: 96ms)
  └─ ƒ createReportSchedule({}) in 12ms src/app/actions.ts
 GET /reports?notice=Token+du+rapport+planifi%C3%A9+renouvel%C3%A9.+L%E2%80%99ancien+lien+est+imm%C3%A9diatement+invalide. 200 in 77ms (next.js: 1.6ms, proxy.ts: 1.7ms, application-code: 74ms)
 POST /reports?notice=Envoi%20planifi%C3%A9%20cr%C3%A9%C3%A9. 200 in 96ms (next.js: 1.8ms, proxy.ts: 2ms, application-code: 92ms)
  └─ ƒ rotateScheduledReportToken({}) in 10ms src/app/actions.ts
 GET /reports?notice=Envoi+planifi%C3%A9+suspendu+et+lien+r%C3%A9voqu%C3%A9. 200 in 66ms (next.js: 1.8ms, proxy.ts: 2ms, application-code: 62ms)
 POST /reports?notice=Token%20du%20rapport%20planifi%C3%A9%20renouvel%C3%A9.%20L%E2%80%99ancien%20lien%20est%20imm%C3%A9diatement%20invalide. 200 in 84ms (next.js: 1.7ms, proxy.ts: 2ms, application-code: 80ms)
  └─ ƒ toggleReportSchedule({}) in 9ms src/app/actions.ts
 GET /reports?notice=Envoi+planifi%C3%A9+activ%C3%A9. 200 in 73ms (next.js: 1.5ms, proxy.ts: 1.9ms, application-code: 69ms)
 POST /reports?notice=Envoi%20planifi%C3%A9%20suspendu%20et%20lien%20r%C3%A9voqu%C3%A9. 200 in 92ms (next.js: 2.0ms, proxy.ts: 3ms, application-code: 87ms)
  └─ ƒ toggleReportSchedule({}) in 10ms src/app/actions.ts
 GET /reports?notice=Mod%C3%A8le+d%C3%A9sactiv%C3%A9.+Les+rapports+existants+conservent+leur+snapshot. 200 in 65ms (next.js: 1.7ms, proxy.ts: 1.7ms, application-code: 61ms)
 POST /reports?notice=Envoi%20planifi%C3%A9%20activ%C3%A9. 200 in 82ms (next.js: 1.8ms, proxy.ts: 3ms, application-code: 77ms)
  └─ ƒ deactivateReportTemplate({}) in 8ms src/app/actions.ts
 GET /reports?error=Permission+required%3A+reports%3Amanage 200 in 50ms (next.js: 2ms, proxy.ts: 2ms, application-code: 45ms)
 POST /reports?notice=Mod%C3%A8le%20d%C3%A9sactiv%C3%A9.%20Les%20rapports%20existants%20conservent%20leur%20snapshot. 200 in 66ms (next.js: 2.0ms, proxy.ts: 3ms, application-code: 61ms)
  └─ ƒ createReportTemplate({}) in 7ms src/app/actions.ts
 GET /support?error=You+no+longer+have+access+to+this+page.+Choose+an+available+section+or+contact+an+administrator. 200 in 66ms (next.js: 2ms, proxy.ts: 2ms, application-code: 62ms)
 GET /support?error=You+no+longer+have+access+to+this+page.+Choose+an+available+section+or+contact+an+administrator. 200 in 48ms (next.js: 3ms, proxy.ts: 5ms, application-code: 40ms)
  ✓  2 [chromium] › e2e/report-management-actors-local.spec.ts:6:7 › analyst manages templates and schedules and loses write access in en (2.3s)

  2 passed (5.4s)
{"ok":true,"cleaned":"local-browser-fixtures"}
[?25h
