  ✓   1 [chromium] › e2e/authenticated-rbac.spec.ts:55:9 › authenticated five-role route matrix › owner has only its server-authorized product surface (54.8s)
  ✓   2 [chromium] › e2e/authenticated-rbac.spec.ts:55:9 › authenticated five-role route matrix › admin has only its server-authorized product surface (28.2s)
  ✓   3 [chromium] › e2e/authenticated-rbac.spec.ts:55:9 › authenticated five-role route matrix › strategist has only its server-authorized product surface (47.1s)
  ✓   4 [chromium] › e2e/authenticated-rbac.spec.ts:55:9 › authenticated five-role route matrix › analyst has only its server-authorized product surface (57.8s)
  ✓   5 [chromium] › e2e/authenticated-rbac.spec.ts:55:9 › authenticated five-role route matrix › client has only its server-authorized product surface (25.2s)
  ✓   6 [chromium] › e2e/authenticated-rbac.spec.ts:75:9 › authenticated five-role route matrix › owner cannot cross the direct export API boundary (9.3s)
  ✓   7 [chromium] › e2e/authenticated-rbac.spec.ts:75:9 › authenticated five-role route matrix › admin cannot cross the direct export API boundary (872ms)
  ✓   8 [chromium] › e2e/authenticated-rbac.spec.ts:75:9 › authenticated five-role route matrix › strategist cannot cross the direct export API boundary (348ms)
  ✓   9 [chromium] › e2e/authenticated-rbac.spec.ts:75:9 › authenticated five-role route matrix › analyst cannot cross the direct export API boundary (887ms)
  ✓  10 [chromium] › e2e/authenticated-rbac.spec.ts:75:9 › authenticated five-role route matrix › client cannot cross the direct export API boundary (378ms)
  ✓  11 [chromium] › e2e/authenticated-rbac.spec.ts:93:7 › authenticated Server Action authorization matrix › re-authorizes workspace administration for every session (26.4s)
  ✓  12 [chromium] › e2e/prod-ready-local.spec.ts:22:9 › local production readiness regression journeys › grace permits stored views while hiding mutations (43.4s)
  ✓  13 [chromium] › e2e/prod-ready-local.spec.ts:37:9 › local production readiness regression journeys › suspended members have an accessible recovery destination without redirect loops (48.4s)
  ✓  14 [chromium] › e2e/prod-ready-local.spec.ts:49:11 › local production readiness regression journeys › full navigation and workspace selection work at 390px in fr (8.9s)
  ✓  15 [chromium] › e2e/prod-ready-local.spec.ts:49:11 › local production readiness regression journeys › full navigation and workspace selection work at 768px in fr (11.4s)
  ✓  16 [chromium] › e2e/prod-ready-local.spec.ts:49:11 › local production readiness regression journeys › full navigation and workspace selection work at 390px in en (3.9s)
  ✓  17 [chromium] › e2e/prod-ready-local.spec.ts:49:11 › local production readiness regression journeys › full navigation and workspace selection work at 768px in en (10.9s)
  ✓  18 [chromium] › e2e/prod-ready-local.spec.ts:74:9 › local production readiness regression journeys › workspace selection switches context and permissions on mobile (6.8s)
  ✓  19 [chromium] › e2e/prod-ready-local.spec.ts:92:9 › local production readiness regression journeys › analysts do not see monitoring controls denied by their role (1.6s)
  ✓  20 [chromium] › e2e/public.spec.ts:3:5 › public landing exposes the product proposition and account creation (1.2s)
  ✓  21 [chromium] › e2e/public.spec.ts:15:5 › authenticated areas redirect anonymous visitors to sign-in (1.1s)
  ✓  22 [chromium] › e2e/public.spec.ts:21:5 › privacy and terms pages are public (1.4s)
  ✓  23 [chromium] › e2e/public.spec.ts:28:5 › the subprocessor register and change-notice policy are public (652ms)
  ✓  24 [chromium] › e2e/public.spec.ts:35:5 › the public product and legal surface honor the English locale (1.4s)
  ✓  25 [chromium] › e2e/public.spec.ts:46:5 › public status page never claims operational health when status storage is unavailable (1.0s)
  25 passed (6.9m)
{"ok":true,"cleaned":"local-browser-fixtures"}
