
> @yodev/ads@0.1.0 test:e2e:local
> node scripts/verify-local-browser.mjs --grep agency portfolio|live navigation state

{"ok":true,"fixtureRoles":["owner","admin","strategist","analyst","client"],"foreignExportId":"80000000-0000-4000-8000-000000000003"}

> @yodev/ads@0.1.0 dev
> next dev --hostname 127.0.0.1 --port 3017

▲ Next.js 16.3.0 (Turbopack)
- Local:         http://127.0.0.1:3017
- Network:       http://127.0.0.1:3017
- Environments: .env.local
✓ Ready in 260ms
✓ Running next.config.ts took 359ms
- Experiments (use with caution):
  · clientTraceMetadata

 GET /sign-in 200 in 771ms (next.js: 389ms, proxy.ts: 118ms, application-code: 263ms)
 POST /api/auth/sign-in/email 200 in 894ms (next.js: 729ms, proxy.ts: 11ms, application-code: 155ms)
 POST /api/auth/sign-in/email 200 in 82ms (next.js: 3ms, proxy.ts: 2ms, application-code: 76ms)
 POST /api/auth/sign-in/email 200 in 84ms (next.js: 9ms, proxy.ts: 2ms, application-code: 73ms)
 POST /api/auth/sign-in/email 200 in 80ms (next.js: 2.0ms, proxy.ts: 2ms, application-code: 76ms)
 POST /api/auth/sign-in/email 200 in 77ms (next.js: 2ms, proxy.ts: 3ms, application-code: 73ms)
 GET /dashboard 200 in 466ms (next.js: 176ms, proxy.ts: 2ms, application-code: 287ms)
 GET /settings 200 in 221ms (next.js: 29ms, proxy.ts: 4ms, application-code: 188ms)
 GET /billing 200 in 170ms (next.js: 26ms, proxy.ts: 2ms, application-code: 142ms)
 GET /support 200 in 170ms (next.js: 34ms, proxy.ts: 3ms, application-code: 133ms)
 GET /accounts 200 in 114ms (next.js: 12ms, proxy.ts: 1.7ms, application-code: 101ms)
 GET /history 200 in 121ms (next.js: 13ms, proxy.ts: 1.7ms, application-code: 106ms)
 GET /alerts 200 in 249ms (next.js: 52ms, proxy.ts: 1.9ms, application-code: 195ms)
 GET /tasks 200 in 344ms (next.js: 63ms, proxy.ts: 3ms, application-code: 278ms)
 GET /sign-in 200 in 82ms (next.js: 36ms, proxy.ts: 9ms, application-code: 38ms)
 GET /approvals 200 in 229ms (next.js: 68ms, proxy.ts: 4ms, application-code: 156ms)
 GET /reports 200 in 268ms (next.js: 51ms, proxy.ts: 6ms, application-code: 211ms)
 GET /icon?a62dacc6b033a714 200 in 144ms (next.js: 30ms, proxy.ts: 20ms, application-code: 94ms)
 GET /audit 200 in 236ms (next.js: 24ms, proxy.ts: 1.9ms, application-code: 211ms)
 GET /agents 200 in 194ms (next.js: 26ms, proxy.ts: 1.9ms, application-code: 166ms)
 GET / 200 in 88ms (next.js: 12ms, proxy.ts: 1.9ms, application-code: 74ms)
 GET /privacy 200 in 48ms (next.js: 9ms, proxy.ts: 1.8ms, application-code: 37ms)
 GET /terms 200 in 49ms (next.js: 10ms, proxy.ts: 1.7ms, application-code: 38ms)
 GET /subprocessors 200 in 84ms (next.js: 26ms, proxy.ts: 1.8ms, application-code: 55ms)
 GET /status 200 in 85ms (next.js: 24ms, proxy.ts: 1.7ms, application-code: 59ms)
 GET /sign-in 200 in 37ms (next.js: 4ms, proxy.ts: 1.8ms, application-code: 32ms)
 GET /sign-up 200 in 287ms (next.js: 257ms, proxy.ts: 1.9ms, application-code: 28ms)
Local browser states ready in /var/folders/9h/sbxl7zl90j9_wc743xft5j8h0000gn/T/yodev-ads-browser-AgUN4W

Running 4 tests using 1 worker

(node:81958) Warning: The 'NO_COLOR' env is ignored due to the 'FORCE_COLOR' env being set.
(Use `node --trace-warnings ...` to show where the warning was created)
 GET /insights/devices?client=80000000-0000-4000-8000-000000000094 200 in 545ms (next.js: 424ms, proxy.ts: 2ms, application-code: 119ms)
 GET /api/auth/get-session 200 in 27ms (next.js: 6ms, proxy.ts: 5ms, application-code: 16ms)
 GET /api/auth/organization/list 200 in 29ms (next.js: 11ms, proxy.ts: 3ms, application-code: 15ms)
 GET /tasks 200 in 53ms (next.js: 3ms, proxy.ts: 2ms, application-code: 47ms)
 GET /discussions/tasks/047ad944-5f25-412d-9467-7dab7c6b5d2d 200 in 552ms (next.js: 433ms, proxy.ts: 2ms, application-code: 117ms)
 GET /api/auth/get-session 200 in 23ms (next.js: 8ms, proxy.ts: 3ms, application-code: 12ms)
 GET /api/auth/organization/list 200 in 25ms (next.js: 13ms, proxy.ts: 3ms, application-code: 10ms)
 GET /dashboard 200 in 58ms (next.js: 3ms, proxy.ts: 3ms, application-code: 52ms)
 GET /tasks 200 in 53ms (next.js: 2ms, proxy.ts: 3ms, application-code: 48ms)
 GET /dashboard 200 in 58ms (next.js: 2ms, proxy.ts: 2ms, application-code: 54ms)
 GET /tasks 200 in 65ms (next.js: 2ms, proxy.ts: 3ms, application-code: 60ms)
 GET /dashboard?client=invalid 404 in 124ms (next.js: 3ms, proxy.ts: 4ms, application-code: 116ms)
 GET /dashboard?client= 404 in 106ms (next.js: 1.6ms, proxy.ts: 1.8ms, application-code: 102ms)
 GET /dashboard?client=80000000-0000-4000-8000-000000000095 404 in 115ms (next.js: 1.5ms, proxy.ts: 1.8ms, application-code: 112ms)
 GET /dashboard?client=80000000-0000-4000-8000-000000000094&client=80000000-0000-4000-8000-000000000095 404 in 102ms (next.js: 1.5ms, proxy.ts: 1.8ms, application-code: 99ms)
 GET /analysis?client=invalid 404 in 121ms (next.js: 17ms, proxy.ts: 1.8ms, application-code: 102ms)
 GET /analysis?client= 404 in 102ms (next.js: 1.6ms, proxy.ts: 1.8ms, application-code: 99ms)
 GET /analysis?client=80000000-0000-4000-8000-000000000095 404 in 109ms (next.js: 1.8ms, proxy.ts: 2ms, application-code: 105ms)
 GET /analysis?client=80000000-0000-4000-8000-000000000094&client=80000000-0000-4000-8000-000000000095 404 in 104ms (next.js: 1.8ms, proxy.ts: 1.8ms, application-code: 101ms)
 GET /insights?client=invalid 404 in 139ms (next.js: 33ms, proxy.ts: 1.8ms, application-code: 104ms)
 GET /insights?client= 404 in 96ms (next.js: 1.6ms, proxy.ts: 1.7ms, application-code: 93ms)
 GET /insights?client=80000000-0000-4000-8000-000000000095 404 in 105ms (next.js: 1.6ms, proxy.ts: 1.7ms, application-code: 102ms)
 GET /insights?client=80000000-0000-4000-8000-000000000094&client=80000000-0000-4000-8000-000000000095 404 in 95ms (next.js: 1.4ms, proxy.ts: 1.8ms, application-code: 91ms)
 GET /history?client=invalid 404 in 98ms (next.js: 1.5ms, proxy.ts: 1.9ms, application-code: 95ms)
 GET /history?client= 404 in 93ms (next.js: 1.5ms, proxy.ts: 1.9ms, application-code: 90ms)
 GET /history?client=80000000-0000-4000-8000-000000000095 404 in 99ms (next.js: 1.6ms, proxy.ts: 1.8ms, application-code: 96ms)
 GET /history?client=80000000-0000-4000-8000-000000000094&client=80000000-0000-4000-8000-000000000095 404 in 106ms (next.js: 1.4ms, proxy.ts: 4ms, application-code: 101ms)
 GET /dashboard?client=80000000-0000-4000-8000-000000000094 404 in 102ms (next.js: 1.7ms, proxy.ts: 1.7ms, application-code: 99ms)
  ✓  1 [chromium] › e2e/navigation-state-local.spec.ts:14:53 › live navigation state › follows client navigation, keyboard and invalid accounts in fr (4.6s)
 GET /insights/devices?client=80000000-0000-4000-8000-000000000094 200 in 120ms (next.js: 3ms, proxy.ts: 2ms, application-code: 115ms)
 GET /api/auth/get-session 200 in 127ms (next.js: 52ms, proxy.ts: 21ms, application-code: 54ms)
 GET /api/auth/organization/list 200 in 130ms (next.js: 54ms, proxy.ts: 21ms, application-code: 55ms)
 GET /tasks 200 in 186ms (next.js: 2ms, proxy.ts: 2ms, application-code: 182ms)
  ✘  2 [chromium] › e2e/navigation-state-local.spec.ts:14:53 › live navigation state › follows client navigation, keyboard and invalid accounts in en (682ms)
(node:82020) Warning: The 'NO_COLOR' env is ignored due to the 'FORCE_COLOR' env being set.
(Use `node --trace-warnings ...` to show where the warning was created)
 GET /portfolio?q=PORTFOLIO_ 200 in 306ms (next.js: 16ms, proxy.ts: 2ms, application-code: 288ms)
 GET /api/auth/get-session 200 in 18ms (next.js: 6ms, proxy.ts: 3ms, application-code: 9ms)
 GET /api/auth/organization/list 200 in 21ms (next.js: 9ms, proxy.ts: 3ms, application-code: 9ms)
 GET /portfolio?q=PORTFOLIO_&cursor=eyJ2IjoxLCJpdiI6IlpoQW1PcXN6Z291d2lQdkEiLCJ0YWciOiI4aHlYYWF5WUp6THVhS2w3d291Q013IiwiZGF0YSI6ImJEMUx4OW1VNFFxSjdhYTgzaktJd2hrWWxnYjlVdEd4S3VDbmt2NlJwQjlobFFjSVdydUZLdkZsS0dOdHJCeERXaTRhS0ZiTGh5bnJ2VF9ZZzR0YkVoZU93ejdvRS0tc2R1U0JvdXQzdnNJRVZ0dnlDaU5VMUJlcHpqNmlaVjJIZ3Vvdk5YRTNEVkVKNWRNOXRBZ2UycnJoRWVzOWIwTTNjTDY2OWxNLUhLdHVYeDlwVTlkYmsyaEsteHFHWHVNcG5JdzRvTlRfUHV2cUs4VlQ0VHppa0xvTWZCblFhOWpGbE5Ic2FjN0kzbW1TeU9RcWxfLURvcHdDbGFNak5wMi1JOXFxTmgxUlI0ZGRPanFtYUF5ZUFKLXNpcG5CcVo3ZEdrWnhUS2ZORDdiWlR5Mks4QWtJcFEifQ 200 in 93ms (next.js: 2ms, proxy.ts: 4ms, application-code: 87ms)
 GET /portfolio?q=PORTFOLIO_&attention=missing_data&currency=&assignee= 200 in 168ms (next.js: 1.9ms, proxy.ts: 2ms, application-code: 164ms)
 GET /api/auth/get-session 200 in 33ms (next.js: 11ms, proxy.ts: 3ms, application-code: 19ms)
 GET /api/auth/organization/list 200 in 37ms (next.js: 18ms, proxy.ts: 3ms, application-code: 17ms)
 GET /portfolio?q=PORTFOLIO_&attention=missing_data&view_notice=saved 200 in 93ms (next.js: 1.7ms, proxy.ts: 1.9ms, application-code: 89ms)
 POST /portfolio?q=PORTFOLIO_&attention=missing_data&currency=&assignee= 200 in 118ms (next.js: 2.0ms, proxy.ts: 3ms, application-code: 113ms)
  └─ ƒ storePortfolioView({}) in 10ms src/app/portfolio-actions.ts
 GET /portfolio?q=PORTFOLIO_&attention=missing_data&view_notice=saved 200 in 76ms (next.js: 1.6ms, proxy.ts: 1.7ms, application-code: 73ms)
 POST /portfolio?q=PORTFOLIO_&attention=missing_data&view_notice=saved 200 in 95ms (next.js: 1.7ms, proxy.ts: 3ms, application-code: 90ms)
  └─ ƒ storePortfolioView({}) in 9ms src/app/portfolio-actions.ts
 GET /portfolio?q=PORTFOLIO_ 200 in 301ms (next.js: 2ms, proxy.ts: 3ms, application-code: 296ms)
 GET /api/auth/get-session 200 in 30ms (next.js: 15ms, proxy.ts: 3ms, application-code: 12ms)
 GET /api/auth/organization/list 200 in 32ms (next.js: 8ms, proxy.ts: 3ms, application-code: 21ms)
 GET /portfolio?view_notice=conflict 200 in 117ms (next.js: 7ms, proxy.ts: 3ms, application-code: 107ms)
 POST /portfolio?q=PORTFOLIO_ 200 in 137ms (next.js: 1.8ms, proxy.ts: 2ms, application-code: 133ms)
  └─ ƒ removePortfolioView({}) in 9ms src/app/portfolio-actions.ts
 GET /portfolio?q=PORTFOLIO_ 200 in 304ms (next.js: 1.5ms, proxy.ts: 3ms, application-code: 300ms)
 GET /api/auth/get-session 200 in 19ms (next.js: 5ms, proxy.ts: 3ms, application-code: 12ms)
 GET /api/auth/organization/list 200 in 22ms (next.js: 8ms, proxy.ts: 3ms, application-code: 10ms)
 GET /portfolio?view_notice=deleted 200 in 128ms (next.js: 1.9ms, proxy.ts: 17ms, application-code: 109ms)
 POST /portfolio?q=PORTFOLIO_ 200 in 164ms (next.js: 2ms, proxy.ts: 5ms, application-code: 157ms)
  └─ ƒ removePortfolioView({}) in 22ms src/app/portfolio-actions.ts
 GET /tasks?status=open&assignee=unassigned 200 in 51ms (next.js: 3ms, proxy.ts: 3ms, application-code: 46ms)
 GET /portfolio?assignee=local-browser-fixture-owner 200 in 220ms (next.js: 12ms, proxy.ts: 2ms, application-code: 206ms)
 GET /api/auth/get-session 200 in 104ms (next.js: 18ms, proxy.ts: 29ms, application-code: 57ms)
 GET /api/auth/organization/list 200 in 109ms (next.js: 27ms, proxy.ts: 28ms, application-code: 55ms)
 GET /portfolio?assignee=local-browser-fixture-owner 200 in 180ms (next.js: 2ms, proxy.ts: 3ms, application-code: 176ms)
 GET /api/auth/get-session 200 in 83ms (next.js: 42ms, proxy.ts: 19ms, application-code: 22ms)
 GET /api/auth/organization/list 200 in 83ms (next.js: 44ms, proxy.ts: 17ms, application-code: 22ms)
 GET /portfolio?q=PORTFOLIO_ 200 in 332ms (next.js: 1.9ms, proxy.ts: 2ms, application-code: 328ms)
 GET /api/auth/get-session 200 in 22ms (next.js: 9ms, proxy.ts: 3ms, application-code: 11ms)
 GET /api/auth/organization/list 200 in 25ms (next.js: 13ms, proxy.ts: 3ms, application-code: 9ms)
[browser] A tree hydrated but some attributes of the server rendered HTML didn't match the client properties. This won't be patched up. This can happen if a SSR-ed Client Component used:

- A server/client branch `if (typeof window !== 'undefined')`.
- Variable input such as `Date.now()` or `Math.random()` which changes each time it's called.
- Date formatting in a user's locale which doesn't match the server.
- External changing data without sending a snapshot of it along with the HTML.
- Invalid HTML tag nesting.

It can also happen if the client has a browser extension installed which messes with the HTML before React loaded.

https://react.dev/link/hydration-mismatch

  ...
    <ScrollAndMaybeFocusHandler cacheNode={{rsc:{...}, ...}}>
      <InnerScrollHandlerNew focusAndScrollRef={{scrollRef:null, ...}} cacheNode={{rsc:{...}, ...}}>
        <ErrorBoundary errorComponent={undefined} errorStyles={undefined} errorScripts={undefined}>
          <LoadingBoundary name="portfolio/" loading={null}>
            <HTTPAccessFallbackBoundary notFound={undefined} forbidden={undefined} unauthorized={undefined}>
              <RedirectBoundary>
                <RedirectErrorBoundary router={{...}}>
                  <InnerLayoutRouter url="/portfolio..." tree={[...]} params={{}} cacheNode={{rsc:{...}, ...}} ...>
                    <SegmentViewNode type="page" pagePath="(app)/port...">
                      <SegmentTrieNode>
                      <PortfolioPage>
                        <div>
                        <details className="mb-5 round..." data-portfolio-saved-views={true}>
                          <summary>
                          <p>
                          <form action={function storePortfolioView} className="mt-4 flex ...">
                            <input
                              type="hidden"
                              name="criteria"
                              value={"{\"q\":\"PORTFOLIO_\",\"currency\":\"\",\"attention\":\"all\",\"assignee\":\"\"}"}
-                             style={{caret-color:"transparent"}}
                            >
                            <label className="grid gap-1...">
                              <input
                                name="name"
                                required={true}
                                maxLength={80}
                                className="h-10 rounded-lg border px-3 text-sm"
-                               style={{caret-color:"transparent"}}
                              >
                            ...
                          ...
                        <p>
                        <form action="/portfolio" className="mb-6 flex ...">
                          <label className="grid gap-1...">
                            <input
                              type="search"
                              name="q"
                              defaultValue="PORTFOLIO_"
                              maxLength={120}
                              className="h-10 rounded-lg border px-3 text-sm"
-                             style={{caret-color:"transparent"}}
                            >
                          <label>
                          <label className="grid gap-1...">
                            <input
                              name="currency"
                              defaultValue=""
                              maxLength={3}
                              pattern="[A-Z]{3}"
                              placeholder="EUR"
                              className="h-10 w-28 rounded-lg border px-3 text-sm"
-                             style={{caret-color:"transparent"}}
                            >
                          ...
                        ...
                    ...
                  ...
        ...
 
 GET /portfolio?q=PORTFOLIO_ 200 in 295ms (next.js: 1.6ms, proxy.ts: 2ms, application-code: 291ms)
 GET /api/auth/get-session 200 in 19ms (next.js: 5ms, proxy.ts: 2ms, application-code: 11ms)
 GET /api/auth/organization/list 200 in 21ms (next.js: 8ms, proxy.ts: 2ms, application-code: 10ms)
⨯ Error [PermissionDeniedError]: Permission required: portfolio:read
    at requirePermission (src/lib/permissions.ts:79:19)
    at requireWorkspacePermission (src/lib/workspace.ts:164:73)
    at async PortfolioPage (src/app/(app)/portfolio/page.tsx:16:40)
  77 | export function requirePermission(role: WorkspaceRole, permission: Permission) {
  78 |   if (!rolePermissions[role].has(permission)) {
> 79 |     const error = new Error(`Permission required: ${permission}`)
     |                   ^
  80 |     error.name = 'PermissionDeniedError'
  81 |     throw error
  82 |   } {
  digest: '1390744199'
}
 GET /portfolio?q=PORTFOLIO_ 307 in 87ms (next.js: 1.8ms, proxy.ts: 2ms, application-code: 83ms)
 GET /support?error=Acc%C3%A8s%20non%20autoris%C3%A9 200 in 101ms (next.js: 3ms, proxy.ts: 6ms, application-code: 91ms)
 GET /portfolio?q=PORTFOLIO_ 307 in 45ms (next.js: 2.0ms, proxy.ts: 2.0ms, application-code: 41ms)
 GET /sign-in 200 in 35ms (next.js: 5ms, proxy.ts: 1.8ms, application-code: 29ms)
  ✓  3 [chromium] › e2e/portfolio-local.spec.ts:13:53 › agency portfolio › reviews 50 accounts, personal views and team workload in fr (6.5s)
 GET /portfolio?q=PORTFOLIO_ 200 in 298ms (next.js: 1.8ms, proxy.ts: 2.0ms, application-code: 294ms)
 GET /api/auth/get-session 200 in 17ms (next.js: 5ms, proxy.ts: 3ms, application-code: 9ms)
 GET /api/auth/organization/list 200 in 19ms (next.js: 8ms, proxy.ts: 3ms, application-code: 8ms)
 GET /portfolio?q=PORTFOLIO_&cursor=eyJ2IjoxLCJpdiI6IncxNlNuRGVxVE9hYXhCSzkiLCJ0YWciOiJzWlZ3dTBoUVJwc0xsUkNMQk5IanhBIiwiZGF0YSI6IjJwdFphOS1Kbl9CWlo1MmNLY3ZDT2hPMXpySnRuUnhJVXRpeEw0VnRYbDVXcFJabXZ6clN5ZGtxUDJNR012eVJYcXp2YWhtNWV6bE5lQkJQUlpiUTBCRGdsMjE1T3lGTnd0LWpFN0VzTExEQmduYU53NjVzSXZxVWw1R0N5dmpzRW9vUG1wcEhIQWlMN3B4Y0otVXpER1hscllQXzhfejJfSTdnX2Z4dE92Z2JfYXdMR1FBWTRDdTZENE9tcDRBMmVmcGhSZ3NXd3FlU0xtUmdzV0JuOVZVNGZyWENiMkR1RDJ2UldTbkZONmJMbVBmTExHbHo4ZXJfaUdpMk9XTkpTUnctZm1fWVAxSXVDMWJQSmM0cUk2WnRMQ3JOWjRELXVjR3BTWkpYdm1aS2hLeWVuWmVaRWcifQ 200 in 104ms (next.js: 2ms, proxy.ts: 3ms, application-code: 99ms)
 GET /portfolio?q=PORTFOLIO_&attention=missing_data&currency=&assignee= 200 in 172ms (next.js: 1.9ms, proxy.ts: 2ms, application-code: 168ms)
 GET /api/auth/get-session 200 in 19ms (next.js: 4ms, proxy.ts: 3ms, application-code: 12ms)
 GET /api/auth/organization/list 200 in 22ms (next.js: 7ms, proxy.ts: 3ms, application-code: 12ms)
 GET /portfolio?q=PORTFOLIO_&attention=missing_data&view_notice=saved 200 in 85ms (next.js: 1.8ms, proxy.ts: 2ms, application-code: 81ms)
 POST /portfolio?q=PORTFOLIO_&attention=missing_data&currency=&assignee= 200 in 102ms (next.js: 1.7ms, proxy.ts: 2ms, application-code: 98ms)
  └─ ƒ storePortfolioView({}) in 8ms src/app/portfolio-actions.ts
 GET /portfolio?q=PORTFOLIO_&attention=missing_data&view_notice=saved 200 in 82ms (next.js: 1.5ms, proxy.ts: 2ms, application-code: 78ms)
 POST /portfolio?q=PORTFOLIO_&attention=missing_data&view_notice=saved 200 in 98ms (next.js: 1.8ms, proxy.ts: 3ms, application-code: 93ms)
  └─ ƒ storePortfolioView({}) in 7ms src/app/portfolio-actions.ts
 GET /portfolio?q=PORTFOLIO_ 200 in 293ms (next.js: 1.8ms, proxy.ts: 2ms, application-code: 289ms)
 GET /api/auth/get-session 200 in 20ms (next.js: 5ms, proxy.ts: 3ms, application-code: 12ms)
 GET /api/auth/organization/list 200 in 22ms (next.js: 10ms, proxy.ts: 3ms, application-code: 10ms)
 GET /portfolio?view_notice=conflict 200 in 123ms (next.js: 1.8ms, proxy.ts: 3ms, application-code: 119ms)
 POST /portfolio?q=PORTFOLIO_ 200 in 146ms (next.js: 3ms, proxy.ts: 4ms, application-code: 139ms)
  └─ ƒ removePortfolioView({}) in 7ms src/app/portfolio-actions.ts
 GET /portfolio?q=PORTFOLIO_ 200 in 314ms (next.js: 2ms, proxy.ts: 2ms, application-code: 310ms)
 GET /api/auth/get-session 200 in 17ms (next.js: 5ms, proxy.ts: 3ms, application-code: 9ms)
 GET /api/auth/organization/list 200 in 18ms (next.js: 8ms, proxy.ts: 3ms, application-code: 7ms)
 GET /portfolio?view_notice=deleted 200 in 137ms (next.js: 2ms, proxy.ts: 6ms, application-code: 129ms)
 POST /portfolio?q=PORTFOLIO_ 200 in 158ms (next.js: 2.0ms, proxy.ts: 3ms, application-code: 153ms)
  └─ ƒ removePortfolioView({}) in 9ms src/app/portfolio-actions.ts
 GET /tasks?status=open&assignee=unassigned 200 in 56ms (next.js: 3ms, proxy.ts: 2ms, application-code: 51ms)
 GET /portfolio?assignee=local-browser-fixture-owner 200 in 175ms (next.js: 2ms, proxy.ts: 2ms, application-code: 171ms)
 GET /api/auth/get-session 200 in 93ms (next.js: 16ms, proxy.ts: 23ms, application-code: 54ms)
 GET /api/auth/organization/list 200 in 94ms (next.js: 25ms, proxy.ts: 21ms, application-code: 48ms)
 GET /portfolio?assignee=local-browser-fixture-owner 200 in 167ms (next.js: 2ms, proxy.ts: 2.0ms, application-code: 162ms)
 GET /api/auth/get-session 200 in 79ms (next.js: 45ms, proxy.ts: 12ms, application-code: 23ms)
 GET /api/auth/organization/list 200 in 82ms (next.js: 47ms, proxy.ts: 11ms, application-code: 23ms)
 GET /portfolio?q=PORTFOLIO_ 200 in 342ms (next.js: 1.9ms, proxy.ts: 2.0ms, application-code: 338ms)
 GET /api/auth/get-session 200 in 19ms (next.js: 6ms, proxy.ts: 3ms, application-code: 11ms)
 GET /api/auth/organization/list 200 in 20ms (next.js: 10ms, proxy.ts: 3ms, application-code: 7ms)
[browser] A tree hydrated but some attributes of the server rendered HTML didn't match the client properties. This won't be patched up. This can happen if a SSR-ed Client Component used:

- A server/client branch `if (typeof window !== 'undefined')`.
- Variable input such as `Date.now()` or `Math.random()` which changes each time it's called.
- Date formatting in a user's locale which doesn't match the server.
- External changing data without sending a snapshot of it along with the HTML.
- Invalid HTML tag nesting.

It can also happen if the client has a browser extension installed which messes with the HTML before React loaded.

https://react.dev/link/hydration-mismatch

  ...
    <ScrollAndMaybeFocusHandler cacheNode={{rsc:{...}, ...}}>
      <InnerScrollHandlerNew focusAndScrollRef={{scrollRef:null, ...}} cacheNode={{rsc:{...}, ...}}>
        <ErrorBoundary errorComponent={undefined} errorStyles={undefined} errorScripts={undefined}>
          <LoadingBoundary name="portfolio/" loading={null}>
            <HTTPAccessFallbackBoundary notFound={undefined} forbidden={undefined} unauthorized={undefined}>
              <RedirectBoundary>
                <RedirectErrorBoundary router={{...}}>
                  <InnerLayoutRouter url="/portfolio..." tree={[...]} params={{}} cacheNode={{rsc:{...}, ...}} ...>
                    <SegmentViewNode type="page" pagePath="(app)/port...">
                      <SegmentTrieNode>
                      <PortfolioPage>
                        <div>
                        <details className="mb-5 round..." data-portfolio-saved-views={true}>
                          <summary>
                          <p>
                          <form action={function storePortfolioView} className="mt-4 flex ...">
                            <input
                              type="hidden"
                              name="criteria"
                              value={"{\"q\":\"PORTFOLIO_\",\"currency\":\"\",\"attention\":\"all\",\"assignee\":\"\"}"}
-                             style={{caret-color:"transparent"}}
                            >
                            <label className="grid gap-1...">
                              <input
                                name="name"
                                required={true}
                                maxLength={80}
                                className="h-10 rounded-lg border px-3 text-sm"
-                               style={{caret-color:"transparent"}}
                              >
                            ...
                          ...
                        <p>
                        <form action="/portfolio" className="mb-6 flex ...">
                          <label className="grid gap-1...">
                            <input
                              type="search"
                              name="q"
                              defaultValue="PORTFOLIO_"
                              maxLength={120}
                              className="h-10 rounded-lg border px-3 text-sm"
-                             style={{caret-color:"transparent"}}
                            >
                          <label>
                          <label className="grid gap-1...">
                            <input
                              name="currency"
                              defaultValue=""
                              maxLength={3}
                              pattern="[A-Z]{3}"
                              placeholder="EUR"
                              className="h-10 w-28 rounded-lg border px-3 text-sm"
-                             style={{caret-color:"transparent"}}
                            >
                          ...
                        ...
                    ...
                  ...
        ...
 
 GET /portfolio?q=PORTFOLIO_ 200 in 304ms (next.js: 1.6ms, proxy.ts: 1.9ms, application-code: 300ms)
 GET /api/auth/get-session 200 in 17ms (next.js: 5ms, proxy.ts: 3ms, application-code: 9ms)
 GET /api/auth/organization/list 200 in 19ms (next.js: 8ms, proxy.ts: 3ms, application-code: 8ms)
⨯ Error [PermissionDeniedError]: Permission required: portfolio:read
    at requirePermission (src/lib/permissions.ts:79:19)
    at requireWorkspacePermission (src/lib/workspace.ts:164:73)
    at async PortfolioPage (src/app/(app)/portfolio/page.tsx:16:40)
  77 | export function requirePermission(role: WorkspaceRole, permission: Permission) {
  78 |   if (!rolePermissions[role].has(permission)) {
> 79 |     const error = new Error(`Permission required: ${permission}`)
     |                   ^
  80 |     error.name = 'PermissionDeniedError'
  81 |     throw error
  82 |   } {
  digest: '1390744199'
}
 GET /portfolio?q=PORTFOLIO_ 307 in 68ms (next.js: 1.7ms, proxy.ts: 2ms, application-code: 65ms)
 GET /support?error=Acc%C3%A8s%20non%20autoris%C3%A9 200 in 93ms (next.js: 4ms, proxy.ts: 2ms, application-code: 87ms)
 GET /portfolio?q=PORTFOLIO_ 307 in 47ms (next.js: 2ms, proxy.ts: 2ms, application-code: 42ms)
 GET /sign-in 200 in 35ms (next.js: 4ms, proxy.ts: 2ms, application-code: 28ms)
  ✓  4 [chromium] › e2e/portfolio-local.spec.ts:13:53 › agency portfolio › reviews 50 accounts, personal views and team workload in en (6.3s)


  1) [chromium] › e2e/navigation-state-local.spec.ts:14:53 › live navigation state › follows client navigation, keyboard and invalid accounts in en 

    Error: expect(received).toBe(expected) // Object.is equality

    Expected: "retained"
    Received: undefined

      35 |         await expect(page).toHaveURL(/\/tasks$/)
      36 |         await expect(navigation.locator('a[aria-current="page"]')).toHaveAttribute('href', '/tasks')
    > 37 |         expect(await page.evaluate(() => (window as unknown as { __navigationSentinel?: string }).__navigationSentinel)).toBe('retained')
         |                                                                                                                          ^
      38 |         await page.goBack()
      39 |         await expect(page).toHaveURL(new RegExp(`/insights/devices\\?client=${clientId}`))
      40 |         await expect(navigation.locator('a[aria-current="page"]')).toHaveAttribute('href', '/insights')
        at /Users/yoannandrieux/Projets/yodev-ads/web/e2e/navigation-state-local.spec.ts:37:122

    Error Context: test-results/navigation-state-local-liv-3f29f--and-invalid-accounts-in-en-chromium/error-context.md

    Error Context: test-results/navigation-state-local-liv-3f29f--and-invalid-accounts-in-en-chromium/error-context.md

  1 failed
    [chromium] › e2e/navigation-state-local.spec.ts:14:53 › live navigation state › follows client navigation, keyboard and invalid accounts in en 
  3 passed (19.1s)
[?25h
{"ok":true,"cleaned":"local-browser-fixtures"}
