
> @yodev/ads@0.1.0 test:e2e:local
> node scripts/verify-local-browser.mjs --grep agency portfolio|live navigation state

{"ok":true,"fixtureRoles":["owner","admin","strategist","analyst","client"],"foreignExportId":"80000000-0000-4000-8000-000000000003"}

> @yodev/ads@0.1.0 dev
> next dev --hostname 127.0.0.1 --port 3017

▲ Next.js 16.3.0 (Turbopack)
- Local:         http://127.0.0.1:3017
- Network:       http://127.0.0.1:3017
- Environments: .env.local
✓ Ready in 249ms
✓ Running next.config.ts took 361ms
- Experiments (use with caution):
  · clientTraceMetadata

 GET /sign-in 200 in 793ms (next.js: 401ms, proxy.ts: 112ms, application-code: 279ms)
 POST /api/auth/sign-in/email 200 in 906ms (next.js: 738ms, proxy.ts: 10ms, application-code: 158ms)
 POST /api/auth/sign-in/email 200 in 83ms (next.js: 4ms, proxy.ts: 2ms, application-code: 76ms)
 POST /api/auth/sign-in/email 200 in 84ms (next.js: 8ms, proxy.ts: 2ms, application-code: 74ms)
 POST /api/auth/sign-in/email 200 in 75ms (next.js: 1.9ms, proxy.ts: 2ms, application-code: 71ms)
 POST /api/auth/sign-in/email 200 in 77ms (next.js: 1.7ms, proxy.ts: 2ms, application-code: 73ms)
 GET /dashboard 200 in 515ms (next.js: 181ms, proxy.ts: 2ms, application-code: 332ms)
 GET /settings 200 in 219ms (next.js: 28ms, proxy.ts: 4ms, application-code: 187ms)
 GET /billing 200 in 166ms (next.js: 25ms, proxy.ts: 2ms, application-code: 139ms)
 GET /support 200 in 174ms (next.js: 31ms, proxy.ts: 4ms, application-code: 139ms)
 GET /accounts 200 in 115ms (next.js: 12ms, proxy.ts: 1.7ms, application-code: 102ms)
 GET /history 200 in 126ms (next.js: 13ms, proxy.ts: 1.7ms, application-code: 112ms)
 GET /alerts 200 in 159ms (next.js: 44ms, proxy.ts: 1.7ms, application-code: 114ms)
 GET /tasks 200 in 235ms (next.js: 46ms, proxy.ts: 1.9ms, application-code: 186ms)
 GET /approvals 200 in 183ms (next.js: 47ms, proxy.ts: 1.8ms, application-code: 134ms)
 GET /reports 200 in 391ms (next.js: 68ms, proxy.ts: 3ms, application-code: 320ms)
 GET /sign-in 200 in 52ms (next.js: 5ms, proxy.ts: 4ms, application-code: 43ms)
 GET /audit 200 in 239ms (next.js: 75ms, proxy.ts: 5ms, application-code: 158ms)
 GET /agents 200 in 256ms (next.js: 55ms, proxy.ts: 5ms, application-code: 196ms)
 GET / 200 in 204ms (next.js: 20ms, proxy.ts: 2.0ms, application-code: 182ms)
 GET /icon?a62dacc6b033a714 200 in 178ms (next.js: 27ms, proxy.ts: 66ms, application-code: 85ms)
 GET /privacy 200 in 52ms (next.js: 10ms, proxy.ts: 2ms, application-code: 40ms)
 GET /terms 200 in 49ms (next.js: 10ms, proxy.ts: 2ms, application-code: 37ms)
 GET /subprocessors 200 in 89ms (next.js: 28ms, proxy.ts: 3ms, application-code: 59ms)
 GET /status 200 in 90ms (next.js: 23ms, proxy.ts: 1.8ms, application-code: 65ms)
 GET /sign-in 200 in 31ms (next.js: 4ms, proxy.ts: 1.8ms, application-code: 26ms)
 GET /sign-up 200 in 288ms (next.js: 257ms, proxy.ts: 2.0ms, application-code: 29ms)
Local browser states ready in /var/folders/9h/sbxl7zl90j9_wc743xft5j8h0000gn/T/yodev-ads-browser-JFKGVD

Running 4 tests using 1 worker

(node:81267) Warning: The 'NO_COLOR' env is ignored due to the 'FORCE_COLOR' env being set.
(Use `node --trace-warnings ...` to show where the warning was created)
 GET /insights/devices?client=80000000-0000-4000-8000-000000000094 200 in 569ms (next.js: 395ms, proxy.ts: 2ms, application-code: 171ms)
 GET /api/auth/get-session 200 in 24ms (next.js: 5ms, proxy.ts: 4ms, application-code: 14ms)
 GET /api/auth/organization/list 200 in 27ms (next.js: 10ms, proxy.ts: 3ms, application-code: 14ms)
 GET /tasks 200 in 49ms (next.js: 2ms, proxy.ts: 3ms, application-code: 45ms)
 GET /discussions/tasks/6ca0ee95-62e2-43ae-94c4-0a0d48f59be0 200 in 569ms (next.js: 440ms, proxy.ts: 2.0ms, application-code: 127ms)
 GET /api/auth/get-session 200 in 24ms (next.js: 7ms, proxy.ts: 4ms, application-code: 14ms)
 GET /api/auth/organization/list 200 in 26ms (next.js: 13ms, proxy.ts: 4ms, application-code: 10ms)
 GET /dashboard 200 in 65ms (next.js: 2ms, proxy.ts: 3ms, application-code: 59ms)
 GET /tasks 200 in 51ms (next.js: 2ms, proxy.ts: 3ms, application-code: 46ms)
 GET /dashboard 200 in 64ms (next.js: 2ms, proxy.ts: 2ms, application-code: 59ms)
 GET /tasks 200 in 47ms (next.js: 2ms, proxy.ts: 3ms, application-code: 42ms)
 GET /dashboard?client=invalid 404 in 109ms (next.js: 2ms, proxy.ts: 2ms, application-code: 105ms)
 GET /dashboard?client= 404 in 106ms (next.js: 1.7ms, proxy.ts: 1.9ms, application-code: 102ms)
 GET /dashboard?client=80000000-0000-4000-8000-000000000095 404 in 115ms (next.js: 1.6ms, proxy.ts: 1.9ms, application-code: 111ms)
 GET /dashboard?client=80000000-0000-4000-8000-000000000094&client=80000000-0000-4000-8000-000000000095 404 in 100ms (next.js: 1.5ms, proxy.ts: 1.8ms, application-code: 97ms)
 GET /analysis?client=invalid 404 in 119ms (next.js: 17ms, proxy.ts: 1.8ms, application-code: 101ms)
 GET /analysis?client= 404 in 100ms (next.js: 1.5ms, proxy.ts: 1.7ms, application-code: 96ms)
 GET /analysis?client=80000000-0000-4000-8000-000000000095 404 in 99ms (next.js: 1.6ms, proxy.ts: 2.0ms, application-code: 96ms)
 GET /analysis?client=80000000-0000-4000-8000-000000000094&client=80000000-0000-4000-8000-000000000095 404 in 107ms (next.js: 1.7ms, proxy.ts: 1.8ms, application-code: 104ms)
 GET /insights?client=invalid 404 in 139ms (next.js: 35ms, proxy.ts: 1.9ms, application-code: 102ms)
 GET /insights?client= 404 in 100ms (next.js: 1.5ms, proxy.ts: 1.9ms, application-code: 97ms)
 GET /insights?client=80000000-0000-4000-8000-000000000095 404 in 105ms (next.js: 1.5ms, proxy.ts: 1.7ms, application-code: 101ms)
 GET /insights?client=80000000-0000-4000-8000-000000000094&client=80000000-0000-4000-8000-000000000095 404 in 96ms (next.js: 1.5ms, proxy.ts: 2.0ms, application-code: 93ms)
 GET /history?client=invalid 404 in 99ms (next.js: 1.5ms, proxy.ts: 2.0ms, application-code: 96ms)
 GET /history?client= 404 in 96ms (next.js: 1.6ms, proxy.ts: 1.9ms, application-code: 93ms)
 GET /history?client=80000000-0000-4000-8000-000000000095 404 in 101ms (next.js: 1.7ms, proxy.ts: 1.7ms, application-code: 97ms)
 GET /history?client=80000000-0000-4000-8000-000000000094&client=80000000-0000-4000-8000-000000000095 404 in 98ms (next.js: 1.5ms, proxy.ts: 1.7ms, application-code: 95ms)
 GET /dashboard?client=80000000-0000-4000-8000-000000000094 404 in 104ms (next.js: 1.5ms, proxy.ts: 1.7ms, application-code: 101ms)
  ✓  1 [chromium] › e2e/navigation-state-local.spec.ts:14:53 › live navigation state › follows client navigation, keyboard and invalid accounts in fr (4.5s)
 GET /insights/devices?client=80000000-0000-4000-8000-000000000094 200 in 126ms (next.js: 4ms, proxy.ts: 2ms, application-code: 120ms)
 GET /api/auth/get-session 200 in 26ms (next.js: 7ms, proxy.ts: 4ms, application-code: 14ms)
 GET /api/auth/organization/list 200 in 28ms (next.js: 11ms, proxy.ts: 4ms, application-code: 13ms)
 GET /tasks 200 in 59ms (next.js: 6ms, proxy.ts: 5ms, application-code: 48ms)
 GET /discussions/tasks/40650476-c470-456d-9332-5371ab8a0e4c 200 in 114ms (next.js: 4ms, proxy.ts: 1.9ms, application-code: 109ms)
 GET /api/auth/get-session 200 in 24ms (next.js: 7ms, proxy.ts: 3ms, application-code: 14ms)
 GET /api/auth/organization/list 200 in 26ms (next.js: 11ms, proxy.ts: 4ms, application-code: 11ms)
 GET /dashboard 200 in 94ms (next.js: 6ms, proxy.ts: 5ms, application-code: 83ms)
 GET /tasks 200 in 51ms (next.js: 2.0ms, proxy.ts: 8ms, application-code: 41ms)
 GET /dashboard 200 in 55ms (next.js: 2.0ms, proxy.ts: 2ms, application-code: 51ms)
 GET /tasks 200 in 152ms (next.js: 2.0ms, proxy.ts: 3ms, application-code: 148ms)
 GET /dashboard?client=invalid 404 in 124ms (next.js: 3ms, proxy.ts: 5ms, application-code: 116ms)
 GET /dashboard?client= 404 in 103ms (next.js: 1.8ms, proxy.ts: 1.8ms, application-code: 99ms)
 GET /dashboard?client=80000000-0000-4000-8000-000000000095 404 in 101ms (next.js: 1.6ms, proxy.ts: 2.0ms, application-code: 97ms)
 GET /dashboard?client=80000000-0000-4000-8000-000000000094&client=80000000-0000-4000-8000-000000000095 404 in 107ms (next.js: 1.8ms, proxy.ts: 1.7ms, application-code: 104ms)
 GET /analysis?client=invalid 404 in 98ms (next.js: 1.8ms, proxy.ts: 1.8ms, application-code: 95ms)
 GET /analysis?client= 404 in 103ms (next.js: 1.6ms, proxy.ts: 1.7ms, application-code: 100ms)
 GET /analysis?client=80000000-0000-4000-8000-000000000095 404 in 104ms (next.js: 1.5ms, proxy.ts: 1.8ms, application-code: 100ms)
 GET /analysis?client=80000000-0000-4000-8000-000000000094&client=80000000-0000-4000-8000-000000000095 404 in 101ms (next.js: 1.6ms, proxy.ts: 1.7ms, application-code: 97ms)
 GET /insights?client=invalid 404 in 100ms (next.js: 1.4ms, proxy.ts: 1.7ms, application-code: 97ms)
 GET /insights?client= 404 in 121ms (next.js: 1.5ms, proxy.ts: 1.8ms, application-code: 118ms)
 GET /insights?client=80000000-0000-4000-8000-000000000095 404 in 117ms (next.js: 1.5ms, proxy.ts: 1.7ms, application-code: 114ms)
 GET /insights?client=80000000-0000-4000-8000-000000000094&client=80000000-0000-4000-8000-000000000095 404 in 100ms (next.js: 3ms, proxy.ts: 1.8ms, application-code: 95ms)
 GET /history?client=invalid 404 in 103ms (next.js: 1.4ms, proxy.ts: 1.8ms, application-code: 100ms)
 GET /history?client= 404 in 100ms (next.js: 1.6ms, proxy.ts: 1.7ms, application-code: 96ms)
 GET /history?client=80000000-0000-4000-8000-000000000095 404 in 102ms (next.js: 1.5ms, proxy.ts: 1.9ms, application-code: 99ms)
 GET /history?client=80000000-0000-4000-8000-000000000094&client=80000000-0000-4000-8000-000000000095 404 in 99ms (next.js: 1.6ms, proxy.ts: 2ms, application-code: 95ms)
 GET /dashboard?client=80000000-0000-4000-8000-000000000094 404 in 99ms (next.js: 1.7ms, proxy.ts: 1.7ms, application-code: 96ms)
  ✓  2 [chromium] › e2e/navigation-state-local.spec.ts:14:53 › live navigation state › follows client navigation, keyboard and invalid accounts in en (3.4s)
 GET /portfolio?q=PORTFOLIO_ 200 in 312ms (next.js: 18ms, proxy.ts: 2ms, application-code: 292ms)
 GET /api/auth/get-session 200 in 23ms (next.js: 7ms, proxy.ts: 3ms, application-code: 13ms)
 GET /api/auth/organization/list 200 in 25ms (next.js: 12ms, proxy.ts: 3ms, application-code: 11ms)
 GET /portfolio?q=PORTFOLIO_&cursor=eyJ2IjoxLCJpdiI6IlU5ajBvT3NqaEpPMGIzck4iLCJ0YWciOiJFUFhSQmdzS0swUl9RcmhwMmdkMVd3IiwiZGF0YSI6ImVYYWxBUEVscVNpRTdMMVZlZGpWcmFQT0h5clpiV1JfWS1UaUs4dmRfWlExNHRZSTFaV3NWNEVITVpmTHFxVHN0QnNILVFrOHBDNFV5aGp6aUJscGpFRlNwQzFzaFFfWlF2WlZ3SENROVdlejFsdnRacE9HampZSmJuSzF6SDBFWFFrTkVLYjJfazRyR25VY0ZrdEdOZ0d5VnNITVE4eXJENHI0bm1jdmZtdEg5UVdNTlJXMkg3S0c2aExPNmR6ckFOTk5CVjA0Qk51aFloX3hoUF8zbWRVd0hpOU9yVTNLMFJIVjRmU1NGRkU5LV9jakFGUDQ1TWd4dkExaWxTak5QcGNEcGVVeVZpSF9oWlUtZWRUZUdneFE4Y2FHeDRtV0xTQk9xOFkxRDZkTUM3UlRhZEctX3cifQ 200 in 84ms (next.js: 2ms, proxy.ts: 2ms, application-code: 80ms)
 GET /portfolio?q=PORTFOLIO_&attention=missing_data&currency=&assignee= 200 in 163ms (next.js: 1.7ms, proxy.ts: 2ms, application-code: 159ms)
 GET /api/auth/get-session 200 in 39ms (next.js: 18ms, proxy.ts: 9ms, application-code: 12ms)
 GET /api/auth/organization/list 200 in 40ms (next.js: 7ms, proxy.ts: 13ms, application-code: 20ms)
 GET /portfolio?q=PORTFOLIO_&attention=missing_data&view_notice=saved 200 in 81ms (next.js: 3ms, proxy.ts: 3ms, application-code: 75ms)
 POST /portfolio?q=PORTFOLIO_&attention=missing_data&currency=&assignee= 200 in 116ms (next.js: 3ms, proxy.ts: 3ms, application-code: 111ms)
  └─ ƒ storePortfolioView({}) in 15ms src/app/portfolio-actions.ts
 GET /portfolio?q=PORTFOLIO_&attention=missing_data&view_notice=saved 200 in 77ms (next.js: 1.8ms, proxy.ts: 2ms, application-code: 73ms)
 POST /portfolio?q=PORTFOLIO_&attention=missing_data&view_notice=saved 200 in 96ms (next.js: 2ms, proxy.ts: 3ms, application-code: 91ms)
  └─ ƒ storePortfolioView({}) in 9ms src/app/portfolio-actions.ts
 GET /portfolio?q=PORTFOLIO_ 200 in 291ms (next.js: 1.9ms, proxy.ts: 2ms, application-code: 287ms)
 GET /api/auth/get-session 200 in 17ms (next.js: 5ms, proxy.ts: 3ms, application-code: 10ms)
 GET /api/auth/organization/list 200 in 19ms (next.js: 8ms, proxy.ts: 3ms, application-code: 7ms)
 GET /portfolio?view_notice=conflict 200 in 111ms (next.js: 1.8ms, proxy.ts: 2ms, application-code: 107ms)
 POST /portfolio?q=PORTFOLIO_ 200 in 138ms (next.js: 1.8ms, proxy.ts: 2ms, application-code: 134ms)
  └─ ƒ removePortfolioView({}) in 17ms src/app/portfolio-actions.ts
  ✘  3 [chromium] › e2e/portfolio-local.spec.ts:13:53 › agency portfolio › reviews 50 accounts, personal views and team workload in fr (2.7s)
  -  4 [chromium] › e2e/portfolio-local.spec.ts:13:53 › agency portfolio › reviews 50 accounts, personal views and team workload in en


  1) [chromium] › e2e/portfolio-local.spec.ts:13:53 › agency portfolio › reviews 50 accounts, personal views and team workload in fr 

    Error: expect(locator).toContainText(expected) failed

    Locator: getByRole('alert')
    Expected pattern: /view changed|vue a changé/
    Error: strict mode violation: getByRole('alert') resolved to 2 elements:
        1) <p role="alert" class="mb-4 rounded-lg border bg-white p-3 text-sm">Cette vue a changé ou n’est plus disponible. Véri…</p> aka getByText('Cette vue a changé ou n’est')
        2) <div role="alert" aria-live="assertive" id="__next-route-announcer__"></div> aka locator('[id="__next-route-announcer__"]')

    Call log:
      - Expect "toContainText" with timeout 15000ms
      - waiting for getByRole('alert')
        3 × locator resolved to <div role="alert" aria-live="assertive" id="__next-route-announcer__"></div>
          - unexpected value ""


      65 |         await db.query('update portfolio_views set version=$1 where workspace_id=$2 and name=$3', [randomUUID(), workspaceId, 'PORTFOLIO_RENAMED'])
      66 |         await stale.getByRole('button', { name: /Delete saved view|Supprimer la vue enregistrée/ }).click()
    > 67 |         await expect(stale.getByRole('alert')).toContainText(/view changed|vue a changé/)
         |                                                ^
      68 |         await stale.close()
      69 |         await page.goto('/portfolio?q=PORTFOLIO_')
      70 |         await views.locator(':scope > summary').click()
        at /Users/yoannandrieux/Projets/yodev-ads/web/e2e/portfolio-local.spec.ts:67:48

    Error Context: test-results/portfolio-local-agency-por-e0b4d-ews-and-team-workload-in-fr-chromium/error-context.md

    Error Context: test-results/portfolio-local-agency-por-e0b4d-ews-and-team-workload-in-fr-chromium/error-context.md

  1 failed
    [chromium] › e2e/portfolio-local.spec.ts:13:53 › agency portfolio › reviews 50 accounts, personal views and team workload in fr 
  1 did not run
  2 passed (11.2s)
[?25h
{"ok":true,"cleaned":"local-browser-fixtures"}
