
> @yodev/ads@0.1.0 test:e2e:local
> node scripts/verify-local-browser.mjs --grep agency portfolio|live navigation state

{"ok":true,"fixtureRoles":["owner","admin","strategist","analyst","client"],"foreignExportId":"80000000-0000-4000-8000-000000000003"}

> @yodev/ads@0.1.0 dev
> next dev --hostname 127.0.0.1 --port 3017

▲ Next.js 16.3.0 (Turbopack)
- Local:         http://127.0.0.1:3017
- Network:       http://127.0.0.1:3017
- Environments: .env.local
✓ Ready in 254ms
✓ Running next.config.ts took 437ms
- Experiments (use with caution):
  · clientTraceMetadata

 GET /sign-in 200 in 1645ms (next.js: 1189ms, proxy.ts: 140ms, application-code: 316ms)
 POST /api/auth/sign-in/email 200 in 924ms (next.js: 743ms, proxy.ts: 4ms, application-code: 177ms)
 POST /api/auth/sign-in/email 200 in 116ms (next.js: 4ms, proxy.ts: 3ms, application-code: 110ms)
 POST /api/auth/sign-in/email 200 in 114ms (next.js: 5ms, proxy.ts: 5ms, application-code: 105ms)
 POST /api/auth/sign-in/email 200 in 84ms (next.js: 3ms, proxy.ts: 2ms, application-code: 79ms)
 POST /api/auth/sign-in/email 200 in 95ms (next.js: 16ms, proxy.ts: 2ms, application-code: 76ms)
 GET /sign-in 200 in 163ms (next.js: 36ms, proxy.ts: 19ms, application-code: 108ms)
 GET /dashboard 200 in 890ms (next.js: 324ms, proxy.ts: 7ms, application-code: 559ms)
 GET /settings 200 in 331ms (next.js: 41ms, proxy.ts: 16ms, application-code: 274ms)
 GET /icon?a62dacc6b033a714 200 in 138ms (next.js: 19ms, proxy.ts: 7ms, application-code: 112ms)
 GET /billing 200 in 303ms (next.js: 30ms, proxy.ts: 3ms, application-code: 270ms)
 GET /support 200 in 164ms (next.js: 28ms, proxy.ts: 1.9ms, application-code: 134ms)
 GET /accounts 200 in 109ms (next.js: 11ms, proxy.ts: 1.9ms, application-code: 96ms)
 GET /history 200 in 122ms (next.js: 13ms, proxy.ts: 1.9ms, application-code: 107ms)
 GET /alerts 200 in 148ms (next.js: 27ms, proxy.ts: 1.9ms, application-code: 119ms)
 GET /tasks 200 in 154ms (next.js: 30ms, proxy.ts: 2ms, application-code: 123ms)
 GET /approvals 200 in 139ms (next.js: 30ms, proxy.ts: 2ms, application-code: 108ms)
 GET /reports 200 in 182ms (next.js: 28ms, proxy.ts: 1.8ms, application-code: 152ms)
 GET /audit 200 in 120ms (next.js: 14ms, proxy.ts: 1.9ms, application-code: 104ms)
 GET /agents 200 in 182ms (next.js: 26ms, proxy.ts: 1.9ms, application-code: 154ms)
 GET / 200 in 86ms (next.js: 12ms, proxy.ts: 1.9ms, application-code: 72ms)
 GET /privacy 200 in 45ms (next.js: 9ms, proxy.ts: 1.8ms, application-code: 34ms)
 GET /terms 200 in 55ms (next.js: 13ms, proxy.ts: 1.7ms, application-code: 40ms)
 GET /subprocessors 200 in 100ms (next.js: 40ms, proxy.ts: 1.9ms, application-code: 58ms)
 GET /status 200 in 101ms (next.js: 34ms, proxy.ts: 1.8ms, application-code: 65ms)
 GET /sign-in 200 in 38ms (next.js: 4ms, proxy.ts: 1.8ms, application-code: 33ms)
 GET /sign-up 200 in 306ms (next.js: 276ms, proxy.ts: 1.8ms, application-code: 29ms)
Local browser states ready in /var/folders/9h/sbxl7zl90j9_wc743xft5j8h0000gn/T/yodev-ads-browser-NQrfAk

Running 4 tests using 1 worker

(node:80402) Warning: The 'NO_COLOR' env is ignored due to the 'FORCE_COLOR' env being set.
(Use `node --trace-warnings ...` to show where the warning was created)
 GET /insights/devices?client=80000000-0000-4000-8000-000000000094 200 in 543ms (next.js: 416ms, proxy.ts: 2ms, application-code: 125ms)
 GET /api/auth/get-session 200 in 30ms (next.js: 8ms, proxy.ts: 4ms, application-code: 18ms)
 GET /api/auth/organization/list 200 in 32ms (next.js: 12ms, proxy.ts: 4ms, application-code: 16ms)
 GET /tasks 200 in 55ms (next.js: 4ms, proxy.ts: 6ms, application-code: 44ms)
 GET /discussions/tasks/3f865386-5915-4a3d-9cc9-5585ccea77e8 200 in 1548ms (next.js: 1414ms, proxy.ts: 2ms, application-code: 131ms)
 GET /api/auth/get-session 200 in 28ms (next.js: 10ms, proxy.ts: 4ms, application-code: 14ms)
 GET /api/auth/organization/list 200 in 30ms (next.js: 14ms, proxy.ts: 4ms, application-code: 12ms)
 GET /dashboard 200 in 81ms (next.js: 5ms, proxy.ts: 4ms, application-code: 73ms)
 GET /tasks 200 in 57ms (next.js: 2ms, proxy.ts: 3ms, application-code: 51ms)
 GET /dashboard 200 in 93ms (next.js: 4ms, proxy.ts: 4ms, application-code: 85ms)
 GET /tasks 200 in 46ms (next.js: 2ms, proxy.ts: 3ms, application-code: 41ms)
 GET /dashboard?client=invalid 404 in 138ms (next.js: 5ms, proxy.ts: 8ms, application-code: 125ms)
 GET /dashboard?client= 404 in 114ms (next.js: 1.8ms, proxy.ts: 2ms, application-code: 110ms)
 GET /dashboard?client=80000000-0000-4000-8000-000000000095 404 in 120ms (next.js: 1.5ms, proxy.ts: 1.9ms, application-code: 116ms)
 GET /dashboard?client=80000000-0000-4000-8000-000000000094&client=80000000-0000-4000-8000-000000000095 404 in 105ms (next.js: 1.7ms, proxy.ts: 2ms, application-code: 101ms)
 GET /analysis?client=invalid 404 in 772ms (next.js: 560ms, proxy.ts: 1.8ms, application-code: 210ms)
 GET /analysis?client= 404 in 139ms (next.js: 4ms, proxy.ts: 3ms, application-code: 133ms)
 GET /analysis?client=80000000-0000-4000-8000-000000000095 404 in 203ms (next.js: 7ms, proxy.ts: 4ms, application-code: 192ms)
 GET /analysis?client=80000000-0000-4000-8000-000000000094&client=80000000-0000-4000-8000-000000000095 404 in 98ms (next.js: 1.8ms, proxy.ts: 1.8ms, application-code: 94ms)
 GET /insights?client=invalid 404 in 621ms (next.js: 375ms, proxy.ts: 1.7ms, application-code: 243ms)
 GET /insights?client= 404 in 134ms (next.js: 6ms, proxy.ts: 3ms, application-code: 125ms)
 GET /insights?client=80000000-0000-4000-8000-000000000095 404 in 103ms (next.js: 1.6ms, proxy.ts: 1.9ms, application-code: 100ms)
 GET /insights?client=80000000-0000-4000-8000-000000000094&client=80000000-0000-4000-8000-000000000095 404 in 117ms (next.js: 1.5ms, proxy.ts: 1.9ms, application-code: 114ms)
 GET /history?client=invalid 404 in 101ms (next.js: 3ms, proxy.ts: 2ms, application-code: 96ms)
 GET /history?client= 404 in 108ms (next.js: 1.6ms, proxy.ts: 1.9ms, application-code: 104ms)
 GET /history?client=80000000-0000-4000-8000-000000000095 404 in 105ms (next.js: 1.7ms, proxy.ts: 1.8ms, application-code: 102ms)
 GET /history?client=80000000-0000-4000-8000-000000000094&client=80000000-0000-4000-8000-000000000095 404 in 133ms (next.js: 4ms, proxy.ts: 3ms, application-code: 127ms)
 GET /dashboard?client=80000000-0000-4000-8000-000000000094 404 in 158ms (next.js: 2ms, proxy.ts: 2ms, application-code: 153ms)
  ✓  1 [chromium] › e2e/navigation-state-local.spec.ts:14:53 › live navigation state › follows client navigation, keyboard and invalid accounts in fr (7.5s)
 GET /insights/devices?client=80000000-0000-4000-8000-000000000094 200 in 130ms (next.js: 6ms, proxy.ts: 4ms, application-code: 120ms)
 GET /api/auth/get-session 200 in 53ms (next.js: 10ms, proxy.ts: 7ms, application-code: 36ms)
 GET /api/auth/organization/list 200 in 78ms (next.js: 18ms, proxy.ts: 7ms, application-code: 53ms)
 GET /tasks 200 in 91ms (next.js: 20ms, proxy.ts: 3ms, application-code: 68ms)
 GET /discussions/tasks/7504ee2a-73fe-4ff0-aad9-b33cf2d0561a 200 in 119ms (next.js: 4ms, proxy.ts: 2.0ms, application-code: 113ms)
 GET /api/auth/get-session 200 in 47ms (next.js: 21ms, proxy.ts: 5ms, application-code: 21ms)
 GET /api/auth/organization/list 200 in 50ms (next.js: 31ms, proxy.ts: 5ms, application-code: 14ms)
 GET /dashboard 200 in 138ms (next.js: 5ms, proxy.ts: 4ms, application-code: 130ms)
 GET /tasks 200 in 44ms (next.js: 2ms, proxy.ts: 3ms, application-code: 39ms)
 GET /dashboard 200 in 61ms (next.js: 2ms, proxy.ts: 2ms, application-code: 57ms)
 GET /tasks 200 in 155ms (next.js: 2ms, proxy.ts: 3ms, application-code: 150ms)
 GET /dashboard?client=invalid 404 in 128ms (next.js: 10ms, proxy.ts: 4ms, application-code: 113ms)
 GET /dashboard?client= 404 in 108ms (next.js: 1.7ms, proxy.ts: 1.9ms, application-code: 104ms)
 GET /dashboard?client=80000000-0000-4000-8000-000000000095 404 in 108ms (next.js: 1.6ms, proxy.ts: 2ms, application-code: 104ms)
 GET /dashboard?client=80000000-0000-4000-8000-000000000094&client=80000000-0000-4000-8000-000000000095 404 in 98ms (next.js: 1.7ms, proxy.ts: 1.7ms, application-code: 95ms)
 GET /analysis?client=invalid 404 in 113ms (next.js: 2ms, proxy.ts: 1.7ms, application-code: 109ms)
 GET /analysis?client= 404 in 98ms (next.js: 1.6ms, proxy.ts: 1.7ms, application-code: 95ms)
 GET /analysis?client=80000000-0000-4000-8000-000000000095 404 in 110ms (next.js: 1.5ms, proxy.ts: 1.8ms, application-code: 106ms)
 GET /analysis?client=80000000-0000-4000-8000-000000000094&client=80000000-0000-4000-8000-000000000095 404 in 98ms (next.js: 1.6ms, proxy.ts: 1.8ms, application-code: 94ms)
 GET /insights?client=invalid 404 in 108ms (next.js: 1.7ms, proxy.ts: 1.8ms, application-code: 105ms)
 GET /insights?client= 404 in 110ms (next.js: 1.6ms, proxy.ts: 1.9ms, application-code: 107ms)
 GET /insights?client=80000000-0000-4000-8000-000000000095 404 in 105ms (next.js: 1.8ms, proxy.ts: 1.8ms, application-code: 102ms)
 GET /insights?client=80000000-0000-4000-8000-000000000094&client=80000000-0000-4000-8000-000000000095 404 in 107ms (next.js: 1.5ms, proxy.ts: 1.7ms, application-code: 104ms)
 GET /history?client=invalid 404 in 100ms (next.js: 1.6ms, proxy.ts: 2ms, application-code: 96ms)
 GET /history?client= 404 in 106ms (next.js: 1.5ms, proxy.ts: 1.6ms, application-code: 103ms)
 GET /history?client=80000000-0000-4000-8000-000000000095 404 in 99ms (next.js: 1.6ms, proxy.ts: 1.8ms, application-code: 96ms)
 GET /history?client=80000000-0000-4000-8000-000000000094&client=80000000-0000-4000-8000-000000000095 404 in 102ms (next.js: 1.6ms, proxy.ts: 2.0ms, application-code: 99ms)
 GET /dashboard?client=80000000-0000-4000-8000-000000000094 404 in 106ms (next.js: 2ms, proxy.ts: 2ms, application-code: 102ms)
  ✓  2 [chromium] › e2e/navigation-state-local.spec.ts:14:53 › live navigation state › follows client navigation, keyboard and invalid accounts in en (3.6s)
 GET /portfolio?q=PORTFOLIO_ 200 in 836ms (next.js: 364ms, proxy.ts: 1.9ms, application-code: 471ms)
 GET /api/auth/get-session 200 in 74ms (next.js: 12ms, proxy.ts: 4ms, application-code: 57ms)
 GET /api/auth/organization/list 200 in 80ms (next.js: 41ms, proxy.ts: 4ms, application-code: 36ms)
 GET /portfolio?q=PORTFOLIO_&cursor=eyJ2IjoxLCJpdiI6Ii1sMHRqdUZ6b3dnTm8zQ3ciLCJ0YWciOiJoSFJmNVh5a01YQWJRQWczdzBYUTdBIiwiZGF0YSI6IjR5Mi1lVUtfTU1OdGVWU2pQOHpzQUhFaHlxWFUtWjI4Qi01aDNoUVdWTWdCdm8zcFlLQ2lnRGRtbThHdFU1cDhsWTc5b1lwb0hjUXY3cjl3V0FkcnQ5OTN1XzR5cGZmRUF4d09pRm00YWkyT3B4ZzlvOE5lYmFuX2dHaGptY2I1b2JsbWU1cjlVRTBaYzV5NUtWTHkydENXMXVlRlJJcFdiLWp0SWN2WWRCNC1QQ1lxMzFydEs2Z095aUV0YjY5RjFKZEY0X1lnS3E3aTZQV3B2NGpmY0lYbE14ZTFCVmx2Tm1aVldLRk9MdW9kZFdNX2ZiQVhNUzMxd1ZlTDdpWWlGVXlVdlJKajhvNThuU2o4eWdfajNkWFhzN3l6czZJS283aGFRcGFLLVJFaThyOS00SVIycGcifQ 200 in 193ms (next.js: 11ms, proxy.ts: 3ms, application-code: 178ms)
 GET /portfolio?q=PORTFOLIO_&attention=missing_data&currency=&assignee= 200 in 234ms (next.js: 2ms, proxy.ts: 12ms, application-code: 220ms)
 GET /api/auth/get-session 200 in 19ms (next.js: 6ms, proxy.ts: 3ms, application-code: 10ms)
 GET /api/auth/organization/list 200 in 22ms (next.js: 9ms, proxy.ts: 3ms, application-code: 9ms)
 GET /portfolio?q=PORTFOLIO_&attention=missing_data&view_notice=saved 200 in 102ms (next.js: 2.0ms, proxy.ts: 3ms, application-code: 97ms)
 POST /portfolio?q=PORTFOLIO_&attention=missing_data&currency=&assignee= 200 in 132ms (next.js: 1.9ms, proxy.ts: 3ms, application-code: 127ms)
  └─ ƒ storePortfolioView({}) in 12ms src/app/portfolio-actions.ts
 GET /portfolio?q=PORTFOLIO_&attention=missing_data&view_notice=saved 200 in 78ms (next.js: 1.5ms, proxy.ts: 1.7ms, application-code: 75ms)
 POST /portfolio?q=PORTFOLIO_&attention=missing_data&view_notice=saved 200 in 95ms (next.js: 2ms, proxy.ts: 2ms, application-code: 91ms)
  └─ ƒ storePortfolioView({}) in 7ms src/app/portfolio-actions.ts
  ✘  3 [chromium] › e2e/portfolio-local.spec.ts:13:53 › agency portfolio › reviews 50 accounts, personal views and team workload in fr (17.4s)
  -  4 [chromium] › e2e/portfolio-local.spec.ts:13:53 › agency portfolio › reviews 50 accounts, personal views and team workload in en


  1) [chromium] › e2e/portfolio-local.spec.ts:13:53 › agency portfolio › reviews 50 accounts, personal views and team workload in fr 

    Error: expect(locator).toBeVisible() failed

    Locator: locator('[data-portfolio-saved-views]').getByRole('link', { name: 'PORTFOLIO_RENAMED' })
    Expected: visible
    Timeout: 15000ms
    Error: element(s) not found

    Call log:
      - Expect "toBeVisible" with timeout 15000ms
      - waiting for locator('[data-portfolio-saved-views]').getByRole('link', { name: 'PORTFOLIO_RENAMED' })


      57 |         await expect(page.getByRole('status')).toContainText(/View saved|Vue enregistrée/)
      58 |         await views.locator(':scope > summary').click()
    > 59 |         await expect(views.getByRole('link', { name: 'PORTFOLIO_RENAMED' })).toBeVisible()
         |                                                                              ^
      60 |         const stale = await context.newPage()
      61 |         await stale.goto('/portfolio?q=PORTFOLIO_')
      62 |         await stale.locator('[data-portfolio-saved-views] > summary').click()
        at /Users/yoannandrieux/Projets/yodev-ads/web/e2e/portfolio-local.spec.ts:59:78

    Error Context: test-results/portfolio-local-agency-por-e0b4d-ews-and-team-workload-in-fr-chromium/error-context.md

    Error Context: test-results/portfolio-local-agency-por-e0b4d-ews-and-team-workload-in-fr-chromium/error-context.md

  1 failed
    [chromium] › e2e/portfolio-local.spec.ts:13:53 › agency portfolio › reviews 50 accounts, personal views and team workload in fr 
  1 did not run
  2 passed (29.2s)
[?25h
{"ok":true,"cleaned":"local-browser-fixtures"}
