
> @yodev/ads@0.1.0 test:e2e:local
> node scripts/verify-local-browser.mjs --grep public status page|truthful public status

{"ok":true,"fixtureRoles":["owner","admin","strategist","analyst","client"],"foreignExportId":"80000000-0000-4000-8000-000000000003"}

> @yodev/ads@0.1.0 dev
> next dev --hostname 127.0.0.1 --port 3017

▲ Next.js 16.3.0 (Turbopack)
- Local:         http://127.0.0.1:3017
- Network:       http://127.0.0.1:3017
- Environments: .env.local
✓ Ready in 271ms
✓ Running next.config.ts took 426ms
- Experiments (use with caution):
  · clientTraceMetadata

 GET /sign-in 200 in 1753ms (next.js: 1305ms, proxy.ts: 162ms, application-code: 286ms)
 POST /api/auth/sign-in/email 200 in 920ms (next.js: 744ms, proxy.ts: 3ms, application-code: 172ms)
 POST /api/auth/sign-in/email 200 in 89ms (next.js: 4ms, proxy.ts: 3ms, application-code: 82ms)
 POST /api/auth/sign-in/email 200 in 84ms (next.js: 2ms, proxy.ts: 2ms, application-code: 80ms)
 POST /api/auth/sign-in/email 200 in 81ms (next.js: 2ms, proxy.ts: 3ms, application-code: 76ms)
 POST /api/auth/sign-in/email 200 in 81ms (next.js: 1.9ms, proxy.ts: 2ms, application-code: 76ms)
 GET /dashboard 200 in 539ms (next.js: 210ms, proxy.ts: 3ms, application-code: 326ms)
 GET /settings 200 in 245ms (next.js: 30ms, proxy.ts: 5ms, application-code: 210ms)
 GET /billing 200 in 180ms (next.js: 27ms, proxy.ts: 3ms, application-code: 150ms)
 GET /support 200 in 172ms (next.js: 29ms, proxy.ts: 2.0ms, application-code: 141ms)
 GET /accounts 200 in 128ms (next.js: 12ms, proxy.ts: 1.9ms, application-code: 114ms)
 GET /history 200 in 126ms (next.js: 13ms, proxy.ts: 1.8ms, application-code: 111ms)
 GET /alerts 200 in 179ms (next.js: 43ms, proxy.ts: 1.8ms, application-code: 134ms)
 GET /tasks 200 in 189ms (next.js: 46ms, proxy.ts: 1.8ms, application-code: 142ms)
 GET /approvals 200 in 174ms (next.js: 47ms, proxy.ts: 1.8ms, application-code: 125ms)
 GET /reports 200 in 327ms (next.js: 44ms, proxy.ts: 1.9ms, application-code: 280ms)
 GET /audit 200 in 177ms (next.js: 21ms, proxy.ts: 2ms, application-code: 153ms)
 GET /agents 200 in 431ms (next.js: 122ms, proxy.ts: 9ms, application-code: 299ms)
 GET /sign-in 200 in 186ms (next.js: 79ms, proxy.ts: 72ms, application-code: 35ms)
 GET / 200 in 133ms (next.js: 28ms, proxy.ts: 3ms, application-code: 102ms)
 GET /privacy 200 in 93ms (next.js: 19ms, proxy.ts: 13ms, application-code: 61ms)
 GET /terms 200 in 79ms (next.js: 20ms, proxy.ts: 5ms, application-code: 55ms)
 GET /subprocessors 200 in 130ms (next.js: 41ms, proxy.ts: 3ms, application-code: 85ms)
 GET /status 200 in 223ms (next.js: 42ms, proxy.ts: 4ms, application-code: 177ms)
 GET /icon?a62dacc6b033a714 200 in 178ms (next.js: 31ms, proxy.ts: 18ms, application-code: 129ms)
 GET /sign-in 200 in 34ms (next.js: 4ms, proxy.ts: 1.9ms, application-code: 28ms)
 GET /sign-up 200 in 301ms (next.js: 269ms, proxy.ts: 2ms, application-code: 30ms)
Local browser states ready in /var/folders/9h/sbxl7zl90j9_wc743xft5j8h0000gn/T/yodev-ads-browser-pPtMOs

Running 3 tests using 1 worker

(node:37865) Warning: The 'NO_COLOR' env is ignored due to the 'FORCE_COLOR' env being set.
(Use `node --trace-warnings ...` to show where the warning was created)
 GET /status 200 in 59ms (next.js: 1.9ms, proxy.ts: 2ms, application-code: 55ms)
 GET /status 200 in 182ms (next.js: 8ms, proxy.ts: 3ms, application-code: 171ms)
 GET /status?status=active 200 in 28ms (next.js: 2.0ms, proxy.ts: 3ms, application-code: 24ms)
 GET /status/15b37069-8dbc-405c-8b34-24ea6f442bd0 200 in 700ms (next.js: 661ms, proxy.ts: 2ms, application-code: 37ms)
 GET /status/15b37069-8dbc-405c-8b34-24ea6f442bd0?cursor=eyJ2IjoxLCJpdiI6IjBDN2swaWdabUhjMkNBeU4iLCJ0YWciOiJhdzczaDRXeFU1TTVjc1ZCQ3dxdW5RIiwiZGF0YSI6InRGUmV0WElLOTBUeUFkNXl5cEIwZ2YxREhOVW14ZEw4R2JISmdUQVJkOVlKcWZIS1BpeWFqeXFiWFJsc3NoeVhld3EtUWNMQkNudWRCQW5IdzJDQmV4VWVrR0k2VUJsWXdmY1JRWHRYZmF5TE5tdGY3ZlF5cmVlVmctcGVKZXJESnpsU24ydDVkZ0xnSjZBV3FveTAtQVpyZUY1cFJjZnBQQ3VKY1Z3dkJHemJkTzZFUWtsV3BkMU5ramNKekZhVTZMLXlqdjRoNmVLNHV5cWpJV2U4NlBoUTZ6ZHk3N215TGQwWk9ZM3lSQXhkTWE3S05iSU9QZmlNQ2dGNjlRSUFYUWlvSC1rZVZLNk9WS0daOVZCajNFckNsS1NSbkZlZ3h2eXBPeS1PUjc5ZVNSNFd0ZWxJckEifQ 200 in 38ms (next.js: 6ms, proxy.ts: 3ms, application-code: 29ms)
 GET /status?cursor=forged 200 in 56ms (next.js: 1.8ms, proxy.ts: 2ms, application-code: 52ms)
 GET /status/d22d50f4-dee1-4d56-be03-861615e0c35b 404 in 52ms (next.js: 3ms, proxy.ts: 3ms, application-code: 47ms)
 GET /status/invalid 404 in 55ms (next.js: 6ms, proxy.ts: 3ms, application-code: 47ms)
  ✓  1 [chromium] › e2e/public-status-local.spec.ts:13:53 › truthful public status › shows unknown health and complete incident history in fr (2.4s)
 GET /status 200 in 71ms (next.js: 1.8ms, proxy.ts: 7ms, application-code: 62ms)
 GET /status 200 in 174ms (next.js: 1.7ms, proxy.ts: 2.0ms, application-code: 171ms)
 GET /status?status=active 200 in 42ms (next.js: 2.0ms, proxy.ts: 3ms, application-code: 38ms)
 GET /status/645e0c49-65c3-4d59-a6e3-c561bd8e8e17 200 in 34ms (next.js: 4ms, proxy.ts: 3ms, application-code: 27ms)
 GET /status/645e0c49-65c3-4d59-a6e3-c561bd8e8e17?cursor=eyJ2IjoxLCJpdiI6IjFGcTVHOFV6TUM0OE96ckwiLCJ0YWciOiJIb2ZROG9QYTBPYllidmY5ajhFclFBIiwiZGF0YSI6InoxZXpZeW5RYlpUdjNvTDhCM2VUclA3ZXh1blFwclZmN0dNWWFyRHhyNGVVdTk1dFJCNjR6Sk5WRnBvaXNNMGJiV3dURXBKb1BNLXUxTk9tbENCMFduVDJSaEl6bi1tamJ1MGRvYmNKNmkyRUtmUVVHQUhWaDUxUjROcXhLUWMtU2F0cFl6QzV3YU50VVV4VnZwYkpmcUxOY1N0aHRoQm0wb211bmZtbkVKaWREeUxaTmV2MnpXZWZEM1M4RVRFVWpQU3dIWi1VNTRwa2V6SXlkVlREX3J0bjJWYlRmSVN0bzh1VmM4N1lWc2tfY3IzZER4a19EalJzak83TFdOU3FaOWtkVkdyYU8zVHVkeFhGbVVPMU1QSXVJaUstbDhDcm5FVldvLVhFQkk4ZjlWMXlSUzF1MEEifQ 200 in 33ms (next.js: 4ms, proxy.ts: 3ms, application-code: 27ms)
 GET /status?cursor=forged 200 in 57ms (next.js: 1.7ms, proxy.ts: 2ms, application-code: 53ms)
 GET /status/1483b9fd-e5e0-4a61-a12b-cb474b447751 404 in 44ms (next.js: 5ms, proxy.ts: 2ms, application-code: 36ms)
 GET /status/invalid 404 in 53ms (next.js: 3ms, proxy.ts: 3ms, application-code: 48ms)
  ✓  2 [chromium] › e2e/public-status-local.spec.ts:13:53 › truthful public status › shows unknown health and complete incident history in en (1.7s)
 GET /status 200 in 57ms (next.js: 1.8ms, proxy.ts: 2ms, application-code: 53ms)
  ✓  3 [chromium] › e2e/public.spec.ts:46:5 › public status page never claims operational health when status storage is unavailable (320ms)

  3 passed (4.9s)
[?25h
{"ok":true,"cleaned":"local-browser-fixtures"}
