
> @yodev/ads@0.1.0 test:e2e:local
> node scripts/verify-local-browser.mjs

{"ok":true,"fixtureRoles":["owner","admin","strategist","analyst","client"],"foreignExportId":"80000000-0000-4000-8000-000000000003"}

> @yodev/ads@0.1.0 dev
> next dev --hostname 127.0.0.1 --port 3017

▲ Next.js 16.3.0 (Turbopack)
- Local:         http://127.0.0.1:3017
- Network:       http://127.0.0.1:3017
- Environments: .env.local
✓ Ready in 256ms
✓ Running next.config.ts took 352ms
- Experiments (use with caution):
  · clientTraceMetadata

 GET /sign-in 200 in 1588ms (next.js: 1118ms, proxy.ts: 170ms, application-code: 299ms)
 POST /api/auth/sign-in/email 200 in 897ms (next.js: 728ms, proxy.ts: 4ms, application-code: 165ms)
 POST /api/auth/sign-in/email 200 in 94ms (next.js: 4ms, proxy.ts: 3ms, application-code: 88ms)
 POST /api/auth/sign-in/email 200 in 89ms (next.js: 4ms, proxy.ts: 3ms, application-code: 82ms)
 POST /api/auth/sign-in/email 200 in 81ms (next.js: 3ms, proxy.ts: 2ms, application-code: 76ms)
 POST /api/auth/sign-in/email 200 in 86ms (next.js: 10ms, proxy.ts: 2ms, application-code: 74ms)
 GET /dashboard 200 in 625ms (next.js: 228ms, proxy.ts: 2ms, application-code: 395ms)
 GET /settings 200 in 502ms (next.js: 59ms, proxy.ts: 8ms, application-code: 435ms)
 GET /sign-in 200 in 162ms (next.js: 125ms, proxy.ts: 8ms, application-code: 29ms)
 GET /billing 200 in 274ms (next.js: 44ms, proxy.ts: 5ms, application-code: 226ms)
 GET /support 200 in 177ms (next.js: 34ms, proxy.ts: 5ms, application-code: 139ms)
 GET /accounts 200 in 330ms (next.js: 13ms, proxy.ts: 1.7ms, application-code: 316ms)
 GET /icon?a62dacc6b033a714 200 in 201ms (next.js: 25ms, proxy.ts: 18ms, application-code: 158ms)
 GET /history 200 in 142ms (next.js: 17ms, proxy.ts: 2ms, application-code: 123ms)
 GET /alerts 200 in 141ms (next.js: 25ms, proxy.ts: 1.9ms, application-code: 114ms)
 GET /tasks 200 in 155ms (next.js: 26ms, proxy.ts: 1.7ms, application-code: 127ms)
 GET /approvals 200 in 138ms (next.js: 27ms, proxy.ts: 2ms, application-code: 109ms)
 GET /reports 200 in 156ms (next.js: 26ms, proxy.ts: 1.7ms, application-code: 128ms)
 GET /audit 200 in 131ms (next.js: 16ms, proxy.ts: 1.8ms, application-code: 113ms)
 GET /agents 200 in 196ms (next.js: 28ms, proxy.ts: 1.8ms, application-code: 166ms)
 GET / 200 in 95ms (next.js: 14ms, proxy.ts: 1.9ms, application-code: 79ms)
 GET /privacy 200 in 46ms (next.js: 10ms, proxy.ts: 1.9ms, application-code: 34ms)
 GET /terms 200 in 45ms (next.js: 11ms, proxy.ts: 1.7ms, application-code: 32ms)
 GET /subprocessors 200 in 93ms (next.js: 29ms, proxy.ts: 1.8ms, application-code: 63ms)
 GET /status 200 in 84ms (next.js: 30ms, proxy.ts: 1.7ms, application-code: 53ms)
 GET /sign-in 200 in 31ms (next.js: 4ms, proxy.ts: 1.8ms, application-code: 26ms)
 GET /sign-up 200 in 304ms (next.js: 272ms, proxy.ts: 1.9ms, application-code: 30ms)
Local browser states ready in /var/folders/9h/sbxl7zl90j9_wc743xft5j8h0000gn/T/yodev-ads-browser-ufA7Lv

Running 31 tests using 1 worker

(node:71367) Warning: The 'NO_COLOR' env is ignored due to the 'FORCE_COLOR' env being set.
(Use `node --trace-warnings ...` to show where the warning was created)
 GET /dashboard 200 in 187ms (next.js: 2ms, proxy.ts: 2ms, application-code: 183ms)
 GET /api/auth/get-session 200 in 201ms (next.js: 66ms, proxy.ts: 12ms, application-code: 122ms)
 GET /api/auth/organization/list 200 in 205ms (next.js: 70ms, proxy.ts: 12ms, application-code: 123ms)
 GET /settings 200 in 256ms (next.js: 2ms, proxy.ts: 2ms, application-code: 252ms)
 GET /api/auth/get-session 200 in 94ms (next.js: 68ms, proxy.ts: 13ms, application-code: 14ms)
 GET /api/auth/organization/list 200 in 141ms (next.js: 71ms, proxy.ts: 12ms, application-code: 58ms)
 GET /billing 200 in 195ms (next.js: 2ms, proxy.ts: 3ms, application-code: 190ms)
 GET /api/auth/get-session 200 in 112ms (next.js: 65ms, proxy.ts: 15ms, application-code: 33ms)
 GET /api/auth/organization/list 200 in 116ms (next.js: 67ms, proxy.ts: 15ms, application-code: 34ms)
 GET /support 200 in 157ms (next.js: 1.7ms, proxy.ts: 3ms, application-code: 152ms)
  ✓   1 [chromium] › e2e/authenticated-rbac.spec.ts:55:9 › authenticated five-role route matrix › owner has only its server-authorized product surface (1.7s)
 GET /dashboard 200 in 119ms (next.js: 1.8ms, proxy.ts: 2ms, application-code: 115ms)
 GET /api/auth/get-session 200 in 182ms (next.js: 57ms, proxy.ts: 25ms, application-code: 100ms)
 GET /api/auth/organization/list 200 in 181ms (next.js: 67ms, proxy.ts: 24ms, application-code: 90ms)
 GET /settings 200 in 218ms (next.js: 1.9ms, proxy.ts: 2ms, application-code: 214ms)
 GET /api/auth/get-session 200 in 106ms (next.js: 56ms, proxy.ts: 12ms, application-code: 39ms)
 GET /api/auth/organization/list 200 in 110ms (next.js: 58ms, proxy.ts: 12ms, application-code: 40ms)
 GET /support 200 in 151ms (next.js: 1.6ms, proxy.ts: 2ms, application-code: 148ms)
⨯ Error [PermissionDeniedError]: Permission required: billing:manage
    at requirePermission (src/lib/permissions.ts:78:19)
    at requireWorkspacePermission (src/lib/workspace.ts:164:73)
    at async BillingPage (src/app/(app)/billing/page.tsx:23:40)
  76 | export function requirePermission(role: WorkspaceRole, permission: Permission) {
  77 |   if (!rolePermissions[role].has(permission)) {
> 78 |     const error = new Error(`Permission required: ${permission}`)
     |                   ^
  79 |     error.name = 'PermissionDeniedError'
  80 |     throw error
  81 |   } {
  digest: '1684615934'
}
 GET /api/auth/get-session 200 in 118ms (next.js: 20ms, proxy.ts: 44ms, application-code: 54ms)
 GET /api/auth/organization/list 200 in 120ms (next.js: 42ms, proxy.ts: 44ms, application-code: 34ms)
 GET /billing 307 in 133ms (next.js: 5ms, proxy.ts: 3ms, application-code: 125ms)
 GET /support?error=Acc%C3%A8s%20non%20autoris%C3%A9 200 in 148ms (next.js: 7ms, proxy.ts: 4ms, application-code: 137ms)
  ✓   2 [chromium] › e2e/authenticated-rbac.spec.ts:55:9 › authenticated five-role route matrix › admin has only its server-authorized product surface (1.4s)
 GET /dashboard 200 in 102ms (next.js: 1.6ms, proxy.ts: 1.9ms, application-code: 98ms)
 GET /api/auth/get-session 200 in 121ms (next.js: 49ms, proxy.ts: 24ms, application-code: 47ms)
 GET /api/auth/organization/list 200 in 120ms (next.js: 54ms, proxy.ts: 23ms, application-code: 42ms)
 GET /tasks 200 in 152ms (next.js: 2.0ms, proxy.ts: 2ms, application-code: 148ms)
 GET /api/auth/get-session 200 in 63ms (next.js: 23ms, proxy.ts: 12ms, application-code: 28ms)
 GET /api/auth/organization/list 200 in 66ms (next.js: 40ms, proxy.ts: 6ms, application-code: 21ms)
 GET /support 200 in 142ms (next.js: 4ms, proxy.ts: 12ms, application-code: 125ms)
 GET /api/auth/get-session 200 in 75ms (next.js: 22ms, proxy.ts: 5ms, application-code: 49ms)
 GET /api/auth/organization/list 200 in 79ms (next.js: 17ms, proxy.ts: 4ms, application-code: 58ms)
⨯ Error [PermissionDeniedError]: Permission required: workspace:admin
    at requirePermission (src/lib/permissions.ts:78:19)
    at requireWorkspacePermission (src/lib/workspace.ts:164:73)
    at async SettingsPage (src/app/(app)/settings/page.tsx:51:57)
  76 | export function requirePermission(role: WorkspaceRole, permission: Permission) {
  77 |   if (!rolePermissions[role].has(permission)) {
> 78 |     const error = new Error(`Permission required: ${permission}`)
     |                   ^
  79 |     error.name = 'PermissionDeniedError'
  80 |     throw error
  81 |   } {
  digest: '1860592135'
}
 GET /settings 307 in 105ms (next.js: 4ms, proxy.ts: 12ms, application-code: 89ms)
 GET /support?error=Acc%C3%A8s%20non%20autoris%C3%A9 200 in 138ms (next.js: 4ms, proxy.ts: 3ms, application-code: 132ms)
⨯ Error [PermissionDeniedError]: Permission required: billing:manage
    at requirePermission (src/lib/permissions.ts:78:19)
    at requireWorkspacePermission (src/lib/workspace.ts:164:73)
    at async BillingPage (src/app/(app)/billing/page.tsx:23:40)
  76 | export function requirePermission(role: WorkspaceRole, permission: Permission) {
  77 |   if (!rolePermissions[role].has(permission)) {
> 78 |     const error = new Error(`Permission required: ${permission}`)
     |                   ^
  79 |     error.name = 'PermissionDeniedError'
  80 |     throw error
  81 |   } {
  digest: '1684615934'
}
 GET /api/auth/get-session 200 in 71ms (next.js: 19ms, proxy.ts: 26ms, application-code: 26ms)
 GET /api/auth/organization/list 200 in 69ms (next.js: 23ms, proxy.ts: 23ms, application-code: 23ms)
 GET /billing 307 in 96ms (next.js: 2ms, proxy.ts: 2ms, application-code: 92ms)
 GET /support?error=Acc%C3%A8s%20non%20autoris%C3%A9 200 in 130ms (next.js: 2ms, proxy.ts: 4ms, application-code: 125ms)
  ✓   3 [chromium] › e2e/authenticated-rbac.spec.ts:55:9 › authenticated five-role route matrix › strategist has only its server-authorized product surface (1.7s)
 GET /dashboard 200 in 119ms (next.js: 1.9ms, proxy.ts: 2ms, application-code: 115ms)
 GET /api/auth/get-session 200 in 69ms (next.js: 45ms, proxy.ts: 5ms, application-code: 19ms)
 GET /api/auth/organization/list 200 in 119ms (next.js: 48ms, proxy.ts: 5ms, application-code: 66ms)
 GET /reports 200 in 159ms (next.js: 6ms, proxy.ts: 6ms, application-code: 147ms)
 GET /api/auth/get-session 200 in 152ms (next.js: 69ms, proxy.ts: 11ms, application-code: 72ms)
 GET /api/auth/organization/list 200 in 168ms (next.js: 71ms, proxy.ts: 6ms, application-code: 91ms)
 GET /support 200 in 236ms (next.js: 3ms, proxy.ts: 32ms, application-code: 201ms)
 GET /api/auth/get-session 200 in 79ms (next.js: 29ms, proxy.ts: 5ms, application-code: 45ms)
⨯ Error [PermissionDeniedError]: Permission required: workspace:admin
    at requirePermission (src/lib/permissions.ts:78:19)
    at requireWorkspacePermission (src/lib/workspace.ts:164:73)
    at async SettingsPage (src/app/(app)/settings/page.tsx:51:57)
  76 | export function requirePermission(role: WorkspaceRole, permission: Permission) {
  77 |   if (!rolePermissions[role].has(permission)) {
> 78 |     const error = new Error(`Permission required: ${permission}`)
     |                   ^
  79 |     error.name = 'PermissionDeniedError'
  80 |     throw error
  81 |   } {
  digest: '1860592135'
}
 GET /api/auth/organization/list 200 in 105ms (next.js: 47ms, proxy.ts: 5ms, application-code: 53ms)
 GET /settings 307 in 110ms (next.js: 5ms, proxy.ts: 5ms, application-code: 100ms)
 GET /support?error=Acc%C3%A8s%20non%20autoris%C3%A9 200 in 112ms (next.js: 1.6ms, proxy.ts: 2ms, application-code: 108ms)
⨯ Error [PermissionDeniedError]: Permission required: billing:manage
    at requirePermission (src/lib/permissions.ts:78:19)
    at requireWorkspacePermission (src/lib/workspace.ts:164:73)
    at async BillingPage (src/app/(app)/billing/page.tsx:23:40)
  76 | export function requirePermission(role: WorkspaceRole, permission: Permission) {
  77 |   if (!rolePermissions[role].has(permission)) {
> 78 |     const error = new Error(`Permission required: ${permission}`)
     |                   ^
  79 |     error.name = 'PermissionDeniedError'
  80 |     throw error
  81 |   } {
  digest: '1684615934'
}
 GET /api/auth/get-session 200 in 72ms (next.js: 21ms, proxy.ts: 23ms, application-code: 28ms)
 GET /api/auth/organization/list 200 in 73ms (next.js: 25ms, proxy.ts: 22ms, application-code: 26ms)
 GET /billing 307 in 97ms (next.js: 2ms, proxy.ts: 2ms, application-code: 92ms)
 GET /support?error=Acc%C3%A8s%20non%20autoris%C3%A9 200 in 134ms (next.js: 1.9ms, proxy.ts: 4ms, application-code: 128ms)
  ✓   4 [chromium] › e2e/authenticated-rbac.spec.ts:55:9 › authenticated five-role route matrix › analyst has only its server-authorized product surface (1.8s)
 GET /support 200 in 84ms (next.js: 1.7ms, proxy.ts: 2.0ms, application-code: 80ms)
 GET /api/auth/get-session 200 in 77ms (next.js: 49ms, proxy.ts: 7ms, application-code: 21ms)
⨯ Error [PermissionDeniedError]: Permission required: portfolio:read
    at requirePermission (src/lib/permissions.ts:78:19)
    at requireWorkspacePermission (src/lib/workspace.ts:164:73)
    at async DashboardPage (src/app/(app)/dashboard/page.tsx:26:54)
  76 | export function requirePermission(role: WorkspaceRole, permission: Permission) {
  77 |   if (!rolePermissions[role].has(permission)) {
> 78 |     const error = new Error(`Permission required: ${permission}`)
     |                   ^
  79 |     error.name = 'PermissionDeniedError'
  80 |     throw error
  81 |   } {
  digest: '3442984682'
}
 GET /api/auth/organization/list 200 in 99ms (next.js: 51ms, proxy.ts: 7ms, application-code: 41ms)
 GET /dashboard 307 in 104ms (next.js: 4ms, proxy.ts: 9ms, application-code: 90ms)
 GET /support?error=Acc%C3%A8s%20non%20autoris%C3%A9 200 in 88ms (next.js: 1.6ms, proxy.ts: 3ms, application-code: 84ms)
⨯ Error [PermissionDeniedError]: Permission required: workspace:admin
    at requirePermission (src/lib/permissions.ts:78:19)
    at requireWorkspacePermission (src/lib/workspace.ts:164:73)
    at async SettingsPage (src/app/(app)/settings/page.tsx:51:57)
  76 | export function requirePermission(role: WorkspaceRole, permission: Permission) {
  77 |   if (!rolePermissions[role].has(permission)) {
> 78 |     const error = new Error(`Permission required: ${permission}`)
     |                   ^
  79 |     error.name = 'PermissionDeniedError'
  80 |     throw error
  81 |   } {
  digest: '1860592135'
}
 GET /api/auth/get-session 200 in 78ms (next.js: 35ms, proxy.ts: 12ms, application-code: 30ms)
 GET /api/auth/organization/list 200 in 92ms (next.js: 39ms, proxy.ts: 13ms, application-code: 40ms)
 GET /settings 307 in 100ms (next.js: 5ms, proxy.ts: 12ms, application-code: 83ms)
 GET /support?error=Acc%C3%A8s%20non%20autoris%C3%A9 200 in 101ms (next.js: 1.7ms, proxy.ts: 3ms, application-code: 97ms)
 GET /api/auth/get-session 200 in 57ms (next.js: 11ms, proxy.ts: 6ms, application-code: 41ms)
 GET /api/auth/organization/list 200 in 68ms (next.js: 14ms, proxy.ts: 6ms, application-code: 49ms)
⨯ Error [PermissionDeniedError]: Permission required: billing:manage
    at requirePermission (src/lib/permissions.ts:78:19)
    at requireWorkspacePermission (src/lib/workspace.ts:164:73)
    at async BillingPage (src/app/(app)/billing/page.tsx:23:40)
  76 | export function requirePermission(role: WorkspaceRole, permission: Permission) {
  77 |   if (!rolePermissions[role].has(permission)) {
> 78 |     const error = new Error(`Permission required: ${permission}`)
     |                   ^
  79 |     error.name = 'PermissionDeniedError'
  80 |     throw error
  81 |   } {
  digest: '1684615934'
}
 GET /billing 307 in 93ms (next.js: 10ms, proxy.ts: 7ms, application-code: 76ms)
 GET /support?error=Acc%C3%A8s%20non%20autoris%C3%A9 200 in 109ms (next.js: 1.9ms, proxy.ts: 3ms, application-code: 104ms)
  ✓   5 [chromium] › e2e/authenticated-rbac.spec.ts:55:9 › authenticated five-role route matrix › client has only its server-authorized product surface (1.4s)
 GET /api/exports/80000000-0000-4000-8000-000000000003 404 in 2.1s (next.js: 2.1s, proxy.ts: 2ms, application-code: 42ms)
  ✓   6 [chromium] › e2e/authenticated-rbac.spec.ts:75:9 › authenticated five-role route matrix › owner cannot cross the direct export API boundary (2.5s)
 GET /api/exports/80000000-0000-4000-8000-000000000003 403 in 14ms (next.js: 4ms, proxy.ts: 3ms, application-code: 7ms)
  ✓   7 [chromium] › e2e/authenticated-rbac.spec.ts:75:9 › authenticated five-role route matrix › admin cannot cross the direct export API boundary (68ms)
 GET /api/exports/80000000-0000-4000-8000-000000000003 403 in 13ms (next.js: 2ms, proxy.ts: 3ms, application-code: 7ms)
  ✓   8 [chromium] › e2e/authenticated-rbac.spec.ts:75:9 › authenticated five-role route matrix › strategist cannot cross the direct export API boundary (52ms)
 GET /api/exports/80000000-0000-4000-8000-000000000003 403 in 10ms (next.js: 2ms, proxy.ts: 2ms, application-code: 6ms)
  ✓   9 [chromium] › e2e/authenticated-rbac.spec.ts:75:9 › authenticated five-role route matrix › analyst cannot cross the direct export API boundary (52ms)
 GET /api/exports/80000000-0000-4000-8000-000000000003 403 in 11ms (next.js: 2.0ms, proxy.ts: 1.9ms, application-code: 7ms)
  ✓  10 [chromium] › e2e/authenticated-rbac.spec.ts:75:9 › authenticated five-role route matrix › client cannot cross the direct export API boundary (48ms)
 GET /settings 200 in 333ms (next.js: 2ms, proxy.ts: 4ms, application-code: 327ms)
 GET /api/auth/get-session 200 in 39ms (next.js: 14ms, proxy.ts: 3ms, application-code: 22ms)
 GET /api/auth/organization/list 200 in 43ms (next.js: 25ms, proxy.ts: 4ms, application-code: 14ms)
 POST /settings 200 in 69ms (next.js: 3ms, proxy.ts: 3ms, application-code: 63ms)
  └─ ƒ updateWorkspaceLocale({}) in 10ms src/app/actions.ts
 GET /settings?notice=Langue+de+l%E2%80%99espace+mise+%C3%A0+jour. 200 in 130ms (next.js: 2ms, proxy.ts: 3ms, application-code: 125ms)
 GET /settings?notice=Langue+de+l%E2%80%99espace+mise+%C3%A0+jour. 200 in 88ms (next.js: 1.8ms, proxy.ts: 1.8ms, application-code: 85ms)
 POST /settings 200 in 154ms (next.js: 11ms, proxy.ts: 22ms, application-code: 121ms)
  └─ ƒ updateWorkspaceLocale({}) in 25ms src/app/actions.ts
 GET /settings?notice=Langue+de+l%E2%80%99espace+mise+%C3%A0+jour. 200 in 90ms (next.js: 1.8ms, proxy.ts: 2ms, application-code: 86ms)
 POST /settings 200 in 109ms (next.js: 2ms, proxy.ts: 2ms, application-code: 104ms)
  └─ ƒ updateWorkspaceLocale({}) in 9ms src/app/actions.ts
⨯ Error [PermissionDeniedError]: Permission required: workspace:admin
    at requirePermission (src/lib/permissions.ts:78:19)
    at requireWorkspacePermission (src/lib/workspace.ts:164:73)
    at async SettingsPage (src/app/(app)/settings/page.tsx:51:57)
  76 | export function requirePermission(role: WorkspaceRole, permission: Permission) {
  77 |   if (!rolePermissions[role].has(permission)) {
> 78 |     const error = new Error(`Permission required: ${permission}`)
     |                   ^
  79 |     error.name = 'PermissionDeniedError'
  80 |     throw error
  81 |   } {
  digest: '1860592135'
}
 GET /settings?error=Permission+required%3A+workspace%3Aadmin 200 in 45ms (next.js: 1.7ms, proxy.ts: 1.7ms, application-code: 42ms)
 POST /settings 200 in 63ms (next.js: 1.7ms, proxy.ts: 2ms, application-code: 59ms)
  └─ ƒ updateWorkspaceLocale({}) in 6ms src/app/actions.ts
⨯ Error [PermissionDeniedError]: Permission required: workspace:admin
    at requirePermission (src/lib/permissions.ts:78:19)
    at requireWorkspacePermission (src/lib/workspace.ts:164:73)
    at async SettingsPage (src/app/(app)/settings/page.tsx:51:57)
  76 | export function requirePermission(role: WorkspaceRole, permission: Permission) {
  77 |   if (!rolePermissions[role].has(permission)) {
> 78 |     const error = new Error(`Permission required: ${permission}`)
     |                   ^
  79 |     error.name = 'PermissionDeniedError'
  80 |     throw error
  81 |   } {
  digest: '1860592135'
}
 GET /settings?error=Permission+required%3A+workspace%3Aadmin 200 in 53ms (next.js: 3ms, proxy.ts: 4ms, application-code: 46ms)
 POST /settings 200 in 74ms (next.js: 2ms, proxy.ts: 3ms, application-code: 69ms)
  └─ ƒ updateWorkspaceLocale({}) in 9ms src/app/actions.ts
⨯ Error [PermissionDeniedError]: Permission required: workspace:admin
    at requirePermission (src/lib/permissions.ts:78:19)
    at requireWorkspacePermission (src/lib/workspace.ts:164:73)
    at async SettingsPage (src/app/(app)/settings/page.tsx:51:57)
  76 | export function requirePermission(role: WorkspaceRole, permission: Permission) {
  77 |   if (!rolePermissions[role].has(permission)) {
> 78 |     const error = new Error(`Permission required: ${permission}`)
     |                   ^
  79 |     error.name = 'PermissionDeniedError'
  80 |     throw error
  81 |   } {
  digest: '1860592135'
}
 GET /settings?error=Permission+required%3A+workspace%3Aadmin 200 in 67ms (next.js: 4ms, proxy.ts: 1.9ms, application-code: 61ms)
 POST /settings 200 in 86ms (next.js: 2.0ms, proxy.ts: 2ms, application-code: 82ms)
  └─ ƒ updateWorkspaceLocale({}) in 5ms src/app/actions.ts
  ✓  11 [chromium] › e2e/authenticated-rbac.spec.ts:93:7 › authenticated Server Action authorization matrix › re-authorizes workspace administration for every session (1.4s)
 GET /billing 200 in 152ms (next.js: 1.8ms, proxy.ts: 2ms, application-code: 148ms)
 GET /api/auth/get-session 200 in 89ms (next.js: 55ms, proxy.ts: 11ms, application-code: 23ms)
 GET /api/auth/organization/list 200 in 92ms (next.js: 57ms, proxy.ts: 11ms, application-code: 24ms)
 GET /accounts 200 in 133ms (next.js: 3ms, proxy.ts: 2ms, application-code: 128ms)
 GET /api/auth/get-session 200 in 30ms (next.js: 4ms, proxy.ts: 3ms, application-code: 23ms)
 GET /api/auth/organization/list 200 in 31ms (next.js: 7ms, proxy.ts: 3ms, application-code: 21ms)
 POST /accounts 200 in 60ms (next.js: 1.9ms, proxy.ts: 2ms, application-code: 56ms)
  └─ ƒ setCookieConsent({}) in 2ms src/app/preferences-actions.ts
 GET /accounts?selection=saved 200 in 61ms (next.js: 1.8ms, proxy.ts: 2.0ms, application-code: 57ms)
 POST /accounts 200 in 83ms (next.js: 1.9ms, proxy.ts: 2ms, application-code: 79ms)
  └─ ƒ updateManagedAccounts({}) in 13ms src/app/account-selection-actions.ts
 GET /accounts?selection=saved 200 in 55ms (next.js: 1.7ms, proxy.ts: 1.6ms, application-code: 52ms)
 POST /accounts?selection=saved 200 in 79ms (next.js: 2ms, proxy.ts: 3ms, application-code: 74ms)
  └─ ƒ updateManagedAccounts({}) in 14ms src/app/account-selection-actions.ts
 GET /accounts?selection=conflict 200 in 57ms (next.js: 1.6ms, proxy.ts: 1.9ms, application-code: 53ms)
 POST /accounts?selection=saved 200 in 74ms (next.js: 2ms, proxy.ts: 3ms, application-code: 69ms)
  └─ ƒ updateManagedAccounts({}) in 7ms src/app/account-selection-actions.ts
 GET /accounts?selection=saved 200 in 54ms (next.js: 1.8ms, proxy.ts: 1.7ms, application-code: 51ms)
 POST /accounts?selection=conflict 200 in 73ms (next.js: 2ms, proxy.ts: 3ms, application-code: 68ms)
  └─ ƒ updateManagedAccounts({}) in 9ms src/app/account-selection-actions.ts
 GET /accounts 200 in 101ms (next.js: 2ms, proxy.ts: 2ms, application-code: 96ms)
  ✓  12 [chromium] › e2e/prod-ready-local.spec.ts:23:44 › local production readiness regression journeys › managed account selection preserves priorities and enforces quota in fr (2.4s)
 GET /billing 200 in 174ms (next.js: 2ms, proxy.ts: 1.8ms, application-code: 170ms)
 GET /api/auth/get-session 200 in 101ms (next.js: 65ms, proxy.ts: 11ms, application-code: 25ms)
 GET /api/auth/organization/list 200 in 105ms (next.js: 68ms, proxy.ts: 11ms, application-code: 25ms)
 GET /accounts 200 in 148ms (next.js: 1.8ms, proxy.ts: 2ms, application-code: 144ms)
 GET /api/auth/get-session 200 in 19ms (next.js: 4ms, proxy.ts: 4ms, application-code: 11ms)
 GET /api/auth/organization/list 200 in 21ms (next.js: 7ms, proxy.ts: 4ms, application-code: 10ms)
 POST /accounts 200 in 53ms (next.js: 1.9ms, proxy.ts: 2ms, application-code: 49ms)
  └─ ƒ setCookieConsent({}) in 2ms src/app/preferences-actions.ts
 GET /accounts?selection=saved 200 in 62ms (next.js: 1.8ms, proxy.ts: 1.9ms, application-code: 58ms)
 POST /accounts 200 in 83ms (next.js: 3ms, proxy.ts: 3ms, application-code: 77ms)
  └─ ƒ updateManagedAccounts({}) in 11ms src/app/account-selection-actions.ts
 GET /accounts?selection=saved 200 in 51ms (next.js: 1.8ms, proxy.ts: 1.8ms, application-code: 48ms)
 POST /accounts?selection=saved 200 in 70ms (next.js: 2ms, proxy.ts: 3ms, application-code: 65ms)
  └─ ƒ updateManagedAccounts({}) in 9ms src/app/account-selection-actions.ts
 GET /accounts?selection=conflict 200 in 55ms (next.js: 1.8ms, proxy.ts: 2.0ms, application-code: 52ms)
 POST /accounts?selection=saved 200 in 73ms (next.js: 2ms, proxy.ts: 3ms, application-code: 68ms)
  └─ ƒ updateManagedAccounts({}) in 8ms src/app/account-selection-actions.ts
 GET /accounts?selection=saved 200 in 51ms (next.js: 1.7ms, proxy.ts: 2ms, application-code: 47ms)
 POST /accounts?selection=conflict 200 in 71ms (next.js: 2ms, proxy.ts: 3ms, application-code: 66ms)
  └─ ƒ updateManagedAccounts({}) in 9ms src/app/account-selection-actions.ts
 GET /accounts 200 in 104ms (next.js: 1.7ms, proxy.ts: 2ms, application-code: 101ms)
  ✓  13 [chromium] › e2e/prod-ready-local.spec.ts:23:44 › local production readiness regression journeys › managed account selection preserves priorities and enforces quota in en (2.5s)
 GET /dashboard?client=80000000-0000-4000-8000-000000000004 200 in 181ms (next.js: 3ms, proxy.ts: 1.8ms, application-code: 176ms)
 GET /api/auth/get-session 200 in 21ms (next.js: 6ms, proxy.ts: 3ms, application-code: 12ms)
 GET /api/auth/organization/list 200 in 24ms (next.js: 10ms, proxy.ts: 3ms, application-code: 10ms)
 POST /dashboard?client=80000000-0000-4000-8000-000000000004 200 in 93ms (next.js: 2ms, proxy.ts: 3ms, application-code: 89ms)
  └─ ƒ setCookieConsent({}) in 2ms src/app/preferences-actions.ts
 GET /dashboard?client=80000000-0000-4000-8000-000000000004 200 in 175ms (next.js: 1.8ms, proxy.ts: 2ms, application-code: 172ms)
 GET /api/auth/get-session 200 in 24ms (next.js: 5ms, proxy.ts: 3ms, application-code: 16ms)
 GET /api/auth/organization/list 200 in 26ms (next.js: 9ms, proxy.ts: 3ms, application-code: 14ms)
  ✓  14 [chromium] › e2e/prod-ready-local.spec.ts:77:44 › local production readiness regression journeys › pacing uses covered completed days and hides forecasts with a gap in fr (1.1s)
 GET /dashboard?client=80000000-0000-4000-8000-000000000004 200 in 163ms (next.js: 2.0ms, proxy.ts: 2ms, application-code: 158ms)
 GET /api/auth/get-session 200 in 26ms (next.js: 12ms, proxy.ts: 3ms, application-code: 11ms)
 GET /api/auth/organization/list 200 in 28ms (next.js: 8ms, proxy.ts: 10ms, application-code: 10ms)
 POST /dashboard?client=80000000-0000-4000-8000-000000000004 200 in 81ms (next.js: 2ms, proxy.ts: 2ms, application-code: 77ms)
  └─ ƒ setCookieConsent({}) in 2ms src/app/preferences-actions.ts
 GET /dashboard?client=80000000-0000-4000-8000-000000000004 200 in 172ms (next.js: 1.8ms, proxy.ts: 2ms, application-code: 168ms)
 GET /api/auth/get-session 200 in 20ms (next.js: 5ms, proxy.ts: 3ms, application-code: 11ms)
 GET /api/auth/organization/list 200 in 21ms (next.js: 9ms, proxy.ts: 3ms, application-code: 10ms)
  ✓  15 [chromium] › e2e/prod-ready-local.spec.ts:77:44 › local production readiness regression journeys › pacing uses covered completed days and hides forecasts with a gap in en (1.0s)
 GET /dashboard?client=80000000-0000-4000-8000-000000000005 200 in 185ms (next.js: 3ms, proxy.ts: 2ms, application-code: 180ms)
 GET /api/auth/get-session 200 in 21ms (next.js: 5ms, proxy.ts: 3ms, application-code: 13ms)
 GET /api/auth/organization/list 200 in 22ms (next.js: 9ms, proxy.ts: 3ms, application-code: 11ms)
 GET /analysis?client=80000000-0000-4000-8000-000000000005 200 in 1114ms (next.js: 832ms, proxy.ts: 6ms, application-code: 277ms)
 GET /api/auth/get-session 200 in 36ms (next.js: 9ms, proxy.ts: 4ms, application-code: 23ms)
 GET /api/auth/organization/list 200 in 38ms (next.js: 17ms, proxy.ts: 4ms, application-code: 17ms)
 GET /insights?client=80000000-0000-4000-8000-000000000005 200 in 697ms (next.js: 409ms, proxy.ts: 3ms, application-code: 285ms)
 GET /api/auth/get-session 200 in 105ms (next.js: 54ms, proxy.ts: 29ms, application-code: 23ms)
 GET /api/auth/organization/list 200 in 109ms (next.js: 56ms, proxy.ts: 29ms, application-code: 23ms)
 GET /dashboard?client=80000000-0000-4000-8000-000000000005 200 in 223ms (next.js: 3ms, proxy.ts: 2ms, application-code: 218ms)
 GET /api/auth/get-session 200 in 21ms (next.js: 3ms, proxy.ts: 3ms, application-code: 15ms)
 GET /api/auth/organization/list 200 in 23ms (next.js: 11ms, proxy.ts: 3ms, application-code: 9ms)
 GET /analysis?client=80000000-0000-4000-8000-000000000005 200 in 165ms (next.js: 2ms, proxy.ts: 2ms, application-code: 160ms)
 GET /api/auth/get-session 200 in 22ms (next.js: 4ms, proxy.ts: 3ms, application-code: 15ms)
 GET /api/auth/organization/list 200 in 31ms (next.js: 8ms, proxy.ts: 3ms, application-code: 20ms)
 GET /insights?client=80000000-0000-4000-8000-000000000005 200 in 198ms (next.js: 5ms, proxy.ts: 5ms, application-code: 188ms)
 GET /api/auth/get-session 200 in 62ms (next.js: 24ms, proxy.ts: 4ms, application-code: 34ms)
 GET /api/auth/organization/list 200 in 131ms (next.js: 46ms, proxy.ts: 3ms, application-code: 82ms)
 GET /insights?client=80000000-0000-4000-8000-000000000005 200 in 222ms (next.js: 3ms, proxy.ts: 3ms, application-code: 216ms)
 GET /api/auth/get-session 200 in 17ms (next.js: 4ms, proxy.ts: 3ms, application-code: 10ms)
 GET /api/auth/organization/list 200 in 18ms (next.js: 6ms, proxy.ts: 3ms, application-code: 8ms)
 POST /insights?client=80000000-0000-4000-8000-000000000005 200 in 97ms (next.js: 3ms, proxy.ts: 3ms, application-code: 90ms)
  └─ ƒ setCookieConsent({}) in 2ms src/app/preferences-actions.ts
  ✓  16 [chromium] › e2e/prod-ready-local.spec.ts:114:44 › local production readiness regression journeys › stored analytics remain available without Google and during grace in fr (4.3s)
 GET /dashboard?client=80000000-0000-4000-8000-000000000005 200 in 174ms (next.js: 1.8ms, proxy.ts: 1.9ms, application-code: 171ms)
 GET /api/auth/get-session 200 in 23ms (next.js: 5ms, proxy.ts: 3ms, application-code: 15ms)
 GET /api/auth/organization/list 200 in 25ms (next.js: 10ms, proxy.ts: 3ms, application-code: 13ms)
 GET /analysis?client=80000000-0000-4000-8000-000000000005 200 in 189ms (next.js: 4ms, proxy.ts: 5ms, application-code: 180ms)
 GET /api/auth/get-session 200 in 86ms (next.js: 60ms, proxy.ts: 13ms, application-code: 12ms)
 GET /api/auth/organization/list 200 in 89ms (next.js: 63ms, proxy.ts: 13ms, application-code: 13ms)
 GET /insights?client=80000000-0000-4000-8000-000000000005 200 in 225ms (next.js: 3ms, proxy.ts: 3ms, application-code: 219ms)
 GET /api/auth/get-session 200 in 77ms (next.js: 52ms, proxy.ts: 12ms, application-code: 12ms)
 GET /api/auth/organization/list 200 in 83ms (next.js: 55ms, proxy.ts: 12ms, application-code: 16ms)
 GET /dashboard?client=80000000-0000-4000-8000-000000000005 200 in 209ms (next.js: 3ms, proxy.ts: 2ms, application-code: 204ms)
 GET /api/auth/get-session 200 in 18ms (next.js: 3ms, proxy.ts: 3ms, application-code: 11ms)
 GET /api/auth/organization/list 200 in 19ms (next.js: 7ms, proxy.ts: 3ms, application-code: 10ms)
 GET /analysis?client=80000000-0000-4000-8000-000000000005 200 in 170ms (next.js: 2ms, proxy.ts: 2ms, application-code: 166ms)
 GET /api/auth/get-session 200 in 87ms (next.js: 63ms, proxy.ts: 13ms, application-code: 12ms)
 GET /api/auth/organization/list 200 in 90ms (next.js: 65ms, proxy.ts: 13ms, application-code: 12ms)
 GET /insights?client=80000000-0000-4000-8000-000000000005 200 in 220ms (next.js: 2ms, proxy.ts: 2ms, application-code: 215ms)
 GET /api/auth/get-session 200 in 75ms (next.js: 50ms, proxy.ts: 14ms, application-code: 11ms)
 GET /api/auth/organization/list 200 in 78ms (next.js: 52ms, proxy.ts: 15ms, application-code: 11ms)
 GET /insights?client=80000000-0000-4000-8000-000000000005 200 in 213ms (next.js: 1.7ms, proxy.ts: 1.9ms, application-code: 209ms)
 GET /api/auth/get-session 200 in 31ms (next.js: 8ms, proxy.ts: 3ms, application-code: 20ms)
 GET /api/auth/organization/list 200 in 36ms (next.js: 17ms, proxy.ts: 3ms, application-code: 15ms)
 POST /insights?client=80000000-0000-4000-8000-000000000005 200 in 74ms (next.js: 2ms, proxy.ts: 3ms, application-code: 69ms)
  └─ ƒ setCookieConsent({}) in 1ms src/app/preferences-actions.ts
  ✓  17 [chromium] › e2e/prod-ready-local.spec.ts:114:44 › local production readiness regression journeys › stored analytics remain available without Google and during grace in en (2.9s)
 GET /accounts 200 in 115ms (next.js: 3ms, proxy.ts: 3ms, application-code: 110ms)
 GET /api/auth/get-session 200 in 22ms (next.js: 5ms, proxy.ts: 3ms, application-code: 15ms)
 GET /api/auth/organization/list 200 in 25ms (next.js: 9ms, proxy.ts: 3ms, application-code: 13ms)
 GET /history 200 in 142ms (next.js: 8ms, proxy.ts: 4ms, application-code: 130ms)
 GET /api/auth/get-session 200 in 19ms (next.js: 4ms, proxy.ts: 3ms, application-code: 13ms)
 GET /api/auth/organization/list 200 in 22ms (next.js: 7ms, proxy.ts: 3ms, application-code: 11ms)
 GET /alerts 200 in 125ms (next.js: 7ms, proxy.ts: 4ms, application-code: 114ms)
 GET /api/auth/get-session 200 in 28ms (next.js: 5ms, proxy.ts: 3ms, application-code: 19ms)
 GET /api/auth/organization/list 200 in 37ms (next.js: 11ms, proxy.ts: 4ms, application-code: 22ms)
 GET /tasks 200 in 140ms (next.js: 14ms, proxy.ts: 4ms, application-code: 122ms)
 GET /api/auth/get-session 200 in 21ms (next.js: 5ms, proxy.ts: 3ms, application-code: 13ms)
 GET /api/auth/organization/list 200 in 23ms (next.js: 9ms, proxy.ts: 3ms, application-code: 11ms)
 GET /approvals 200 in 122ms (next.js: 6ms, proxy.ts: 4ms, application-code: 112ms)
 GET /api/auth/get-session 200 in 21ms (next.js: 5ms, proxy.ts: 3ms, application-code: 13ms)
 GET /api/auth/organization/list 200 in 23ms (next.js: 8ms, proxy.ts: 3ms, application-code: 11ms)
 GET /reports 200 in 123ms (next.js: 7ms, proxy.ts: 4ms, application-code: 112ms)
 GET /api/auth/get-session 200 in 22ms (next.js: 3ms, proxy.ts: 3ms, application-code: 16ms)
 GET /api/auth/organization/list 200 in 26ms (next.js: 9ms, proxy.ts: 3ms, application-code: 13ms)
 GET /audit 200 in 131ms (next.js: 5ms, proxy.ts: 5ms, application-code: 121ms)
 GET /accounts 200 in 89ms (next.js: 1.8ms, proxy.ts: 2.0ms, application-code: 85ms)
 GET /api/auth/get-session 200 in 20ms (next.js: 4ms, proxy.ts: 3ms, application-code: 13ms)
 GET /api/auth/organization/list 200 in 23ms (next.js: 8ms, proxy.ts: 3ms, application-code: 11ms)
 GET /history 200 in 117ms (next.js: 4ms, proxy.ts: 5ms, application-code: 109ms)
 GET /api/auth/get-session 200 in 19ms (next.js: 3ms, proxy.ts: 3ms, application-code: 14ms)
 GET /api/auth/organization/list 200 in 21ms (next.js: 8ms, proxy.ts: 3ms, application-code: 11ms)
 GET /alerts 200 in 113ms (next.js: 5ms, proxy.ts: 4ms, application-code: 104ms)
 GET /api/auth/get-session 200 in 23ms (next.js: 5ms, proxy.ts: 3ms, application-code: 15ms)
 GET /api/auth/organization/list 200 in 25ms (next.js: 10ms, proxy.ts: 3ms, application-code: 12ms)
 GET /tasks 200 in 115ms (next.js: 3ms, proxy.ts: 5ms, application-code: 106ms)
 GET /api/auth/get-session 200 in 21ms (next.js: 6ms, proxy.ts: 2ms, application-code: 13ms)
 GET /api/auth/organization/list 200 in 23ms (next.js: 9ms, proxy.ts: 3ms, application-code: 11ms)
 GET /approvals 200 in 106ms (next.js: 5ms, proxy.ts: 5ms, application-code: 97ms)
 GET /api/auth/get-session 200 in 20ms (next.js: 4ms, proxy.ts: 3ms, application-code: 14ms)
 GET /api/auth/organization/list 200 in 22ms (next.js: 7ms, proxy.ts: 3ms, application-code: 12ms)
 GET /reports 200 in 115ms (next.js: 5ms, proxy.ts: 5ms, application-code: 105ms)
  ✓  18 [chromium] › e2e/prod-ready-local.spec.ts:203:9 › local production readiness regression journeys › grace permits stored views while hiding mutations (3.6s)
 GET /api/auth/get-session 200 in 17ms (next.js: 4ms, proxy.ts: 3ms, application-code: 10ms)
 GET /api/auth/organization/list 200 in 17ms (next.js: 9ms, proxy.ts: 3ms, application-code: 4ms)
⨯ Error [WorkspaceAccessRestrictedError]: Workspace access state does not allow: portfolio:read
    at requireWorkspacePermission (src/lib/workspace.ts:166:19)
    at async DashboardPage (src/app/(app)/dashboard/page.tsx:26:54)
  164 |   if (!decision.allowed && decision.reason === 'role') requirePermission(context.role, permission)
  165 |   if (!decision.allowed) {
> 166 |     const error = new Error(`Workspace access state does not allow: ${permission}`)
      |                   ^
  167 |     error.name = 'WorkspaceAccessRestrictedError'
  168 |     throw error
  169 |   } {
  digest: '592025440'
}
 GET /dashboard 307 in 79ms (next.js: 1.8ms, proxy.ts: 2ms, application-code: 75ms)
 GET /billing?notice=Your%20current%20access%20is%20limited%20to%20billing%20and%20stored%20data. 200 in 114ms (next.js: 4ms, proxy.ts: 2ms, application-code: 108ms)
⨯ Error [WorkspaceAccessRestrictedError]: Workspace access state does not allow: portfolio:read
    at requireWorkspacePermission (src/lib/workspace.ts:166:19)
    at async DashboardPage (src/app/(app)/dashboard/page.tsx:26:54)
  164 |   if (!decision.allowed && decision.reason === 'role') requirePermission(context.role, permission)
  165 |   if (!decision.allowed) {
> 166 |     const error = new Error(`Workspace access state does not allow: ${permission}`)
      |                   ^
  167 |     error.name = 'WorkspaceAccessRestrictedError'
  168 |     throw error
  169 |   } {
  digest: '592025440'
}
 GET /dashboard 307 in 68ms (next.js: 1.8ms, proxy.ts: 1.9ms, application-code: 64ms)
 GET /support?notice=Your%20current%20access%20is%20limited%20to%20billing%20and%20stored%20data. 200 in 82ms (next.js: 3ms, proxy.ts: 2.0ms, application-code: 77ms)
⨯ Error [PermissionDeniedError]: Permission required: portfolio:read
    at requirePermission (src/lib/permissions.ts:78:19)
    at requireWorkspacePermission (src/lib/workspace.ts:164:73)
    at async DashboardPage (src/app/(app)/dashboard/page.tsx:26:54)
  76 | export function requirePermission(role: WorkspaceRole, permission: Permission) {
  77 |   if (!rolePermissions[role].has(permission)) {
> 78 |     const error = new Error(`Permission required: ${permission}`)
     |                   ^
  79 |     error.name = 'PermissionDeniedError'
  80 |     throw error
  81 |   } {
  digest: '3442984682'
}
 GET /dashboard 307 in 73ms (next.js: 1.9ms, proxy.ts: 1.9ms, application-code: 70ms)
 GET /support?notice=Your%20current%20access%20is%20limited%20to%20billing%20and%20stored%20data. 200 in 81ms (next.js: 1.6ms, proxy.ts: 2ms, application-code: 77ms)
  ✓  19 [chromium] › e2e/prod-ready-local.spec.ts:218:9 › local production readiness regression journeys › suspended members have an accessible recovery destination without redirect loops (1.2s)
 GET /dashboard 200 in 121ms (next.js: 1.6ms, proxy.ts: 2ms, application-code: 117ms)
 GET /api/auth/get-session 200 in 21ms (next.js: 6ms, proxy.ts: 3ms, application-code: 12ms)
 GET /api/auth/organization/list 200 in 22ms (next.js: 10ms, proxy.ts: 3ms, application-code: 8ms)
 POST /dashboard 200 in 80ms (next.js: 2ms, proxy.ts: 2ms, application-code: 75ms)
  └─ ƒ setCookieConsent({}) in 1ms src/app/preferences-actions.ts
 GET /settings 200 in 66ms (next.js: 5ms, proxy.ts: 3ms, application-code: 58ms)
  ✓  20 [chromium] › e2e/prod-ready-local.spec.ts:230:11 › local production readiness regression journeys › full navigation and workspace selection work at 390px in fr (891ms)
 GET /dashboard 200 in 125ms (next.js: 1.8ms, proxy.ts: 2.0ms, application-code: 121ms)
 GET /api/auth/get-session 200 in 20ms (next.js: 6ms, proxy.ts: 3ms, application-code: 12ms)
 GET /api/auth/organization/list 200 in 22ms (next.js: 10ms, proxy.ts: 3ms, application-code: 9ms)
 POST /dashboard 200 in 65ms (next.js: 2ms, proxy.ts: 2ms, application-code: 60ms)
  └─ ƒ setCookieConsent({}) in 2ms src/app/preferences-actions.ts
 GET /settings 200 in 60ms (next.js: 2.0ms, proxy.ts: 2ms, application-code: 55ms)
  ✓  21 [chromium] › e2e/prod-ready-local.spec.ts:230:11 › local production readiness regression journeys › full navigation and workspace selection work at 768px in fr (772ms)
 GET /dashboard 200 in 119ms (next.js: 2ms, proxy.ts: 2ms, application-code: 114ms)
 GET /api/auth/get-session 200 in 20ms (next.js: 6ms, proxy.ts: 3ms, application-code: 11ms)
 GET /api/auth/organization/list 200 in 21ms (next.js: 10ms, proxy.ts: 3ms, application-code: 9ms)
 POST /dashboard 200 in 77ms (next.js: 1.9ms, proxy.ts: 3ms, application-code: 72ms)
  └─ ƒ setCookieConsent({}) in 8ms src/app/preferences-actions.ts
 GET /settings 200 in 55ms (next.js: 2ms, proxy.ts: 2ms, application-code: 50ms)
  ✓  22 [chromium] › e2e/prod-ready-local.spec.ts:230:11 › local production readiness regression journeys › full navigation and workspace selection work at 390px in en (787ms)
 GET /dashboard 200 in 130ms (next.js: 1.8ms, proxy.ts: 2ms, application-code: 126ms)
 GET /api/auth/get-session 200 in 24ms (next.js: 12ms, proxy.ts: 6ms, application-code: 6ms)
 GET /api/auth/organization/list 200 in 25ms (next.js: 8ms, proxy.ts: 3ms, application-code: 13ms)
 POST /dashboard 200 in 91ms (next.js: 4ms, proxy.ts: 4ms, application-code: 83ms)
  └─ ƒ setCookieConsent({}) in 2ms src/app/preferences-actions.ts
 GET /settings 200 in 71ms (next.js: 2ms, proxy.ts: 3ms, application-code: 66ms)
  ✓  23 [chromium] › e2e/prod-ready-local.spec.ts:230:11 › local production readiness regression journeys › full navigation and workspace selection work at 768px in en (925ms)
 GET /dashboard 200 in 126ms (next.js: 1.8ms, proxy.ts: 2ms, application-code: 122ms)
 GET /api/auth/get-session 200 in 22ms (next.js: 7ms, proxy.ts: 3ms, application-code: 12ms)
 GET /api/auth/organization/list 200 in 24ms (next.js: 11ms, proxy.ts: 3ms, application-code: 10ms)
 POST /dashboard 200 in 84ms (next.js: 3ms, proxy.ts: 3ms, application-code: 78ms)
  └─ ƒ setCookieConsent({}) in 8ms src/app/preferences-actions.ts
 POST /api/auth/organization/set-active 200 in 18ms (next.js: 7ms, proxy.ts: 2ms, application-code: 8ms)
⨯ Error [PermissionDeniedError]: Permission required: portfolio:read
    at requirePermission (src/lib/permissions.ts:78:19)
    at requireWorkspacePermission (src/lib/workspace.ts:164:73)
    at async DashboardPage (src/app/(app)/dashboard/page.tsx:26:54)
  76 | export function requirePermission(role: WorkspaceRole, permission: Permission) {
  77 |   if (!rolePermissions[role].has(permission)) {
> 78 |     const error = new Error(`Permission required: ${permission}`)
     |                   ^
  79 |     error.name = 'PermissionDeniedError'
  80 |     throw error
  81 |   } {
  digest: '3442984682'
}
 GET /api/auth/get-session 200 in 43ms (next.js: 23ms, proxy.ts: 10ms, application-code: 10ms)
 GET /dashboard 307 in 77ms (next.js: 1.8ms, proxy.ts: 1.6ms, application-code: 74ms)
 GET /support?error=Acc%C3%A8s%20non%20autoris%C3%A9 200 in 99ms (next.js: 1.9ms, proxy.ts: 4ms, application-code: 93ms)
 GET /api/auth/get-session 200 in 22ms (next.js: 4ms, proxy.ts: 4ms, application-code: 13ms)
 GET /api/auth/organization/list 200 in 24ms (next.js: 8ms, proxy.ts: 4ms, application-code: 13ms)
 POST /api/auth/organization/set-active 200 in 15ms (next.js: 5ms, proxy.ts: 3ms, application-code: 7ms)
 GET /api/auth/get-session 200 in 101ms (next.js: 70ms, proxy.ts: 11ms, application-code: 19ms)
 GET /dashboard 200 in 148ms (next.js: 1.6ms, proxy.ts: 1.8ms, application-code: 144ms)
 GET /api/auth/get-session 200 in 20ms (next.js: 10ms, proxy.ts: 4ms, application-code: 6ms)
 GET /api/auth/organization/list 200 in 21ms (next.js: 4ms, proxy.ts: 4ms, application-code: 13ms)
  ✓  24 [chromium] › e2e/prod-ready-local.spec.ts:255:9 › local production readiness regression journeys › workspace selection switches context and permissions on mobile (1.4s)
 GET /agents 200 in 152ms (next.js: 13ms, proxy.ts: 2ms, application-code: 137ms)
  ✓  25 [chromium] › e2e/prod-ready-local.spec.ts:273:9 › local production readiness regression journeys › analysts do not see monitoring controls denied by their role (446ms)
 GET / 200 in 76ms (next.js: 3ms, proxy.ts: 2ms, application-code: 70ms)
  ✓  26 [chromium] › e2e/public.spec.ts:3:5 › public landing exposes the product proposition and account creation (344ms)
 GET /dashboard 307 in 49ms (next.js: 2ms, proxy.ts: 2ms, application-code: 45ms)
 GET /sign-in 200 in 46ms (next.js: 5ms, proxy.ts: 1.9ms, application-code: 39ms)
  ✓  27 [chromium] › e2e/public.spec.ts:15:5 › authenticated areas redirect anonymous visitors to sign-in (169ms)
 GET /privacy 200 in 40ms (next.js: 3ms, proxy.ts: 2ms, application-code: 36ms)
 GET /terms 200 in 41ms (next.js: 4ms, proxy.ts: 3ms, application-code: 34ms)
  ✓  28 [chromium] › e2e/public.spec.ts:21:5 › privacy and terms pages are public (473ms)
 GET /subprocessors 200 in 41ms (next.js: 3ms, proxy.ts: 2ms, application-code: 36ms)
  ✓  29 [chromium] › e2e/public.spec.ts:28:5 › the subprocessor register and change-notice policy are public (281ms)
 GET / 200 in 86ms (next.js: 2ms, proxy.ts: 1.8ms, application-code: 83ms)
 GET /privacy 200 in 46ms (next.js: 1.9ms, proxy.ts: 4ms, application-code: 40ms)
  ✓  30 [chromium] › e2e/public.spec.ts:35:5 › the public product and legal surface honor the English locale (551ms)
 GET /status 200 in 52ms (next.js: 2ms, proxy.ts: 1.9ms, application-code: 48ms)
  ✓  31 [chromium] › e2e/public.spec.ts:46:5 › public status page never claims operational health when status storage is unavailable (293ms)

  31 passed (39.4s)
[?25h
{"ok":true,"cleaned":"local-browser-fixtures"}
