
> @yodev/ads@0.1.0 test:e2e:local
> node scripts/verify-local-browser.mjs --grep managed account selection

{"ok":true,"fixtureRoles":["owner","admin","strategist","analyst","client"],"foreignExportId":"80000000-0000-4000-8000-000000000003"}

> @yodev/ads@0.1.0 dev
> next dev --hostname 127.0.0.1 --port 3017

▲ Next.js 16.3.0 (Turbopack)
- Local:         http://127.0.0.1:3017
- Network:       http://127.0.0.1:3017
- Environments: .env.local
✓ Ready in 247ms
✓ Running next.config.ts took 353ms
- Experiments (use with caution):
  · clientTraceMetadata

 GET /sign-in 200 in 1548ms (next.js: 1079ms, proxy.ts: 175ms, application-code: 294ms)
 GET /sign-in 200 in 446ms (next.js: 19ms, proxy.ts: 8ms, application-code: 418ms)
 POST /api/auth/sign-in/email 200 in 1538ms (next.js: 1181ms, proxy.ts: 4ms, application-code: 353ms)
 POST /api/auth/sign-in/email 200 in 250ms (next.js: 8ms, proxy.ts: 6ms, application-code: 236ms)
 GET /icon?a62dacc6b033a714 200 in 169ms (next.js: 37ms, proxy.ts: 8ms, application-code: 123ms)
 POST /api/auth/sign-in/email 200 in 82ms (next.js: 4ms, proxy.ts: 3ms, application-code: 76ms)
 POST /api/auth/sign-in/email 200 in 88ms (next.js: 11ms, proxy.ts: 2ms, application-code: 75ms)
 POST /api/auth/sign-in/email 200 in 80ms (next.js: 4ms, proxy.ts: 3ms, application-code: 74ms)
 GET /dashboard 200 in 487ms (next.js: 215ms, proxy.ts: 2ms, application-code: 269ms)
 GET /settings 200 in 235ms (next.js: 28ms, proxy.ts: 4ms, application-code: 203ms)
 GET /billing 200 in 179ms (next.js: 29ms, proxy.ts: 2.0ms, application-code: 149ms)
 GET /support 200 in 156ms (next.js: 32ms, proxy.ts: 1.8ms, application-code: 122ms)
 GET /accounts 200 in 134ms (next.js: 13ms, proxy.ts: 2ms, application-code: 119ms)
 GET /history 200 in 132ms (next.js: 15ms, proxy.ts: 1.9ms, application-code: 115ms)
 GET /alerts 200 in 135ms (next.js: 26ms, proxy.ts: 1.9ms, application-code: 108ms)
 GET /tasks 200 in 192ms (next.js: 26ms, proxy.ts: 1.8ms, application-code: 165ms)
 GET /approvals 200 in 151ms (next.js: 42ms, proxy.ts: 2.0ms, application-code: 107ms)
 GET /reports 200 in 168ms (next.js: 41ms, proxy.ts: 1.7ms, application-code: 125ms)
 GET /audit 200 in 122ms (next.js: 20ms, proxy.ts: 1.8ms, application-code: 100ms)
 GET /agents 200 in 220ms (next.js: 42ms, proxy.ts: 1.8ms, application-code: 176ms)
 GET / 200 in 113ms (next.js: 16ms, proxy.ts: 1.8ms, application-code: 95ms)
 GET /privacy 200 in 49ms (next.js: 11ms, proxy.ts: 2ms, application-code: 36ms)
 GET /terms 200 in 44ms (next.js: 11ms, proxy.ts: 1.8ms, application-code: 32ms)
 GET /subprocessors 200 in 131ms (next.js: 45ms, proxy.ts: 1.9ms, application-code: 84ms)
 GET /status 200 in 84ms (next.js: 33ms, proxy.ts: 1.8ms, application-code: 50ms)
 GET /sign-in 200 in 32ms (next.js: 4ms, proxy.ts: 1.8ms, application-code: 26ms)
 GET /sign-up 200 in 307ms (next.js: 278ms, proxy.ts: 2ms, application-code: 27ms)
Local browser states ready in /var/folders/9h/sbxl7zl90j9_wc743xft5j8h0000gn/T/yodev-ads-browser-A76wqS

Running 2 tests using 1 worker

(node:79927) Warning: The 'NO_COLOR' env is ignored due to the 'FORCE_COLOR' env being set.
(Use `node --trace-warnings ...` to show where the warning was created)
 GET /billing 200 in 194ms (next.js: 1.7ms, proxy.ts: 1.9ms, application-code: 190ms)
 GET /api/auth/get-session 200 in 103ms (next.js: 56ms, proxy.ts: 12ms, application-code: 35ms)
 GET /api/auth/organization/list 200 in 108ms (next.js: 59ms, proxy.ts: 12ms, application-code: 38ms)
 GET /accounts 200 in 147ms (next.js: 1.7ms, proxy.ts: 2ms, application-code: 143ms)
 GET /api/auth/get-session 200 in 19ms (next.js: 3ms, proxy.ts: 3ms, application-code: 13ms)
 GET /api/auth/organization/list 200 in 20ms (next.js: 6ms, proxy.ts: 3ms, application-code: 12ms)
 POST /accounts 200 in 59ms (next.js: 1.7ms, proxy.ts: 3ms, application-code: 55ms)
  └─ ƒ setCookieConsent({}) in 2ms src/app/preferences-actions.ts
 GET /accounts?selection=saved 200 in 65ms (next.js: 2ms, proxy.ts: 2ms, application-code: 61ms)
 POST /accounts 200 in 90ms (next.js: 2.0ms, proxy.ts: 3ms, application-code: 86ms)
  └─ ƒ updateManagedAccounts({}) in 13ms src/app/account-selection-actions.ts
 GET /accounts?selection=saved 200 in 49ms (next.js: 1.8ms, proxy.ts: 1.9ms, application-code: 45ms)
 POST /accounts?selection=saved 200 in 74ms (next.js: 3ms, proxy.ts: 3ms, application-code: 67ms)
  └─ ƒ updateManagedAccounts({}) in 12ms src/app/account-selection-actions.ts
 GET /accounts?selection=conflict 200 in 57ms (next.js: 1.4ms, proxy.ts: 1.8ms, application-code: 54ms)
 POST /accounts?selection=saved 200 in 73ms (next.js: 1.8ms, proxy.ts: 2ms, application-code: 69ms)
  └─ ƒ updateManagedAccounts({}) in 7ms src/app/account-selection-actions.ts
 GET /accounts?selection=saved 200 in 48ms (next.js: 1.6ms, proxy.ts: 1.7ms, application-code: 45ms)
 POST /accounts?selection=conflict 200 in 66ms (next.js: 1.8ms, proxy.ts: 2ms, application-code: 62ms)
  └─ ƒ updateManagedAccounts({}) in 9ms src/app/account-selection-actions.ts
 GET /accounts 200 in 107ms (next.js: 1.6ms, proxy.ts: 2ms, application-code: 104ms)
  ✓  1 [chromium] › e2e/prod-ready-local.spec.ts:23:44 › local production readiness regression journeys › managed account selection preserves priorities and enforces quota in fr (2.6s)
 GET /billing 200 in 146ms (next.js: 1.7ms, proxy.ts: 1.9ms, application-code: 142ms)
 GET /api/auth/get-session 200 in 92ms (next.js: 57ms, proxy.ts: 11ms, application-code: 25ms)
 GET /api/auth/organization/list 200 in 96ms (next.js: 59ms, proxy.ts: 11ms, application-code: 26ms)
 GET /accounts 200 in 135ms (next.js: 1.8ms, proxy.ts: 2ms, application-code: 131ms)
 GET /api/auth/get-session 200 in 24ms (next.js: 4ms, proxy.ts: 10ms, application-code: 10ms)
 GET /api/auth/organization/list 200 in 25ms (next.js: 6ms, proxy.ts: 10ms, application-code: 9ms)
 POST /accounts 200 in 56ms (next.js: 3ms, proxy.ts: 4ms, application-code: 49ms)
  └─ ƒ setCookieConsent({}) in 2ms src/app/preferences-actions.ts
 GET /accounts?selection=saved 200 in 53ms (next.js: 1.7ms, proxy.ts: 1.8ms, application-code: 50ms)
 POST /accounts 200 in 73ms (next.js: 1.8ms, proxy.ts: 3ms, application-code: 68ms)
  └─ ƒ updateManagedAccounts({}) in 10ms src/app/account-selection-actions.ts
 GET /accounts?selection=saved 200 in 55ms (next.js: 1.7ms, proxy.ts: 8ms, application-code: 45ms)
 POST /accounts?selection=saved 200 in 76ms (next.js: 3ms, proxy.ts: 3ms, application-code: 70ms)
  └─ ƒ updateManagedAccounts({}) in 10ms src/app/account-selection-actions.ts
 GET /accounts?selection=conflict 200 in 50ms (next.js: 1.7ms, proxy.ts: 2ms, application-code: 46ms)
 POST /accounts?selection=saved 200 in 69ms (next.js: 2ms, proxy.ts: 3ms, application-code: 64ms)
  └─ ƒ updateManagedAccounts({}) in 8ms src/app/account-selection-actions.ts
 GET /accounts?selection=saved 200 in 56ms (next.js: 1.7ms, proxy.ts: 2.0ms, application-code: 53ms)
 POST /accounts?selection=conflict 200 in 77ms (next.js: 2ms, proxy.ts: 3ms, application-code: 72ms)
  └─ ƒ updateManagedAccounts({}) in 10ms src/app/account-selection-actions.ts
 GET /accounts 200 in 105ms (next.js: 1.6ms, proxy.ts: 3ms, application-code: 101ms)
  ✓  2 [chromium] › e2e/prod-ready-local.spec.ts:23:44 › local production readiness regression journeys › managed account selection preserves priorities and enforces quota in en (2.5s)

  2 passed (5.8s)
[?25h
{"ok":true,"cleaned":"local-browser-fixtures"}
