
> @yodev/ads@0.1.0 test:e2e:local
> node scripts/verify-local-browser.mjs --grep managed account selection

{"ok":true,"fixtureRoles":["owner","admin","strategist","analyst","client"],"foreignExportId":"80000000-0000-4000-8000-000000000003"}

> @yodev/ads@0.1.0 dev
> next dev --hostname 127.0.0.1 --port 3017

▲ Next.js 16.3.0 (Turbopack)
- Local:         http://127.0.0.1:3017
- Network:       http://127.0.0.1:3017
- Environments: .env.local
✓ Ready in 531ms
✓ Running next.config.ts took 669ms
- Experiments (use with caution):
  · clientTraceMetadata

 GET /sign-in 200 in 1745ms (next.js: 1279ms, proxy.ts: 160ms, application-code: 306ms)
 GET /sign-in 200 in 94ms (next.js: 17ms, proxy.ts: 8ms, application-code: 68ms)
 POST /api/auth/sign-in/email 200 in 1346ms (next.js: 1109ms, proxy.ts: 4ms, application-code: 232ms)
 GET /icon?a62dacc6b033a714 200 in 158ms (next.js: 26ms, proxy.ts: 8ms, application-code: 124ms)
 POST /api/auth/sign-in/email 200 in 225ms (next.js: 81ms, proxy.ts: 66ms, application-code: 78ms)
 POST /api/auth/sign-in/email 200 in 81ms (next.js: 3ms, proxy.ts: 2ms, application-code: 75ms)
 POST /api/auth/sign-in/email 200 in 90ms (next.js: 12ms, proxy.ts: 2ms, application-code: 76ms)
 POST /api/auth/sign-in/email 200 in 81ms (next.js: 2ms, proxy.ts: 3ms, application-code: 76ms)
 GET /dashboard 200 in 472ms (next.js: 199ms, proxy.ts: 3ms, application-code: 269ms)
 GET /settings 200 in 233ms (next.js: 29ms, proxy.ts: 4ms, application-code: 199ms)
 GET /billing 200 in 177ms (next.js: 25ms, proxy.ts: 2.0ms, application-code: 151ms)
 GET /support 200 in 162ms (next.js: 27ms, proxy.ts: 1.7ms, application-code: 134ms)
 GET /accounts 200 in 129ms (next.js: 14ms, proxy.ts: 1.9ms, application-code: 114ms)
 GET /history 200 in 132ms (next.js: 14ms, proxy.ts: 1.9ms, application-code: 116ms)
 GET /alerts 200 in 136ms (next.js: 27ms, proxy.ts: 1.9ms, application-code: 107ms)
 GET /tasks 200 in 158ms (next.js: 26ms, proxy.ts: 1.8ms, application-code: 130ms)
 GET /approvals 200 in 151ms (next.js: 30ms, proxy.ts: 1.9ms, application-code: 119ms)
 GET /reports 200 in 172ms (next.js: 29ms, proxy.ts: 1.8ms, application-code: 141ms)
 GET /audit 200 in 135ms (next.js: 21ms, proxy.ts: 2ms, application-code: 112ms)
 GET /agents 200 in 195ms (next.js: 31ms, proxy.ts: 1.9ms, application-code: 162ms)
 GET / 200 in 88ms (next.js: 15ms, proxy.ts: 1.9ms, application-code: 71ms)
 GET /privacy 200 in 47ms (next.js: 11ms, proxy.ts: 1.7ms, application-code: 35ms)
 GET /terms 200 in 50ms (next.js: 12ms, proxy.ts: 1.9ms, application-code: 37ms)
 GET /subprocessors 200 in 87ms (next.js: 30ms, proxy.ts: 2.0ms, application-code: 55ms)
 GET /status 200 in 79ms (next.js: 27ms, proxy.ts: 1.9ms, application-code: 50ms)
 GET /sign-in 200 in 34ms (next.js: 4ms, proxy.ts: 2ms, application-code: 27ms)
 GET /sign-up 200 in 310ms (next.js: 272ms, proxy.ts: 1.9ms, application-code: 36ms)
Local browser states ready in /var/folders/9h/sbxl7zl90j9_wc743xft5j8h0000gn/T/yodev-ads-browser-ECNFFQ

Running 2 tests using 1 worker

(node:70537) Warning: The 'NO_COLOR' env is ignored due to the 'FORCE_COLOR' env being set.
(Use `node --trace-warnings ...` to show where the warning was created)
 GET /billing 200 in 164ms (next.js: 2.0ms, proxy.ts: 2ms, application-code: 160ms)
 GET /api/auth/get-session 200 in 119ms (next.js: 56ms, proxy.ts: 25ms, application-code: 38ms)
 GET /api/auth/organization/list 200 in 111ms (next.js: 67ms, proxy.ts: 13ms, application-code: 31ms)
 GET /accounts 200 in 158ms (next.js: 1.9ms, proxy.ts: 3ms, application-code: 154ms)
 GET /api/auth/get-session 200 in 19ms (next.js: 3ms, proxy.ts: 2ms, application-code: 13ms)
 GET /api/auth/organization/list 200 in 20ms (next.js: 6ms, proxy.ts: 3ms, application-code: 12ms)
 POST /accounts 200 in 86ms (next.js: 3ms, proxy.ts: 5ms, application-code: 78ms)
  └─ ƒ setCookieConsent({}) in 3ms src/app/preferences-actions.ts
 GET /accounts?selection=saved 200 in 53ms (next.js: 1.7ms, proxy.ts: 2ms, application-code: 49ms)
 POST /accounts 200 in 80ms (next.js: 2ms, proxy.ts: 3ms, application-code: 75ms)
  └─ ƒ updateManagedAccounts({}) in 13ms src/app/account-selection-actions.ts
 POST /accounts?selection=saved 200 in 12ms (next.js: 2.0ms, proxy.ts: 3ms, application-code: 7ms)
  ✘  1 [chromium] › e2e/prod-ready-local.spec.ts:23:44 › local production readiness regression journeys › managed account selection preserves priorities and enforces quota in fr (1.7s)
  -  2 [chromium] › e2e/prod-ready-local.spec.ts:23:44 › local production readiness regression journeys › managed account selection preserves priorities and enforces quota in en


  1) [chromium] › e2e/prod-ready-local.spec.ts:23:44 › local production readiness regression journeys › managed account selection preserves priorities and enforces quota in fr 

    Error: expect(received).toBe(expected) // Object.is equality

    Expected: "3"
    Received: "4"

      46 |         await page.getByRole('button', { name: locale === 'en' ? 'Save selection' : 'Enregistrer la sélection', exact: true }).click()
      47 |         await expect(page.getByText(locale === 'en' ? 'Selection saved.' : 'Sélection enregistrée.', { exact: true })).toBeVisible()
    > 48 |         expect((await db.query('select count(*) from clients where workspace_id=$1 and managed_selected and not is_manager', [workspaceId])).rows[0].count).toBe('3')
         |                                                                                                                                                             ^
      49 |         // A concurrent administrator changes the effective plan after this page loaded.
      50 |         await db.query('update workspaces set plan=$1 where id=$2', ['studio', workspaceId])
      51 |         await page.getByRole('button', { name: locale === 'en' ? 'Save selection' : 'Enregistrer la sélection', exact: true }).click()
        at /Users/yoannandrieux/Projets/yodev-ads/web/e2e/prod-ready-local.spec.ts:48:157

    Error Context: test-results/prod-ready-local-local-pro-aa7aa-es-and-enforces-quota-in-fr-chromium/error-context.md

    Error Context: test-results/prod-ready-local-local-pro-aa7aa-es-and-enforces-quota-in-fr-chromium/error-context.md

  1 failed
    [chromium] › e2e/prod-ready-local.spec.ts:23:44 › local production readiness regression journeys › managed account selection preserves priorities and enforces quota in fr 
  1 did not run
 GET /accounts?selection=saved 200 in 73ms (next.js: 1.7ms, proxy.ts: 2ms, application-code: 69ms)
[?25h
{"ok":true,"cleaned":"local-browser-fixtures"}
