
> @yodev/ads@0.1.0 test:e2e:local
> node scripts/verify-local-browser.mjs

{"ok":true,"fixtureRoles":["owner","admin","strategist","analyst","client"],"foreignExportId":"80000000-0000-4000-8000-000000000003"}

> @yodev/ads@0.1.0 dev
> next dev --hostname 127.0.0.1 --port 3017

▲ Next.js 16.3.0 (Turbopack)
- Local:         http://127.0.0.1:3017
- Network:       http://127.0.0.1:3017
- Environments: .env.local
✓ Ready in 263ms
✓ Running next.config.ts took 349ms
- Experiments (use with caution):
  · clientTraceMetadata

 GET /sign-in 200 in 1381ms (next.js: 872ms, proxy.ts: 214ms, application-code: 295ms)
 POST /api/auth/sign-in/email 200 in 908ms (next.js: 741ms, proxy.ts: 4ms, application-code: 163ms)
 POST /api/auth/sign-in/email 200 in 84ms (next.js: 4ms, proxy.ts: 3ms, application-code: 78ms)
 POST /api/auth/sign-in/email 200 in 81ms (next.js: 3ms, proxy.ts: 2ms, application-code: 76ms)
 POST /api/auth/sign-in/email 200 in 75ms (next.js: 2ms, proxy.ts: 2ms, application-code: 71ms)
 POST /api/auth/sign-in/email 200 in 76ms (next.js: 1.7ms, proxy.ts: 2ms, application-code: 72ms)
 GET /dashboard 200 in 514ms (next.js: 179ms, proxy.ts: 2ms, application-code: 332ms)
 GET /settings 200 in 257ms (next.js: 30ms, proxy.ts: 5ms, application-code: 222ms)
 GET /billing 200 in 184ms (next.js: 28ms, proxy.ts: 1.9ms, application-code: 154ms)
 GET /support 200 in 187ms (next.js: 29ms, proxy.ts: 2ms, application-code: 156ms)
 GET /accounts 200 in 194ms (next.js: 22ms, proxy.ts: 3ms, application-code: 168ms)
 GET /history 200 in 156ms (next.js: 25ms, proxy.ts: 3ms, application-code: 128ms)
 GET /alerts 200 in 251ms (next.js: 47ms, proxy.ts: 1.7ms, application-code: 203ms)
 GET /tasks 200 in 382ms (next.js: 78ms, proxy.ts: 10ms, application-code: 294ms)
 GET /sign-in 200 in 125ms (next.js: 54ms, proxy.ts: 25ms, application-code: 46ms)
 GET /approvals 200 in 229ms (next.js: 68ms, proxy.ts: 4ms, application-code: 157ms)
 GET /reports 200 in 282ms (next.js: 55ms, proxy.ts: 6ms, application-code: 221ms)
 GET /icon?a62dacc6b033a714 200 in 195ms (next.js: 72ms, proxy.ts: 32ms, application-code: 92ms)
 GET /audit 200 in 279ms (next.js: 31ms, proxy.ts: 3ms, application-code: 246ms)
 GET /agents 200 in 206ms (next.js: 33ms, proxy.ts: 2ms, application-code: 171ms)
 GET / 200 in 87ms (next.js: 12ms, proxy.ts: 1.9ms, application-code: 73ms)
 GET /privacy 200 in 45ms (next.js: 9ms, proxy.ts: 1.7ms, application-code: 35ms)
 GET /terms 200 in 41ms (next.js: 8ms, proxy.ts: 1.9ms, application-code: 31ms)
 GET /subprocessors 200 in 88ms (next.js: 25ms, proxy.ts: 1.7ms, application-code: 61ms)
 GET /status 200 in 72ms (next.js: 22ms, proxy.ts: 1.7ms, application-code: 48ms)
 GET /sign-in 200 in 35ms (next.js: 8ms, proxy.ts: 1.8ms, application-code: 26ms)
 GET /sign-up 200 in 331ms (next.js: 296ms, proxy.ts: 2ms, application-code: 33ms)
Local browser states ready in /var/folders/9h/sbxl7zl90j9_wc743xft5j8h0000gn/T/yodev-ads-browser-rKkJ07

Running 35 tests using 1 worker

(node:73301) Warning: The 'NO_COLOR' env is ignored due to the 'FORCE_COLOR' env being set.
(Use `node --trace-warnings ...` to show where the warning was created)
 GET /dashboard 200 in 110ms (next.js: 1.9ms, proxy.ts: 1.9ms, application-code: 107ms)
 GET /api/auth/get-session 200 in 168ms (next.js: 55ms, proxy.ts: 29ms, application-code: 83ms)
 GET /api/auth/organization/list 200 in 178ms (next.js: 67ms, proxy.ts: 12ms, application-code: 99ms)
 GET /settings 200 in 234ms (next.js: 2ms, proxy.ts: 2.0ms, application-code: 230ms)
 GET /api/auth/get-session 200 in 111ms (next.js: 16ms, proxy.ts: 27ms, application-code: 68ms)
 GET /api/auth/organization/list 200 in 161ms (next.js: 61ms, proxy.ts: 26ms, application-code: 74ms)
 GET /billing 200 in 196ms (next.js: 2ms, proxy.ts: 2ms, application-code: 192ms)
 GET /api/auth/get-session 200 in 80ms (next.js: 58ms, proxy.ts: 11ms, application-code: 10ms)
 GET /api/auth/organization/list 200 in 82ms (next.js: 61ms, proxy.ts: 11ms, application-code: 10ms)
 GET /support 200 in 160ms (next.js: 1.9ms, proxy.ts: 3ms, application-code: 156ms)
  ✓   1 [chromium] › e2e/authenticated-rbac.spec.ts:55:9 › authenticated five-role route matrix › owner has only its server-authorized product surface (1.6s)
 GET /dashboard 200 in 109ms (next.js: 1.7ms, proxy.ts: 2ms, application-code: 105ms)
 GET /api/auth/get-session 200 in 172ms (next.js: 61ms, proxy.ts: 31ms, application-code: 80ms)
 GET /api/auth/organization/list 200 in 185ms (next.js: 70ms, proxy.ts: 31ms, application-code: 85ms)
 GET /settings 200 in 214ms (next.js: 3ms, proxy.ts: 2ms, application-code: 209ms)
 GET /api/auth/get-session 200 in 105ms (next.js: 56ms, proxy.ts: 12ms, application-code: 37ms)
 GET /api/auth/organization/list 200 in 108ms (next.js: 58ms, proxy.ts: 11ms, application-code: 38ms)
 GET /support 200 in 155ms (next.js: 1.6ms, proxy.ts: 3ms, application-code: 151ms)
⨯ Error [PermissionDeniedError]: Permission required: billing:manage
    at requirePermission (src/lib/permissions.ts:78:19)
    at requireWorkspacePermission (src/lib/workspace.ts:164:73)
    at async BillingPage (src/app/(app)/billing/page.tsx:23:40)
  76 | export function requirePermission(role: WorkspaceRole, permission: Permission) {
  77 |   if (!rolePermissions[role].has(permission)) {
> 78 |     const error = new Error(`Permission required: ${permission}`)
     |                   ^
  79 |     error.name = 'PermissionDeniedError'
  80 |     throw error
  81 |   } {
  digest: '4155892914'
}
 GET /api/auth/get-session 200 in 79ms (next.js: 32ms, proxy.ts: 22ms, application-code: 25ms)
 GET /api/auth/organization/list 200 in 86ms (next.js: 35ms, proxy.ts: 22ms, application-code: 29ms)
 GET /billing 307 in 118ms (next.js: 1.8ms, proxy.ts: 2ms, application-code: 114ms)
 GET /support?error=Acc%C3%A8s%20non%20autoris%C3%A9 200 in 164ms (next.js: 5ms, proxy.ts: 9ms, application-code: 150ms)
  ✓   2 [chromium] › e2e/authenticated-rbac.spec.ts:55:9 › authenticated five-role route matrix › admin has only its server-authorized product surface (1.4s)
 GET /dashboard 200 in 106ms (next.js: 1.8ms, proxy.ts: 2ms, application-code: 102ms)
 GET /api/auth/get-session 200 in 122ms (next.js: 49ms, proxy.ts: 23ms, application-code: 49ms)
 GET /api/auth/organization/list 200 in 121ms (next.js: 55ms, proxy.ts: 23ms, application-code: 43ms)
 GET /tasks 200 in 154ms (next.js: 2ms, proxy.ts: 2ms, application-code: 150ms)
 GET /api/auth/get-session 200 in 115ms (next.js: 47ms, proxy.ts: 23ms, application-code: 45ms)
 GET /api/auth/organization/list 200 in 114ms (next.js: 53ms, proxy.ts: 23ms, application-code: 38ms)
 GET /support 200 in 151ms (next.js: 8ms, proxy.ts: 2ms, application-code: 141ms)
 GET /api/auth/get-session 200 in 84ms (next.js: 18ms, proxy.ts: 17ms, application-code: 49ms)
 GET /api/auth/organization/list 200 in 96ms (next.js: 19ms, proxy.ts: 18ms, application-code: 59ms)
⨯ Error [PermissionDeniedError]: Permission required: workspace:admin
    at requirePermission (src/lib/permissions.ts:78:19)
    at requireWorkspacePermission (src/lib/workspace.ts:164:73)
    at async SettingsPage (src/app/(app)/settings/page.tsx:51:57)
  76 | export function requirePermission(role: WorkspaceRole, permission: Permission) {
  77 |   if (!rolePermissions[role].has(permission)) {
> 78 |     const error = new Error(`Permission required: ${permission}`)
     |                   ^
  79 |     error.name = 'PermissionDeniedError'
  80 |     throw error
  81 |   } {
  digest: '4214900939'
}
 GET /settings 307 in 108ms (next.js: 3ms, proxy.ts: 15ms, application-code: 90ms)
 GET /support?error=Acc%C3%A8s%20non%20autoris%C3%A9 200 in 133ms (next.js: 1.8ms, proxy.ts: 3ms, application-code: 129ms)
 GET /api/auth/get-session 200 in 60ms (next.js: 43ms, proxy.ts: 3ms, application-code: 14ms)
⨯ Error [PermissionDeniedError]: Permission required: billing:manage
    at requirePermission (src/lib/permissions.ts:78:19)
    at requireWorkspacePermission (src/lib/workspace.ts:164:73)
    at async BillingPage (src/app/(app)/billing/page.tsx:23:40)
  76 | export function requirePermission(role: WorkspaceRole, permission: Permission) {
  77 |   if (!rolePermissions[role].has(permission)) {
> 78 |     const error = new Error(`Permission required: ${permission}`)
     |                   ^
  79 |     error.name = 'PermissionDeniedError'
  80 |     throw error
  81 |   } {
  digest: '4155892914'
}
 GET /api/auth/organization/list 200 in 82ms (next.js: 45ms, proxy.ts: 4ms, application-code: 33ms)
 GET /billing 307 in 90ms (next.js: 3ms, proxy.ts: 3ms, application-code: 84ms)
 GET /support?error=Acc%C3%A8s%20non%20autoris%C3%A9 200 in 127ms (next.js: 2ms, proxy.ts: 1.6ms, application-code: 123ms)
  ✓   3 [chromium] › e2e/authenticated-rbac.spec.ts:55:9 › authenticated five-role route matrix › strategist has only its server-authorized product surface (1.7s)
 GET /dashboard 200 in 110ms (next.js: 1.6ms, proxy.ts: 1.9ms, application-code: 107ms)
 GET /api/auth/get-session 200 in 125ms (next.js: 18ms, proxy.ts: 24ms, application-code: 83ms)
 GET /api/auth/organization/list 200 in 124ms (next.js: 53ms, proxy.ts: 22ms, application-code: 49ms)
 GET /reports 200 in 158ms (next.js: 2ms, proxy.ts: 2ms, application-code: 153ms)
 GET /api/auth/get-session 200 in 116ms (next.js: 49ms, proxy.ts: 25ms, application-code: 42ms)
 GET /api/auth/organization/list 200 in 115ms (next.js: 53ms, proxy.ts: 25ms, application-code: 36ms)
 GET /support 200 in 154ms (next.js: 8ms, proxy.ts: 2ms, application-code: 143ms)
⨯ Error [PermissionDeniedError]: Permission required: workspace:admin
    at requirePermission (src/lib/permissions.ts:78:19)
    at requireWorkspacePermission (src/lib/workspace.ts:164:73)
    at async SettingsPage (src/app/(app)/settings/page.tsx:51:57)
  76 | export function requirePermission(role: WorkspaceRole, permission: Permission) {
  77 |   if (!rolePermissions[role].has(permission)) {
> 78 |     const error = new Error(`Permission required: ${permission}`)
     |                   ^
  79 |     error.name = 'PermissionDeniedError'
  80 |     throw error
  81 |   } {
  digest: '4214900939'
}
 GET /api/auth/get-session 200 in 95ms (next.js: 25ms, proxy.ts: 35ms, application-code: 35ms)
 GET /api/auth/organization/list 200 in 103ms (next.js: 29ms, proxy.ts: 36ms, application-code: 39ms)
 GET /settings 307 in 114ms (next.js: 5ms, proxy.ts: 4ms, application-code: 105ms)
 GET /support?error=Acc%C3%A8s%20non%20autoris%C3%A9 200 in 140ms (next.js: 11ms, proxy.ts: 3ms, application-code: 127ms)
⨯ Error [PermissionDeniedError]: Permission required: billing:manage
    at requirePermission (src/lib/permissions.ts:78:19)
    at requireWorkspacePermission (src/lib/workspace.ts:164:73)
    at async BillingPage (src/app/(app)/billing/page.tsx:23:40)
  76 | export function requirePermission(role: WorkspaceRole, permission: Permission) {
  77 |   if (!rolePermissions[role].has(permission)) {
> 78 |     const error = new Error(`Permission required: ${permission}`)
     |                   ^
  79 |     error.name = 'PermissionDeniedError'
  80 |     throw error
  81 |   } {
  digest: '4155892914'
}
 GET /api/auth/get-session 200 in 69ms (next.js: 22ms, proxy.ts: 26ms, application-code: 21ms)
 GET /api/auth/organization/list 200 in 66ms (next.js: 30ms, proxy.ts: 24ms, application-code: 12ms)
 GET /billing 307 in 91ms (next.js: 1.7ms, proxy.ts: 2ms, application-code: 87ms)
 GET /support?error=Acc%C3%A8s%20non%20autoris%C3%A9 200 in 140ms (next.js: 4ms, proxy.ts: 4ms, application-code: 132ms)
  ✓   4 [chromium] › e2e/authenticated-rbac.spec.ts:55:9 › authenticated five-role route matrix › analyst has only its server-authorized product surface (1.7s)
 GET /support 200 in 90ms (next.js: 2.0ms, proxy.ts: 1.9ms, application-code: 86ms)
⨯ Error [PermissionDeniedError]: Permission required: portfolio:read
    at requirePermission (src/lib/permissions.ts:78:19)
    at requireWorkspacePermission (src/lib/workspace.ts:164:73)
    at async DashboardPage (src/app/(app)/dashboard/page.tsx:26:54)
  76 | export function requirePermission(role: WorkspaceRole, permission: Permission) {
  77 |   if (!rolePermissions[role].has(permission)) {
> 78 |     const error = new Error(`Permission required: ${permission}`)
     |                   ^
  79 |     error.name = 'PermissionDeniedError'
  80 |     throw error
  81 |   } {
  digest: '4272678566'
}
 GET /api/auth/get-session 200 in 78ms (next.js: 45ms, proxy.ts: 4ms, application-code: 30ms)
 GET /api/auth/organization/list 200 in 92ms (next.js: 47ms, proxy.ts: 5ms, application-code: 40ms)
 GET /dashboard 307 in 99ms (next.js: 4ms, proxy.ts: 4ms, application-code: 91ms)
 GET /support?error=Acc%C3%A8s%20non%20autoris%C3%A9 200 in 102ms (next.js: 2ms, proxy.ts: 3ms, application-code: 97ms)
⨯ Error [PermissionDeniedError]: Permission required: workspace:admin
    at requirePermission (src/lib/permissions.ts:78:19)
    at requireWorkspacePermission (src/lib/workspace.ts:164:73)
    at async SettingsPage (src/app/(app)/settings/page.tsx:51:57)
  76 | export function requirePermission(role: WorkspaceRole, permission: Permission) {
  77 |   if (!rolePermissions[role].has(permission)) {
> 78 |     const error = new Error(`Permission required: ${permission}`)
     |                   ^
  79 |     error.name = 'PermissionDeniedError'
  80 |     throw error
  81 |   } {
  digest: '4214900939'
}
 GET /api/auth/get-session 200 in 66ms (next.js: 38ms, proxy.ts: 4ms, application-code: 24ms)
 GET /api/auth/organization/list 200 in 81ms (next.js: 44ms, proxy.ts: 4ms, application-code: 32ms)
 GET /settings 307 in 89ms (next.js: 4ms, proxy.ts: 4ms, application-code: 82ms)
 GET /support?error=Acc%C3%A8s%20non%20autoris%C3%A9 200 in 97ms (next.js: 2ms, proxy.ts: 1.8ms, application-code: 93ms)
 GET /api/auth/get-session 200 in 63ms (next.js: 25ms, proxy.ts: 6ms, application-code: 32ms)
⨯ Error [PermissionDeniedError]: Permission required: billing:manage
    at requirePermission (src/lib/permissions.ts:78:19)
    at requireWorkspacePermission (src/lib/workspace.ts:164:73)
    at async BillingPage (src/app/(app)/billing/page.tsx:23:40)
  76 | export function requirePermission(role: WorkspaceRole, permission: Permission) {
  77 |   if (!rolePermissions[role].has(permission)) {
> 78 |     const error = new Error(`Permission required: ${permission}`)
     |                   ^
  79 |     error.name = 'PermissionDeniedError'
  80 |     throw error
  81 |   } {
  digest: '4155892914'
}
 GET /api/auth/organization/list 200 in 78ms (next.js: 43ms, proxy.ts: 6ms, application-code: 29ms)
 GET /billing 307 in 92ms (next.js: 3ms, proxy.ts: 5ms, application-code: 83ms)
 GET /support?error=Acc%C3%A8s%20non%20autoris%C3%A9 200 in 109ms (next.js: 2ms, proxy.ts: 1.7ms, application-code: 105ms)
  ✓   5 [chromium] › e2e/authenticated-rbac.spec.ts:55:9 › authenticated five-role route matrix › client has only its server-authorized product surface (1.4s)
 GET /api/exports/80000000-0000-4000-8000-000000000003 404 in 1643ms (next.js: 1600ms, proxy.ts: 2ms, application-code: 40ms)
  ✓   6 [chromium] › e2e/authenticated-rbac.spec.ts:75:9 › authenticated five-role route matrix › owner cannot cross the direct export API boundary (2.0s)
 GET /api/exports/80000000-0000-4000-8000-000000000003 403 in 14ms (next.js: 4ms, proxy.ts: 2ms, application-code: 7ms)
  ✓   7 [chromium] › e2e/authenticated-rbac.spec.ts:75:9 › authenticated five-role route matrix › admin cannot cross the direct export API boundary (69ms)
 GET /api/exports/80000000-0000-4000-8000-000000000003 403 in 14ms (next.js: 3ms, proxy.ts: 3ms, application-code: 9ms)
  ✓   8 [chromium] › e2e/authenticated-rbac.spec.ts:75:9 › authenticated five-role route matrix › strategist cannot cross the direct export API boundary (60ms)
 GET /api/exports/80000000-0000-4000-8000-000000000003 403 in 16ms (next.js: 3ms, proxy.ts: 3ms, application-code: 10ms)
  ✓   9 [chromium] › e2e/authenticated-rbac.spec.ts:75:9 › authenticated five-role route matrix › analyst cannot cross the direct export API boundary (61ms)
 GET /api/exports/80000000-0000-4000-8000-000000000003 403 in 61ms (next.js: 3ms, proxy.ts: 3ms, application-code: 55ms)
  ✓  10 [chromium] › e2e/authenticated-rbac.spec.ts:75:9 › authenticated five-role route matrix › client cannot cross the direct export API boundary (112ms)
 GET /settings 200 in 356ms (next.js: 9ms, proxy.ts: 4ms, application-code: 342ms)
 GET /api/auth/get-session 200 in 19ms (next.js: 5ms, proxy.ts: 3ms, application-code: 11ms)
 GET /api/auth/organization/list 200 in 21ms (next.js: 9ms, proxy.ts: 3ms, application-code: 9ms)
 POST /settings 200 in 78ms (next.js: 1.8ms, proxy.ts: 3ms, application-code: 73ms)
  └─ ƒ updateWorkspaceLocale({}) in 16ms src/app/actions.ts
 GET /settings?notice=Langue+de+l%E2%80%99espace+mise+%C3%A0+jour. 200 in 94ms (next.js: 3ms, proxy.ts: 4ms, application-code: 87ms)
 GET /settings?notice=Langue+de+l%E2%80%99espace+mise+%C3%A0+jour. 200 in 78ms (next.js: 1.8ms, proxy.ts: 1.8ms, application-code: 75ms)
 POST /settings 200 in 123ms (next.js: 13ms, proxy.ts: 17ms, application-code: 93ms)
  └─ ƒ updateWorkspaceLocale({}) in 10ms src/app/actions.ts
 GET /settings?notice=Langue+de+l%E2%80%99espace+mise+%C3%A0+jour. 200 in 68ms (next.js: 1.5ms, proxy.ts: 1.5ms, application-code: 65ms)
 POST /settings 200 in 84ms (next.js: 1.6ms, proxy.ts: 2ms, application-code: 80ms)
  └─ ƒ updateWorkspaceLocale({}) in 8ms src/app/actions.ts
⨯ Error [PermissionDeniedError]: Permission required: workspace:admin
    at requirePermission (src/lib/permissions.ts:78:19)
    at requireWorkspacePermission (src/lib/workspace.ts:164:73)
    at async SettingsPage (src/app/(app)/settings/page.tsx:51:57)
  76 | export function requirePermission(role: WorkspaceRole, permission: Permission) {
  77 |   if (!rolePermissions[role].has(permission)) {
> 78 |     const error = new Error(`Permission required: ${permission}`)
     |                   ^
  79 |     error.name = 'PermissionDeniedError'
  80 |     throw error
  81 |   } {
  digest: '4214900939'
}
 GET /settings?error=Permission+required%3A+workspace%3Aadmin 200 in 42ms (next.js: 1.8ms, proxy.ts: 1.5ms, application-code: 39ms)
 POST /settings 200 in 56ms (next.js: 1.9ms, proxy.ts: 2ms, application-code: 52ms)
  └─ ƒ updateWorkspaceLocale({}) in 5ms src/app/actions.ts
⨯ Error [PermissionDeniedError]: Permission required: workspace:admin
    at requirePermission (src/lib/permissions.ts:78:19)
    at requireWorkspacePermission (src/lib/workspace.ts:164:73)
    at async SettingsPage (src/app/(app)/settings/page.tsx:51:57)
  76 | export function requirePermission(role: WorkspaceRole, permission: Permission) {
  77 |   if (!rolePermissions[role].has(permission)) {
> 78 |     const error = new Error(`Permission required: ${permission}`)
     |                   ^
  79 |     error.name = 'PermissionDeniedError'
  80 |     throw error
  81 |   } {
  digest: '4214900939'
}
 GET /settings?error=Permission+required%3A+workspace%3Aadmin 200 in 43ms (next.js: 1.7ms, proxy.ts: 1.8ms, application-code: 40ms)
 POST /settings 200 in 63ms (next.js: 2ms, proxy.ts: 2.0ms, application-code: 59ms)
  └─ ƒ updateWorkspaceLocale({}) in 11ms src/app/actions.ts
⨯ Error [PermissionDeniedError]: Permission required: workspace:admin
    at requirePermission (src/lib/permissions.ts:78:19)
    at requireWorkspacePermission (src/lib/workspace.ts:164:73)
    at async SettingsPage (src/app/(app)/settings/page.tsx:51:57)
  76 | export function requirePermission(role: WorkspaceRole, permission: Permission) {
  77 |   if (!rolePermissions[role].has(permission)) {
> 78 |     const error = new Error(`Permission required: ${permission}`)
     |                   ^
  79 |     error.name = 'PermissionDeniedError'
  80 |     throw error
  81 |   } {
  digest: '4214900939'
}
 GET /settings?error=Permission+required%3A+workspace%3Aadmin 200 in 42ms (next.js: 1.5ms, proxy.ts: 1.6ms, application-code: 38ms)
 POST /settings 200 in 53ms (next.js: 1.7ms, proxy.ts: 1.9ms, application-code: 50ms)
  └─ ƒ updateWorkspaceLocale({}) in 5ms src/app/actions.ts
  ✓  11 [chromium] › e2e/authenticated-rbac.spec.ts:93:7 › authenticated Server Action authorization matrix › re-authorizes workspace administration for every session (1.2s)
 GET /billing 200 in 146ms (next.js: 1.8ms, proxy.ts: 2ms, application-code: 142ms)
 GET /api/auth/get-session 200 in 118ms (next.js: 54ms, proxy.ts: 25ms, application-code: 40ms)
 GET /api/auth/organization/list 200 in 126ms (next.js: 70ms, proxy.ts: 25ms, application-code: 31ms)
 GET /accounts 200 in 156ms (next.js: 3ms, proxy.ts: 3ms, application-code: 150ms)
 GET /api/auth/get-session 200 in 16ms (next.js: 3ms, proxy.ts: 2ms, application-code: 11ms)
 GET /api/auth/organization/list 200 in 18ms (next.js: 6ms, proxy.ts: 2ms, application-code: 9ms)
 POST /accounts 200 in 55ms (next.js: 1.9ms, proxy.ts: 2ms, application-code: 51ms)
  └─ ƒ setCookieConsent({}) in 2ms src/app/preferences-actions.ts
 GET /accounts?selection=saved 200 in 68ms (next.js: 1.9ms, proxy.ts: 1.7ms, application-code: 64ms)
 POST /accounts 200 in 90ms (next.js: 1.9ms, proxy.ts: 2ms, application-code: 86ms)
  └─ ƒ updateManagedAccounts({}) in 12ms src/app/account-selection-actions.ts
 GET /accounts?selection=saved 200 in 50ms (next.js: 1.5ms, proxy.ts: 1.9ms, application-code: 47ms)
 POST /accounts?selection=saved 200 in 71ms (next.js: 2ms, proxy.ts: 3ms, application-code: 66ms)
  └─ ƒ updateManagedAccounts({}) in 11ms src/app/account-selection-actions.ts
 GET /accounts?selection=conflict 200 in 62ms (next.js: 1.9ms, proxy.ts: 3ms, application-code: 57ms)
 POST /accounts?selection=saved 200 in 80ms (next.js: 2ms, proxy.ts: 2ms, application-code: 76ms)
  └─ ƒ updateManagedAccounts({}) in 8ms src/app/account-selection-actions.ts
 GET /accounts?selection=saved 200 in 47ms (next.js: 1.7ms, proxy.ts: 1.6ms, application-code: 44ms)
 POST /accounts?selection=conflict 200 in 63ms (next.js: 1.6ms, proxy.ts: 2ms, application-code: 59ms)
  └─ ƒ updateManagedAccounts({}) in 7ms src/app/account-selection-actions.ts
 GET /accounts 200 in 105ms (next.js: 1.5ms, proxy.ts: 1.9ms, application-code: 101ms)
  ✓  12 [chromium] › e2e/prod-ready-local.spec.ts:23:44 › local production readiness regression journeys › managed account selection preserves priorities and enforces quota in fr (2.3s)
 GET /billing 200 in 146ms (next.js: 1.7ms, proxy.ts: 1.7ms, application-code: 142ms)
 GET /api/auth/get-session 200 in 92ms (next.js: 56ms, proxy.ts: 11ms, application-code: 25ms)
 GET /api/auth/organization/list 200 in 96ms (next.js: 59ms, proxy.ts: 11ms, application-code: 26ms)
 GET /accounts 200 in 139ms (next.js: 2.0ms, proxy.ts: 1.9ms, application-code: 136ms)
 GET /api/auth/get-session 200 in 23ms (next.js: 10ms, proxy.ts: 3ms, application-code: 10ms)
 GET /api/auth/organization/list 200 in 24ms (next.js: 13ms, proxy.ts: 3ms, application-code: 9ms)
 POST /accounts 200 in 54ms (next.js: 1.8ms, proxy.ts: 2ms, application-code: 50ms)
  └─ ƒ setCookieConsent({}) in 2ms src/app/preferences-actions.ts
 GET /accounts?selection=saved 200 in 53ms (next.js: 2.0ms, proxy.ts: 2ms, application-code: 49ms)
 POST /accounts 200 in 73ms (next.js: 2ms, proxy.ts: 3ms, application-code: 68ms)
  └─ ƒ updateManagedAccounts({}) in 10ms src/app/account-selection-actions.ts
 GET /accounts?selection=saved 200 in 55ms (next.js: 1.8ms, proxy.ts: 2ms, application-code: 51ms)
 POST /accounts?selection=saved 200 in 74ms (next.js: 2ms, proxy.ts: 3ms, application-code: 69ms)
  └─ ƒ updateManagedAccounts({}) in 8ms src/app/account-selection-actions.ts
 GET /accounts?selection=conflict 200 in 53ms (next.js: 1.6ms, proxy.ts: 1.8ms, application-code: 49ms)
 POST /accounts?selection=saved 200 in 69ms (next.js: 2ms, proxy.ts: 2ms, application-code: 65ms)
  └─ ƒ updateManagedAccounts({}) in 8ms src/app/account-selection-actions.ts
 GET /accounts?selection=saved 200 in 54ms (next.js: 1.6ms, proxy.ts: 1.8ms, application-code: 51ms)
 POST /accounts?selection=conflict 200 in 71ms (next.js: 2ms, proxy.ts: 2ms, application-code: 67ms)
  └─ ƒ updateManagedAccounts({}) in 8ms src/app/account-selection-actions.ts
 GET /accounts 200 in 100ms (next.js: 1.5ms, proxy.ts: 1.8ms, application-code: 97ms)
  ✓  13 [chromium] › e2e/prod-ready-local.spec.ts:23:44 › local production readiness regression journeys › managed account selection preserves priorities and enforces quota in en (2.4s)
 GET /dashboard?client=80000000-0000-4000-8000-000000000004 200 in 190ms (next.js: 11ms, proxy.ts: 1.8ms, application-code: 178ms)
 GET /api/auth/get-session 200 in 35ms (next.js: 5ms, proxy.ts: 3ms, application-code: 26ms)
 GET /api/auth/organization/list 200 in 37ms (next.js: 10ms, proxy.ts: 3ms, application-code: 24ms)
 POST /dashboard?client=80000000-0000-4000-8000-000000000004 200 in 105ms (next.js: 2ms, proxy.ts: 7ms, application-code: 96ms)
  └─ ƒ setCookieConsent({}) in 2ms src/app/preferences-actions.ts
 GET /dashboard?client=80000000-0000-4000-8000-000000000004 200 in 191ms (next.js: 1.8ms, proxy.ts: 1.8ms, application-code: 188ms)
 GET /api/auth/get-session 200 in 28ms (next.js: 7ms, proxy.ts: 3ms, application-code: 18ms)
 GET /api/auth/organization/list 200 in 30ms (next.js: 11ms, proxy.ts: 4ms, application-code: 15ms)
  ✓  14 [chromium] › e2e/prod-ready-local.spec.ts:88:44 › local production readiness regression journeys › pacing uses covered completed days and hides forecasts with a gap in fr (1.2s)
 GET /dashboard?client=80000000-0000-4000-8000-000000000004 200 in 180ms (next.js: 2.0ms, proxy.ts: 3ms, application-code: 176ms)
 GET /api/auth/get-session 200 in 27ms (next.js: 7ms, proxy.ts: 4ms, application-code: 16ms)
 GET /api/auth/organization/list 200 in 32ms (next.js: 11ms, proxy.ts: 4ms, application-code: 17ms)
 POST /dashboard?client=80000000-0000-4000-8000-000000000004 200 in 138ms (next.js: 3ms, proxy.ts: 4ms, application-code: 131ms)
  └─ ƒ setCookieConsent({}) in 2ms src/app/preferences-actions.ts
 GET /dashboard?client=80000000-0000-4000-8000-000000000004 200 in 181ms (next.js: 5ms, proxy.ts: 4ms, application-code: 172ms)
 GET /api/auth/get-session 200 in 27ms (next.js: 11ms, proxy.ts: 3ms, application-code: 13ms)
 GET /api/auth/organization/list 200 in 31ms (next.js: 5ms, proxy.ts: 4ms, application-code: 22ms)
  ✓  15 [chromium] › e2e/prod-ready-local.spec.ts:88:44 › local production readiness regression journeys › pacing uses covered completed days and hides forecasts with a gap in en (1.2s)
 GET /dashboard?client=80000000-0000-4000-8000-000000000005 200 in 195ms (next.js: 1.9ms, proxy.ts: 2ms, application-code: 191ms)
 GET /api/auth/get-session 200 in 33ms (next.js: 10ms, proxy.ts: 3ms, application-code: 20ms)
 GET /api/auth/organization/list 200 in 38ms (next.js: 16ms, proxy.ts: 4ms, application-code: 17ms)
 GET /analysis?client=80000000-0000-4000-8000-000000000005 200 in 1358ms (next.js: 914ms, proxy.ts: 7ms, application-code: 436ms)
 GET /api/auth/get-session 200 in 40ms (next.js: 10ms, proxy.ts: 5ms, application-code: 24ms)
 GET /api/auth/organization/list 200 in 44ms (next.js: 20ms, proxy.ts: 5ms, application-code: 18ms)
 GET /insights?client=80000000-0000-4000-8000-000000000005 200 in 808ms (next.js: 415ms, proxy.ts: 5ms, application-code: 388ms)
 GET /api/auth/get-session 200 in 100ms (next.js: 15ms, proxy.ts: 5ms, application-code: 79ms)
 GET /api/auth/organization/list 200 in 170ms (next.js: 35ms, proxy.ts: 7ms, application-code: 128ms)
 GET /dashboard?client=80000000-0000-4000-8000-000000000005 200 in 286ms (next.js: 4ms, proxy.ts: 7ms, application-code: 275ms)
 GET /api/auth/get-session 200 in 53ms (next.js: 9ms, proxy.ts: 4ms, application-code: 40ms)
 GET /api/auth/organization/list 200 in 81ms (next.js: 18ms, proxy.ts: 6ms, application-code: 57ms)
 GET /analysis?client=80000000-0000-4000-8000-000000000005 200 in 322ms (next.js: 8ms, proxy.ts: 21ms, application-code: 294ms)
 GET /api/auth/get-session 200 in 75ms (next.js: 29ms, proxy.ts: 13ms, application-code: 34ms)
 GET /api/auth/organization/list 200 in 73ms (next.js: 31ms, proxy.ts: 5ms, application-code: 37ms)
 GET /insights?client=80000000-0000-4000-8000-000000000005 200 in 213ms (next.js: 3ms, proxy.ts: 5ms, application-code: 205ms)
 GET /api/auth/get-session 200 in 66ms (next.js: 25ms, proxy.ts: 5ms, application-code: 37ms)
 GET /api/auth/organization/list 200 in 116ms (next.js: 45ms, proxy.ts: 4ms, application-code: 67ms)
 GET /insights?client=80000000-0000-4000-8000-000000000005 200 in 233ms (next.js: 3ms, proxy.ts: 4ms, application-code: 226ms)
 GET /api/auth/get-session 200 in 46ms (next.js: 15ms, proxy.ts: 18ms, application-code: 12ms)
 GET /api/auth/organization/list 200 in 48ms (next.js: 7ms, proxy.ts: 19ms, application-code: 21ms)
 POST /insights?client=80000000-0000-4000-8000-000000000005 200 in 133ms (next.js: 5ms, proxy.ts: 6ms, application-code: 122ms)
  └─ ƒ setCookieConsent({}) in 2ms src/app/preferences-actions.ts
  ✓  16 [chromium] › e2e/prod-ready-local.spec.ts:125:44 › local production readiness regression journeys › stored analytics remain available without Google and during grace in fr (5.0s)
 GET /dashboard?client=80000000-0000-4000-8000-000000000005 200 in 185ms (next.js: 2ms, proxy.ts: 2ms, application-code: 180ms)
 GET /api/auth/get-session 200 in 28ms (next.js: 6ms, proxy.ts: 3ms, application-code: 19ms)
 GET /api/auth/organization/list 200 in 33ms (next.js: 10ms, proxy.ts: 3ms, application-code: 20ms)
 GET /analysis?client=80000000-0000-4000-8000-000000000005 200 in 193ms (next.js: 6ms, proxy.ts: 9ms, application-code: 178ms)
 GET /api/auth/get-session 200 in 96ms (next.js: 62ms, proxy.ts: 20ms, application-code: 14ms)
 GET /api/auth/organization/list 200 in 100ms (next.js: 66ms, proxy.ts: 20ms, application-code: 14ms)
 GET /insights?client=80000000-0000-4000-8000-000000000005 200 in 232ms (next.js: 3ms, proxy.ts: 2ms, application-code: 227ms)
 GET /api/auth/get-session 200 in 82ms (next.js: 58ms, proxy.ts: 12ms, application-code: 12ms)
 GET /api/auth/organization/list 200 in 89ms (next.js: 60ms, proxy.ts: 12ms, application-code: 16ms)
 GET /dashboard?client=80000000-0000-4000-8000-000000000005 200 in 215ms (next.js: 3ms, proxy.ts: 2ms, application-code: 209ms)
 GET /api/auth/get-session 200 in 17ms (next.js: 3ms, proxy.ts: 3ms, application-code: 11ms)
 GET /api/auth/organization/list 200 in 20ms (next.js: 6ms, proxy.ts: 3ms, application-code: 11ms)
 GET /analysis?client=80000000-0000-4000-8000-000000000005 200 in 178ms (next.js: 2ms, proxy.ts: 3ms, application-code: 173ms)
 GET /api/auth/get-session 200 in 78ms (next.js: 54ms, proxy.ts: 12ms, application-code: 11ms)
 GET /api/auth/organization/list 200 in 82ms (next.js: 57ms, proxy.ts: 12ms, application-code: 12ms)
 GET /insights?client=80000000-0000-4000-8000-000000000005 200 in 216ms (next.js: 2ms, proxy.ts: 3ms, application-code: 211ms)
 GET /api/auth/get-session 200 in 77ms (next.js: 50ms, proxy.ts: 15ms, application-code: 12ms)
 GET /api/auth/organization/list 200 in 80ms (next.js: 53ms, proxy.ts: 15ms, application-code: 12ms)
 GET /insights?client=80000000-0000-4000-8000-000000000005 200 in 209ms (next.js: 1.9ms, proxy.ts: 2ms, application-code: 205ms)
 GET /api/auth/get-session 200 in 22ms (next.js: 5ms, proxy.ts: 4ms, application-code: 13ms)
 GET /api/auth/organization/list 200 in 23ms (next.js: 8ms, proxy.ts: 5ms, application-code: 10ms)
 POST /insights?client=80000000-0000-4000-8000-000000000005 200 in 84ms (next.js: 2ms, proxy.ts: 4ms, application-code: 78ms)
  └─ ƒ setCookieConsent({}) in 2ms src/app/preferences-actions.ts
  ✓  17 [chromium] › e2e/prod-ready-local.spec.ts:125:44 › local production readiness regression journeys › stored analytics remain available without Google and during grace in en (3.0s)
 GET /accounts 200 in 115ms (next.js: 3ms, proxy.ts: 2ms, application-code: 110ms)
 GET /api/auth/get-session 200 in 98ms (next.js: 67ms, proxy.ts: 5ms, application-code: 26ms)
 GET /api/auth/organization/list 200 in 155ms (next.js: 77ms, proxy.ts: 6ms, application-code: 73ms)
 GET /history 200 in 208ms (next.js: 8ms, proxy.ts: 5ms, application-code: 195ms)
 GET /api/auth/get-session 200 in 72ms (next.js: 27ms, proxy.ts: 8ms, application-code: 37ms)
 GET /api/auth/organization/list 200 in 124ms (next.js: 49ms, proxy.ts: 8ms, application-code: 68ms)
 GET /alerts 200 in 157ms (next.js: 5ms, proxy.ts: 8ms, application-code: 144ms)
 GET /api/auth/get-session 200 in 88ms (next.js: 53ms, proxy.ts: 12ms, application-code: 23ms)
 GET /api/auth/organization/list 200 in 141ms (next.js: 56ms, proxy.ts: 12ms, application-code: 73ms)
 GET /tasks 200 in 179ms (next.js: 7ms, proxy.ts: 16ms, application-code: 156ms)
 GET /api/auth/get-session 200 in 24ms (next.js: 6ms, proxy.ts: 3ms, application-code: 16ms)
 GET /api/auth/organization/list 200 in 52ms (next.js: 10ms, proxy.ts: 3ms, application-code: 39ms)
 GET /approvals 200 in 135ms (next.js: 5ms, proxy.ts: 5ms, application-code: 125ms)
 GET /api/auth/get-session 200 in 74ms (next.js: 47ms, proxy.ts: 6ms, application-code: 22ms)
 GET /api/auth/organization/list 200 in 134ms (next.js: 49ms, proxy.ts: 6ms, application-code: 79ms)
 GET /reports 200 in 153ms (next.js: 7ms, proxy.ts: 5ms, application-code: 141ms)
 GET /api/auth/get-session 200 in 26ms (next.js: 8ms, proxy.ts: 4ms, application-code: 14ms)
 GET /api/auth/organization/list 200 in 69ms (next.js: 11ms, proxy.ts: 5ms, application-code: 53ms)
 GET /audit 200 in 150ms (next.js: 7ms, proxy.ts: 13ms, application-code: 129ms)
 GET /accounts 200 in 90ms (next.js: 1.9ms, proxy.ts: 2.0ms, application-code: 87ms)
 GET /api/auth/get-session 200 in 26ms (next.js: 6ms, proxy.ts: 3ms, application-code: 17ms)
 GET /api/auth/organization/list 200 in 28ms (next.js: 10ms, proxy.ts: 3ms, application-code: 15ms)
 GET /history 200 in 123ms (next.js: 6ms, proxy.ts: 5ms, application-code: 111ms)
 GET /api/auth/get-session 200 in 20ms (next.js: 3ms, proxy.ts: 3ms, application-code: 14ms)
 GET /api/auth/organization/list 200 in 27ms (next.js: 8ms, proxy.ts: 3ms, application-code: 16ms)
 GET /alerts 200 in 128ms (next.js: 3ms, proxy.ts: 6ms, application-code: 118ms)
 GET /api/auth/get-session 200 in 23ms (next.js: 5ms, proxy.ts: 4ms, application-code: 14ms)
 GET /api/auth/organization/list 200 in 26ms (next.js: 8ms, proxy.ts: 4ms, application-code: 14ms)
 GET /tasks 200 in 130ms (next.js: 4ms, proxy.ts: 8ms, application-code: 119ms)
 GET /api/auth/get-session 200 in 23ms (next.js: 5ms, proxy.ts: 3ms, application-code: 14ms)
 GET /api/auth/organization/list 200 in 23ms (next.js: 9ms, proxy.ts: 3ms, application-code: 11ms)
 GET /approvals 200 in 112ms (next.js: 4ms, proxy.ts: 5ms, application-code: 103ms)
 GET /api/auth/get-session 200 in 22ms (next.js: 4ms, proxy.ts: 3ms, application-code: 15ms)
 GET /api/auth/organization/list 200 in 33ms (next.js: 7ms, proxy.ts: 3ms, application-code: 22ms)
 GET /reports 200 in 118ms (next.js: 9ms, proxy.ts: 6ms, application-code: 103ms)
  ✓  18 [chromium] › e2e/prod-ready-local.spec.ts:214:9 › local production readiness regression journeys › grace permits stored views while hiding mutations (3.9s)
 GET /api/auth/get-session 200 in 16ms (next.js: 4ms, proxy.ts: 4ms, application-code: 8ms)
 GET /api/auth/organization/list 200 in 15ms (next.js: 8ms, proxy.ts: 3ms, application-code: 3ms)
⨯ Error [WorkspaceAccessRestrictedError]: Workspace access state does not allow: portfolio:read
    at requireWorkspacePermission (src/lib/workspace.ts:166:19)
    at async DashboardPage (src/app/(app)/dashboard/page.tsx:26:54)
  164 |   if (!decision.allowed && decision.reason === 'role') requirePermission(context.role, permission)
  165 |   if (!decision.allowed) {
> 166 |     const error = new Error(`Workspace access state does not allow: ${permission}`)
      |                   ^
  167 |     error.name = 'WorkspaceAccessRestrictedError'
  168 |     throw error
  169 |   } {
  digest: '699610486'
}
 GET /dashboard 307 in 82ms (next.js: 2ms, proxy.ts: 2.0ms, application-code: 77ms)
 GET /billing?notice=Your%20current%20access%20is%20limited%20to%20billing%20and%20stored%20data. 200 in 115ms (next.js: 3ms, proxy.ts: 1.9ms, application-code: 109ms)
⨯ Error [WorkspaceAccessRestrictedError]: Workspace access state does not allow: portfolio:read
    at requireWorkspacePermission (src/lib/workspace.ts:166:19)
    at async DashboardPage (src/app/(app)/dashboard/page.tsx:26:54)
  164 |   if (!decision.allowed && decision.reason === 'role') requirePermission(context.role, permission)
  165 |   if (!decision.allowed) {
> 166 |     const error = new Error(`Workspace access state does not allow: ${permission}`)
      |                   ^
  167 |     error.name = 'WorkspaceAccessRestrictedError'
  168 |     throw error
  169 |   } {
  digest: '699610486'
}
 GET /dashboard 307 in 65ms (next.js: 1.7ms, proxy.ts: 1.8ms, application-code: 61ms)
 GET /support?notice=Your%20current%20access%20is%20limited%20to%20billing%20and%20stored%20data. 200 in 94ms (next.js: 3ms, proxy.ts: 1.8ms, application-code: 89ms)
⨯ Error [PermissionDeniedError]: Permission required: portfolio:read
    at requirePermission (src/lib/permissions.ts:78:19)
    at requireWorkspacePermission (src/lib/workspace.ts:164:73)
    at async DashboardPage (src/app/(app)/dashboard/page.tsx:26:54)
  76 | export function requirePermission(role: WorkspaceRole, permission: Permission) {
  77 |   if (!rolePermissions[role].has(permission)) {
> 78 |     const error = new Error(`Permission required: ${permission}`)
     |                   ^
  79 |     error.name = 'PermissionDeniedError'
  80 |     throw error
  81 |   } {
  digest: '4272678566'
}
 GET /dashboard 307 in 68ms (next.js: 2ms, proxy.ts: 1.7ms, application-code: 64ms)
 GET /support?notice=Your%20current%20access%20is%20limited%20to%20billing%20and%20stored%20data. 200 in 87ms (next.js: 1.9ms, proxy.ts: 1.8ms, application-code: 83ms)
  ✓  19 [chromium] › e2e/prod-ready-local.spec.ts:229:9 › local production readiness regression journeys › suspended members have an accessible recovery destination without redirect loops (1.3s)
 GET /dashboard 200 in 112ms (next.js: 4ms, proxy.ts: 2.0ms, application-code: 107ms)
 GET /api/auth/get-session 200 in 26ms (next.js: 7ms, proxy.ts: 3ms, application-code: 16ms)
 GET /api/auth/organization/list 200 in 36ms (next.js: 12ms, proxy.ts: 4ms, application-code: 20ms)
 POST /dashboard 200 in 91ms (next.js: 5ms, proxy.ts: 24ms, application-code: 63ms)
  └─ ƒ setCookieConsent({}) in 2ms src/app/preferences-actions.ts
 GET /settings 200 in 60ms (next.js: 4ms, proxy.ts: 2ms, application-code: 54ms)
  ✓  20 [chromium] › e2e/prod-ready-local.spec.ts:241:11 › local production readiness regression journeys › full navigation and workspace selection work at 390px in fr (772ms)
 GET /dashboard 200 in 138ms (next.js: 1.6ms, proxy.ts: 3ms, application-code: 134ms)
 GET /api/auth/get-session 200 in 20ms (next.js: 6ms, proxy.ts: 3ms, application-code: 11ms)
 GET /api/auth/organization/list 200 in 22ms (next.js: 10ms, proxy.ts: 3ms, application-code: 9ms)
 POST /dashboard 200 in 68ms (next.js: 2ms, proxy.ts: 3ms, application-code: 63ms)
  └─ ƒ setCookieConsent({}) in 2ms src/app/preferences-actions.ts
 GET /settings 200 in 63ms (next.js: 2ms, proxy.ts: 2ms, application-code: 59ms)
  ✓  21 [chromium] › e2e/prod-ready-local.spec.ts:241:11 › local production readiness regression journeys › full navigation and workspace selection work at 768px in fr (848ms)
 GET /dashboard 200 in 116ms (next.js: 1.7ms, proxy.ts: 1.7ms, application-code: 112ms)
 GET /api/auth/get-session 200 in 25ms (next.js: 6ms, proxy.ts: 3ms, application-code: 17ms)
 GET /api/auth/organization/list 200 in 27ms (next.js: 10ms, proxy.ts: 3ms, application-code: 15ms)
 POST /dashboard 200 in 67ms (next.js: 2ms, proxy.ts: 2ms, application-code: 62ms)
  └─ ƒ setCookieConsent({}) in 2ms src/app/preferences-actions.ts
 GET /settings 200 in 54ms (next.js: 2.0ms, proxy.ts: 2ms, application-code: 49ms)
  ✓  22 [chromium] › e2e/prod-ready-local.spec.ts:241:11 › local production readiness regression journeys › full navigation and workspace selection work at 390px in en (683ms)
 GET /dashboard 200 in 139ms (next.js: 1.8ms, proxy.ts: 2.0ms, application-code: 135ms)
 GET /api/auth/get-session 200 in 25ms (next.js: 7ms, proxy.ts: 3ms, application-code: 14ms)
 GET /api/auth/organization/list 200 in 27ms (next.js: 13ms, proxy.ts: 4ms, application-code: 10ms)
 POST /dashboard 200 in 120ms (next.js: 2ms, proxy.ts: 5ms, application-code: 113ms)
  └─ ƒ setCookieConsent({}) in 3ms src/app/preferences-actions.ts
 GET /settings 200 in 65ms (next.js: 3ms, proxy.ts: 3ms, application-code: 60ms)
  ✓  23 [chromium] › e2e/prod-ready-local.spec.ts:241:11 › local production readiness regression journeys › full navigation and workspace selection work at 768px in en (927ms)
 GET /dashboard 200 in 150ms (next.js: 2ms, proxy.ts: 2ms, application-code: 145ms)
 GET /api/auth/get-session 200 in 21ms (next.js: 6ms, proxy.ts: 3ms, application-code: 12ms)
 GET /api/auth/organization/list 200 in 22ms (next.js: 9ms, proxy.ts: 4ms, application-code: 9ms)
 POST /dashboard 200 in 93ms (next.js: 2ms, proxy.ts: 3ms, application-code: 87ms)
  └─ ƒ setCookieConsent({}) in 10ms src/app/preferences-actions.ts
 POST /api/auth/organization/set-active 200 in 17ms (next.js: 3ms, proxy.ts: 3ms, application-code: 11ms)
⨯ Error [PermissionDeniedError]: Permission required: portfolio:read
    at requirePermission (src/lib/permissions.ts:78:19)
    at requireWorkspacePermission (src/lib/workspace.ts:164:73)
    at async DashboardPage (src/app/(app)/dashboard/page.tsx:26:54)
  76 | export function requirePermission(role: WorkspaceRole, permission: Permission) {
  77 |   if (!rolePermissions[role].has(permission)) {
> 78 |     const error = new Error(`Permission required: ${permission}`)
     |                   ^
  79 |     error.name = 'PermissionDeniedError'
  80 |     throw error
  81 |   } {
  digest: '4272678566'
}
 GET /api/auth/get-session 200 in 40ms (next.js: 22ms, proxy.ts: 10ms, application-code: 9ms)
 GET /dashboard 307 in 74ms (next.js: 1.9ms, proxy.ts: 1.6ms, application-code: 71ms)
 GET /support?error=Acc%C3%A8s%20non%20autoris%C3%A9 200 in 100ms (next.js: 1.9ms, proxy.ts: 4ms, application-code: 94ms)
 GET /api/auth/get-session 200 in 24ms (next.js: 4ms, proxy.ts: 4ms, application-code: 17ms)
 GET /api/auth/organization/list 200 in 27ms (next.js: 10ms, proxy.ts: 4ms, application-code: 12ms)
 POST /api/auth/organization/set-active 200 in 16ms (next.js: 5ms, proxy.ts: 3ms, application-code: 8ms)
 GET /api/auth/get-session 200 in 104ms (next.js: 73ms, proxy.ts: 12ms, application-code: 20ms)
 GET /dashboard 200 in 146ms (next.js: 2ms, proxy.ts: 1.9ms, application-code: 142ms)
 GET /api/auth/get-session 200 in 18ms (next.js: 4ms, proxy.ts: 3ms, application-code: 11ms)
 GET /api/auth/organization/list 200 in 19ms (next.js: 8ms, proxy.ts: 3ms, application-code: 8ms)
  ✓  24 [chromium] › e2e/prod-ready-local.spec.ts:266:9 › local production readiness regression journeys › workspace selection switches context and permissions on mobile (1.5s)
 GET /agents 200 in 183ms (next.js: 14ms, proxy.ts: 2ms, application-code: 166ms)
  ✓  25 [chromium] › e2e/prod-ready-local.spec.ts:284:9 › local production readiness regression journeys › analysts do not see monitoring controls denied by their role (451ms)
 GET / 200 in 73ms (next.js: 3ms, proxy.ts: 1.8ms, application-code: 68ms)
  ✓  26 [chromium] › e2e/public.spec.ts:3:5 › public landing exposes the product proposition and account creation (330ms)
 GET /dashboard 307 in 43ms (next.js: 1.7ms, proxy.ts: 1.9ms, application-code: 40ms)
 GET /sign-in 200 in 40ms (next.js: 4ms, proxy.ts: 1.6ms, application-code: 34ms)
  ✓  27 [chromium] › e2e/public.spec.ts:15:5 › authenticated areas redirect anonymous visitors to sign-in (156ms)
 GET /privacy 200 in 40ms (next.js: 4ms, proxy.ts: 2ms, application-code: 35ms)
 GET /terms 200 in 40ms (next.js: 3ms, proxy.ts: 1.9ms, application-code: 35ms)
  ✓  28 [chromium] › e2e/public.spec.ts:21:5 › privacy and terms pages are public (473ms)
 GET /subprocessors 200 in 40ms (next.js: 3ms, proxy.ts: 2ms, application-code: 35ms)
  ✓  29 [chromium] › e2e/public.spec.ts:28:5 › the subprocessor register and change-notice policy are public (281ms)
 GET / 200 in 81ms (next.js: 1.5ms, proxy.ts: 2ms, application-code: 78ms)
 GET /privacy 200 in 42ms (next.js: 2ms, proxy.ts: 2ms, application-code: 37ms)
  ✓  30 [chromium] › e2e/public.spec.ts:35:5 › the public product and legal surface honor the English locale (512ms)
 GET /status 200 in 50ms (next.js: 2ms, proxy.ts: 2ms, application-code: 45ms)
  ✓  31 [chromium] › e2e/public.spec.ts:46:5 › public status page never claims operational health when status storage is unavailable (284ms)
 GET /reports 200 in 151ms (next.js: 2ms, proxy.ts: 1.9ms, application-code: 147ms)
 GET /api/auth/get-session 200 in 19ms (next.js: 6ms, proxy.ts: 3ms, application-code: 10ms)
 GET /api/auth/organization/list 200 in 21ms (next.js: 9ms, proxy.ts: 3ms, application-code: 9ms)
 POST /reports 200 in 84ms (next.js: 2ms, proxy.ts: 3ms, application-code: 79ms)
  └─ ƒ setCookieConsent({}) in 2ms src/app/preferences-actions.ts
 GET /reports?notice=Rapport+cr%C3%A9%C3%A9.+R%C3%A9v%C3%A9lez+son+URL+dans+les+cinq+prochaines+minutes.&reveal=report-url&revealId=489a01a1-bfbd-4ebf-a092-c4c9dc4c3bff 200 in 65ms (next.js: 1.8ms, proxy.ts: 2ms, application-code: 61ms)
 POST /reports 200 in 101ms (next.js: 2ms, proxy.ts: 3ms, application-code: 96ms)
  └─ ƒ createShareLink({}) in 25ms src/app/actions.ts
 POST /api/secret-revelation 200 in 54ms (next.js: 37ms, proxy.ts: 3ms, application-code: 14ms)
 GET /r/[REDACTED_FIXTURE_TOKEN]?edition=e901e4c9-d2a6-49ef-affb-8c63a3d332a6 200 in 1221ms (next.js: 1118ms, proxy.ts: 2ms, application-code: 101ms)
 GET /r/[REDACTED_FIXTURE_TOKEN]/csv?edition=e901e4c9-d2a6-49ef-affb-8c63a3d332a6 200 in 601ms (next.js: 577ms, proxy.ts: 7ms, application-code: 17ms)
 GET /r/[REDACTED_FIXTURE_TOKEN]/pdf?edition=e901e4c9-d2a6-49ef-affb-8c63a3d332a6 200 in 971ms (next.js: 700ms, proxy.ts: 1.5ms, application-code: 270ms)
 GET /r/[REDACTED_FIXTURE_TOKEN]?error=L%E2%80%99envoi+de+codes+email+n%E2%80%99est+pas+configur%C3%A9.&edition=e901e4c9-d2a6-49ef-affb-8c63a3d332a6 200 in 48ms (next.js: 3ms, proxy.ts: 2.0ms, application-code: 43ms)
 POST /r/[REDACTED_FIXTURE_TOKEN]?edition=e901e4c9-d2a6-49ef-affb-8c63a3d332a6 200 in 70ms (next.js: 4ms, proxy.ts: 2ms, application-code: 64ms)
  └─ ƒ requestReportFeedbackOtp({}) in 9ms src/app/actions.ts
 GET /r/[REDACTED_FIXTURE_TOKEN]?edition=e901e4c9-d2a6-49ef-affb-8c63a3d332a6&otp=1 200 in 89ms (next.js: 2ms, proxy.ts: 1.9ms, application-code: 84ms)
 GET /r/[REDACTED_FIXTURE_TOKEN]?error=Demandez+un+nouveau+code.&otp=1&edition=e901e4c9-d2a6-49ef-affb-8c63a3d332a6 200 in 49ms (next.js: 3ms, proxy.ts: 1.9ms, application-code: 44ms)
 POST /r/[REDACTED_FIXTURE_TOKEN]?edition=e901e4c9-d2a6-49ef-affb-8c63a3d332a6&otp=1 200 in 68ms (next.js: 3ms, proxy.ts: 2ms, application-code: 63ms)
  └─ ƒ verifyReportFeedbackOtp({}) in 7ms src/app/actions.ts
 GET /reports?notice=Rapport+cr%C3%A9%C3%A9.+R%C3%A9v%C3%A9lez+son+URL+dans+les+cinq+prochaines+minutes.&reveal=report-url&revealId=0ad93afe-dc12-4f9f-9d10-15573866053b 200 in 89ms (next.js: 2.0ms, proxy.ts: 1.9ms, application-code: 85ms)
 POST /reports?notice=Rapport%20cr%C3%A9%C3%A9.%20R%C3%A9v%C3%A9lez%20son%20URL%20dans%20les%20cinq%20prochaines%20minutes.&reveal=report-url&revealId=489a01a1-bfbd-4ebf-a092-c4c9dc4c3bff 200 in 121ms (next.js: 3ms, proxy.ts: 3ms, application-code: 116ms)
  └─ ƒ createShareLink({}) in 19ms src/app/actions.ts
 POST /api/secret-revelation 200 in 24ms (next.js: 11ms, proxy.ts: 3ms, application-code: 10ms)
 GET /r/[REDACTED_FIXTURE_TOKEN]?edition=55bb7ba7-7ff6-4273-93d6-305f5f1eebbd 200 in 77ms (next.js: 4ms, proxy.ts: 2ms, application-code: 71ms)
 GET /r/[REDACTED_FIXTURE_TOKEN]/csv?edition=55bb7ba7-7ff6-4273-93d6-305f5f1eebbd 200 in 15ms (next.js: 4ms, proxy.ts: 2ms, application-code: 9ms)
 GET /r/[REDACTED_FIXTURE_TOKEN]/pdf?edition=55bb7ba7-7ff6-4273-93d6-305f5f1eebbd 200 in 85ms (next.js: 3ms, proxy.ts: 1.6ms, application-code: 80ms)
 GET /reports?notice=Rapport+cr%C3%A9%C3%A9.+R%C3%A9v%C3%A9lez+son+URL+dans+les+cinq+prochaines+minutes.&reveal=report-url&revealId=0bba6b76-856e-4da5-b053-f65a7ecac2c4 200 in 74ms (next.js: 1.9ms, proxy.ts: 1.7ms, application-code: 71ms)
 POST /reports?notice=Rapport%20cr%C3%A9%C3%A9.%20R%C3%A9v%C3%A9lez%20son%20URL%20dans%20les%20cinq%20prochaines%20minutes.&reveal=report-url&revealId=0ad93afe-dc12-4f9f-9d10-15573866053b 200 in 117ms (next.js: 3ms, proxy.ts: 5ms, application-code: 108ms)
  └─ ƒ createShareLink({}) in 26ms src/app/actions.ts
 POST /api/secret-revelation 200 in 16ms (next.js: 1.5ms, proxy.ts: 2ms, application-code: 12ms)
 GET /r/[REDACTED_FIXTURE_TOKEN]?edition=7ea90232-4b24-472a-9c01-c61240782f37 200 in 110ms (next.js: 3ms, proxy.ts: 3ms, application-code: 104ms)
 GET /r/[REDACTED_FIXTURE_TOKEN]/csv?edition=7ea90232-4b24-472a-9c01-c61240782f37 200 in 18ms (next.js: 4ms, proxy.ts: 2ms, application-code: 12ms)
 GET /r/[REDACTED_FIXTURE_TOKEN]/pdf?edition=7ea90232-4b24-472a-9c01-c61240782f37 200 in 78ms (next.js: 3ms, proxy.ts: 2ms, application-code: 73ms)
 GET /reports?notice=Rapport+cr%C3%A9%C3%A9.+R%C3%A9v%C3%A9lez+son+URL+dans+les+cinq+prochaines+minutes.&reveal=report-url&revealId=671a1de1-3cee-4775-bba2-bc1bcdb5d1ac 200 in 68ms (next.js: 1.9ms, proxy.ts: 1.9ms, application-code: 65ms)
 POST /reports?notice=Rapport%20cr%C3%A9%C3%A9.%20R%C3%A9v%C3%A9lez%20son%20URL%20dans%20les%20cinq%20prochaines%20minutes.&reveal=report-url&revealId=0bba6b76-856e-4da5-b053-f65a7ecac2c4 200 in 104ms (next.js: 1.9ms, proxy.ts: 11ms, application-code: 91ms)
  └─ ƒ createShareLink({}) in 17ms src/app/actions.ts
 POST /api/secret-revelation 200 in 16ms (next.js: 1.9ms, proxy.ts: 3ms, application-code: 11ms)
 GET /r/[REDACTED_FIXTURE_TOKEN]?edition=52ecf419-3674-42c6-850b-40280c75d23e 200 in 81ms (next.js: 4ms, proxy.ts: 2ms, application-code: 74ms)
 GET /r/[REDACTED_FIXTURE_TOKEN]/csv?edition=52ecf419-3674-42c6-850b-40280c75d23e 200 in 15ms (next.js: 4ms, proxy.ts: 1.9ms, application-code: 9ms)
 GET /r/[REDACTED_FIXTURE_TOKEN]/pdf?edition=52ecf419-3674-42c6-850b-40280c75d23e 200 in 76ms (next.js: 4ms, proxy.ts: 1.8ms, application-code: 71ms)
 GET /reports?notice=Rapport+cr%C3%A9%C3%A9.+R%C3%A9v%C3%A9lez+son+URL+dans+les+cinq+prochaines+minutes.&reveal=report-url&revealId=f253440b-8a1b-4d6c-bd88-777a8740845d 200 in 84ms (next.js: 1.7ms, proxy.ts: 3ms, application-code: 80ms)
 POST /reports?notice=Rapport%20cr%C3%A9%C3%A9.%20R%C3%A9v%C3%A9lez%20son%20URL%20dans%20les%20cinq%20prochaines%20minutes.&reveal=report-url&revealId=671a1de1-3cee-4775-bba2-bc1bcdb5d1ac 200 in 119ms (next.js: 3ms, proxy.ts: 3ms, application-code: 113ms)
  └─ ƒ createShareLink({}) in 23ms src/app/actions.ts
 POST /api/secret-revelation 200 in 26ms (next.js: 3ms, proxy.ts: 4ms, application-code: 18ms)
 GET /r/[REDACTED_FIXTURE_TOKEN]?edition=b0a352b1-52e5-4300-8439-c03e603d5cdc 200 in 126ms (next.js: 6ms, proxy.ts: 4ms, application-code: 116ms)
 GET /r/[REDACTED_FIXTURE_TOKEN]/csv?edition=b0a352b1-52e5-4300-8439-c03e603d5cdc 200 in 22ms (next.js: 4ms, proxy.ts: 3ms, application-code: 14ms)
 GET /r/[REDACTED_FIXTURE_TOKEN]/pdf?edition=b0a352b1-52e5-4300-8439-c03e603d5cdc 200 in 87ms (next.js: 3ms, proxy.ts: 4ms, application-code: 80ms)
 GET /r/[REDACTED_FIXTURE_TOKEN]?edition=e901e4c9-d2a6-49ef-affb-8c63a3d332a6 200 in 88ms (next.js: 4ms, proxy.ts: 3ms, application-code: 81ms)
 GET /r/[REDACTED_FIXTURE_TOKEN]/csv?edition=e901e4c9-d2a6-49ef-affb-8c63a3d332a6 200 in 17ms (next.js: 2ms, proxy.ts: 5ms, application-code: 10ms)
 GET /r/[REDACTED_FIXTURE_TOKEN]/pdf?edition=e901e4c9-d2a6-49ef-affb-8c63a3d332a6 200 in 207ms (next.js: 3ms, proxy.ts: 1.8ms, application-code: 202ms)
 GET /reports?notice=R%C3%A9vision+publi%C3%A9e.+Les+%C3%A9ditions+pr%C3%A9c%C3%A9dentes+restent+inchang%C3%A9es.&reveal=report-url&revealId=772a05da-0628-4b2a-a40d-30fef659973a 200 in 92ms (next.js: 2ms, proxy.ts: 2ms, application-code: 87ms)
 POST /reports?notice=Rapport%20cr%C3%A9%C3%A9.%20R%C3%A9v%C3%A9lez%20son%20URL%20dans%20les%20cinq%20prochaines%20minutes.&reveal=report-url&revealId=f253440b-8a1b-4d6c-bd88-777a8740845d 200 in 140ms (next.js: 4ms, proxy.ts: 4ms, application-code: 132ms)
  └─ ƒ reviseReportEdition({}) in 32ms src/app/actions.ts
 POST /api/secret-revelation 200 in 20ms (next.js: 3ms, proxy.ts: 4ms, application-code: 13ms)
 GET /r/[REDACTED_FIXTURE_TOKEN]?edition=28dd370a-efb4-47ea-a475-a0ca123773c6 200 in 125ms (next.js: 8ms, proxy.ts: 6ms, application-code: 110ms)
 GET /r/[REDACTED_FIXTURE_TOKEN]/csv?edition=28dd370a-efb4-47ea-a475-a0ca123773c6 200 in 43ms (next.js: 10ms, proxy.ts: 8ms, application-code: 25ms)
 GET /reports?error=Les+donn%C3%A9es+compl%C3%A8tes+de+cette+p%C3%A9riode+ne+sont+pas+disponibles.+Actualisez+l%E2%80%99historique+du+compte+avant+de+publier+ce+bilan. 200 in 154ms (next.js: 9ms, proxy.ts: 4ms, application-code: 142ms)
 POST /reports?notice=R%C3%A9vision%20publi%C3%A9e.%20Les%20%C3%A9ditions%20pr%C3%A9c%C3%A9dentes%20restent%20inchang%C3%A9es.&reveal=report-url&revealId=772a05da-0628-4b2a-a40d-30fef659973a 200 in 193ms (next.js: 4ms, proxy.ts: 4ms, application-code: 185ms)
  └─ ƒ createShareLink({}) in 16ms src/app/actions.ts
 GET /r/[REDACTED_FIXTURE_TOKEN]?edition=e901e4c9-d2a6-49ef-affb-8c63a3d332a6 200 in 115ms (next.js: 7ms, proxy.ts: 4ms, application-code: 105ms)
 GET /r/[REDACTED_FIXTURE_TOKEN]/pdf?edition=e901e4c9-d2a6-49ef-affb-8c63a3d332a6 429 in 17ms (next.js: 6ms, proxy.ts: 4ms, application-code: 7ms)
 GET /r/[REDACTED_FIXTURE_TOKEN]/csv?edition=e901e4c9-d2a6-49ef-affb-8c63a3d332a6 404 in 14ms (next.js: 5ms, proxy.ts: 2ms, application-code: 6ms)
 GET /reports 200 in 251ms (next.js: 4ms, proxy.ts: 3ms, application-code: 245ms)
  ✓  32 [chromium] › e2e/report-editions-local.spec.ts:16:53 › published report editions › creates every period and preserves HTML PDF CSV through revision in fr (9.9s)
 GET /reports 200 in 222ms (next.js: 4ms, proxy.ts: 6ms, application-code: 212ms)
 GET /api/auth/get-session 200 in 31ms (next.js: 16ms, proxy.ts: 4ms, application-code: 11ms)
 GET /api/auth/organization/list 200 in 35ms (next.js: 6ms, proxy.ts: 5ms, application-code: 24ms)
 POST /reports 200 in 96ms (next.js: 3ms, proxy.ts: 3ms, application-code: 90ms)
  └─ ƒ setCookieConsent({}) in 2ms src/app/preferences-actions.ts
 GET /reports?notice=Report+created.+Reveal+its+URL+within+the+next+five+minutes.&reveal=report-url&revealId=b23229b0-1b23-4eaa-9642-4c9788b1d3d7 200 in 69ms (next.js: 1.8ms, proxy.ts: 2ms, application-code: 65ms)
 POST /reports 200 in 114ms (next.js: 6ms, proxy.ts: 4ms, application-code: 105ms)
  └─ ƒ createShareLink({}) in 27ms src/app/actions.ts
 POST /api/secret-revelation 200 in 16ms (next.js: 2ms, proxy.ts: 3ms, application-code: 11ms)
 GET /r/[REDACTED_FIXTURE_TOKEN]?edition=94466b03-4988-412c-b2e4-64915784fc18 200 in 89ms (next.js: 5ms, proxy.ts: 1.7ms, application-code: 83ms)
 GET /r/[REDACTED_FIXTURE_TOKEN]/csv?edition=94466b03-4988-412c-b2e4-64915784fc18 200 in 17ms (next.js: 4ms, proxy.ts: 4ms, application-code: 10ms)
 GET /r/[REDACTED_FIXTURE_TOKEN]/pdf?edition=94466b03-4988-412c-b2e4-64915784fc18 200 in 212ms (next.js: 4ms, proxy.ts: 2ms, application-code: 206ms)
 GET /r/[REDACTED_FIXTURE_TOKEN]?error=Email+code+delivery+is+not+configured.&edition=94466b03-4988-412c-b2e4-64915784fc18 200 in 105ms (next.js: 17ms, proxy.ts: 19ms, application-code: 69ms)
 POST /r/[REDACTED_FIXTURE_TOKEN]?edition=94466b03-4988-412c-b2e4-64915784fc18 200 in 155ms (next.js: 14ms, proxy.ts: 6ms, application-code: 135ms)
  └─ ƒ requestReportFeedbackOtp({}) in 19ms src/app/actions.ts
 GET /r/[REDACTED_FIXTURE_TOKEN]?edition=94466b03-4988-412c-b2e4-64915784fc18&otp=1 200 in 140ms (next.js: 7ms, proxy.ts: 6ms, application-code: 127ms)
 GET /r/[REDACTED_FIXTURE_TOKEN]?error=Request+a+new+code.&otp=1&edition=94466b03-4988-412c-b2e4-64915784fc18 200 in 51ms (next.js: 2ms, proxy.ts: 1.7ms, application-code: 47ms)
 POST /r/[REDACTED_FIXTURE_TOKEN]?edition=94466b03-4988-412c-b2e4-64915784fc18&otp=1 200 in 69ms (next.js: 3ms, proxy.ts: 2ms, application-code: 63ms)
  └─ ƒ verifyReportFeedbackOtp({}) in 6ms src/app/actions.ts
 GET /reports?notice=Report+created.+Reveal+its+URL+within+the+next+five+minutes.&reveal=report-url&revealId=bb2dea1f-3f37-457b-baa0-fd620621c095 200 in 87ms (next.js: 2ms, proxy.ts: 1.9ms, application-code: 83ms)
 POST /reports?notice=Report%20created.%20Reveal%20its%20URL%20within%20the%20next%20five%20minutes.&reveal=report-url&revealId=b23229b0-1b23-4eaa-9642-4c9788b1d3d7 200 in 126ms (next.js: 6ms, proxy.ts: 6ms, application-code: 114ms)
  └─ ƒ createShareLink({}) in 19ms src/app/actions.ts
 POST /api/secret-revelation 200 in 22ms (next.js: 1.6ms, proxy.ts: 3ms, application-code: 17ms)
 GET /r/[REDACTED_FIXTURE_TOKEN]?edition=eff819fe-04f3-49cc-bd80-a2fc18043520 200 in 87ms (next.js: 4ms, proxy.ts: 2ms, application-code: 80ms)
 GET /r/[REDACTED_FIXTURE_TOKEN]/csv?edition=eff819fe-04f3-49cc-bd80-a2fc18043520 200 in 22ms (next.js: 4ms, proxy.ts: 2ms, application-code: 16ms)
 GET /r/[REDACTED_FIXTURE_TOKEN]/pdf?edition=eff819fe-04f3-49cc-bd80-a2fc18043520 200 in 99ms (next.js: 6ms, proxy.ts: 3ms, application-code: 90ms)
 GET /reports?notice=Report+created.+Reveal+its+URL+within+the+next+five+minutes.&reveal=report-url&revealId=b4b92611-db93-46a4-abd9-1f3a320400b8 200 in 86ms (next.js: 2ms, proxy.ts: 2.0ms, application-code: 82ms)
 POST /reports?notice=Report%20created.%20Reveal%20its%20URL%20within%20the%20next%20five%20minutes.&reveal=report-url&revealId=bb2dea1f-3f37-457b-baa0-fd620621c095 200 in 134ms (next.js: 7ms, proxy.ts: 5ms, application-code: 123ms)
  └─ ƒ createShareLink({}) in 28ms src/app/actions.ts
 POST /api/secret-revelation 200 in 44ms (next.js: 7ms, proxy.ts: 6ms, application-code: 30ms)
 GET /r/[REDACTED_FIXTURE_TOKEN]?edition=08c5ccef-1065-4ed6-9cab-d70c1545a0a2 200 in 116ms (next.js: 13ms, proxy.ts: 5ms, application-code: 99ms)
 GET /r/[REDACTED_FIXTURE_TOKEN]/csv?edition=08c5ccef-1065-4ed6-9cab-d70c1545a0a2 200 in 18ms (next.js: 4ms, proxy.ts: 3ms, application-code: 11ms)
 GET /r/[REDACTED_FIXTURE_TOKEN]/pdf?edition=08c5ccef-1065-4ed6-9cab-d70c1545a0a2 200 in 75ms (next.js: 2ms, proxy.ts: 2ms, application-code: 71ms)
 GET /reports?notice=Report+created.+Reveal+its+URL+within+the+next+five+minutes.&reveal=report-url&revealId=f946caf2-5690-4c62-b046-5f3398ae0943 200 in 72ms (next.js: 3ms, proxy.ts: 1.9ms, application-code: 68ms)
 POST /reports?notice=Report%20created.%20Reveal%20its%20URL%20within%20the%20next%20five%20minutes.&reveal=report-url&revealId=b4b92611-db93-46a4-abd9-1f3a320400b8 200 in 100ms (next.js: 3ms, proxy.ts: 2ms, application-code: 95ms)
  └─ ƒ createShareLink({}) in 16ms src/app/actions.ts
 POST /api/secret-revelation 200 in 16ms (next.js: 1.9ms, proxy.ts: 3ms, application-code: 12ms)
 GET /r/[REDACTED_FIXTURE_TOKEN]?edition=65eafbea-67da-4418-a596-521dd08bbb12 200 in 82ms (next.js: 4ms, proxy.ts: 1.8ms, application-code: 77ms)
 GET /r/[REDACTED_FIXTURE_TOKEN]/csv?edition=65eafbea-67da-4418-a596-521dd08bbb12 200 in 17ms (next.js: 4ms, proxy.ts: 3ms, application-code: 11ms)
 GET /r/[REDACTED_FIXTURE_TOKEN]/pdf?edition=65eafbea-67da-4418-a596-521dd08bbb12 200 in 97ms (next.js: 3ms, proxy.ts: 1.9ms, application-code: 92ms)
 GET /reports?notice=Report+created.+Reveal+its+URL+within+the+next+five+minutes.&reveal=report-url&revealId=91fd1c64-d66c-4941-acdf-c21c5678528c 200 in 84ms (next.js: 3ms, proxy.ts: 9ms, application-code: 73ms)
 POST /reports?notice=Report%20created.%20Reveal%20its%20URL%20within%20the%20next%20five%20minutes.&reveal=report-url&revealId=f946caf2-5690-4c62-b046-5f3398ae0943 200 in 112ms (next.js: 2ms, proxy.ts: 3ms, application-code: 107ms)
  └─ ƒ createShareLink({}) in 16ms src/app/actions.ts
 POST /api/secret-revelation 200 in 21ms (next.js: 4ms, proxy.ts: 4ms, application-code: 13ms)
 GET /r/[REDACTED_FIXTURE_TOKEN]?edition=16397176-8db8-4fd6-8eff-323afb6120d7 200 in 118ms (next.js: 4ms, proxy.ts: 3ms, application-code: 112ms)
 GET /r/[REDACTED_FIXTURE_TOKEN]/csv?edition=16397176-8db8-4fd6-8eff-323afb6120d7 200 in 31ms (next.js: 6ms, proxy.ts: 3ms, application-code: 22ms)
 GET /r/[REDACTED_FIXTURE_TOKEN]/pdf?edition=16397176-8db8-4fd6-8eff-323afb6120d7 200 in 71ms (next.js: 1.9ms, proxy.ts: 3ms, application-code: 66ms)
 GET /r/[REDACTED_FIXTURE_TOKEN]?edition=94466b03-4988-412c-b2e4-64915784fc18 200 in 80ms (next.js: 4ms, proxy.ts: 2.0ms, application-code: 74ms)
 GET /r/[REDACTED_FIXTURE_TOKEN]/csv?edition=94466b03-4988-412c-b2e4-64915784fc18 200 in 15ms (next.js: 1.6ms, proxy.ts: 5ms, application-code: 9ms)
 GET /r/[REDACTED_FIXTURE_TOKEN]/pdf?edition=94466b03-4988-412c-b2e4-64915784fc18 200 in 187ms (next.js: 3ms, proxy.ts: 2ms, application-code: 182ms)
 GET /reports?notice=Revision+published.+Previous+editions+remain+unchanged.&reveal=report-url&revealId=a4a504bf-758c-4981-a7a6-af20749ffc78 200 in 97ms (next.js: 3ms, proxy.ts: 2ms, application-code: 92ms)
 POST /reports?notice=Report%20created.%20Reveal%20its%20URL%20within%20the%20next%20five%20minutes.&reveal=report-url&revealId=91fd1c64-d66c-4941-acdf-c21c5678528c 200 in 132ms (next.js: 3ms, proxy.ts: 3ms, application-code: 126ms)
  └─ ƒ reviseReportEdition({}) in 20ms src/app/actions.ts
 POST /api/secret-revelation 200 in 20ms (next.js: 4ms, proxy.ts: 4ms, application-code: 12ms)
 GET /r/[REDACTED_FIXTURE_TOKEN]?edition=0c5f62bc-8696-4007-ba1d-5a6070372f19 200 in 86ms (next.js: 4ms, proxy.ts: 3ms, application-code: 79ms)
 GET /r/[REDACTED_FIXTURE_TOKEN]/csv?edition=0c5f62bc-8696-4007-ba1d-5a6070372f19 200 in 21ms (next.js: 4ms, proxy.ts: 3ms, application-code: 14ms)
 GET /reports?error=Les+donn%C3%A9es+compl%C3%A8tes+de+cette+p%C3%A9riode+ne+sont+pas+disponibles.+Actualisez+l%E2%80%99historique+du+compte+avant+de+publier+ce+bilan. 200 in 102ms (next.js: 3ms, proxy.ts: 2ms, application-code: 97ms)
 POST /reports?notice=Revision%20published.%20Previous%20editions%20remain%20unchanged.&reveal=report-url&revealId=a4a504bf-758c-4981-a7a6-af20749ffc78 200 in 131ms (next.js: 3ms, proxy.ts: 2ms, application-code: 126ms)
  └─ ƒ createShareLink({}) in 13ms src/app/actions.ts
 GET /r/[REDACTED_FIXTURE_TOKEN]?edition=94466b03-4988-412c-b2e4-64915784fc18 200 in 102ms (next.js: 4ms, proxy.ts: 2ms, application-code: 96ms)
 GET /r/[REDACTED_FIXTURE_TOKEN]/pdf?edition=94466b03-4988-412c-b2e4-64915784fc18 429 in 11ms (next.js: 4ms, proxy.ts: 2ms, application-code: 5ms)
 GET /r/[REDACTED_FIXTURE_TOKEN]/csv?edition=94466b03-4988-412c-b2e4-64915784fc18 404 in 11ms (next.js: 4ms, proxy.ts: 1.7ms, application-code: 5ms)
 GET /reports 200 in 150ms (next.js: 2ms, proxy.ts: 2ms, application-code: 145ms)
  ✓  33 [chromium] › e2e/report-editions-local.spec.ts:16:53 › published report editions › creates every period and preserves HTML PDF CSV through revision in en (7.1s)
 GET /audit?q=COLL_AUDIT_ 200 in 169ms (next.js: 4ms, proxy.ts: 3ms, application-code: 163ms)
 GET /api/auth/get-session 200 in 25ms (next.js: 6ms, proxy.ts: 7ms, application-code: 12ms)
 GET /api/auth/organization/list 200 in 27ms (next.js: 10ms, proxy.ts: 7ms, application-code: 10ms)
 POST /audit?q=COLL_AUDIT_ 200 in 77ms (next.js: 1.9ms, proxy.ts: 3ms, application-code: 72ms)
  └─ ƒ setCookieConsent({}) in 2ms src/app/preferences-actions.ts
 GET /audit?q=COLL_AUDIT_&cursor=eyJ2IjoxLCJpdiI6Im1FQzZqVDlMbFdfZ2hBckciLCJ0YWciOiJtM0Fpa3N0NkMyZU9VZDdQbDF0d1l3IiwiZGF0YSI6IlZIRjdyTTJ1Uzg0MTVJT1lrdHY4TGlYNWt3VVdnMXBQc0VRN3h6UEdCbUluamVtS2FxdlgxaVNIZDdDY1FNcXJFMkVfUG5ET0RrXzllWVpJRlVjSmFUM09zZl9Dc3FrQmVYWExGbW1CaXBOWlZzMTV0ZmdvY0s2dlNxdVpFeTlWcnVDcE9QRkFLMzVmamVETjZJRlZSYlpUV0tFMXlGRnJERVhaM2tLZzlLQnRGd0hpR3F4c1FtYkRsc2lqeWJpNDBaMHoyaVBMRmNGVmwzMTVoQXllVjNLZm1MUnRsSllyNjQ0MHVsalVXdmZIU0lRQnFPZ1c5M2NjVmdwX0hEWXFvblQ3dHp5S3p2UFlkQ0JXZzZzOVJzNmFiRDY3bEhUZkszRGFBc0ZrbHBIZFExY1U5R3VEQ2cifQ 200 in 118ms (next.js: 3ms, proxy.ts: 3ms, application-code: 113ms)
 GET /audit?q=COLL_AUDIT_001 200 in 117ms (next.js: 2ms, proxy.ts: 3ms, application-code: 112ms)
  ✘  34 [chromium] › e2e/workspace-collections-local.spec.ts:14:53 › workspace collection navigation › searches older records and conversations in fr (1.4s)
  -  35 [chromium] › e2e/workspace-collections-local.spec.ts:14:53 › workspace collection navigation › searches older records and conversations in en


  1) [chromium] › e2e/workspace-collections-local.spec.ts:14:53 › workspace collection navigation › searches older records and conversations in fr

    Error: expect(received).toBe(expected) // Object.is equality

    Expected: true
    Received: false

      43 |           await expect(page).not.toHaveURL(/cursor=/)
      44 |           await expect(page.getByText(`COLL_${prefix}_001`, { exact: true })).toBeVisible()
    > 45 |           expect(await page.evaluate(() => document.documentElement.scrollWidth <= innerWidth)).toBe(true)
         |                                                                                                 ^
      46 |           if (kind === 'tasks') {
      47 |             await page.getByRole('textbox', { name: /Task comment|Commentaire de tâche/ }).fill('NEW_REPLY_FROM_OLD_RECORD')
      48 |             await page.getByRole('button', { name: /Add comment|Ajouter le commentaire/ }).click()
        at /Users/yoannandrieux/Projets/yodev-ads/web/e2e/workspace-collections-local.spec.ts:45:97

    Error Context: test-results/workspace-collections-loca-b7b2b-rds-and-conversations-in-fr-chromium/error-context.md

    Error Context: test-results/workspace-collections-loca-b7b2b-rds-and-conversations-in-fr-chromium/error-context.md

  1 failed
    [chromium] › e2e/workspace-collections-local.spec.ts:14:53 › workspace collection navigation › searches older records and conversations in fr
  1 did not run
  33 passed (58.0s)

{"ok":true,"cleaned":"local-browser-fixtures"}
