
> @yodev/ads@0.1.0 test:e2e:local
> node scripts/verify-local-browser.mjs

{"ok":true,"fixtureRoles":["owner","admin","strategist","analyst","client"],"foreignExportId":"80000000-0000-4000-8000-000000000003"}

> @yodev/ads@0.1.0 dev
> next dev --hostname 127.0.0.1 --port 3017

▲ Next.js 16.3.0 (Turbopack)
- Local:         http://127.0.0.1:3017
- Network:       http://127.0.0.1:3017
- Environments: .env.local
✓ Ready in 260ms
✓ Running next.config.ts took 379ms
- Experiments (use with caution):
  · clientTraceMetadata

 GET /sign-in 200 in 1694ms (next.js: 1232ms, proxy.ts: 158ms, application-code: 304ms)
 GET /sign-in 200 in 159ms (next.js: 5ms, proxy.ts: 4ms, application-code: 151ms)
 POST /api/auth/sign-in/email 200 in 992ms (next.js: 694ms, proxy.ts: 4ms, application-code: 295ms)
 GET /icon?a62dacc6b033a714 200 in 169ms (next.js: 57ms, proxy.ts: 8ms, application-code: 105ms)
 POST /api/auth/sign-in/email 200 in 235ms (next.js: 16ms, proxy.ts: 5ms, application-code: 214ms)
 POST /api/auth/sign-in/email 200 in 76ms (next.js: 2ms, proxy.ts: 2ms, application-code: 72ms)
 POST /api/auth/sign-in/email 200 in 82ms (next.js: 1.9ms, proxy.ts: 2ms, application-code: 78ms)
 POST /api/auth/sign-in/email 200 in 77ms (next.js: 2ms, proxy.ts: 2ms, application-code: 73ms)
 GET /dashboard 200 in 460ms (next.js: 186ms, proxy.ts: 2ms, application-code: 272ms)
 GET /settings 200 in 230ms (next.js: 30ms, proxy.ts: 4ms, application-code: 196ms)
 GET /billing 200 in 177ms (next.js: 26ms, proxy.ts: 2ms, application-code: 150ms)
 GET /support 200 in 158ms (next.js: 28ms, proxy.ts: 2ms, application-code: 128ms)
 GET /accounts 200 in 127ms (next.js: 17ms, proxy.ts: 1.9ms, application-code: 109ms)
 GET /history 200 in 135ms (next.js: 14ms, proxy.ts: 1.8ms, application-code: 119ms)
 GET /alerts 200 in 158ms (next.js: 29ms, proxy.ts: 2ms, application-code: 127ms)
 GET /tasks 200 in 162ms (next.js: 27ms, proxy.ts: 1.8ms, application-code: 133ms)
 GET /approvals 200 in 155ms (next.js: 46ms, proxy.ts: 2.0ms, application-code: 107ms)
 GET /reports 200 in 211ms (next.js: 43ms, proxy.ts: 1.7ms, application-code: 167ms)
 GET /audit 200 in 171ms (next.js: 19ms, proxy.ts: 1.8ms, application-code: 151ms)
 GET /agents 200 in 219ms (next.js: 42ms, proxy.ts: 1.8ms, application-code: 175ms)
 GET / 200 in 94ms (next.js: 17ms, proxy.ts: 2ms, application-code: 75ms)
 GET /privacy 200 in 47ms (next.js: 11ms, proxy.ts: 1.8ms, application-code: 34ms)
 GET /terms 200 in 51ms (next.js: 11ms, proxy.ts: 1.5ms, application-code: 38ms)
 GET /subprocessors 200 in 94ms (next.js: 38ms, proxy.ts: 1.8ms, application-code: 55ms)
 GET /status 200 in 83ms (next.js: 33ms, proxy.ts: 1.6ms, application-code: 49ms)
 GET /sign-in 200 in 30ms (next.js: 4ms, proxy.ts: 1.6ms, application-code: 25ms)
 GET /sign-up 200 in 290ms (next.js: 254ms, proxy.ts: 1.8ms, application-code: 34ms)
Local browser states ready in /var/folders/9h/sbxl7zl90j9_wc743xft5j8h0000gn/T/yodev-ads-browser-TatbyG

Running 35 tests using 1 worker

(node:76510) Warning: The 'NO_COLOR' env is ignored due to the 'FORCE_COLOR' env being set.
(Use `node --trace-warnings ...` to show where the warning was created)
 GET /dashboard 200 in 115ms (next.js: 1.9ms, proxy.ts: 2ms, application-code: 111ms)
 GET /api/auth/get-session 200 in 193ms (next.js: 38ms, proxy.ts: 31ms, application-code: 123ms)
 GET /api/auth/organization/list 200 in 214ms (next.js: 42ms, proxy.ts: 31ms, application-code: 141ms)
 GET /settings 200 in 258ms (next.js: 2ms, proxy.ts: 2ms, application-code: 254ms)
 GET /api/auth/get-session 200 in 111ms (next.js: 56ms, proxy.ts: 34ms, application-code: 21ms)
 GET /api/auth/organization/list 200 in 112ms (next.js: 61ms, proxy.ts: 34ms, application-code: 16ms)
 GET /billing 200 in 190ms (next.js: 2ms, proxy.ts: 2ms, application-code: 186ms)
 GET /api/auth/get-session 200 in 93ms (next.js: 51ms, proxy.ts: 23ms, application-code: 18ms)
 GET /api/auth/organization/list 200 in 82ms (next.js: 61ms, proxy.ts: 11ms, application-code: 10ms)
 GET /support 200 in 163ms (next.js: 1.8ms, proxy.ts: 3ms, application-code: 158ms)
  ✓   1 [chromium] › e2e/authenticated-rbac.spec.ts:55:9 › authenticated five-role route matrix › owner has only its server-authorized product surface (1.6s)
 GET /dashboard 200 in 113ms (next.js: 1.7ms, proxy.ts: 2ms, application-code: 109ms)
 GET /api/auth/get-session 200 in 177ms (next.js: 56ms, proxy.ts: 24ms, application-code: 97ms)
 GET /api/auth/organization/list 200 in 176ms (next.js: 70ms, proxy.ts: 24ms, application-code: 82ms)
 GET /settings 200 in 213ms (next.js: 2ms, proxy.ts: 3ms, application-code: 208ms)
 GET /api/auth/get-session 200 in 103ms (next.js: 15ms, proxy.ts: 26ms, application-code: 62ms)
 GET /api/auth/organization/list 200 in 100ms (next.js: 57ms, proxy.ts: 25ms, application-code: 18ms)
 GET /support 200 in 157ms (next.js: 2.0ms, proxy.ts: 3ms, application-code: 153ms)
⨯ Error [PermissionDeniedError]: Permission required: billing:manage
    at requirePermission (src/lib/permissions.ts:78:19)
    at requireWorkspacePermission (src/lib/workspace.ts:164:73)
    at async BillingPage (src/app/(app)/billing/page.tsx:23:40)
  76 | export function requirePermission(role: WorkspaceRole, permission: Permission) {
  77 |   if (!rolePermissions[role].has(permission)) {
> 78 |     const error = new Error(`Permission required: ${permission}`)
     |                   ^
  79 |     error.name = 'PermissionDeniedError'
  80 |     throw error
  81 |   } {
  digest: '584433625'
}
 GET /api/auth/get-session 200 in 70ms (next.js: 39ms, proxy.ts: 11ms, application-code: 20ms)
 GET /api/auth/organization/list 200 in 73ms (next.js: 41ms, proxy.ts: 11ms, application-code: 21ms)
 GET /billing 307 in 115ms (next.js: 1.7ms, proxy.ts: 2ms, application-code: 111ms)
 GET /support?error=Acc%C3%A8s%20non%20autoris%C3%A9 200 in 144ms (next.js: 5ms, proxy.ts: 8ms, application-code: 131ms)
  ✓   2 [chromium] › e2e/authenticated-rbac.spec.ts:55:9 › authenticated five-role route matrix › admin has only its server-authorized product surface (1.4s)
 GET /dashboard 200 in 111ms (next.js: 1.6ms, proxy.ts: 1.9ms, application-code: 108ms)
 GET /api/auth/get-session 200 in 130ms (next.js: 49ms, proxy.ts: 25ms, application-code: 56ms)
 GET /api/auth/organization/list 200 in 127ms (next.js: 61ms, proxy.ts: 23ms, application-code: 43ms)
 GET /tasks 200 in 153ms (next.js: 1.9ms, proxy.ts: 2ms, application-code: 149ms)
 GET /api/auth/get-session 200 in 98ms (next.js: 48ms, proxy.ts: 10ms, application-code: 39ms)
 GET /api/auth/organization/list 200 in 101ms (next.js: 50ms, proxy.ts: 10ms, application-code: 40ms)
 GET /support 200 in 145ms (next.js: 1.5ms, proxy.ts: 2.0ms, application-code: 141ms)
 GET /api/auth/get-session 200 in 63ms (next.js: 25ms, proxy.ts: 11ms, application-code: 27ms)
⨯ Error [PermissionDeniedError]: Permission required: workspace:admin
    at requirePermission (src/lib/permissions.ts:78:19)
    at requireWorkspacePermission (src/lib/workspace.ts:164:73)
    at async SettingsPage (src/app/(app)/settings/page.tsx:51:57)
  76 | export function requirePermission(role: WorkspaceRole, permission: Permission) {
  77 |   if (!rolePermissions[role].has(permission)) {
> 78 |     const error = new Error(`Permission required: ${permission}`)
     |                   ^
  79 |     error.name = 'PermissionDeniedError'
  80 |     throw error
  81 |   } {
  digest: '3359603744'
}
 GET /api/auth/organization/list 200 in 78ms (next.js: 19ms, proxy.ts: 9ms, application-code: 50ms)
 GET /settings 307 in 100ms (next.js: 3ms, proxy.ts: 11ms, application-code: 86ms)
 GET /support?error=Acc%C3%A8s%20non%20autoris%C3%A9 200 in 143ms (next.js: 1.9ms, proxy.ts: 4ms, application-code: 137ms)
⨯ Error [PermissionDeniedError]: Permission required: billing:manage
    at requirePermission (src/lib/permissions.ts:78:19)
    at requireWorkspacePermission (src/lib/workspace.ts:164:73)
    at async BillingPage (src/app/(app)/billing/page.tsx:23:40)
  76 | export function requirePermission(role: WorkspaceRole, permission: Permission) {
  77 |   if (!rolePermissions[role].has(permission)) {
> 78 |     const error = new Error(`Permission required: ${permission}`)
     |                   ^
  79 |     error.name = 'PermissionDeniedError'
  80 |     throw error
  81 |   } {
  digest: '584433625'
}
 GET /api/auth/get-session 200 in 75ms (next.js: 19ms, proxy.ts: 26ms, application-code: 31ms)
 GET /api/auth/organization/list 200 in 78ms (next.js: 21ms, proxy.ts: 26ms, application-code: 32ms)
 GET /billing 307 in 99ms (next.js: 2ms, proxy.ts: 3ms, application-code: 94ms)
 GET /support?error=Acc%C3%A8s%20non%20autoris%C3%A9 200 in 121ms (next.js: 1.7ms, proxy.ts: 2ms, application-code: 117ms)
  ✓   3 [chromium] › e2e/authenticated-rbac.spec.ts:55:9 › authenticated five-role route matrix › strategist has only its server-authorized product surface (1.7s)
 GET /dashboard 200 in 113ms (next.js: 1.6ms, proxy.ts: 2ms, application-code: 109ms)
 GET /api/auth/get-session 200 in 128ms (next.js: 50ms, proxy.ts: 23ms, application-code: 54ms)
 GET /api/auth/organization/list 200 in 127ms (next.js: 61ms, proxy.ts: 23ms, application-code: 44ms)
 GET /reports 200 in 160ms (next.js: 1.7ms, proxy.ts: 2ms, application-code: 156ms)
 GET /api/auth/get-session 200 in 60ms (next.js: 35ms, proxy.ts: 5ms, application-code: 19ms)
 GET /api/auth/organization/list 200 in 107ms (next.js: 37ms, proxy.ts: 5ms, application-code: 65ms)
 GET /support 200 in 144ms (next.js: 3ms, proxy.ts: 5ms, application-code: 136ms)
⨯ Error [PermissionDeniedError]: Permission required: workspace:admin
    at requirePermission (src/lib/permissions.ts:78:19)
    at requireWorkspacePermission (src/lib/workspace.ts:164:73)
    at async SettingsPage (src/app/(app)/settings/page.tsx:51:57)
  76 | export function requirePermission(role: WorkspaceRole, permission: Permission) {
  77 |   if (!rolePermissions[role].has(permission)) {
> 78 |     const error = new Error(`Permission required: ${permission}`)
     |                   ^
  79 |     error.name = 'PermissionDeniedError'
  80 |     throw error
  81 |   } {
  digest: '3359603744'
}
 GET /api/auth/organization/list 200 in 64ms (next.js: 20ms, proxy.ts: 22ms, application-code: 22ms)
 GET /api/auth/get-session 200 in 65ms (next.js: 22ms, proxy.ts: 22ms, application-code: 20ms)
 GET /settings 307 in 93ms (next.js: 2ms, proxy.ts: 3ms, application-code: 87ms)
 GET /support?error=Acc%C3%A8s%20non%20autoris%C3%A9 200 in 130ms (next.js: 1.9ms, proxy.ts: 3ms, application-code: 126ms)
 GET /api/auth/get-session 200 in 58ms (next.js: 41ms, proxy.ts: 3ms, application-code: 13ms)
⨯ Error [PermissionDeniedError]: Permission required: billing:manage
    at requirePermission (src/lib/permissions.ts:78:19)
    at requireWorkspacePermission (src/lib/workspace.ts:164:73)
    at async BillingPage (src/app/(app)/billing/page.tsx:23:40)
  76 | export function requirePermission(role: WorkspaceRole, permission: Permission) {
  77 |   if (!rolePermissions[role].has(permission)) {
> 78 |     const error = new Error(`Permission required: ${permission}`)
     |                   ^
  79 |     error.name = 'PermissionDeniedError'
  80 |     throw error
  81 |   } {
  digest: '584433625'
}
 GET /api/auth/organization/list 200 in 85ms (next.js: 43ms, proxy.ts: 4ms, application-code: 38ms)
 GET /billing 307 in 93ms (next.js: 4ms, proxy.ts: 3ms, application-code: 86ms)
 GET /support?error=Acc%C3%A8s%20non%20autoris%C3%A9 200 in 125ms (next.js: 2ms, proxy.ts: 1.9ms, application-code: 121ms)
  ✓   4 [chromium] › e2e/authenticated-rbac.spec.ts:55:9 › authenticated five-role route matrix › analyst has only its server-authorized product surface (1.6s)
 GET /support 200 in 96ms (next.js: 1.9ms, proxy.ts: 2ms, application-code: 92ms)
 GET /api/auth/get-session 200 in 57ms (next.js: 36ms, proxy.ts: 4ms, application-code: 17ms)
⨯ Error [PermissionDeniedError]: Permission required: portfolio:read
    at requirePermission (src/lib/permissions.ts:78:19)
    at requireWorkspacePermission (src/lib/workspace.ts:164:73)
    at async DashboardPage (src/app/(app)/dashboard/page.tsx:26:54)
  76 | export function requirePermission(role: WorkspaceRole, permission: Permission) {
  77 |   if (!rolePermissions[role].has(permission)) {
> 78 |     const error = new Error(`Permission required: ${permission}`)
     |                   ^
  79 |     error.name = 'PermissionDeniedError'
  80 |     throw error
  81 |   } {
  digest: '2183712461'
}
 GET /api/auth/organization/list 200 in 82ms (next.js: 39ms, proxy.ts: 4ms, application-code: 39ms)
 GET /dashboard 307 in 93ms (next.js: 4ms, proxy.ts: 3ms, application-code: 86ms)
 GET /support?error=Acc%C3%A8s%20non%20autoris%C3%A9 200 in 97ms (next.js: 1.7ms, proxy.ts: 8ms, application-code: 87ms)
 GET /api/auth/get-session 200 in 59ms (next.js: 41ms, proxy.ts: 4ms, application-code: 14ms)
⨯ Error [PermissionDeniedError]: Permission required: workspace:admin
    at requirePermission (src/lib/permissions.ts:78:19)
    at requireWorkspacePermission (src/lib/workspace.ts:164:73)
    at async SettingsPage (src/app/(app)/settings/page.tsx:51:57)
  76 | export function requirePermission(role: WorkspaceRole, permission: Permission) {
  77 |   if (!rolePermissions[role].has(permission)) {
> 78 |     const error = new Error(`Permission required: ${permission}`)
     |                   ^
  79 |     error.name = 'PermissionDeniedError'
  80 |     throw error
  81 |   } {
  digest: '3359603744'
}
 GET /api/auth/organization/list 200 in 87ms (next.js: 43ms, proxy.ts: 4ms, application-code: 39ms)
 GET /settings 307 in 94ms (next.js: 4ms, proxy.ts: 3ms, application-code: 87ms)
 GET /support?error=Acc%C3%A8s%20non%20autoris%C3%A9 200 in 93ms (next.js: 1.6ms, proxy.ts: 2ms, application-code: 89ms)
 GET /api/auth/get-session 200 in 65ms (next.js: 38ms, proxy.ts: 3ms, application-code: 23ms)
⨯ Error [PermissionDeniedError]: Permission required: billing:manage
    at requirePermission (src/lib/permissions.ts:78:19)
    at requireWorkspacePermission (src/lib/workspace.ts:164:73)
    at async BillingPage (src/app/(app)/billing/page.tsx:23:40)
  76 | export function requirePermission(role: WorkspaceRole, permission: Permission) {
  77 |   if (!rolePermissions[role].has(permission)) {
> 78 |     const error = new Error(`Permission required: ${permission}`)
     |                   ^
  79 |     error.name = 'PermissionDeniedError'
  80 |     throw error
  81 |   } {
  digest: '584433625'
}
 GET /api/auth/organization/list 200 in 79ms (next.js: 40ms, proxy.ts: 4ms, application-code: 35ms)
 GET /billing 307 in 93ms (next.js: 3ms, proxy.ts: 4ms, application-code: 86ms)
 GET /support?error=Acc%C3%A8s%20non%20autoris%C3%A9 200 in 92ms (next.js: 1.8ms, proxy.ts: 2ms, application-code: 88ms)
  ✓   5 [chromium] › e2e/authenticated-rbac.spec.ts:55:9 › authenticated five-role route matrix › client has only its server-authorized product surface (1.3s)
 GET /api/exports/80000000-0000-4000-8000-000000000003 404 in 1650ms (next.js: 1612ms, proxy.ts: 2ms, application-code: 36ms)
  ✓   6 [chromium] › e2e/authenticated-rbac.spec.ts:75:9 › authenticated five-role route matrix › owner cannot cross the direct export API boundary (2.0s)
 GET /api/exports/80000000-0000-4000-8000-000000000003 403 in 13ms (next.js: 4ms, proxy.ts: 2ms, application-code: 7ms)
  ✓   7 [chromium] › e2e/authenticated-rbac.spec.ts:75:9 › authenticated five-role route matrix › admin cannot cross the direct export API boundary (59ms)
 GET /api/exports/80000000-0000-4000-8000-000000000003 403 in 11ms (next.js: 2ms, proxy.ts: 2ms, application-code: 7ms)
  ✓   8 [chromium] › e2e/authenticated-rbac.spec.ts:75:9 › authenticated five-role route matrix › strategist cannot cross the direct export API boundary (52ms)
 GET /api/exports/80000000-0000-4000-8000-000000000003 403 in 11ms (next.js: 2ms, proxy.ts: 2ms, application-code: 7ms)
  ✓   9 [chromium] › e2e/authenticated-rbac.spec.ts:75:9 › authenticated five-role route matrix › analyst cannot cross the direct export API boundary (49ms)
 GET /api/exports/80000000-0000-4000-8000-000000000003 403 in 11ms (next.js: 2ms, proxy.ts: 2.0ms, application-code: 7ms)
  ✓  10 [chromium] › e2e/authenticated-rbac.spec.ts:75:9 › authenticated five-role route matrix › client cannot cross the direct export API boundary (50ms)
 GET /settings 200 in 184ms (next.js: 2ms, proxy.ts: 1.9ms, application-code: 181ms)
 GET /api/auth/get-session 200 in 27ms (next.js: 13ms, proxy.ts: 3ms, application-code: 11ms)
 GET /api/auth/organization/list 200 in 28ms (next.js: 6ms, proxy.ts: 3ms, application-code: 20ms)
 POST /settings 200 in 86ms (next.js: 8ms, proxy.ts: 5ms, application-code: 73ms)
  └─ ƒ updateWorkspaceLocale({}) in 13ms src/app/actions.ts
 GET /settings?notice=Langue+de+l%E2%80%99espace+mise+%C3%A0+jour. 200 in 116ms (next.js: 3ms, proxy.ts: 3ms, application-code: 110ms)
 GET /settings?notice=Langue+de+l%E2%80%99espace+mise+%C3%A0+jour. 200 in 64ms (next.js: 1.7ms, proxy.ts: 1.6ms, application-code: 61ms)
 POST /settings 200 in 109ms (next.js: 12ms, proxy.ts: 11ms, application-code: 87ms)
  └─ ƒ updateWorkspaceLocale({}) in 17ms src/app/actions.ts
 GET /settings?notice=Langue+de+l%E2%80%99espace+mise+%C3%A0+jour. 200 in 78ms (next.js: 1.7ms, proxy.ts: 7ms, application-code: 70ms)
 POST /settings 200 in 94ms (next.js: 1.6ms, proxy.ts: 2ms, application-code: 91ms)
  └─ ƒ updateWorkspaceLocale({}) in 8ms src/app/actions.ts
⨯ Error [PermissionDeniedError]: Permission required: workspace:admin
    at requirePermission (src/lib/permissions.ts:78:19)
    at requireWorkspacePermission (src/lib/workspace.ts:164:73)
    at async SettingsPage (src/app/(app)/settings/page.tsx:51:57)
  76 | export function requirePermission(role: WorkspaceRole, permission: Permission) {
  77 |   if (!rolePermissions[role].has(permission)) {
> 78 |     const error = new Error(`Permission required: ${permission}`)
     |                   ^
  79 |     error.name = 'PermissionDeniedError'
  80 |     throw error
  81 |   } {
  digest: '3359603744'
}
 GET /settings?error=Permission+required%3A+workspace%3Aadmin 200 in 41ms (next.js: 1.8ms, proxy.ts: 1.6ms, application-code: 37ms)
 POST /settings 200 in 55ms (next.js: 1.8ms, proxy.ts: 2ms, application-code: 51ms)
  └─ ƒ updateWorkspaceLocale({}) in 5ms src/app/actions.ts
⨯ Error [PermissionDeniedError]: Permission required: workspace:admin
    at requirePermission (src/lib/permissions.ts:78:19)
    at requireWorkspacePermission (src/lib/workspace.ts:164:73)
    at async SettingsPage (src/app/(app)/settings/page.tsx:51:57)
  76 | export function requirePermission(role: WorkspaceRole, permission: Permission) {
  77 |   if (!rolePermissions[role].has(permission)) {
> 78 |     const error = new Error(`Permission required: ${permission}`)
     |                   ^
  79 |     error.name = 'PermissionDeniedError'
  80 |     throw error
  81 |   } {
  digest: '3359603744'
}
 GET /settings?error=Permission+required%3A+workspace%3Aadmin 200 in 48ms (next.js: 1.6ms, proxy.ts: 1.8ms, application-code: 45ms)
 POST /settings 200 in 60ms (next.js: 1.6ms, proxy.ts: 1.8ms, application-code: 56ms)
  └─ ƒ updateWorkspaceLocale({}) in 5ms src/app/actions.ts
⨯ Error [PermissionDeniedError]: Permission required: workspace:admin
    at requirePermission (src/lib/permissions.ts:78:19)
    at requireWorkspacePermission (src/lib/workspace.ts:164:73)
    at async SettingsPage (src/app/(app)/settings/page.tsx:51:57)
  76 | export function requirePermission(role: WorkspaceRole, permission: Permission) {
  77 |   if (!rolePermissions[role].has(permission)) {
> 78 |     const error = new Error(`Permission required: ${permission}`)
     |                   ^
  79 |     error.name = 'PermissionDeniedError'
  80 |     throw error
  81 |   } {
  digest: '3359603744'
}
 GET /settings?error=Permission+required%3A+workspace%3Aadmin 200 in 41ms (next.js: 1.5ms, proxy.ts: 1.6ms, application-code: 38ms)
 POST /settings 200 in 53ms (next.js: 1.7ms, proxy.ts: 1.9ms, application-code: 49ms)
  └─ ƒ updateWorkspaceLocale({}) in 5ms src/app/actions.ts
  ✓  11 [chromium] › e2e/authenticated-rbac.spec.ts:93:7 › authenticated Server Action authorization matrix › re-authorizes workspace administration for every session (1.1s)
 GET /billing 200 in 144ms (next.js: 1.8ms, proxy.ts: 2ms, application-code: 140ms)
 GET /api/auth/get-session 200 in 99ms (next.js: 62ms, proxy.ts: 11ms, application-code: 26ms)
 GET /api/auth/organization/list 200 in 102ms (next.js: 65ms, proxy.ts: 11ms, application-code: 27ms)
 GET /accounts 200 in 144ms (next.js: 3ms, proxy.ts: 1.9ms, application-code: 139ms)
 GET /api/auth/get-session 200 in 17ms (next.js: 4ms, proxy.ts: 3ms, application-code: 10ms)
 GET /api/auth/organization/list 200 in 18ms (next.js: 7ms, proxy.ts: 3ms, application-code: 8ms)
 POST /accounts 200 in 53ms (next.js: 1.8ms, proxy.ts: 2.0ms, application-code: 49ms)
  └─ ƒ setCookieConsent({}) in 1ms src/app/preferences-actions.ts
 GET /accounts?selection=saved 200 in 60ms (next.js: 1.6ms, proxy.ts: 1.8ms, application-code: 56ms)
 POST /accounts 200 in 83ms (next.js: 1.9ms, proxy.ts: 2ms, application-code: 79ms)
  └─ ƒ updateManagedAccounts({}) in 14ms src/app/account-selection-actions.ts
 GET /accounts?selection=saved 200 in 52ms (next.js: 1.7ms, proxy.ts: 1.9ms, application-code: 49ms)
 POST /accounts?selection=saved 200 in 73ms (next.js: 2ms, proxy.ts: 2ms, application-code: 68ms)
  └─ ƒ updateManagedAccounts({}) in 11ms src/app/account-selection-actions.ts
 GET /accounts?selection=conflict 200 in 56ms (next.js: 1.9ms, proxy.ts: 1.9ms, application-code: 53ms)
 POST /accounts?selection=saved 200 in 81ms (next.js: 3ms, proxy.ts: 3ms, application-code: 74ms)
  └─ ƒ updateManagedAccounts({}) in 13ms src/app/account-selection-actions.ts
 GET /accounts?selection=saved 200 in 48ms (next.js: 1.7ms, proxy.ts: 1.8ms, application-code: 44ms)
 POST /accounts?selection=conflict 200 in 67ms (next.js: 2ms, proxy.ts: 3ms, application-code: 62ms)
  └─ ƒ updateManagedAccounts({}) in 9ms src/app/account-selection-actions.ts
 GET /accounts 200 in 107ms (next.js: 1.7ms, proxy.ts: 2ms, application-code: 103ms)
  ✓  12 [chromium] › e2e/prod-ready-local.spec.ts:23:44 › local production readiness regression journeys › managed account selection preserves priorities and enforces quota in fr (2.3s)
 GET /billing 200 in 149ms (next.js: 1.9ms, proxy.ts: 2ms, application-code: 145ms)
 GET /api/auth/get-session 200 in 92ms (next.js: 58ms, proxy.ts: 11ms, application-code: 24ms)
 GET /api/auth/organization/list 200 in 97ms (next.js: 60ms, proxy.ts: 11ms, application-code: 26ms)
 GET /accounts 200 in 138ms (next.js: 1.7ms, proxy.ts: 1.9ms, application-code: 135ms)
 GET /api/auth/get-session 200 in 25ms (next.js: 4ms, proxy.ts: 3ms, application-code: 19ms)
 GET /api/auth/organization/list 200 in 27ms (next.js: 14ms, proxy.ts: 3ms, application-code: 10ms)
 POST /accounts 200 in 54ms (next.js: 1.7ms, proxy.ts: 2ms, application-code: 50ms)
  └─ ƒ setCookieConsent({}) in 2ms src/app/preferences-actions.ts
 GET /accounts?selection=saved 200 in 61ms (next.js: 2ms, proxy.ts: 4ms, application-code: 55ms)
 POST /accounts 200 in 88ms (next.js: 3ms, proxy.ts: 3ms, application-code: 83ms)
  └─ ƒ updateManagedAccounts({}) in 13ms src/app/account-selection-actions.ts
 GET /accounts?selection=saved 200 in 55ms (next.js: 1.5ms, proxy.ts: 1.7ms, application-code: 51ms)
 POST /accounts?selection=saved 200 in 73ms (next.js: 2ms, proxy.ts: 3ms, application-code: 68ms)
  └─ ƒ updateManagedAccounts({}) in 9ms src/app/account-selection-actions.ts
 GET /accounts?selection=conflict 200 in 51ms (next.js: 1.8ms, proxy.ts: 2ms, application-code: 47ms)
 POST /accounts?selection=saved 200 in 70ms (next.js: 2ms, proxy.ts: 3ms, application-code: 64ms)
  └─ ƒ updateManagedAccounts({}) in 8ms src/app/account-selection-actions.ts
 GET /accounts?selection=saved 200 in 55ms (next.js: 2.0ms, proxy.ts: 1.8ms, application-code: 51ms)
 POST /accounts?selection=conflict 200 in 73ms (next.js: 1.7ms, proxy.ts: 2ms, application-code: 69ms)
  └─ ƒ updateManagedAccounts({}) in 9ms src/app/account-selection-actions.ts
 GET /accounts 200 in 105ms (next.js: 1.9ms, proxy.ts: 2ms, application-code: 101ms)
  ✓  13 [chromium] › e2e/prod-ready-local.spec.ts:23:44 › local production readiness regression journeys › managed account selection preserves priorities and enforces quota in en (2.3s)
 GET /dashboard?client=80000000-0000-4000-8000-000000000004 200 in 169ms (next.js: 1.8ms, proxy.ts: 1.7ms, application-code: 165ms)
 GET /api/auth/get-session 200 in 26ms (next.js: 6ms, proxy.ts: 2ms, application-code: 18ms)
 GET /api/auth/organization/list 200 in 30ms (next.js: 9ms, proxy.ts: 3ms, application-code: 18ms)
 POST /dashboard?client=80000000-0000-4000-8000-000000000004 200 in 84ms (next.js: 1.9ms, proxy.ts: 3ms, application-code: 79ms)
  └─ ƒ setCookieConsent({}) in 2ms src/app/preferences-actions.ts
 GET /dashboard?client=80000000-0000-4000-8000-000000000004 200 in 166ms (next.js: 1.8ms, proxy.ts: 2.0ms, application-code: 162ms)
 GET /api/auth/get-session 200 in 20ms (next.js: 5ms, proxy.ts: 3ms, application-code: 12ms)
 GET /api/auth/organization/list 200 in 21ms (next.js: 9ms, proxy.ts: 3ms, application-code: 10ms)
  ✓  14 [chromium] › e2e/prod-ready-local.spec.ts:88:44 › local production readiness regression journeys › pacing uses covered completed days and hides forecasts with a gap in fr (1.1s)
 GET /dashboard?client=80000000-0000-4000-8000-000000000004 200 in 159ms (next.js: 1.7ms, proxy.ts: 1.7ms, application-code: 156ms)
 GET /api/auth/get-session 200 in 19ms (next.js: 5ms, proxy.ts: 3ms, application-code: 10ms)
 GET /api/auth/organization/list 200 in 20ms (next.js: 9ms, proxy.ts: 3ms, application-code: 9ms)
 POST /dashboard?client=80000000-0000-4000-8000-000000000004 200 in 90ms (next.js: 2ms, proxy.ts: 2ms, application-code: 86ms)
  └─ ƒ setCookieConsent({}) in 2ms src/app/preferences-actions.ts
 GET /dashboard?client=80000000-0000-4000-8000-000000000004 200 in 175ms (next.js: 1.7ms, proxy.ts: 1.9ms, application-code: 171ms)
 GET /api/auth/get-session 200 in 36ms (next.js: 13ms, proxy.ts: 4ms, application-code: 19ms)
 GET /api/auth/organization/list 200 in 39ms (next.js: 18ms, proxy.ts: 6ms, application-code: 15ms)
  ✓  15 [chromium] › e2e/prod-ready-local.spec.ts:88:44 › local production readiness regression journeys › pacing uses covered completed days and hides forecasts with a gap in en (1.0s)
 GET /dashboard?client=80000000-0000-4000-8000-000000000005 200 in 186ms (next.js: 1.7ms, proxy.ts: 2ms, application-code: 182ms)
 GET /api/auth/get-session 200 in 24ms (next.js: 5ms, proxy.ts: 3ms, application-code: 16ms)
 GET /api/auth/organization/list 200 in 28ms (next.js: 9ms, proxy.ts: 3ms, application-code: 16ms)
 GET /analysis?client=80000000-0000-4000-8000-000000000005 200 in 962ms (next.js: 673ms, proxy.ts: 8ms, application-code: 281ms)
 GET /api/auth/get-session 200 in 35ms (next.js: 14ms, proxy.ts: 4ms, application-code: 17ms)
 GET /api/auth/organization/list 200 in 37ms (next.js: 19ms, proxy.ts: 4ms, application-code: 13ms)
 GET /insights?client=80000000-0000-4000-8000-000000000005 200 in 856ms (next.js: 450ms, proxy.ts: 2ms, application-code: 404ms)
 GET /api/auth/get-session 200 in 112ms (next.js: 28ms, proxy.ts: 9ms, application-code: 76ms)
 GET /api/auth/organization/list 200 in 171ms (next.js: 32ms, proxy.ts: 8ms, application-code: 131ms)
 GET /dashboard?client=80000000-0000-4000-8000-000000000005 200 in 253ms (next.js: 4ms, proxy.ts: 8ms, application-code: 242ms)
 GET /api/auth/get-session 200 in 27ms (next.js: 4ms, proxy.ts: 3ms, application-code: 20ms)
 GET /api/auth/organization/list 200 in 31ms (next.js: 9ms, proxy.ts: 3ms, application-code: 19ms)
 GET /analysis?client=80000000-0000-4000-8000-000000000005 200 in 175ms (next.js: 3ms, proxy.ts: 5ms, application-code: 167ms)
 GET /api/auth/get-session 200 in 69ms (next.js: 26ms, proxy.ts: 11ms, application-code: 33ms)
 GET /api/auth/organization/list 200 in 113ms (next.js: 44ms, proxy.ts: 5ms, application-code: 65ms)
 GET /insights?client=80000000-0000-4000-8000-000000000005 200 in 207ms (next.js: 3ms, proxy.ts: 4ms, application-code: 200ms)
 GET /api/auth/get-session 200 in 70ms (next.js: 45ms, proxy.ts: 4ms, application-code: 20ms)
 GET /api/auth/organization/list 200 in 127ms (next.js: 49ms, proxy.ts: 4ms, application-code: 74ms)
 GET /insights?client=80000000-0000-4000-8000-000000000005 200 in 224ms (next.js: 4ms, proxy.ts: 5ms, application-code: 216ms)
 GET /api/auth/get-session 200 in 23ms (next.js: 12ms, proxy.ts: 3ms, application-code: 8ms)
 GET /api/auth/organization/list 200 in 24ms (next.js: 8ms, proxy.ts: 3ms, application-code: 14ms)
 POST /insights?client=80000000-0000-4000-8000-000000000005 200 in 82ms (next.js: 2ms, proxy.ts: 2ms, application-code: 77ms)
  └─ ƒ setCookieConsent({}) in 2ms src/app/preferences-actions.ts
  ✓  16 [chromium] › e2e/prod-ready-local.spec.ts:125:44 › local production readiness regression journeys › stored analytics remain available without Google and during grace in fr (4.3s)
 GET /dashboard?client=80000000-0000-4000-8000-000000000005 200 in 219ms (next.js: 2ms, proxy.ts: 2ms, application-code: 214ms)
 GET /api/auth/get-session 200 in 22ms (next.js: 5ms, proxy.ts: 3ms, application-code: 14ms)
 GET /api/auth/organization/list 200 in 26ms (next.js: 9ms, proxy.ts: 3ms, application-code: 15ms)
 GET /analysis?client=80000000-0000-4000-8000-000000000005 200 in 208ms (next.js: 4ms, proxy.ts: 6ms, application-code: 198ms)
 GET /api/auth/get-session 200 in 94ms (next.js: 64ms, proxy.ts: 19ms, application-code: 11ms)
 GET /api/auth/organization/list 200 in 98ms (next.js: 66ms, proxy.ts: 19ms, application-code: 13ms)
 GET /insights?client=80000000-0000-4000-8000-000000000005 200 in 229ms (next.js: 4ms, proxy.ts: 2ms, application-code: 222ms)
 GET /api/auth/get-session 200 in 109ms (next.js: 54ms, proxy.ts: 31ms, application-code: 24ms)
 GET /api/auth/organization/list 200 in 106ms (next.js: 60ms, proxy.ts: 29ms, application-code: 17ms)
 GET /dashboard?client=80000000-0000-4000-8000-000000000005 200 in 255ms (next.js: 3ms, proxy.ts: 3ms, application-code: 249ms)
 GET /api/auth/get-session 200 in 20ms (next.js: 4ms, proxy.ts: 3ms, application-code: 12ms)
 GET /api/auth/organization/list 200 in 26ms (next.js: 7ms, proxy.ts: 4ms, application-code: 15ms)
 GET /analysis?client=80000000-0000-4000-8000-000000000005 200 in 175ms (next.js: 2ms, proxy.ts: 5ms, application-code: 168ms)
 GET /api/auth/get-session 200 in 83ms (next.js: 58ms, proxy.ts: 12ms, application-code: 12ms)
 GET /api/auth/organization/list 200 in 86ms (next.js: 61ms, proxy.ts: 12ms, application-code: 13ms)
 GET /insights?client=80000000-0000-4000-8000-000000000005 200 in 225ms (next.js: 2ms, proxy.ts: 2ms, application-code: 220ms)
 GET /api/auth/get-session 200 in 79ms (next.js: 53ms, proxy.ts: 15ms, application-code: 11ms)
 GET /api/auth/organization/list 200 in 82ms (next.js: 56ms, proxy.ts: 15ms, application-code: 12ms)
 GET /insights?client=80000000-0000-4000-8000-000000000005 200 in 212ms (next.js: 2ms, proxy.ts: 2ms, application-code: 208ms)
 GET /api/auth/get-session 200 in 29ms (next.js: 11ms, proxy.ts: 4ms, application-code: 14ms)
 GET /api/auth/organization/list 200 in 32ms (next.js: 13ms, proxy.ts: 7ms, application-code: 11ms)
 POST /insights?client=80000000-0000-4000-8000-000000000005 200 in 82ms (next.js: 2.0ms, proxy.ts: 2ms, application-code: 78ms)
  └─ ƒ setCookieConsent({}) in 2ms src/app/preferences-actions.ts
  ✓  17 [chromium] › e2e/prod-ready-local.spec.ts:125:44 › local production readiness regression journeys › stored analytics remain available without Google and during grace in en (3.0s)
 GET /accounts 200 in 108ms (next.js: 3ms, proxy.ts: 2ms, application-code: 103ms)
 GET /api/auth/get-session 200 in 109ms (next.js: 51ms, proxy.ts: 4ms, application-code: 53ms)
 GET /api/auth/organization/list 200 in 122ms (next.js: 46ms, proxy.ts: 5ms, application-code: 71ms)
 GET /history 200 in 143ms (next.js: 5ms, proxy.ts: 4ms, application-code: 133ms)
 GET /api/auth/get-session 200 in 19ms (next.js: 4ms, proxy.ts: 3ms, application-code: 12ms)
 GET /api/auth/organization/list 200 in 22ms (next.js: 7ms, proxy.ts: 3ms, application-code: 11ms)
 GET /alerts 200 in 123ms (next.js: 5ms, proxy.ts: 5ms, application-code: 113ms)
 GET /api/auth/get-session 200 in 141ms (next.js: 76ms, proxy.ts: 4ms, application-code: 61ms)
 GET /api/auth/organization/list 200 in 152ms (next.js: 78ms, proxy.ts: 5ms, application-code: 68ms)
 GET /tasks 200 in 184ms (next.js: 6ms, proxy.ts: 4ms, application-code: 174ms)
 GET /api/auth/get-session 200 in 76ms (next.js: 49ms, proxy.ts: 4ms, application-code: 22ms)
 GET /api/auth/organization/list 200 in 126ms (next.js: 52ms, proxy.ts: 5ms, application-code: 70ms)
 GET /approvals 200 in 149ms (next.js: 6ms, proxy.ts: 4ms, application-code: 138ms)
 GET /api/auth/get-session 200 in 99ms (next.js: 41ms, proxy.ts: 4ms, application-code: 54ms)
 GET /api/auth/organization/list 200 in 117ms (next.js: 48ms, proxy.ts: 5ms, application-code: 65ms)
 GET /reports 200 in 138ms (next.js: 6ms, proxy.ts: 4ms, application-code: 128ms)
 GET /api/auth/get-session 200 in 107ms (next.js: 46ms, proxy.ts: 5ms, application-code: 56ms)
 GET /api/auth/organization/list 200 in 119ms (next.js: 55ms, proxy.ts: 5ms, application-code: 58ms)
 GET /audit 200 in 165ms (next.js: 6ms, proxy.ts: 5ms, application-code: 155ms)
 GET /accounts 200 in 130ms (next.js: 1.6ms, proxy.ts: 1.9ms, application-code: 127ms)
 GET /api/auth/get-session 200 in 22ms (next.js: 5ms, proxy.ts: 3ms, application-code: 13ms)
 GET /api/auth/organization/list 200 in 25ms (next.js: 9ms, proxy.ts: 3ms, application-code: 13ms)
 GET /history 200 in 122ms (next.js: 4ms, proxy.ts: 6ms, application-code: 112ms)
 GET /api/auth/get-session 200 in 24ms (next.js: 6ms, proxy.ts: 4ms, application-code: 13ms)
 GET /api/auth/organization/list 200 in 51ms (next.js: 11ms, proxy.ts: 4ms, application-code: 37ms)
 GET /alerts 200 in 141ms (next.js: 4ms, proxy.ts: 3ms, application-code: 134ms)
 GET /api/auth/get-session 200 in 30ms (next.js: 5ms, proxy.ts: 4ms, application-code: 22ms)
 GET /api/auth/organization/list 200 in 32ms (next.js: 17ms, proxy.ts: 4ms, application-code: 11ms)
 GET /tasks 200 in 137ms (next.js: 5ms, proxy.ts: 4ms, application-code: 129ms)
 GET /api/auth/get-session 200 in 25ms (next.js: 6ms, proxy.ts: 3ms, application-code: 16ms)
 GET /api/auth/organization/list 200 in 41ms (next.js: 10ms, proxy.ts: 3ms, application-code: 28ms)
 GET /approvals 200 in 247ms (next.js: 7ms, proxy.ts: 5ms, application-code: 234ms)
 GET /api/auth/get-session 200 in 66ms (next.js: 10ms, proxy.ts: 4ms, application-code: 51ms)
 GET /api/auth/organization/list 200 in 68ms (next.js: 20ms, proxy.ts: 5ms, application-code: 43ms)
 GET /reports 200 in 133ms (next.js: 3ms, proxy.ts: 4ms, application-code: 127ms)
  ✓  18 [chromium] › e2e/prod-ready-local.spec.ts:214:9 › local production readiness regression journeys › grace permits stored views while hiding mutations (4.0s)
 GET /api/auth/get-session 200 in 18ms (next.js: 4ms, proxy.ts: 3ms, application-code: 11ms)
 GET /api/auth/organization/list 200 in 17ms (next.js: 9ms, proxy.ts: 3ms, application-code: 5ms)
⨯ Error [WorkspaceAccessRestrictedError]: Workspace access state does not allow: portfolio:read
    at requireWorkspacePermission (src/lib/workspace.ts:166:19)
    at async DashboardPage (src/app/(app)/dashboard/page.tsx:26:54)
  164 |   if (!decision.allowed && decision.reason === 'role') requirePermission(context.role, permission)
  165 |   if (!decision.allowed) {
> 166 |     const error = new Error(`Workspace access state does not allow: ${permission}`)
      |                   ^
  167 |     error.name = 'WorkspaceAccessRestrictedError'
  168 |     throw error
  169 |   } {
  digest: '1413764754'
}
 GET /dashboard 307 in 80ms (next.js: 2ms, proxy.ts: 1.9ms, application-code: 76ms)
 GET /billing?notice=Your%20current%20access%20is%20limited%20to%20billing%20and%20stored%20data. 200 in 114ms (next.js: 3ms, proxy.ts: 1.9ms, application-code: 109ms)
⨯ Error [WorkspaceAccessRestrictedError]: Workspace access state does not allow: portfolio:read
    at requireWorkspacePermission (src/lib/workspace.ts:166:19)
    at async DashboardPage (src/app/(app)/dashboard/page.tsx:26:54)
  164 |   if (!decision.allowed && decision.reason === 'role') requirePermission(context.role, permission)
  165 |   if (!decision.allowed) {
> 166 |     const error = new Error(`Workspace access state does not allow: ${permission}`)
      |                   ^
  167 |     error.name = 'WorkspaceAccessRestrictedError'
  168 |     throw error
  169 |   } {
  digest: '1413764754'
}
 GET /dashboard 307 in 62ms (next.js: 1.8ms, proxy.ts: 1.8ms, application-code: 58ms)
 GET /support?notice=Your%20current%20access%20is%20limited%20to%20billing%20and%20stored%20data. 200 in 87ms (next.js: 3ms, proxy.ts: 1.6ms, application-code: 82ms)
⨯ Error [PermissionDeniedError]: Permission required: portfolio:read
    at requirePermission (src/lib/permissions.ts:78:19)
    at requireWorkspacePermission (src/lib/workspace.ts:164:73)
    at async DashboardPage (src/app/(app)/dashboard/page.tsx:26:54)
  76 | export function requirePermission(role: WorkspaceRole, permission: Permission) {
  77 |   if (!rolePermissions[role].has(permission)) {
> 78 |     const error = new Error(`Permission required: ${permission}`)
     |                   ^
  79 |     error.name = 'PermissionDeniedError'
  80 |     throw error
  81 |   } {
  digest: '2183712461'
}
 GET /dashboard 307 in 64ms (next.js: 1.9ms, proxy.ts: 1.7ms, application-code: 61ms)
 GET /support?notice=Your%20current%20access%20is%20limited%20to%20billing%20and%20stored%20data. 200 in 94ms (next.js: 1.6ms, proxy.ts: 1.6ms, application-code: 91ms)
  ✓  19 [chromium] › e2e/prod-ready-local.spec.ts:229:9 › local production readiness regression journeys › suspended members have an accessible recovery destination without redirect loops (1.2s)
 GET /dashboard 200 in 119ms (next.js: 1.8ms, proxy.ts: 2ms, application-code: 114ms)
 GET /api/auth/get-session 200 in 19ms (next.js: 5ms, proxy.ts: 3ms, application-code: 11ms)
 GET /api/auth/organization/list 200 in 20ms (next.js: 9ms, proxy.ts: 3ms, application-code: 8ms)
 POST /dashboard 200 in 71ms (next.js: 1.8ms, proxy.ts: 4ms, application-code: 65ms)
  └─ ƒ setCookieConsent({}) in 8ms src/app/preferences-actions.ts
 GET /settings 200 in 59ms (next.js: 4ms, proxy.ts: 2ms, application-code: 53ms)
  ✓  20 [chromium] › e2e/prod-ready-local.spec.ts:241:11 › local production readiness regression journeys › full navigation and workspace selection work at 390px in fr (790ms)
 GET /dashboard 200 in 126ms (next.js: 1.4ms, proxy.ts: 3ms, application-code: 121ms)
 GET /api/auth/get-session 200 in 19ms (next.js: 6ms, proxy.ts: 3ms, application-code: 11ms)
 GET /api/auth/organization/list 200 in 21ms (next.js: 9ms, proxy.ts: 3ms, application-code: 8ms)
 POST /dashboard 200 in 63ms (next.js: 2ms, proxy.ts: 2ms, application-code: 59ms)
  └─ ƒ setCookieConsent({}) in 2ms src/app/preferences-actions.ts
 GET /settings 200 in 61ms (next.js: 2ms, proxy.ts: 2ms, application-code: 57ms)
  ✓  21 [chromium] › e2e/prod-ready-local.spec.ts:241:11 › local production readiness regression journeys › full navigation and workspace selection work at 768px in fr (811ms)
 GET /dashboard 200 in 117ms (next.js: 1.8ms, proxy.ts: 1.9ms, application-code: 113ms)
 GET /api/auth/get-session 200 in 19ms (next.js: 5ms, proxy.ts: 3ms, application-code: 11ms)
 GET /api/auth/organization/list 200 in 21ms (next.js: 9ms, proxy.ts: 3ms, application-code: 9ms)
 POST /dashboard 200 in 80ms (next.js: 1.9ms, proxy.ts: 2ms, application-code: 75ms)
  └─ ƒ setCookieConsent({}) in 10ms src/app/preferences-actions.ts
 GET /settings 200 in 55ms (next.js: 2ms, proxy.ts: 2ms, application-code: 50ms)
  ✓  22 [chromium] › e2e/prod-ready-local.spec.ts:241:11 › local production readiness regression journeys › full navigation and workspace selection work at 390px in en (785ms)
 GET /dashboard 200 in 126ms (next.js: 1.6ms, proxy.ts: 2.0ms, application-code: 122ms)
 GET /api/auth/get-session 200 in 20ms (next.js: 5ms, proxy.ts: 3ms, application-code: 12ms)
 GET /api/auth/organization/list 200 in 21ms (next.js: 10ms, proxy.ts: 3ms, application-code: 8ms)
 POST /dashboard 200 in 62ms (next.js: 1.9ms, proxy.ts: 2ms, application-code: 57ms)
  └─ ƒ setCookieConsent({}) in 0ms src/app/preferences-actions.ts
 GET /settings 200 in 63ms (next.js: 2.0ms, proxy.ts: 2ms, application-code: 59ms)
  ✓  23 [chromium] › e2e/prod-ready-local.spec.ts:241:11 › local production readiness regression journeys › full navigation and workspace selection work at 768px in en (809ms)
 GET /dashboard 200 in 116ms (next.js: 1.8ms, proxy.ts: 2ms, application-code: 112ms)
 GET /api/auth/get-session 200 in 19ms (next.js: 6ms, proxy.ts: 3ms, application-code: 10ms)
 GET /api/auth/organization/list 200 in 21ms (next.js: 10ms, proxy.ts: 3ms, application-code: 8ms)
 POST /dashboard 200 in 74ms (next.js: 2ms, proxy.ts: 4ms, application-code: 68ms)
  └─ ƒ setCookieConsent({}) in 9ms src/app/preferences-actions.ts
 POST /api/auth/organization/set-active 200 in 13ms (next.js: 2ms, proxy.ts: 3ms, application-code: 8ms)
⨯ Error [PermissionDeniedError]: Permission required: portfolio:read
    at requirePermission (src/lib/permissions.ts:78:19)
    at requireWorkspacePermission (src/lib/workspace.ts:164:73)
    at async DashboardPage (src/app/(app)/dashboard/page.tsx:26:54)
  76 | export function requirePermission(role: WorkspaceRole, permission: Permission) {
  77 |   if (!rolePermissions[role].has(permission)) {
> 78 |     const error = new Error(`Permission required: ${permission}`)
     |                   ^
  79 |     error.name = 'PermissionDeniedError'
  80 |     throw error
  81 |   } {
  digest: '2183712461'
}
 GET /api/auth/get-session 200 in 40ms (next.js: 21ms, proxy.ts: 10ms, application-code: 9ms)
 GET /dashboard 307 in 74ms (next.js: 1.6ms, proxy.ts: 1.7ms, application-code: 70ms)
 GET /support?error=Acc%C3%A8s%20non%20autoris%C3%A9 200 in 93ms (next.js: 1.7ms, proxy.ts: 4ms, application-code: 87ms)
 GET /api/auth/get-session 200 in 24ms (next.js: 6ms, proxy.ts: 6ms, application-code: 13ms)
 GET /api/auth/organization/list 200 in 27ms (next.js: 10ms, proxy.ts: 6ms, application-code: 11ms)
 POST /api/auth/organization/set-active 200 in 15ms (next.js: 2ms, proxy.ts: 3ms, application-code: 10ms)
 GET /api/auth/get-session 200 in 96ms (next.js: 72ms, proxy.ts: 12ms, application-code: 12ms)
 GET /dashboard 200 in 146ms (next.js: 1.9ms, proxy.ts: 1.7ms, application-code: 142ms)
 GET /api/auth/get-session 200 in 17ms (next.js: 4ms, proxy.ts: 3ms, application-code: 10ms)
 GET /api/auth/organization/list 200 in 19ms (next.js: 7ms, proxy.ts: 3ms, application-code: 9ms)
  ✓  24 [chromium] › e2e/prod-ready-local.spec.ts:266:9 › local production readiness regression journeys › workspace selection switches context and permissions on mobile (1.3s)
 GET /agents 200 in 129ms (next.js: 3ms, proxy.ts: 1.8ms, application-code: 124ms)
  ✓  25 [chromium] › e2e/prod-ready-local.spec.ts:284:9 › local production readiness regression journeys › analysts do not see monitoring controls denied by their role (391ms)
 GET / 200 in 79ms (next.js: 3ms, proxy.ts: 3ms, application-code: 73ms)
  ✓  26 [chromium] › e2e/public.spec.ts:3:5 › public landing exposes the product proposition and account creation (338ms)
 GET /dashboard 307 in 45ms (next.js: 1.8ms, proxy.ts: 2ms, application-code: 41ms)
 GET /sign-in 200 in 43ms (next.js: 5ms, proxy.ts: 1.8ms, application-code: 37ms)
  ✓  27 [chromium] › e2e/public.spec.ts:15:5 › authenticated areas redirect anonymous visitors to sign-in (160ms)
 GET /privacy 200 in 40ms (next.js: 3ms, proxy.ts: 1.8ms, application-code: 35ms)
 GET /terms 200 in 44ms (next.js: 3ms, proxy.ts: 3ms, application-code: 37ms)
  ✓  28 [chromium] › e2e/public.spec.ts:21:5 › privacy and terms pages are public (455ms)
 GET /subprocessors 200 in 41ms (next.js: 3ms, proxy.ts: 2ms, application-code: 37ms)
  ✓  29 [chromium] › e2e/public.spec.ts:28:5 › the subprocessor register and change-notice policy are public (277ms)
 GET / 200 in 78ms (next.js: 1.5ms, proxy.ts: 2ms, application-code: 74ms)
 GET /privacy 200 in 38ms (next.js: 1.9ms, proxy.ts: 2ms, application-code: 34ms)
  ✓  30 [chromium] › e2e/public.spec.ts:35:5 › the public product and legal surface honor the English locale (501ms)
 GET /status 200 in 50ms (next.js: 2ms, proxy.ts: 2ms, application-code: 46ms)
  ✓  31 [chromium] › e2e/public.spec.ts:46:5 › public status page never claims operational health when status storage is unavailable (282ms)
 GET /reports 200 in 145ms (next.js: 2ms, proxy.ts: 1.9ms, application-code: 141ms)
 GET /api/auth/get-session 200 in 20ms (next.js: 6ms, proxy.ts: 3ms, application-code: 11ms)
 GET /api/auth/organization/list 200 in 21ms (next.js: 9ms, proxy.ts: 3ms, application-code: 9ms)
 POST /reports 200 in 78ms (next.js: 2ms, proxy.ts: 2ms, application-code: 73ms)
  └─ ƒ setCookieConsent({}) in 2ms src/app/preferences-actions.ts
 GET /reports?notice=Rapport+cr%C3%A9%C3%A9.+R%C3%A9v%C3%A9lez+son+URL+dans+les+cinq+prochaines+minutes.&reveal=report-url&revealId=b9a62761-0da3-4c03-ab77-3e42e15efb1a 200 in 65ms (next.js: 2ms, proxy.ts: 2.0ms, application-code: 61ms)
 POST /reports 200 in 97ms (next.js: 2ms, proxy.ts: 2ms, application-code: 93ms)
  └─ ƒ createShareLink({}) in 21ms src/app/actions.ts
 POST /api/secret-revelation 200 in 70ms (next.js: 52ms, proxy.ts: 3ms, application-code: 15ms)
 GET /r/[REDACTED_FIXTURE_TOKEN]?edition=67d3dd59-5785-4d98-a2ef-d792a6948eb2 200 in 901ms (next.js: 782ms, proxy.ts: 1.8ms, application-code: 118ms)
 GET /r/[REDACTED_FIXTURE_TOKEN]/csv?edition=67d3dd59-5785-4d98-a2ef-d792a6948eb2 200 in 634ms (next.js: 618ms, proxy.ts: 2ms, application-code: 15ms)
 GET /r/[REDACTED_FIXTURE_TOKEN]/pdf?edition=67d3dd59-5785-4d98-a2ef-d792a6948eb2 200 in 999ms (next.js: 739ms, proxy.ts: 1.6ms, application-code: 258ms)
 GET /r/[REDACTED_FIXTURE_TOKEN]?error=L%E2%80%99envoi+de+codes+email+n%E2%80%99est+pas+configur%C3%A9.&edition=67d3dd59-5785-4d98-a2ef-d792a6948eb2 200 in 48ms (next.js: 2ms, proxy.ts: 2.0ms, application-code: 44ms)
 POST /r/[REDACTED_FIXTURE_TOKEN]?edition=67d3dd59-5785-4d98-a2ef-d792a6948eb2 200 in 70ms (next.js: 4ms, proxy.ts: 2ms, application-code: 64ms)
  └─ ƒ requestReportFeedbackOtp({}) in 9ms src/app/actions.ts
 GET /r/[REDACTED_FIXTURE_TOKEN]?edition=67d3dd59-5785-4d98-a2ef-d792a6948eb2&otp=1 200 in 83ms (next.js: 2ms, proxy.ts: 1.9ms, application-code: 78ms)
 GET /r/[REDACTED_FIXTURE_TOKEN]?error=Demandez+un+nouveau+code.&otp=1&edition=67d3dd59-5785-4d98-a2ef-d792a6948eb2 200 in 47ms (next.js: 2ms, proxy.ts: 1.6ms, application-code: 43ms)
 POST /r/[REDACTED_FIXTURE_TOKEN]?edition=67d3dd59-5785-4d98-a2ef-d792a6948eb2&otp=1 200 in 65ms (next.js: 3ms, proxy.ts: 2ms, application-code: 59ms)
  └─ ƒ verifyReportFeedbackOtp({}) in 6ms src/app/actions.ts
 GET /reports?notice=Rapport+cr%C3%A9%C3%A9.+R%C3%A9v%C3%A9lez+son+URL+dans+les+cinq+prochaines+minutes.&reveal=report-url&revealId=9b29e4bf-fed5-4e49-bfd1-be85db0c6820 200 in 78ms (next.js: 4ms, proxy.ts: 4ms, application-code: 71ms)
 POST /reports?notice=Rapport%20cr%C3%A9%C3%A9.%20R%C3%A9v%C3%A9lez%20son%20URL%20dans%20les%20cinq%20prochaines%20minutes.&reveal=report-url&revealId=b9a62761-0da3-4c03-ab77-3e42e15efb1a 200 in 108ms (next.js: 2ms, proxy.ts: 2ms, application-code: 103ms)
  └─ ƒ createShareLink({}) in 18ms src/app/actions.ts
 POST /api/secret-revelation 200 in 21ms (next.js: 1.7ms, proxy.ts: 3ms, application-code: 17ms)
 GET /r/[REDACTED_FIXTURE_TOKEN]?edition=52da139a-1c01-4f08-9605-d8c6b7f4f9ae 200 in 83ms (next.js: 4ms, proxy.ts: 2.0ms, application-code: 77ms)
 GET /r/[REDACTED_FIXTURE_TOKEN]/csv?edition=52da139a-1c01-4f08-9605-d8c6b7f4f9ae 200 in 24ms (next.js: 5ms, proxy.ts: 3ms, application-code: 16ms)
 GET /r/[REDACTED_FIXTURE_TOKEN]/pdf?edition=52da139a-1c01-4f08-9605-d8c6b7f4f9ae 200 in 114ms (next.js: 7ms, proxy.ts: 4ms, application-code: 103ms)
 GET /reports?notice=Rapport+cr%C3%A9%C3%A9.+R%C3%A9v%C3%A9lez+son+URL+dans+les+cinq+prochaines+minutes.&reveal=report-url&revealId=06678edc-d57f-4311-858f-2112aa6c4e03 200 in 78ms (next.js: 3ms, proxy.ts: 3ms, application-code: 72ms)
 POST /reports?notice=Rapport%20cr%C3%A9%C3%A9.%20R%C3%A9v%C3%A9lez%20son%20URL%20dans%20les%20cinq%20prochaines%20minutes.&reveal=report-url&revealId=9b29e4bf-fed5-4e49-bfd1-be85db0c6820 200 in 118ms (next.js: 4ms, proxy.ts: 4ms, application-code: 110ms)
  └─ ƒ createShareLink({}) in 24ms src/app/actions.ts
 POST /api/secret-revelation 200 in 15ms (next.js: 2.0ms, proxy.ts: 3ms, application-code: 11ms)
 GET /r/[REDACTED_FIXTURE_TOKEN]?edition=aa04a575-4089-4cc3-bc41-a2ee9d3e7d64 200 in 105ms (next.js: 4ms, proxy.ts: 3ms, application-code: 99ms)
 GET /r/[REDACTED_FIXTURE_TOKEN]/csv?edition=aa04a575-4089-4cc3-bc41-a2ee9d3e7d64 200 in 21ms (next.js: 6ms, proxy.ts: 2ms, application-code: 13ms)
 GET /r/[REDACTED_FIXTURE_TOKEN]/pdf?edition=aa04a575-4089-4cc3-bc41-a2ee9d3e7d64 200 in 73ms (next.js: 2ms, proxy.ts: 1.8ms, application-code: 69ms)
 GET /reports?notice=Rapport+cr%C3%A9%C3%A9.+R%C3%A9v%C3%A9lez+son+URL+dans+les+cinq+prochaines+minutes.&reveal=report-url&revealId=e3335270-668f-4d98-89f7-e299e4d5ef1d 200 in 66ms (next.js: 1.8ms, proxy.ts: 1.7ms, application-code: 63ms)
 POST /reports?notice=Rapport%20cr%C3%A9%C3%A9.%20R%C3%A9v%C3%A9lez%20son%20URL%20dans%20les%20cinq%20prochaines%20minutes.&reveal=report-url&revealId=06678edc-d57f-4311-858f-2112aa6c4e03 200 in 99ms (next.js: 8ms, proxy.ts: 2ms, application-code: 88ms)
  └─ ƒ createShareLink({}) in 16ms src/app/actions.ts
 POST /api/secret-revelation 200 in 20ms (next.js: 3ms, proxy.ts: 3ms, application-code: 14ms)
 GET /r/[REDACTED_FIXTURE_TOKEN]?edition=2b7b49dc-ddb9-43fd-88e6-f9ade042cfac 200 in 80ms (next.js: 5ms, proxy.ts: 2.0ms, application-code: 73ms)
 GET /r/[REDACTED_FIXTURE_TOKEN]/csv?edition=2b7b49dc-ddb9-43fd-88e6-f9ade042cfac 200 in 15ms (next.js: 4ms, proxy.ts: 2ms, application-code: 9ms)
 GET /r/[REDACTED_FIXTURE_TOKEN]/pdf?edition=2b7b49dc-ddb9-43fd-88e6-f9ade042cfac 200 in 76ms (next.js: 4ms, proxy.ts: 1.7ms, application-code: 71ms)
 GET /reports?notice=Rapport+cr%C3%A9%C3%A9.+R%C3%A9v%C3%A9lez+son+URL+dans+les+cinq+prochaines+minutes.&reveal=report-url&revealId=6856799b-0bd7-4e24-8d2e-a9d7fc1e0612 200 in 81ms (next.js: 1.7ms, proxy.ts: 1.9ms, application-code: 77ms)
 POST /reports?notice=Rapport%20cr%C3%A9%C3%A9.%20R%C3%A9v%C3%A9lez%20son%20URL%20dans%20les%20cinq%20prochaines%20minutes.&reveal=report-url&revealId=e3335270-668f-4d98-89f7-e299e4d5ef1d 200 in 117ms (next.js: 5ms, proxy.ts: 4ms, application-code: 108ms)
  └─ ƒ createShareLink({}) in 19ms src/app/actions.ts
 POST /api/secret-revelation 200 in 23ms (next.js: 2.0ms, proxy.ts: 3ms, application-code: 18ms)
 GET /r/[REDACTED_FIXTURE_TOKEN]?edition=0658a78c-f794-4340-add4-0dbcbeee4dda 200 in 112ms (next.js: 10ms, proxy.ts: 8ms, application-code: 94ms)
 GET /r/[REDACTED_FIXTURE_TOKEN]/csv?edition=0658a78c-f794-4340-add4-0dbcbeee4dda 200 in 20ms (next.js: 5ms, proxy.ts: 3ms, application-code: 13ms)
 GET /r/[REDACTED_FIXTURE_TOKEN]/pdf?edition=0658a78c-f794-4340-add4-0dbcbeee4dda 200 in 78ms (next.js: 3ms, proxy.ts: 2ms, application-code: 73ms)
 GET /r/[REDACTED_FIXTURE_TOKEN]?edition=67d3dd59-5785-4d98-a2ef-d792a6948eb2 200 in 86ms (next.js: 5ms, proxy.ts: 3ms, application-code: 79ms)
 GET /r/[REDACTED_FIXTURE_TOKEN]/csv?edition=67d3dd59-5785-4d98-a2ef-d792a6948eb2 200 in 15ms (next.js: 2.0ms, proxy.ts: 4ms, application-code: 9ms)
 GET /r/[REDACTED_FIXTURE_TOKEN]/pdf?edition=67d3dd59-5785-4d98-a2ef-d792a6948eb2 200 in 210ms (next.js: 3ms, proxy.ts: 1.5ms, application-code: 205ms)
 GET /reports?notice=R%C3%A9vision+publi%C3%A9e.+Les+%C3%A9ditions+pr%C3%A9c%C3%A9dentes+restent+inchang%C3%A9es.&reveal=report-url&revealId=725fe145-0794-4830-af19-804e6d2720aa 200 in 85ms (next.js: 4ms, proxy.ts: 2ms, application-code: 78ms)
 POST /reports?notice=Rapport%20cr%C3%A9%C3%A9.%20R%C3%A9v%C3%A9lez%20son%20URL%20dans%20les%20cinq%20prochaines%20minutes.&reveal=report-url&revealId=6856799b-0bd7-4e24-8d2e-a9d7fc1e0612 200 in 125ms (next.js: 3ms, proxy.ts: 5ms, application-code: 116ms)
  └─ ƒ reviseReportEdition({}) in 21ms src/app/actions.ts
 POST /api/secret-revelation 200 in 19ms (next.js: 3ms, proxy.ts: 4ms, application-code: 12ms)
 GET /r/[REDACTED_FIXTURE_TOKEN]?edition=caf7609b-d00c-4004-87ac-bbbd9d5b12fa 200 in 90ms (next.js: 4ms, proxy.ts: 2ms, application-code: 84ms)
 GET /r/[REDACTED_FIXTURE_TOKEN]/csv?edition=caf7609b-d00c-4004-87ac-bbbd9d5b12fa 200 in 22ms (next.js: 4ms, proxy.ts: 1.8ms, application-code: 16ms)
 GET /reports?error=Les+donn%C3%A9es+compl%C3%A8tes+de+cette+p%C3%A9riode+ne+sont+pas+disponibles.+Actualisez+l%E2%80%99historique+du+compte+avant+de+publier+ce+bilan. 200 in 74ms (next.js: 1.8ms, proxy.ts: 1.8ms, application-code: 70ms)
 POST /reports?notice=R%C3%A9vision%20publi%C3%A9e.%20Les%20%C3%A9ditions%20pr%C3%A9c%C3%A9dentes%20restent%20inchang%C3%A9es.&reveal=report-url&revealId=725fe145-0794-4830-af19-804e6d2720aa 200 in 97ms (next.js: 3ms, proxy.ts: 2ms, application-code: 92ms)
  └─ ƒ createShareLink({}) in 12ms src/app/actions.ts
 GET /r/[REDACTED_FIXTURE_TOKEN]?edition=67d3dd59-5785-4d98-a2ef-d792a6948eb2 200 in 103ms (next.js: 4ms, proxy.ts: 2ms, application-code: 97ms)
 GET /r/[REDACTED_FIXTURE_TOKEN]/pdf?edition=67d3dd59-5785-4d98-a2ef-d792a6948eb2 429 in 11ms (next.js: 3ms, proxy.ts: 2ms, application-code: 5ms)
 GET /r/[REDACTED_FIXTURE_TOKEN]/csv?edition=67d3dd59-5785-4d98-a2ef-d792a6948eb2 404 in 8ms (next.js: 3ms, proxy.ts: 1.5ms, application-code: 4ms)
 GET /reports 200 in 147ms (next.js: 1.8ms, proxy.ts: 1.8ms, application-code: 143ms)
  ✓  32 [chromium] › e2e/report-editions-local.spec.ts:16:53 › published report editions › creates every period and preserves HTML PDF CSV through revision in fr (9.1s)
 GET /reports 200 in 163ms (next.js: 2ms, proxy.ts: 3ms, application-code: 158ms)
 GET /api/auth/get-session 200 in 30ms (next.js: 9ms, proxy.ts: 4ms, application-code: 17ms)
 GET /api/auth/organization/list 200 in 31ms (next.js: 11ms, proxy.ts: 6ms, application-code: 15ms)
 POST /reports 200 in 80ms (next.js: 1.9ms, proxy.ts: 4ms, application-code: 73ms)
  └─ ƒ setCookieConsent({}) in 2ms src/app/preferences-actions.ts
 GET /reports?notice=Report+created.+Reveal+its+URL+within+the+next+five+minutes.&reveal=report-url&revealId=5205666b-b381-47e5-aecf-43bd707fa6d9 200 in 67ms (next.js: 2ms, proxy.ts: 2ms, application-code: 62ms)
 POST /reports 200 in 94ms (next.js: 1.8ms, proxy.ts: 3ms, application-code: 90ms)
  └─ ƒ createShareLink({}) in 17ms src/app/actions.ts
 POST /api/secret-revelation 200 in 25ms (next.js: 11ms, proxy.ts: 3ms, application-code: 11ms)
 GET /r/[REDACTED_FIXTURE_TOKEN]?edition=9d69983e-dede-45ef-ab86-cc9e6cea6268 200 in 92ms (next.js: 5ms, proxy.ts: 2ms, application-code: 85ms)
 GET /r/[REDACTED_FIXTURE_TOKEN]/csv?edition=9d69983e-dede-45ef-ab86-cc9e6cea6268 200 in 16ms (next.js: 4ms, proxy.ts: 2.0ms, application-code: 10ms)
 GET /r/[REDACTED_FIXTURE_TOKEN]/pdf?edition=9d69983e-dede-45ef-ab86-cc9e6cea6268 200 in 252ms (next.js: 3ms, proxy.ts: 1.4ms, application-code: 247ms)
 GET /r/[REDACTED_FIXTURE_TOKEN]?error=Email+code+delivery+is+not+configured.&edition=9d69983e-dede-45ef-ab86-cc9e6cea6268 200 in 78ms (next.js: 4ms, proxy.ts: 3ms, application-code: 72ms)
 POST /r/[REDACTED_FIXTURE_TOKEN]?edition=9d69983e-dede-45ef-ab86-cc9e6cea6268 200 in 141ms (next.js: 28ms, proxy.ts: 11ms, application-code: 103ms)
  └─ ƒ requestReportFeedbackOtp({}) in 15ms src/app/actions.ts
 GET /r/[REDACTED_FIXTURE_TOKEN]?edition=9d69983e-dede-45ef-ab86-cc9e6cea6268&otp=1 200 in 101ms (next.js: 3ms, proxy.ts: 3ms, application-code: 95ms)
 GET /r/[REDACTED_FIXTURE_TOKEN]?error=Request+a+new+code.&otp=1&edition=9d69983e-dede-45ef-ab86-cc9e6cea6268 200 in 64ms (next.js: 6ms, proxy.ts: 1.9ms, application-code: 57ms)
 POST /r/[REDACTED_FIXTURE_TOKEN]?edition=9d69983e-dede-45ef-ab86-cc9e6cea6268&otp=1 200 in 85ms (next.js: 3ms, proxy.ts: 3ms, application-code: 79ms)
  └─ ƒ verifyReportFeedbackOtp({}) in 7ms src/app/actions.ts
 GET /reports?notice=Report+created.+Reveal+its+URL+within+the+next+five+minutes.&reveal=report-url&revealId=bc254f7f-9c0b-49cb-860c-1dd214ea00e7 200 in 71ms (next.js: 2ms, proxy.ts: 1.8ms, application-code: 67ms)
 POST /reports?notice=Report%20created.%20Reveal%20its%20URL%20within%20the%20next%20five%20minutes.&reveal=report-url&revealId=5205666b-b381-47e5-aecf-43bd707fa6d9 200 in 102ms (next.js: 3ms, proxy.ts: 3ms, application-code: 96ms)
  └─ ƒ createShareLink({}) in 19ms src/app/actions.ts
 POST /api/secret-revelation 200 in 17ms (next.js: 1.7ms, proxy.ts: 3ms, application-code: 13ms)
 GET /r/[REDACTED_FIXTURE_TOKEN]?edition=e96447cf-3a00-4cff-8302-95417aab2006 200 in 94ms (next.js: 4ms, proxy.ts: 8ms, application-code: 82ms)
 GET /r/[REDACTED_FIXTURE_TOKEN]/csv?edition=e96447cf-3a00-4cff-8302-95417aab2006 200 in 15ms (next.js: 4ms, proxy.ts: 2ms, application-code: 9ms)
 GET /r/[REDACTED_FIXTURE_TOKEN]/pdf?edition=e96447cf-3a00-4cff-8302-95417aab2006 200 in 89ms (next.js: 3ms, proxy.ts: 1.9ms, application-code: 84ms)
 GET /reports?notice=Report+created.+Reveal+its+URL+within+the+next+five+minutes.&reveal=report-url&revealId=4b2dc501-6de7-4563-965c-1346e8f45eac 200 in 72ms (next.js: 2ms, proxy.ts: 2.0ms, application-code: 67ms)
 POST /reports?notice=Report%20created.%20Reveal%20its%20URL%20within%20the%20next%20five%20minutes.&reveal=report-url&revealId=bc254f7f-9c0b-49cb-860c-1dd214ea00e7 200 in 115ms (next.js: 4ms, proxy.ts: 4ms, application-code: 106ms)
  └─ ƒ createShareLink({}) in 26ms src/app/actions.ts
 POST /api/secret-revelation 200 in 26ms (next.js: 4ms, proxy.ts: 5ms, application-code: 17ms)
 GET /r/[REDACTED_FIXTURE_TOKEN]?edition=7e07156c-290d-46c6-8d19-0ebc64e40a84 200 in 118ms (next.js: 6ms, proxy.ts: 7ms, application-code: 105ms)
 GET /r/[REDACTED_FIXTURE_TOKEN]/csv?edition=7e07156c-290d-46c6-8d19-0ebc64e40a84 200 in 22ms (next.js: 4ms, proxy.ts: 2ms, application-code: 16ms)
 GET /r/[REDACTED_FIXTURE_TOKEN]/pdf?edition=7e07156c-290d-46c6-8d19-0ebc64e40a84 200 in 77ms (next.js: 1.9ms, proxy.ts: 3ms, application-code: 71ms)
 GET /reports?notice=Report+created.+Reveal+its+URL+within+the+next+five+minutes.&reveal=report-url&revealId=3b7e32ad-d177-4e0b-9252-5091517f052d 200 in 75ms (next.js: 1.9ms, proxy.ts: 3ms, application-code: 70ms)
 POST /reports?notice=Report%20created.%20Reveal%20its%20URL%20within%20the%20next%20five%20minutes.&reveal=report-url&revealId=4b2dc501-6de7-4563-965c-1346e8f45eac 200 in 104ms (next.js: 3ms, proxy.ts: 4ms, application-code: 98ms)
  └─ ƒ createShareLink({}) in 16ms src/app/actions.ts
 POST /api/secret-revelation 200 in 18ms (next.js: 1.9ms, proxy.ts: 3ms, application-code: 13ms)
 GET /r/[REDACTED_FIXTURE_TOKEN]?edition=6f81c65a-18f4-437c-9116-35757dd7d955 200 in 86ms (next.js: 4ms, proxy.ts: 1.9ms, application-code: 80ms)
 GET /r/[REDACTED_FIXTURE_TOKEN]/csv?edition=6f81c65a-18f4-437c-9116-35757dd7d955 200 in 14ms (next.js: 3ms, proxy.ts: 2.0ms, application-code: 9ms)
 GET /r/[REDACTED_FIXTURE_TOKEN]/pdf?edition=6f81c65a-18f4-437c-9116-35757dd7d955 200 in 75ms (next.js: 3ms, proxy.ts: 1.5ms, application-code: 70ms)
 GET /reports?notice=Report+created.+Reveal+its+URL+within+the+next+five+minutes.&reveal=report-url&revealId=a501967f-071b-49d7-940b-0dcb78a4bfb8 200 in 100ms (next.js: 1.9ms, proxy.ts: 2ms, application-code: 96ms)
 POST /reports?notice=Report%20created.%20Reveal%20its%20URL%20within%20the%20next%20five%20minutes.&reveal=report-url&revealId=3b7e32ad-d177-4e0b-9252-5091517f052d 200 in 149ms (next.js: 3ms, proxy.ts: 5ms, application-code: 141ms)
  └─ ƒ createShareLink({}) in 31ms src/app/actions.ts
 POST /api/secret-revelation 200 in 28ms (next.js: 4ms, proxy.ts: 7ms, application-code: 16ms)
 GET /r/[REDACTED_FIXTURE_TOKEN]?edition=42f3fcac-84f7-481c-a5b6-7e64756d40a2 200 in 115ms (next.js: 3ms, proxy.ts: 2ms, application-code: 110ms)
 GET /r/[REDACTED_FIXTURE_TOKEN]/csv?edition=42f3fcac-84f7-481c-a5b6-7e64756d40a2 200 in 16ms (next.js: 3ms, proxy.ts: 2ms, application-code: 11ms)
 GET /r/[REDACTED_FIXTURE_TOKEN]/pdf?edition=42f3fcac-84f7-481c-a5b6-7e64756d40a2 200 in 70ms (next.js: 3ms, proxy.ts: 3ms, application-code: 64ms)
 GET /r/[REDACTED_FIXTURE_TOKEN]?edition=9d69983e-dede-45ef-ab86-cc9e6cea6268 200 in 88ms (next.js: 4ms, proxy.ts: 1.8ms, application-code: 81ms)
 GET /r/[REDACTED_FIXTURE_TOKEN]/csv?edition=9d69983e-dede-45ef-ab86-cc9e6cea6268 200 in 16ms (next.js: 2.0ms, proxy.ts: 3ms, application-code: 10ms)
 GET /r/[REDACTED_FIXTURE_TOKEN]/pdf?edition=9d69983e-dede-45ef-ab86-cc9e6cea6268 200 in 185ms (next.js: 3ms, proxy.ts: 1.6ms, application-code: 181ms)
 GET /reports?notice=Revision+published.+Previous+editions+remain+unchanged.&reveal=report-url&revealId=3b12de38-7d3e-41aa-86c4-9cfbfd4f3671 200 in 85ms (next.js: 1.9ms, proxy.ts: 3ms, application-code: 80ms)
 POST /reports?notice=Report%20created.%20Reveal%20its%20URL%20within%20the%20next%20five%20minutes.&reveal=report-url&revealId=a501967f-071b-49d7-940b-0dcb78a4bfb8 200 in 133ms (next.js: 3ms, proxy.ts: 4ms, application-code: 125ms)
  └─ ƒ reviseReportEdition({}) in 31ms src/app/actions.ts
 POST /api/secret-revelation 200 in 20ms (next.js: 1.7ms, proxy.ts: 3ms, application-code: 15ms)
 GET /r/[REDACTED_FIXTURE_TOKEN]?edition=8057ee44-c477-450c-8fa4-302702011a42 200 in 86ms (next.js: 4ms, proxy.ts: 3ms, application-code: 79ms)
 GET /r/[REDACTED_FIXTURE_TOKEN]/csv?edition=8057ee44-c477-450c-8fa4-302702011a42 200 in 25ms (next.js: 4ms, proxy.ts: 3ms, application-code: 17ms)
 GET /reports?error=Les+donn%C3%A9es+compl%C3%A8tes+de+cette+p%C3%A9riode+ne+sont+pas+disponibles.+Actualisez+l%E2%80%99historique+du+compte+avant+de+publier+ce+bilan. 200 in 124ms (next.js: 12ms, proxy.ts: 1.9ms, application-code: 110ms)
 POST /reports?notice=Revision%20published.%20Previous%20editions%20remain%20unchanged.&reveal=report-url&revealId=3b12de38-7d3e-41aa-86c4-9cfbfd4f3671 200 in 152ms (next.js: 4ms, proxy.ts: 3ms, application-code: 145ms)
  └─ ƒ createShareLink({}) in 11ms src/app/actions.ts
 GET /r/[REDACTED_FIXTURE_TOKEN]?edition=9d69983e-dede-45ef-ab86-cc9e6cea6268 200 in 106ms (next.js: 4ms, proxy.ts: 2ms, application-code: 100ms)
 GET /r/[REDACTED_FIXTURE_TOKEN]/pdf?edition=9d69983e-dede-45ef-ab86-cc9e6cea6268 429 in 13ms (next.js: 3ms, proxy.ts: 3ms, application-code: 7ms)
 GET /r/[REDACTED_FIXTURE_TOKEN]/csv?edition=9d69983e-dede-45ef-ab86-cc9e6cea6268 404 in 12ms (next.js: 4ms, proxy.ts: 2ms, application-code: 6ms)
 GET /reports 200 in 228ms (next.js: 9ms, proxy.ts: 5ms, application-code: 214ms)
  ✓  33 [chromium] › e2e/report-editions-local.spec.ts:16:53 › published report editions › creates every period and preserves HTML PDF CSV through revision in en (7.9s)
 GET /audit?q=COLL_AUDIT_ 200 in 179ms (next.js: 4ms, proxy.ts: 3ms, application-code: 172ms)
 GET /api/auth/get-session 200 in 28ms (next.js: 6ms, proxy.ts: 8ms, application-code: 14ms)
 GET /api/auth/organization/list 200 in 30ms (next.js: 12ms, proxy.ts: 8ms, application-code: 11ms)
 POST /audit?q=COLL_AUDIT_ 200 in 72ms (next.js: 2ms, proxy.ts: 4ms, application-code: 66ms)
  └─ ƒ setCookieConsent({}) in 2ms src/app/preferences-actions.ts
 GET /audit?q=COLL_AUDIT_&cursor=eyJ2IjoxLCJpdiI6IkJ1aVlCUFd5RGVKNjF2V2siLCJ0YWciOiJPMFY4WkZ6Rll1UTFTTkV1amx4MVBRIiwiZGF0YSI6IjJ3MEVOOE1sQ05oa0N1TXRuMkVKa05wNTkzTHl1Z1JFUHJNbWhLWHRfMG95U2p0cXhKZFFnYmZOdUhmTWVTNktTMk5CaFlPN2hHVFR5cjh1X2FwZ3AtdkJRN1RWVEtPSmNJUEkxQ1lHaVQ5VmhhMW5ORzhyb1d5c2hmQlhpb3diQlowdFdTSFY3cllMQ1JtczNvNDVxTUU5MWwzTmV5OExrQ0wzSUZsa1cxc1lvYUZycXZxTnVjY3liYUkyOUZwTl91cXppX18zYnVqMnhkel82RmhIdWVsQld5TzVkZ241ZFB3U1g3RmR4dzdUVnQzVVluQ3Mxa3ZBQnRpUkFkOWhRZFZxZmJXTTc2dEgzcGNKV3phTWp0VzltYXVPdXNjUGxscldIWm85MXJSU0hKeUxYUl9EbHcifQ 200 in 48ms (next.js: 2ms, proxy.ts: 2ms, application-code: 44ms)
 GET /audit?q=COLL_AUDIT_001 200 in 114ms (next.js: 1.7ms, proxy.ts: 1.9ms, application-code: 110ms)
 GET /api/auth/get-session 200 in 101ms (next.js: 65ms, proxy.ts: 8ms, application-code: 29ms)
 GET /api/auth/organization/list 200 in 392ms (next.js: 70ms, proxy.ts: 8ms, application-code: 314ms)
 GET /tasks?q=COLL_TASK_ 200 in 456ms (next.js: 3ms, proxy.ts: 2ms, application-code: 450ms)
 GET /api/auth/get-session 200 in 17ms (next.js: 5ms, proxy.ts: 3ms, application-code: 9ms)
 GET /api/auth/organization/list 200 in 18ms (next.js: 8ms, proxy.ts: 3ms, application-code: 8ms)
 GET /tasks?q=COLL_TASK_&status=open&cursor=eyJ2IjoxLCJpdiI6IkxiSVQ1Skp2UUg4RjZPcm8iLCJ0YWciOiJjak9YMlpmMFNhV1M4T0RkeUJaS2VRIiwiZGF0YSI6IkpmRVVnYnY2SnMtTU5CbElXN3dKc3NGSFU5MzZlN1J2VTA2Rk1qMWx2Qy1FOEJaSDVEZTEtTDd4NmdlVVQ5cGxQSDVrRTNZR3ZIeWhWaGMydm9VY0FnRGtYMndIOGd3bmNYWFppRWI5YWxPMWVUXzFNYWFqVkMxQlp5eUVhZDdZbkh4ckxsX0p3Y014NXUzZ1g3UWNsTVBtRllqdkJNWllrLWstUHA4ai0xT2dTUEhVcnZGNWMwWmFVRTF3ZV9mMjVPNk9JeFFQRDVvNWZYTmJ2U1UzRVljTVp4Q2piX3JnMlB5ZHZTVnFGYkRQaHJkZmg0UVVDY05DWDNFaUxwU1FJVk1SelZjd2VadXU2My1mcmYzUk1kU0x2WFVTUTFvcld0dmc2aXEtenExWmswcm9zSUUyQmcifQ 200 in 96ms (next.js: 2ms, proxy.ts: 2ms, application-code: 91ms)
 GET /tasks?q=COLL_TASK_001&status=open 200 in 157ms (next.js: 2ms, proxy.ts: 2ms, application-code: 152ms)
 GET /api/auth/get-session 200 in 20ms (next.js: 5ms, proxy.ts: 3ms, application-code: 12ms)
 GET /api/auth/organization/list 200 in 22ms (next.js: 9ms, proxy.ts: 3ms, application-code: 10ms)
 GET /tasks?notice=Commentaire+ajout%C3%A9.&id=9447559c-62ad-4b05-a000-040aa283716c 200 in 65ms (next.js: 1.9ms, proxy.ts: 1.7ms, application-code: 61ms)
 POST /tasks?q=COLL_TASK_001&status=open 200 in 89ms (next.js: 2ms, proxy.ts: 2ms, application-code: 84ms)
  └─ ƒ addWorkspaceTaskComment({}) in 13ms src/app/actions.ts
 GET /discussions/tasks/9447559c-62ad-4b05-a000-040aa283716c 200 in 1201ms (next.js: 1152ms, proxy.ts: 2ms, application-code: 47ms)
 GET /discussions/tasks/9447559c-62ad-4b05-a000-040aa283716c?cursor=eyJ2IjoxLCJpdiI6Ii1zTzJWM1RKMXZBQVBrN2giLCJ0YWciOiI2NG1JLWFaOGtaT215bnN0WkdleGNRIiwiZGF0YSI6InFiZkV0VUN3a09GSHkxNVptRjBOVDA3THZvVVBLVkhWc21neFM2dzdGQUFnaGlHM0JRcXRaTXM5djFZM29xdWc4X2V2bTN6S3pwcmk3S0FtX0tvLS1IV0k5cExCdzUybDEwY1dGa1o5NUIzeklTRDRSSkdsZDRGNmZWOGdfTXRFLV9pV3JHNExGRElCWW96TUh5V0lkQzJfYTJjQnpsaUVUX3FXekRnRzUwT0VLS0lSaTYwRjd1aWg4NVZzU2RfMkFmd191RExRUWZWdUhRSjZ6N1dTdkl2NDBZRWViVHVGc1hmVWZvc29kR3FCa3lmQ0RMLXh1UExjb3lTeTZmRFhucDdXZUhLUHZWMmk5YjZfYXpWeDk2alQ3ZGRuaXZNTW9vTjdMRkFKc1NTVmF0eGhiOE1xVFEifQ 200 in 46ms (next.js: 5ms, proxy.ts: 3ms, application-code: 37ms)
 GET /discussions/tasks/9447559c-62ad-4b05-a000-040aa283716c?q=COLL_MESSAGE_001 200 in 154ms (next.js: 3ms, proxy.ts: 2ms, application-code: 150ms)
 GET /api/auth/get-session 200 in 311ms (next.js: 80ms, proxy.ts: 9ms, application-code: 222ms)
 GET /api/auth/organization/list 200 in 334ms (next.js: 84ms, proxy.ts: 10ms, application-code: 241ms)
 GET /alerts?q=COLL_ALERT_ 200 in 409ms (next.js: 4ms, proxy.ts: 1.8ms, application-code: 404ms)
 GET /api/auth/get-session 200 in 27ms (next.js: 8ms, proxy.ts: 3ms, application-code: 16ms)
 GET /api/auth/organization/list 200 in 28ms (next.js: 15ms, proxy.ts: 4ms, application-code: 9ms)
 GET /alerts?q=COLL_ALERT_&cursor=eyJ2IjoxLCJpdiI6Ik9xUkd6RkV2cjgxT25pdEgiLCJ0YWciOiJXX3U2M0ZsNi1qendITWVkVzF6Z3hnIiwiZGF0YSI6IkxTQ0ZNN0ZHWkFjWGZoa09HMmM2dVNqVmtiRE9kcGVFb0V2dEhUZVpJUlpFcU5CTXp4cFhQOVp3LXNfZExxSmZtT0ROQW56dWdQSnJUWk82NjZ5XzVBRkVzQ29PSGxKS3lxT1VTYkVVZ2dLY1d1bmhYblBKMVJGamE3ZUlDOXpKOWpJNHZNRjhiYXY0d1hwaUhrWlhSNEdaLUlrd1JmT3NVWmY0NU95R3NzbkttS05fTzJYX3UxZlRvRmFITXNWLVNZSWRlTEprNW9GVVE1c2V2bkZsNW01SUlvWUtjaHJUQTNjdVZqY3E3NDJNamhHUjFVSkdLaXJqUmw0M2VXQk42bUU5NXhqbFloRy03LUxUTE5kbjdxcWNwQWJvZ2lvTGl6ODkyT29pejRCamdPUjJLdG5GS0EifQ 200 in 91ms (next.js: 3ms, proxy.ts: 3ms, application-code: 85ms)
 GET /alerts?q=COLL_ALERT_001&status= 200 in 122ms (next.js: 1.8ms, proxy.ts: 1.9ms, application-code: 118ms)
 GET /api/auth/get-session 200 in 87ms (next.js: 59ms, proxy.ts: 17ms, application-code: 11ms)
 GET /api/auth/organization/list 200 in 81ms (next.js: 61ms, proxy.ts: 9ms, application-code: 11ms)
 GET /approvals?q=COLL_APPROVAL_ 200 in 473ms (next.js: 4ms, proxy.ts: 2ms, application-code: 467ms)
 GET /api/auth/get-session 200 in 313ms (next.js: 193ms, proxy.ts: 82ms, application-code: 37ms)
 GET /api/auth/organization/list 200 in 292ms (next.js: 184ms, proxy.ts: 71ms, application-code: 37ms)
 GET /approvals?q=COLL_APPROVAL_&cursor=eyJ2IjoxLCJpdiI6IkpCUG90RFNsdFIyWE9MR2QiLCJ0YWciOiJmN284Um9jYjQwcTdiRFZ5MkM4SkVRIiwiZGF0YSI6IkhIYS1MY0NiQWd0MlZ4N1I0LVZVYjVGQVVwaVJjSDc1OHBFcUlMU3RJeVlPcjB0eUR6ZlAzSVAzTnNKa0pmekxweXg4NmhzcnMzR2VRSmIwQ1UwVTZQbFo2YVlDSmw3T203T1RGZ1I3OTlYZThTWjZDX09sWmFrOXBJN3JhTVhKWUFUeEFra1JISHRzNzBkc01PODl0eGM1V0laeWdobjA2SGQ5OWh4aXdFRng4WDhtdWhuZHZnX2V4b2ZDV2M0WTBjaXdDbmF4UGxoalpDLXFLSlFGazdTVWVJTXlTY2stNUN5WXY5Y3QtX2lCRFI0Uzh6SGZQbG5OVkRQLUEyNXNnZVd4Y0lGeGMxZnhIbnhiUlNfSjhNZXREVDRMcV9TQWxJS09PeDU3aC12RERmTWpyc3NTclEifQ 200 in 108ms (next.js: 14ms, proxy.ts: 3ms, application-code: 91ms)
 GET /approvals?q=COLL_APPROVAL_001&status= 200 in 128ms (next.js: 1.8ms, proxy.ts: 2ms, application-code: 123ms)
 GET /api/auth/get-session 200 in 271ms (next.js: 15ms, proxy.ts: 52ms, application-code: 205ms)
 GET /api/auth/organization/list 200 in 273ms (next.js: 17ms, proxy.ts: 52ms, application-code: 204ms)
 GET /support?q=COLL_SUPPORT_ 200 in 326ms (next.js: 3ms, proxy.ts: 2.0ms, application-code: 320ms)
 GET /api/auth/get-session 200 in 31ms (next.js: 4ms, proxy.ts: 3ms, application-code: 24ms)
 GET /api/auth/organization/list 200 in 33ms (next.js: 7ms, proxy.ts: 3ms, application-code: 22ms)
 GET /support?q=COLL_SUPPORT_&cursor=eyJ2IjoxLCJpdiI6ImxaMG5pQllpc291U0g5U3giLCJ0YWciOiJ4bE5DOWtJTjJ0YmxzQVl3NnBhbGhBIiwiZGF0YSI6ImF3NFg1T0tsWERES0t6emp5dDZ1NjJERjN0VjRmV3R5UGRtQjlOYlcxNEVWQm0zdWliQU56UXFhdTNyWVpYN05XSG1JQ2kzRjFlY3hBTklzZlBTRG5McGMxOWxmdndlckJidHdfYVFBYWcxdGhQOWl3dlItRi15WjgzUk5IeUQ2UWhCcTdpRnRpc0hTUURjYm1wRnJLbE9vb3lTOWhBZ2ZlWDBfUnVZc0FqcjNRQU9QSlBZMlZJTzU2aWUwVTZDQ1owbGNqa0xiTWtOZEE0Tkg4WWV6US1vcGZUQWVGLVU4cUh5Ung5T3ZXRENCdlBXeFJzVFhtYTRoUllxZXk1RVlvZjdPeW5wc1loUlhWV3p3WFpnd0xUenZaV25sVE5MNDJfNFBmSzkxMjAzUUI4MW9iVzEyeVEifQ 200 in 78ms (next.js: 3ms, proxy.ts: 3ms, application-code: 72ms)
 GET /support?q=COLL_SUPPORT_001&status= 200 in 136ms (next.js: 1.8ms, proxy.ts: 2ms, application-code: 132ms)
 GET /api/auth/get-session 200 in 25ms (next.js: 8ms, proxy.ts: 3ms, application-code: 14ms)
 GET /api/auth/organization/list 200 in 35ms (next.js: 11ms, proxy.ts: 3ms, application-code: 21ms)
[browser] A tree hydrated but some attributes of the server rendered HTML didn't match the client properties. This won't be patched up. This can happen if a SSR-ed Client Component used:

- A server/client branch `if (typeof window !== 'undefined')`.
- Variable input such as `Date.now()` or `Math.random()` which changes each time it's called.
- Date formatting in a user's locale which doesn't match the server.
- External changing data without sending a snapshot of it along with the HTML.
- Invalid HTML tag nesting.

It can also happen if the client has a browser extension installed which messes with the HTML before React loaded.

https://react.dev/link/hydration-mismatch

  ...
    <InnerScrollHandlerNew focusAndScrollRef={{scrollRef:null, ...}} cacheNode={{rsc:{...}, ...}}>
      <ErrorBoundary errorComponent={undefined} errorStyles={undefined} errorScripts={undefined}>
        <LoadingBoundary name="support/" loading={null}>
          <HTTPAccessFallbackBoundary notFound={undefined} forbidden={undefined} unauthorized={undefined}>
            <RedirectBoundary>
              <RedirectErrorBoundary router={{...}}>
                <InnerLayoutRouter url={"/support..."} tree={[...]} params={{}} cacheNode={{rsc:{...}, ...}} ...>
                  <SegmentViewNode type="page" pagePath="(app)/supp...">
                    <SegmentTrieNode>
                    <SupportPage>
                      <div>
                      <section>
                      <Card>
                        <div data-slot="card" data-size="default" className={"group/ca..."}>
                          <div>
                          <CardContent>
                            <div data-slot="card-content" className="px-(--card...">
                              <form action={function createSupportTicket} className="grid gap-3...">
                                <Input>
                                  <input
                                    data-slot="input"
                                    className="h-8 w-full min-w-0 rounded-lg border border-input bg-transparent px-2.5..."
                                    name="subject"
                                    minLength={4}
                                    maxLength={220}
                                    required={true}
                                    placeholder="Objet court et précis"
-                                   style={{caret-color:"transparent"}}
                                  >
                                <select>
                                <select>
                                <Textarea>
                                  <textarea
                                    data-slot="textarea"
                                    className="flex field-sizing-content w-full rounded-lg border border-input bg-tran..."
                                    name="body"
                                    minLength={10}
                                    maxLength={8000}
                                    required={true}
                                    placeholder="Contexte, étapes de reproduction, résultat attendu et constaté. Ne tr..."
-                                   style={{caret-color:"transparent"}}
                                  >
                                ...
                      <CollectionControls>
                        <div className="my-5 space..." data-collection-controls={true}>
                          <form action="/support" className="flex flex-...">
                            <label className="grid gap-1...">
                              <span>
                              <input
                                type="search"
                                name="q"
                                defaultValue="COLL_SUPPORT_001"
                                maxLength={120}
                                className="h-10 rounded-lg border bg-white px-3 text-sm"
-                               style={{caret-color:"transparent"}}
                              >
                            ...
                          ...
                      <div className="space-y-4">
                        <Card>
                          <div data-slot="card" data-size="default" className={"group/ca..."}>
                            <CardContent>
                              <div data-slot="card-content" className="p-5">
                                <div>
                                <LinkComponent>
                                <div>
                                <form action={function addSupportMessage} className="mt-4 flex ...">
                                  <input
                                    type="hidden"
                                    name="ticketId"
                                    value="41b31a7c-1794-47e5-9c0e-d4cd02874e40"
-                                   style={{caret-color:"transparent"}}
                                  >
                                  <Textarea>
                                    <textarea
                                      data-slot="textarea"
                                      className="flex field-sizing-content w-full rounded-lg border border-input bg-tr..."
                                      name="body"
                                      maxLength={8000}
                                      required={true}
                                      placeholder="Ajouter du contexte ou répondre au support"
-                                     style={{caret-color:"transparent"}}
                                    >
                                  ...
                  ...
                ...
      ...

 GET /tasks?cursor=forged 200 in 149ms (next.js: 7ms, proxy.ts: 5ms, application-code: 137ms)
 GET /api/auth/get-session 200 in 19ms (next.js: 4ms, proxy.ts: 3ms, application-code: 13ms)
 GET /api/auth/organization/list 200 in 21ms (next.js: 8ms, proxy.ts: 3ms, application-code: 11ms)
 GET /support?q=COLL_SUPPORT_ 200 in 101ms (next.js: 2ms, proxy.ts: 2ms, application-code: 96ms)
 GET /api/auth/get-session 200 in 97ms (next.js: 27ms, proxy.ts: 41ms, application-code: 29ms)
 GET /api/auth/organization/list 200 in 91ms (next.js: 30ms, proxy.ts: 31ms, application-code: 30ms)
 GET /discussions/support/41b31a7c-1794-47e5-9c0e-d4cd02874e40 404 in 128ms (next.js: 5ms, proxy.ts: 2ms, application-code: 121ms)
  ✓  34 [chromium] › e2e/workspace-collections-local.spec.ts:14:53 › workspace collection navigation › searches older records and conversations in fr (9.1s)
 GET /audit?q=COLL_AUDIT_ 200 in 198ms (next.js: 3ms, proxy.ts: 3ms, application-code: 193ms)
 GET /api/auth/get-session 200 in 21ms (next.js: 5ms, proxy.ts: 2ms, application-code: 13ms)
 GET /api/auth/organization/list 200 in 23ms (next.js: 10ms, proxy.ts: 2ms, application-code: 11ms)
 POST /audit?q=COLL_AUDIT_ 200 in 84ms (next.js: 2ms, proxy.ts: 2ms, application-code: 80ms)
  └─ ƒ setCookieConsent({}) in 1ms src/app/preferences-actions.ts
 GET /audit?q=COLL_AUDIT_&cursor=eyJ2IjoxLCJpdiI6IlRpTFJCcDhIUEl1Yk9Pc0IiLCJ0YWciOiJMX1pvYTRRTWtwZnptUklzc0FjeF9BIiwiZGF0YSI6IkFvYmJQenAwTi1zNW5pdk85WnhCaXJaQ1MzT3Y1LVRuTkVxd3YteVFGZzI2dUgtZkVCTVVybmd4UXBaY0JGSnhuWjV6dkxUaEVjNEpQZ1dxbDR1NlMzbTNGVmtkUnFVclM1b19XaG9HUTZWcVFORzhISlBseUJpazlHdVd2T29FVTl0UGwyWm03Z1FiemVWaHd4QlZnc2VVZmFyUFFvX3JOOWR2OVQzVm1wcW9LSmphTUxVVnhnVklZQVN2RW81N2RONTk3aVNVY09ZTjdoVk1jWWpOeTJ5X2lIWjZpVVp6RS11aXhWWEV4ZXp5eExBbXpMSTIwd2JSWnVRY2xXM0J5aXpwYkFLOUVjOWM0SnFZSnlYc2I5cHJ0S18wNGlVRjJ3VmNBM0ZxdEVzX0s0dHZBUzBjVEEifQ 200 in 56ms (next.js: 5ms, proxy.ts: 15ms, application-code: 36ms)
 GET /audit?q=COLL_AUDIT_001 200 in 113ms (next.js: 1.8ms, proxy.ts: 1.9ms, application-code: 109ms)
 GET /api/auth/get-session 200 in 124ms (next.js: 68ms, proxy.ts: 23ms, application-code: 33ms)
 GET /api/auth/organization/list 200 in 136ms (next.js: 83ms, proxy.ts: 13ms, application-code: 41ms)
 GET /tasks?q=COLL_TASK_ 200 in 479ms (next.js: 6ms, proxy.ts: 3ms, application-code: 470ms)
 GET /api/auth/get-session 200 in 20ms (next.js: 6ms, proxy.ts: 3ms, application-code: 10ms)
 GET /api/auth/organization/list 200 in 22ms (next.js: 9ms, proxy.ts: 3ms, application-code: 10ms)
 GET /tasks?q=COLL_TASK_&status=open&cursor=eyJ2IjoxLCJpdiI6IkozR1JwVjJ6d1d5UFlORmciLCJ0YWciOiI5cGx6T3JnZnd6OGVPTFMtYkZ1eGlnIiwiZGF0YSI6Iko2bktEeWhfdkh5ZU5KOUI4ZmxZV0UyS2xrN0RzdUV5Sk9tQUxSb05GQzNuUTc5QjlKZFAtcE4zY2JyZGRPVDZfU09fWG5CTUlSUnNBRmRRbDJ6WmEtcmNTOHhlU0oyVnFYQ3pZRnBadTJXdzdZOHFHeWlmYjFlRTdyeDZtMzBrWEppRHRwT3V5Qnh4bmlYeEZCLUExd1B4QnRzWkJYbHZFbC11dExPOW5sbmFIMXZOVGNZdzB6ampxUUY5ekVRTnFHUHJXSUVKcU5Ja05YSzRRVllOT3NsV1M1NmVSYTZ5cUtST0JRN2NoOUJBMWhJbVltSFBvWDFKT3NETDk3OUdqeFNMcEhJZEpxZmRCUG9EYUZOb25fdWx1cWFqNHVjNC1IOW5lamZNclJJdmNXTmkxT0VNTUEifQ 200 in 106ms (next.js: 2ms, proxy.ts: 2ms, application-code: 102ms)
 GET /tasks?q=COLL_TASK_001&status=open 200 in 185ms (next.js: 2ms, proxy.ts: 2ms, application-code: 180ms)
 GET /api/auth/get-session 200 in 23ms (next.js: 5ms, proxy.ts: 3ms, application-code: 15ms)
 GET /api/auth/organization/list 200 in 24ms (next.js: 11ms, proxy.ts: 3ms, application-code: 10ms)
 GET /tasks?notice=Commentaire+ajout%C3%A9.&id=38a1d5c2-2451-4fff-8c0d-db9989aad8f0 200 in 71ms (next.js: 2ms, proxy.ts: 1.9ms, application-code: 67ms)
 POST /tasks?q=COLL_TASK_001&status=open 200 in 97ms (next.js: 1.9ms, proxy.ts: 2ms, application-code: 93ms)
  └─ ƒ addWorkspaceTaskComment({}) in 15ms src/app/actions.ts
 GET /discussions/tasks/38a1d5c2-2451-4fff-8c0d-db9989aad8f0 200 in 42ms (next.js: 5ms, proxy.ts: 2ms, application-code: 35ms)
 GET /discussions/tasks/38a1d5c2-2451-4fff-8c0d-db9989aad8f0?cursor=eyJ2IjoxLCJpdiI6Ims0dlFWNE9xd21UXzVheVUiLCJ0YWciOiJZTVhUV0NCOUFSTFJOa0liUElqSVB3IiwiZGF0YSI6IkpCUVFaR2M4X0p0WnlsZ1NRVm44RHpYdzVDTkRTMjdzSEdLQ0x4b2kxYTcyRlktb29fRmQ5X2lkbmxvSkhhdXljS25nNG16dmNZUTV0VjFlT2I3N0plYVllOE9NcURGNUVCZWFZMGlTdW1ZZEVrUmFhR2ZLNWUza05XMlVmRjhzbFh5OXV2ekd4b21xazNyWFNkZ25aQXUxck1TZjRvNW5UQVZxVVlKZTh3Z1UyaGFRT0tlb0t1U0FPMVlGckc1ODAyVmxyXzhoSUxDUFFOMGdLRTVtZW95UWlXMFQ0WW9CaHEtclF3ZWpCMnNCTmV3M05LRlQ5NW81T2l6Ujl1dHpRRTRqd1VNb1NfX3NXek5tQnFaWVdqc2c0VTBVb0gtNkVjVHRzMm1jOWlBQmNucWlpZWoxSEEifQ 200 in 47ms (next.js: 3ms, proxy.ts: 5ms, application-code: 39ms)
 GET /discussions/tasks/38a1d5c2-2451-4fff-8c0d-db9989aad8f0?q=COLL_MESSAGE_001 200 in 161ms (next.js: 3ms, proxy.ts: 3ms, application-code: 155ms)
[browser] A tree hydrated but some attributes of the server rendered HTML didn't match the client properties. This won't be patched up. This can happen if a SSR-ed Client Component used:

- A server/client branch `if (typeof window !== 'undefined')`.
- Variable input such as `Date.now()` or `Math.random()` which changes each time it's called.
- Date formatting in a user's locale which doesn't match the server.
- External changing data without sending a snapshot of it along with the HTML.
- Invalid HTML tag nesting.

It can also happen if the client has a browser extension installed which messes with the HTML before React loaded.

https://react.dev/link/hydration-mismatch

  ...
    <InnerScrollHandlerNew focusAndScrollRef={{scrollRef:null, ...}} cacheNode={{rsc:{...}, ...}}>
      <ErrorBoundary errorComponent={undefined} errorStyles={undefined} errorScripts={undefined}>
        <LoadingBoundary name="38a1d5c2-2..." loading={null}>
          <HTTPAccessFallbackBoundary notFound={undefined} forbidden={undefined} unauthorized={undefined}>
            <RedirectBoundary>
              <RedirectErrorBoundary router={{...}}>
                <InnerLayoutRouter url="/discussio..." tree={[...]} params={{kind:"tasks", ...}} ...>
                  <SegmentViewNode type="page" pagePath="(app)/disc...">
                    <SegmentTrieNode>
                    <DiscussionPage>
                      <div>
                      <LinkComponent>
                      <CollectionControls>
                        <div className="my-5 space..." data-collection-controls={true}>
                          <form action="/discussio..." className="flex flex-...">
                            <label className="grid gap-1...">
                              <span>
                              <input
                                type="search"
                                name="q"
                                defaultValue="COLL_MESSAGE_001"
                                maxLength={120}
                                className="h-10 rounded-lg border bg-white px-3 text-sm"
-                               style={{caret-color:"transparent"}}
                              >
                            ...
                          ...
                      ...
                  ...
                ...
      ...

 GET /api/auth/get-session 200 in 34ms (next.js: 8ms, proxy.ts: 4ms, application-code: 22ms)
 GET /api/auth/organization/list 200 in 39ms (next.js: 13ms, proxy.ts: 4ms, application-code: 22ms)
 GET /alerts?q=COLL_ALERT_ 200 in 343ms (next.js: 2ms, proxy.ts: 4ms, application-code: 337ms)
 GET /api/auth/get-session 200 in 20ms (next.js: 10ms, proxy.ts: 3ms, application-code: 7ms)
 GET /api/auth/organization/list 200 in 21ms (next.js: 5ms, proxy.ts: 3ms, application-code: 12ms)
 GET /alerts?q=COLL_ALERT_&cursor=eyJ2IjoxLCJpdiI6IlhVeG9rYTVVT3dmSkM0T0ciLCJ0YWciOiJQNkJwamJBYmNrSUpoSXppdEY5YVF3IiwiZGF0YSI6InBIelpucnowT05EMERvODhaeVpjVmt2MXFESzNvUVNkWVZtQkczUXNBdmxlaEFLWUp4OFl4ZmdMX2FZQWc1S2xNb21weWp1UzlMVXlMVlk5TGlBblFnNFNkb2pOUmdvakZCdEt1VmRTRG4yaFFzVHFQSjNkWFVHeE5vbFBFLTdDdlppR2pLX3MzU1BvUDNfdW9ieE5ZNFhQaEJ2RWNmLVNyamFKNzhtaXo3dTJrdGJJZXBybU9IMjlUSG5nbVF5ZWxNdXlCVXk5TVBXNUNJWjVrTEJiQ0NLYzFxcWl5cDM4dlVJZmZZaXpuSF95X3pONnRVYld5Mk40cnRyS2JkeV9GaVhENENlcndQVG1La3VINU9SOHZzLTJCVGFoUVJXLXJRN2s2dkdWNTNLUjlYc2dWMHVHU1EifQ 200 in 84ms (next.js: 3ms, proxy.ts: 2ms, application-code: 79ms)
 GET /alerts?q=COLL_ALERT_001&status= 200 in 134ms (next.js: 2ms, proxy.ts: 2ms, application-code: 129ms)
 GET /api/auth/get-session 200 in 86ms (next.js: 59ms, proxy.ts: 17ms, application-code: 11ms)
 GET /api/auth/organization/list 200 in 80ms (next.js: 61ms, proxy.ts: 9ms, application-code: 10ms)
 GET /approvals?q=COLL_APPROVAL_ 200 in 400ms (next.js: 2ms, proxy.ts: 3ms, application-code: 395ms)
 GET /api/auth/get-session 200 in 16ms (next.js: 3ms, proxy.ts: 3ms, application-code: 9ms)
 GET /api/auth/organization/list 200 in 17ms (next.js: 6ms, proxy.ts: 3ms, application-code: 8ms)
 GET /approvals?q=COLL_APPROVAL_&cursor=eyJ2IjoxLCJpdiI6IlZ3LUdRYTBIWGpTLTk2bTEiLCJ0YWciOiJhbEdEQjVPTXRHUHVMeHFEaGxDbTJRIiwiZGF0YSI6Il9GQWdQRm80MUhNQkFUNk13cHVDVHlDajhsVnNtQzhpMmZJVXRZY0hwYVdFTFJ5b1RJYTZIN3M1NHZFQ01PLWZUMmRNYVY5V3hTTWJqSGd5OVZ1TXFsYkdpMkJ4MjlQMXBKRFpIRXJadGZNaFIwMmFMYjJSemI5NVEzQVV4cXAzb1I2NlZac0FJR1p3dmZlTmJxTnlnMk16UndoTjh5U1VQN2NIcHloWHhmQ3lkRHpEQlZ5blhScjdLenBhRmRvdU5Fc2ZyWUFqNWZOeEVVWmJ1cFB4bEF1WFFiSjZidW5BekZMZ1BIQVVldFFIZUZmVGdpOUdtaG5zT2pKX21CTXdaNW9rS1M2S3dvQWxTVXRPQlZkcjl0T1UtaWFvQnlfOTNBV2plN0RXQlZPNUdmcHJkMXJRM2cifQ 200 in 164ms (next.js: 3ms, proxy.ts: 4ms, application-code: 157ms)
 GET /approvals?q=COLL_APPROVAL_001&status= 200 in 138ms (next.js: 2ms, proxy.ts: 2ms, application-code: 134ms)
 GET /support?q=COLL_SUPPORT_ 200 in 333ms (next.js: 2ms, proxy.ts: 3ms, application-code: 328ms)
 GET /api/auth/get-session 200 in 44ms (next.js: 18ms, proxy.ts: 16ms, application-code: 10ms)
 GET /api/auth/organization/list 200 in 50ms (next.js: 10ms, proxy.ts: 18ms, application-code: 23ms)
 GET /support?q=COLL_SUPPORT_&cursor=eyJ2IjoxLCJpdiI6ImJzUXpDZVJ6a0VaN0pMdWciLCJ0YWciOiJ1VFRVai1WbWlXTHhpOEVYYjdWLW1nIiwiZGF0YSI6IllCM2tIcVhIODJzSmxPUUlpdFJOYlg3RUZBeWw3dHVRY285bWt2OERVblpRV25tZXVmRUJxZ1VySHA4MnkwbkpxRVBWY0R5cXdXX3dpQ3JKT3ZQMzhYUFpDcHVxcmpaRkN0Q0dwN1dzRTN3N2trTFBuYkNZWWpIMFZtLWZyalIyR3BUcjIzWVNNeTBPNmRPQmc2Z3VlRWItYkdsYTlDZ3dzaldLWUJ4b1hROE5WdjRmZFV1NmQwUDAyWk1HNWxuZlhZbmRzdVRCUVV6X1dJa3NVYTF0Z2dUUzJUd2RBUW5PcDZ1TjEtZzZqWEczV1YzTmNfYTZjd295TWY4Sk9CV1g2ZmhWNmloZkRQaF95SFpCaGUtT3p6dC0xaWd3Uzd5Mkx6bmtoa0NvZWtyR2hjSjFXWnU5WUEifQ 200 in 93ms (next.js: 3ms, proxy.ts: 4ms, application-code: 87ms)
 GET /support?q=COLL_SUPPORT_001&status= 200 in 139ms (next.js: 1.9ms, proxy.ts: 2ms, application-code: 135ms)
 GET /api/auth/get-session 200 in 29ms (next.js: 14ms, proxy.ts: 3ms, application-code: 12ms)
 GET /api/auth/organization/list 200 in 30ms (next.js: 10ms, proxy.ts: 12ms, application-code: 8ms)
[browser] A tree hydrated but some attributes of the server rendered HTML didn't match the client properties. This won't be patched up. This can happen if a SSR-ed Client Component used:

- A server/client branch `if (typeof window !== 'undefined')`.
- Variable input such as `Date.now()` or `Math.random()` which changes each time it's called.
- Date formatting in a user's locale which doesn't match the server.
- External changing data without sending a snapshot of it along with the HTML.
- Invalid HTML tag nesting.

It can also happen if the client has a browser extension installed which messes with the HTML before React loaded.

https://react.dev/link/hydration-mismatch

  ...
    <InnerScrollHandlerNew focusAndScrollRef={{scrollRef:null, ...}} cacheNode={{rsc:{...}, ...}}>
      <ErrorBoundary errorComponent={undefined} errorStyles={undefined} errorScripts={undefined}>
        <LoadingBoundary name="support/" loading={null}>
          <HTTPAccessFallbackBoundary notFound={undefined} forbidden={undefined} unauthorized={undefined}>
            <RedirectBoundary>
              <RedirectErrorBoundary router={{...}}>
                <InnerLayoutRouter url={"/support..."} tree={[...]} params={{}} cacheNode={{rsc:{...}, ...}} ...>
                  <SegmentViewNode type="page" pagePath="(app)/supp...">
                    <SegmentTrieNode>
                    <SupportPage>
                      <div>
                      <section>
                      <Card>
                        <div data-slot="card" data-size="default" className={"group/ca..."}>
                          <div>
                          <CardContent>
                            <div data-slot="card-content" className="px-(--card...">
                              <form action={function createSupportTicket} className="grid gap-3...">
                                <Input>
                                  <input
                                    data-slot="input"
                                    className="h-8 w-full min-w-0 rounded-lg border border-input bg-transparent px-2.5..."
                                    name="subject"
                                    minLength={4}
                                    maxLength={220}
                                    required={true}
                                    placeholder="Short, precise subject"
-                                   style={{caret-color:"transparent"}}
                                  >
                                <select>
                                <select>
                                <Textarea>
                                  <textarea
                                    data-slot="textarea"
                                    className="flex field-sizing-content w-full rounded-lg border border-input bg-tran..."
                                    name="body"
                                    minLength={10}
                                    maxLength={8000}
                                    required={true}
                                    placeholder="Context, steps to reproduce, expected and observed result. Never incl..."
-                                   style={{caret-color:"transparent"}}
                                  >
                                ...
                      <CollectionControls>
                        <div className="my-5 space..." data-collection-controls={true}>
                          <form action="/support" className="flex flex-...">
                            <label className="grid gap-1...">
                              <span>
                              <input
                                type="search"
                                name="q"
                                defaultValue="COLL_SUPPORT_001"
                                maxLength={120}
                                className="h-10 rounded-lg border bg-white px-3 text-sm"
-                               style={{caret-color:"transparent"}}
                              >
                            ...
                          ...
                      <div className="space-y-4">
                        <Card>
                          <div data-slot="card" data-size="default" className={"group/ca..."}>
                            <CardContent>
                              <div data-slot="card-content" className="p-5">
                                <div>
                                <LinkComponent>
                                <div>
                                <form action={function addSupportMessage} className="mt-4 flex ...">
                                  <input
                                    type="hidden"
                                    name="ticketId"
                                    value="12ea8cd2-67fe-4034-b8d6-6af2d86e6a36"
-                                   style={{caret-color:"transparent"}}
                                  >
                                  <Textarea>
                                    <textarea
                                      data-slot="textarea"
                                      className="flex field-sizing-content w-full rounded-lg border border-input bg-tr..."
                                      name="body"
                                      maxLength={8000}
                                      required={true}
                                      placeholder="Add context or reply to support"
-                                     style={{caret-color:"transparent"}}
                                    >
                                  ...
                  ...
                ...
      ...

 GET /tasks?cursor=forged 200 in 131ms (next.js: 2ms, proxy.ts: 2ms, application-code: 126ms)
 GET /api/auth/get-session 200 in 21ms (next.js: 6ms, proxy.ts: 3ms, application-code: 12ms)
 GET /api/auth/organization/list 200 in 24ms (next.js: 10ms, proxy.ts: 3ms, application-code: 11ms)
 GET /support?q=COLL_SUPPORT_ 200 in 97ms (next.js: 1.8ms, proxy.ts: 1.9ms, application-code: 93ms)
 GET /api/auth/get-session 200 in 107ms (next.js: 32ms, proxy.ts: 46ms, application-code: 29ms)
 GET /api/auth/organization/list 200 in 100ms (next.js: 34ms, proxy.ts: 36ms, application-code: 29ms)
 GET /discussions/support/12ea8cd2-67fe-4034-b8d6-6af2d86e6a36 404 in 141ms (next.js: 6ms, proxy.ts: 2ms, application-code: 132ms)
  ✓  35 [chromium] › e2e/workspace-collections-local.spec.ts:14:53 › workspace collection navigation › searches older records and conversations in en (7.7s)

  35 passed (1.2m)

{"ok":true,"cleaned":"local-browser-fixtures"}
