
> @yodev/ads@0.1.0 test:e2e:local
> node scripts/verify-local-browser.mjs e2e/task-actors-local.spec.ts

{"ok":true,"fixtureRoles":["owner","admin","strategist","analyst","client"],"foreignExportId":"80000000-0000-4000-8000-000000000003"}

> @yodev/ads@0.1.0 dev
> next dev --hostname 127.0.0.1 --port 3017

▲ Next.js 16.3.0 (Turbopack)
- Local:         http://127.0.0.1:3017
- Network:       http://127.0.0.1:3017
- Environments: .env.local
✓ Ready in 388ms
✓ Running next.config.ts took 718ms
- Experiments (use with caution):
  · clientTraceMetadata

 GET /sign-in 200 in 1940ms (next.js: 1327ms, proxy.ts: 274ms, application-code: 339ms)
 POST /api/auth/sign-in/email 200 in 1173ms (next.js: 983ms, proxy.ts: 7ms, application-code: 183ms)
 POST /api/auth/sign-in/email 200 in 89ms (next.js: 4ms, proxy.ts: 3ms, application-code: 82ms)
 POST /api/auth/sign-in/email 200 in 85ms (next.js: 2ms, proxy.ts: 3ms, application-code: 80ms)
 POST /api/auth/sign-in/email 200 in 86ms (next.js: 3ms, proxy.ts: 3ms, application-code: 81ms)
 POST /api/auth/sign-in/email 200 in 82ms (next.js: 1.9ms, proxy.ts: 3ms, application-code: 77ms)
 GET /dashboard 200 in 574ms (next.js: 204ms, proxy.ts: 3ms, application-code: 367ms)
 GET /settings 200 in 246ms (next.js: 32ms, proxy.ts: 2ms, application-code: 212ms)
 GET /billing 200 in 185ms (next.js: 15ms, proxy.ts: 2ms, application-code: 168ms)
 GET /support 200 in 150ms (next.js: 15ms, proxy.ts: 3ms, application-code: 132ms)
 GET /accounts 200 in 138ms (next.js: 14ms, proxy.ts: 2ms, application-code: 122ms)
 GET /history 200 in 167ms (next.js: 16ms, proxy.ts: 2ms, application-code: 149ms)
 GET /alerts 200 in 174ms (next.js: 31ms, proxy.ts: 2ms, application-code: 140ms)
 GET /tasks 200 in 195ms (next.js: 24ms, proxy.ts: 2ms, application-code: 169ms)
 GET /approvals 200 in 158ms (next.js: 30ms, proxy.ts: 3ms, application-code: 124ms)
 GET /reports 200 in 218ms (next.js: 24ms, proxy.ts: 3ms, application-code: 191ms)
 GET /audit 200 in 148ms (next.js: 23ms, proxy.ts: 1.9ms, application-code: 122ms)
 GET /agents 200 in 272ms (next.js: 30ms, proxy.ts: 3ms, application-code: 239ms)
 GET / 200 in 137ms (next.js: 24ms, proxy.ts: 2ms, application-code: 111ms)
 GET /privacy 200 in 68ms (next.js: 16ms, proxy.ts: 2ms, application-code: 49ms)
 GET /terms 200 in 60ms (next.js: 16ms, proxy.ts: 2ms, application-code: 41ms)
 GET /subprocessors 200 in 128ms (next.js: 46ms, proxy.ts: 4ms, application-code: 78ms)
 GET /status 200 in 129ms (next.js: 40ms, proxy.ts: 3ms, application-code: 87ms)
 GET /sign-in 200 in 48ms (next.js: 9ms, proxy.ts: 3ms, application-code: 36ms)
 GET /sign-up 200 in 399ms (next.js: 363ms, proxy.ts: 3ms, application-code: 33ms)
Local browser states ready in /var/folders/9h/sbxl7zl90j9_wc743xft5j8h0000gn/T/yodev-ads-browser-n16bpG
 GET / 200 in 147ms (next.js: 6ms, proxy.ts: 6ms, application-code: 135ms)
 GET /icon?a62dacc6b033a714 200 in 401ms (next.js: 174ms, proxy.ts: 28ms, application-code: 198ms)

Running 2 tests using 1 worker

(node:35262) Warning: The 'NO_COLOR' env is ignored due to the 'FORCE_COLOR' env being set.
(Use `node --trace-warnings ...` to show where the warning was created)
 GET /tasks 200 in 1051ms (next.js: 18ms, proxy.ts: 8ms, application-code: 1025ms)
 GET /api/auth/get-session 200 in 170ms (next.js: 39ms, proxy.ts: 27ms, application-code: 103ms)
 GET /api/auth/organization/list 200 in 160ms (next.js: 66ms, proxy.ts: 20ms, application-code: 73ms)
 GET /tasks?notice=T%C3%A2che+cr%C3%A9%C3%A9e. 200 in 250ms (next.js: 7ms, proxy.ts: 9ms, application-code: 234ms)
 POST /tasks 200 in 391ms (next.js: 9ms, proxy.ts: 14ms, application-code: 367ms)
  └─ ƒ createWorkspaceTask({}) in 71ms src/app/actions.ts
 GET /tasks?id=09f497e9-ddfb-49c7-8a7f-82ca81c1c55f 200 in 330ms (next.js: 9ms, proxy.ts: 11ms, application-code: 310ms)
 GET /api/auth/get-session 200 in 38ms (next.js: 6ms, proxy.ts: 8ms, application-code: 24ms)
 GET /api/auth/organization/list 200 in 50ms (next.js: 12ms, proxy.ts: 8ms, application-code: 31ms)
 GET /tasks?notice=T%C3%A2che+mise+%C3%A0+jour.&id=09f497e9-ddfb-49c7-8a7f-82ca81c1c55f 200 in 121ms (next.js: 3ms, proxy.ts: 4ms, application-code: 115ms)
 POST /tasks?id=09f497e9-ddfb-49c7-8a7f-82ca81c1c55f 200 in 160ms (next.js: 4ms, proxy.ts: 12ms, application-code: 145ms)
  └─ ƒ updateWorkspaceTask({}) in 15ms src/app/actions.ts
 GET /tasks?notice=T%C3%A2che+mise+%C3%A0+jour.&id=09f497e9-ddfb-49c7-8a7f-82ca81c1c55f 200 in 160ms (next.js: 2ms, proxy.ts: 3ms, application-code: 155ms)
 POST /tasks?notice=T%C3%A2che%20mise%20%C3%A0%20jour.&id=09f497e9-ddfb-49c7-8a7f-82ca81c1c55f 200 in 192ms (next.js: 3ms, proxy.ts: 5ms, application-code: 185ms)
  └─ ƒ updateWorkspaceTask({}) in 16ms src/app/actions.ts
 GET /tasks?notice=T%C3%A2che+mise+%C3%A0+jour.&id=09f497e9-ddfb-49c7-8a7f-82ca81c1c55f 200 in 147ms (next.js: 3ms, proxy.ts: 3ms, application-code: 141ms)
 POST /tasks?notice=T%C3%A2che%20mise%20%C3%A0%20jour.&id=09f497e9-ddfb-49c7-8a7f-82ca81c1c55f 200 in 224ms (next.js: 6ms, proxy.ts: 6ms, application-code: 212ms)
  └─ ƒ updateWorkspaceTask({}) in 35ms src/app/actions.ts
 GET /tasks?notice=T%C3%A2che+mise+%C3%A0+jour.&id=09f497e9-ddfb-49c7-8a7f-82ca81c1c55f 200 in 265ms (next.js: 9ms, proxy.ts: 18ms, application-code: 238ms)
 POST /tasks?notice=T%C3%A2che%20mise%20%C3%A0%20jour.&id=09f497e9-ddfb-49c7-8a7f-82ca81c1c55f 200 in 299ms (next.js: 4ms, proxy.ts: 8ms, application-code: 286ms)
  └─ ƒ updateWorkspaceTask({}) in 8ms src/app/actions.ts
 GET /tasks?notice=T%C3%A2che+mise+%C3%A0+jour.&id=09f497e9-ddfb-49c7-8a7f-82ca81c1c55f 200 in 100ms (next.js: 3ms, proxy.ts: 2ms, application-code: 95ms)
 POST /tasks?notice=T%C3%A2che%20mise%20%C3%A0%20jour.&id=09f497e9-ddfb-49c7-8a7f-82ca81c1c55f 200 in 123ms (next.js: 2ms, proxy.ts: 3ms, application-code: 117ms)
  └─ ƒ updateWorkspaceTask({}) in 11ms src/app/actions.ts
 GET /tasks?notice=T%C3%A2che+mise+%C3%A0+jour.&id=09f497e9-ddfb-49c7-8a7f-82ca81c1c55f 200 in 77ms (next.js: 1.8ms, proxy.ts: 3ms, application-code: 72ms)
 POST /tasks?notice=T%C3%A2che%20mise%20%C3%A0%20jour.&id=09f497e9-ddfb-49c7-8a7f-82ca81c1c55f 200 in 99ms (next.js: 2ms, proxy.ts: 3ms, application-code: 94ms)
  └─ ƒ updateWorkspaceTask({}) in 12ms src/app/actions.ts
 GET /tasks?notice=T%C3%A2che+mise+%C3%A0+jour.&id=09f497e9-ddfb-49c7-8a7f-82ca81c1c55f 200 in 85ms (next.js: 1.8ms, proxy.ts: 2ms, application-code: 81ms)
 POST /tasks?notice=T%C3%A2che%20mise%20%C3%A0%20jour.&id=09f497e9-ddfb-49c7-8a7f-82ca81c1c55f 200 in 107ms (next.js: 4ms, proxy.ts: 4ms, application-code: 99ms)
  └─ ƒ updateWorkspaceTask({}) in 9ms src/app/actions.ts
 GET /tasks?error=Transition+de+t%C3%A2che+interdite+%3A+done+%E2%86%92+start.&id=09f497e9-ddfb-49c7-8a7f-82ca81c1c55f 200 in 114ms (next.js: 2ms, proxy.ts: 4ms, application-code: 107ms)
 POST /tasks?notice=T%C3%A2che%20mise%20%C3%A0%20jour.&id=09f497e9-ddfb-49c7-8a7f-82ca81c1c55f 200 in 163ms (next.js: 10ms, proxy.ts: 5ms, application-code: 147ms)
  └─ ƒ updateWorkspaceTask({}) in 23ms src/app/actions.ts
 GET /tasks?error=Permission+required%3A+tasks%3Amanage&id=09f497e9-ddfb-49c7-8a7f-82ca81c1c55f 200 in 175ms (next.js: 7ms, proxy.ts: 2ms, application-code: 166ms)
 POST /tasks?error=Transition%20de%20t%C3%A2che%20interdite%20%3A%20done%20%E2%86%92%20start.&id=09f497e9-ddfb-49c7-8a7f-82ca81c1c55f 200 in 212ms (next.js: 4ms, proxy.ts: 9ms, application-code: 199ms)
  └─ ƒ updateWorkspaceTask({}) in 8ms src/app/actions.ts
 GET /tasks?notice=Commentaire+ajout%C3%A9.&id=09f497e9-ddfb-49c7-8a7f-82ca81c1c55f 200 in 184ms (next.js: 4ms, proxy.ts: 4ms, application-code: 175ms)
 POST /tasks?error=Permission%20required%3A%20tasks%3Amanage&id=09f497e9-ddfb-49c7-8a7f-82ca81c1c55f 200 in 244ms (next.js: 5ms, proxy.ts: 12ms, application-code: 226ms)
  └─ ƒ addWorkspaceTaskComment({}) in 23ms src/app/actions.ts
 GET /tasks?error=Workspace+access+state+does+not+allow%3A+tasks%3Acomment&id=09f497e9-ddfb-49c7-8a7f-82ca81c1c55f 200 in 210ms (next.js: 4ms, proxy.ts: 4ms, application-code: 202ms)
 POST /tasks?notice=Commentaire%20ajout%C3%A9.&id=09f497e9-ddfb-49c7-8a7f-82ca81c1c55f 200 in 254ms (next.js: 8ms, proxy.ts: 5ms, application-code: 242ms)
  └─ ƒ addWorkspaceTaskComment({}) in 9ms src/app/actions.ts
 GET /tasks?id=09f497e9-ddfb-49c7-8a7f-82ca81c1c55f 200 in 347ms (next.js: 3ms, proxy.ts: 5ms, application-code: 339ms)
 GET /api/auth/organization/list 200 in 175ms (next.js: 33ms, proxy.ts: 11ms, application-code: 132ms)
 GET /api/auth/get-session 200 in 180ms (next.js: 72ms, proxy.ts: 12ms, application-code: 96ms)
  ✓  1 [chromium] › e2e/task-actors-local.spec.ts:6:7 › task actor fr creates, transitions, comments and rejects stale controls (7.5s)
 GET /tasks 200 in 374ms (next.js: 7ms, proxy.ts: 8ms, application-code: 358ms)
 GET /api/auth/get-session 200 in 145ms (next.js: 11ms, proxy.ts: 75ms, application-code: 58ms)
 GET /api/auth/organization/list 200 in 155ms (next.js: 36ms, proxy.ts: 73ms, application-code: 46ms)
 GET /tasks?notice=T%C3%A2che+cr%C3%A9%C3%A9e. 200 in 302ms (next.js: 5ms, proxy.ts: 8ms, application-code: 288ms)
 POST /tasks 200 in 413ms (next.js: 15ms, proxy.ts: 8ms, application-code: 390ms)
  └─ ƒ createWorkspaceTask({}) in 61ms src/app/actions.ts
 GET /tasks?id=40b50f4e-9793-4e1b-9a1d-c52ce7c4718c 200 in 212ms (next.js: 2ms, proxy.ts: 3ms, application-code: 207ms)
 GET /api/auth/get-session 200 in 47ms (next.js: 14ms, proxy.ts: 7ms, application-code: 26ms)
 GET /api/auth/organization/list 200 in 49ms (next.js: 21ms, proxy.ts: 6ms, application-code: 23ms)
 GET /tasks?notice=T%C3%A2che+mise+%C3%A0+jour.&id=40b50f4e-9793-4e1b-9a1d-c52ce7c4718c 200 in 323ms (next.js: 3ms, proxy.ts: 4ms, application-code: 316ms)
 POST /tasks?id=40b50f4e-9793-4e1b-9a1d-c52ce7c4718c 200 in 378ms (next.js: 11ms, proxy.ts: 6ms, application-code: 361ms)
  └─ ƒ updateWorkspaceTask({}) in 13ms src/app/actions.ts
 GET /tasks?notice=T%C3%A2che+mise+%C3%A0+jour.&id=40b50f4e-9793-4e1b-9a1d-c52ce7c4718c 200 in 243ms (next.js: 5ms, proxy.ts: 3ms, application-code: 235ms)
 POST /tasks?notice=T%C3%A2che%20mise%20%C3%A0%20jour.&id=40b50f4e-9793-4e1b-9a1d-c52ce7c4718c 200 in 304ms (next.js: 7ms, proxy.ts: 17ms, application-code: 280ms)
  └─ ƒ updateWorkspaceTask({}) in 11ms src/app/actions.ts
 GET /tasks?notice=T%C3%A2che+mise+%C3%A0+jour.&id=40b50f4e-9793-4e1b-9a1d-c52ce7c4718c 200 in 229ms (next.js: 6ms, proxy.ts: 8ms, application-code: 216ms)
 POST /tasks?notice=T%C3%A2che%20mise%20%C3%A0%20jour.&id=40b50f4e-9793-4e1b-9a1d-c52ce7c4718c 200 in 290ms (next.js: 11ms, proxy.ts: 9ms, application-code: 270ms)
  └─ ƒ updateWorkspaceTask({}) in 19ms src/app/actions.ts
 GET /tasks?notice=T%C3%A2che+mise+%C3%A0+jour.&id=40b50f4e-9793-4e1b-9a1d-c52ce7c4718c 200 in 191ms (next.js: 5ms, proxy.ts: 5ms, application-code: 182ms)
 POST /tasks?notice=T%C3%A2che%20mise%20%C3%A0%20jour.&id=40b50f4e-9793-4e1b-9a1d-c52ce7c4718c 200 in 285ms (next.js: 3ms, proxy.ts: 6ms, application-code: 275ms)
  └─ ƒ updateWorkspaceTask({}) in 34ms src/app/actions.ts
 GET /tasks?notice=T%C3%A2che+mise+%C3%A0+jour.&id=40b50f4e-9793-4e1b-9a1d-c52ce7c4718c 200 in 637ms (next.js: 12ms, proxy.ts: 7ms, application-code: 618ms)
 POST /tasks?notice=T%C3%A2che%20mise%20%C3%A0%20jour.&id=40b50f4e-9793-4e1b-9a1d-c52ce7c4718c 200 in 743ms (next.js: 4ms, proxy.ts: 58ms, application-code: 681ms)
  └─ ƒ updateWorkspaceTask({}) in 18ms src/app/actions.ts
 GET /tasks?notice=T%C3%A2che+mise+%C3%A0+jour.&id=40b50f4e-9793-4e1b-9a1d-c52ce7c4718c 200 in 464ms (next.js: 18ms, proxy.ts: 9ms, application-code: 437ms)
 POST /tasks?notice=T%C3%A2che%20mise%20%C3%A0%20jour.&id=40b50f4e-9793-4e1b-9a1d-c52ce7c4718c 200 in 580ms (next.js: 15ms, proxy.ts: 9ms, application-code: 556ms)
  └─ ƒ updateWorkspaceTask({}) in 54ms src/app/actions.ts
 GET /tasks?notice=T%C3%A2che+mise+%C3%A0+jour.&id=40b50f4e-9793-4e1b-9a1d-c52ce7c4718c 200 in 699ms (next.js: 4ms, proxy.ts: 3ms, application-code: 692ms)
 POST /tasks?notice=T%C3%A2che%20mise%20%C3%A0%20jour.&id=40b50f4e-9793-4e1b-9a1d-c52ce7c4718c 200 in 810ms (next.js: 5ms, proxy.ts: 14ms, application-code: 792ms)
  └─ ƒ updateWorkspaceTask({}) in 16ms src/app/actions.ts
 GET /tasks?error=Transition+de+t%C3%A2che+interdite+%3A+done+%E2%86%92+start.&id=40b50f4e-9793-4e1b-9a1d-c52ce7c4718c 200 in 273ms (next.js: 8ms, proxy.ts: 11ms, application-code: 255ms)
 POST /tasks?notice=T%C3%A2che%20mise%20%C3%A0%20jour.&id=40b50f4e-9793-4e1b-9a1d-c52ce7c4718c 200 in 864ms (next.js: 9ms, proxy.ts: 468ms, application-code: 386ms)
  └─ ƒ updateWorkspaceTask({}) in 90ms src/app/actions.ts
 GET /tasks?error=Permission+required%3A+tasks%3Amanage&id=40b50f4e-9793-4e1b-9a1d-c52ce7c4718c 200 in 207ms (next.js: 7ms, proxy.ts: 6ms, application-code: 194ms)
 POST /tasks?error=Transition%20de%20t%C3%A2che%20interdite%20%3A%20done%20%E2%86%92%20start.&id=40b50f4e-9793-4e1b-9a1d-c52ce7c4718c 200 in 269ms (next.js: 6ms, proxy.ts: 13ms, application-code: 250ms)
  └─ ƒ updateWorkspaceTask({}) in 25ms src/app/actions.ts
 GET /tasks?notice=Commentaire+ajout%C3%A9.&id=40b50f4e-9793-4e1b-9a1d-c52ce7c4718c 200 in 137ms (next.js: 3ms, proxy.ts: 5ms, application-code: 129ms)
 POST /tasks?error=Permission%20required%3A%20tasks%3Amanage&id=40b50f4e-9793-4e1b-9a1d-c52ce7c4718c 200 in 169ms (next.js: 6ms, proxy.ts: 4ms, application-code: 159ms)
  └─ ƒ addWorkspaceTaskComment({}) in 14ms src/app/actions.ts
 GET /tasks?error=Workspace+access+state+does+not+allow%3A+tasks%3Acomment&id=40b50f4e-9793-4e1b-9a1d-c52ce7c4718c 200 in 251ms (next.js: 19ms, proxy.ts: 5ms, application-code: 227ms)
 POST /tasks?notice=Commentaire%20ajout%C3%A9.&id=40b50f4e-9793-4e1b-9a1d-c52ce7c4718c 200 in 282ms (next.js: 6ms, proxy.ts: 5ms, application-code: 271ms)
  └─ ƒ addWorkspaceTaskComment({}) in 10ms src/app/actions.ts
 GET /tasks?id=40b50f4e-9793-4e1b-9a1d-c52ce7c4718c 200 in 417ms (next.js: 3ms, proxy.ts: 4ms, application-code: 409ms)
 GET /api/auth/get-session 200 in 94ms (next.js: 65ms, proxy.ts: 5ms, application-code: 24ms)
 GET /api/auth/organization/list 200 in 97ms (next.js: 28ms, proxy.ts: 6ms, application-code: 63ms)
  ✓  2 [chromium] › e2e/task-actors-local.spec.ts:6:7 › task actor en creates, transitions, comments and rejects stale controls (11.0s)

  2 passed (19.4s)
{"ok":true,"cleaned":"local-browser-fixtures"}
