
> @yodev/ads@0.1.0 test:e2e:local
> node scripts/verify-local-browser.mjs e2e/report-editions-local.spec.ts e2e/public-status-local.spec.ts

{"ok":true,"fixtureRoles":["owner","admin","strategist","analyst","client"],"foreignExportId":"80000000-0000-4000-8000-000000000003"}

> @yodev/ads@0.1.0 dev
> next dev --hostname 127.0.0.1 --port 3017

▲ Next.js 16.3.4 (Turbopack)
- Local:         http://127.0.0.1:3017
- Network:       http://127.0.0.1:3017
- Environments: .env.local
✓ Ready in 437ms
✓ Running next.config.ts took 580ms
- Experiments (use with caution):
  · clientTraceMetadata

 GET /sign-in 200 in 2.4s (next.js: 1995ms, proxy.ts: 4ms, application-code: 403ms)
 GET /sign-in 200 in 76ms (next.js: 8ms, proxy.ts: 6ms, application-code: 61ms)
 POST /api/auth/sign-in/email 200 in 1567ms (next.js: 1185ms, proxy.ts: 5ms, application-code: 378ms)
 POST /api/auth/sign-in/email 200 in 112ms (next.js: 7ms, proxy.ts: 7ms, application-code: 98ms)
 POST /api/auth/sign-in/email 200 in 129ms (next.js: 5ms, proxy.ts: 5ms, application-code: 118ms)
 POST /api/auth/sign-in/email 200 in 93ms (next.js: 2.0ms, proxy.ts: 3ms, application-code: 88ms)
 POST /api/auth/sign-in/email 200 in 89ms (next.js: 3ms, proxy.ts: 3ms, application-code: 83ms)
 GET /dashboard 200 in 1018ms (next.js: 357ms, proxy.ts: 3ms, application-code: 657ms)
 GET /settings 200 in 681ms (next.js: 60ms, proxy.ts: 4ms, application-code: 617ms)
 GET /sign-in 200 in 62ms (next.js: 7ms, proxy.ts: 4ms, application-code: 50ms)
 GET /billing 200 in 493ms (next.js: 83ms, proxy.ts: 8ms, application-code: 402ms)
 GET /support 200 in 335ms (next.js: 29ms, proxy.ts: 8ms, application-code: 299ms)
 GET /icon?a62dacc6b033a714 200 in 237ms (next.js: 126ms, proxy.ts: 5ms, application-code: 106ms)
 GET /accounts 200 in 400ms (next.js: 59ms, proxy.ts: 7ms, application-code: 334ms)
 GET /history 200 in 182ms (next.js: 18ms, proxy.ts: 2ms, application-code: 162ms)
 GET /alerts 200 in 182ms (next.js: 20ms, proxy.ts: 4ms, application-code: 158ms)
 GET /tasks 200 in 184ms (next.js: 19ms, proxy.ts: 3ms, application-code: 162ms)
 GET /approvals 200 in 156ms (next.js: 25ms, proxy.ts: 3ms, application-code: 128ms)
 GET /reports 200 in 221ms (next.js: 28ms, proxy.ts: 2ms, application-code: 191ms)
 GET /audit 200 in 158ms (next.js: 19ms, proxy.ts: 3ms, application-code: 136ms)
 GET /agents 200 in 242ms (next.js: 38ms, proxy.ts: 2ms, application-code: 202ms)
 GET / 200 in 114ms (next.js: 22ms, proxy.ts: 2ms, application-code: 89ms)
 GET /privacy 200 in 69ms (next.js: 18ms, proxy.ts: 7ms, application-code: 44ms)
 GET /terms 200 in 60ms (next.js: 19ms, proxy.ts: 2ms, application-code: 39ms)
 GET /subprocessors 200 in 115ms (next.js: 40ms, proxy.ts: 2.0ms, application-code: 73ms)
 GET /status 200 in 119ms (next.js: 34ms, proxy.ts: 2ms, application-code: 82ms)
 GET /sign-in 200 in 38ms (next.js: 4ms, proxy.ts: 1.8ms, application-code: 32ms)
 GET /sign-up 200 in 327ms (next.js: 295ms, proxy.ts: 3ms, application-code: 29ms)
Local browser states ready in /var/folders/9h/sbxl7zl90j9_wc743xft5j8h0000gn/T/yodev-ads-browser-uN1wEd

Running 4 tests using 1 worker

(node:56358) Warning: The 'NO_COLOR' env is ignored due to the 'FORCE_COLOR' env being set.
(Use `node --trace-warnings ...` to show where the warning was created)
 GET /status 200 in 89ms (next.js: 6ms, proxy.ts: 3ms, application-code: 80ms)
 GET /status 200 in 339ms (next.js: 3ms, proxy.ts: 6ms, application-code: 330ms)
 GET /status?status=active 200 in 44ms (next.js: 7ms, proxy.ts: 6ms, application-code: 30ms)
 GET /status/f7520e5f-e7af-4b6e-921e-6cda483ae4b1 200 in 437ms (next.js: 380ms, proxy.ts: 6ms, application-code: 50ms)
 GET /status/f7520e5f-e7af-4b6e-921e-6cda483ae4b1?cursor=eyJ2IjoxLCJpdiI6Im15Y0tOeldJYmkzV1U2S1oiLCJ0YWciOiJoejI2RzBpSFliNmdCR1I3NE05SDJRIiwiZGF0YSI6Im9JbFhBaW1OUW9uVW5HUEFPc2Q5OWN2ZWtoQkZhNnZKcGpGNW8zSnFZX0NWNFhHVWdxa3pUcUkya2plSmRwTE9ZVTVsLXpmNk54Vlp0ZGhscG80cER6b1dJcWNCU0NIaDJLSTNVVFhacGZtUVpjUFFBTU1nSFh2bEZkYXBoZWF5MEZFTmhYT0FjR0ZPVURpbWlaZjliNXRDalR3Q2J4UGw3aldzUE1odTRiQ29HRXkyOVdYeEhLX3hpR3RJbWhkVWtxSU54OS1tdExWbW9tMjEwS1hGQkJaeFFZSDYwclpZMGdoNEhzX2xTSGl0QXlqeDV1cV9UNlYyckgzQnZ0b3BGSU1LS3M0Y04wY1JVY1g4elJmRXVFTEdWXzAwRXFlY0xCZkdJTUxlSVlQa05mMWtmemN0b3cifQ 200 in 117ms (next.js: 14ms, proxy.ts: 5ms, application-code: 98ms)
 GET /status?cursor=forged 200 in 130ms (next.js: 4ms, proxy.ts: 6ms, application-code: 120ms)
 GET /status/a1a704f7-2b74-49c0-a797-c9648201b614 404 in 88ms (next.js: 5ms, proxy.ts: 7ms, application-code: 76ms)
 GET /status/invalid 404 in 85ms (next.js: 10ms, proxy.ts: 5ms, application-code: 70ms)
  ✓  1 [chromium] › e2e/public-status-local.spec.ts:13:53 › truthful public status › shows unknown health and complete incident history in fr (3.4s)
 GET /status 200 in 106ms (next.js: 3ms, proxy.ts: 5ms, application-code: 99ms)
 GET /status 200 in 234ms (next.js: 2ms, proxy.ts: 2ms, application-code: 229ms)
 GET /status?status=active 200 in 47ms (next.js: 5ms, proxy.ts: 3ms, application-code: 40ms)
 GET /status/18fc5689-6b17-4ce4-af6b-36e409bfdc74 200 in 51ms (next.js: 8ms, proxy.ts: 4ms, application-code: 39ms)
 GET /status/18fc5689-6b17-4ce4-af6b-36e409bfdc74?cursor=eyJ2IjoxLCJpdiI6Ijl0UnJyQjAtWW1TRFpiT0MiLCJ0YWciOiJxQTlyTXc0MTR4dmZPNWNaQ1UwcEJ3IiwiZGF0YSI6InVnX2VVZnlvSU5kdVpLUUdXVnNJV1hybVg1NEI5WEsxZEs0d0dtTzE5VFZ6cXZKbjBHam1YWFRUOUREeVZuek9WTkdtd2psemRJb0J1cnc5SFRwdlNXQWFEdlBGa1hrSm4zNng3SHNocXJZVVkxSmJlMWtLLVZyV3J2R3ljV1Y2Szc0MjFKb1hNMEVFdXFGYW05dHhRYXBDZzlOZUZyWFFIRVdkZmcyWTJYSFdSRTBJOFBaZmV3RVZ2OXhxV3M4dV9MUG8taDZtbFVJb0dvdXlfRkpCb1owYjJwYTdkdXlvdGFzVnloU0lNY29hQlZFM2FKbks0ZktkSnItMVR5Tlg5MFdINnRYaWZtT2ZaaVRMSTZfTExWYnU3YjNWU3pyXzVtSnJneFlkS2NPUWdvSEJkbWlTS1EifQ 200 in 60ms (next.js: 6ms, proxy.ts: 4ms, application-code: 49ms)
 GET /status?cursor=forged 200 in 75ms (next.js: 2ms, proxy.ts: 4ms, application-code: 69ms)
 GET /status/83d88bc0-2268-4c65-9581-ed82bd01bb52 404 in 75ms (next.js: 6ms, proxy.ts: 5ms, application-code: 64ms)
 GET /status/invalid 404 in 68ms (next.js: 4ms, proxy.ts: 4ms, application-code: 59ms)
  ✓  2 [chromium] › e2e/public-status-local.spec.ts:13:53 › truthful public status › shows unknown health and complete incident history in en (2.0s)
 GET /reports 200 in 199ms (next.js: 3ms, proxy.ts: 3ms, application-code: 194ms)
 GET /api/auth/get-session 200 in 57ms (next.js: 9ms, proxy.ts: 6ms, application-code: 42ms)
 GET /api/auth/organization/list 200 in 67ms (next.js: 24ms, proxy.ts: 6ms, application-code: 38ms)
 POST /reports 200 in 129ms (next.js: 6ms, proxy.ts: 15ms, application-code: 108ms)
  └─ ƒ setCookieConsent({}) in 3ms src/app/preferences-actions.ts
 GET /reports?notice=Rapport+cr%C3%A9%C3%A9.+R%C3%A9v%C3%A9lez+son+URL+dans+les+cinq+prochaines+minutes.&reveal=report-url&revealId=d1aa1c50-8d0d-4270-af9b-b10581b6079e 200 in 118ms (next.js: 4ms, proxy.ts: 2ms, application-code: 111ms)
 POST /reports 200 in 175ms (next.js: 2ms, proxy.ts: 4ms, application-code: 168ms)
  └─ ƒ createShareLink({}) in 35ms src/app/report-actions.ts
 POST /api/secret-revelation 200 in 159ms (next.js: 113ms, proxy.ts: 5ms, application-code: 41ms)
 GET /r/[REDACTED]?edition=c3880931-6036-453b-a8a1-b07bd7c9e8c3 200 in 1443ms (next.js: 1257ms, proxy.ts: 3ms, application-code: 182ms)
 GET /r/[REDACTED]/csv?edition=c3880931-6036-453b-a8a1-b07bd7c9e8c3 200 in 996ms (next.js: 951ms, proxy.ts: 3ms, application-code: 41ms)
 GET /r/[REDACTED]/pdf?edition=c3880931-6036-453b-a8a1-b07bd7c9e8c3 200 in 1267ms (next.js: 827ms, proxy.ts: 3ms, application-code: 437ms)
 GET /r/[REDACTED]?error=L%E2%80%99envoi+de+codes+email+n%E2%80%99est+pas+configur%C3%A9.&edition=c3880931-6036-453b-a8a1-b07bd7c9e8c3 200 in 70ms (next.js: 3ms, proxy.ts: 2ms, application-code: 64ms)
 POST /r/[REDACTED]?edition=c3880931-6036-453b-a8a1-b07bd7c9e8c3 200 in 156ms (next.js: 36ms, proxy.ts: 4ms, application-code: 116ms)
  └─ ƒ requestReportFeedbackOtp({}) in 17ms src/app/actions.ts
 GET /r/[REDACTED]?edition=c3880931-6036-453b-a8a1-b07bd7c9e8c3&otp=1 200 in 134ms (next.js: 3ms, proxy.ts: 4ms, application-code: 127ms)
 GET /r/[REDACTED]?error=Demandez+un+nouveau+code.&otp=1&edition=c3880931-6036-453b-a8a1-b07bd7c9e8c3 200 in 154ms (next.js: 12ms, proxy.ts: 4ms, application-code: 139ms)
 POST /r/[REDACTED]?edition=c3880931-6036-453b-a8a1-b07bd7c9e8c3&otp=1 200 in 267ms (next.js: 10ms, proxy.ts: 25ms, application-code: 232ms)
  └─ ƒ verifyReportFeedbackOtp({}) in 40ms src/app/actions.ts
 GET /reports?notice=Rapport+cr%C3%A9%C3%A9.+R%C3%A9v%C3%A9lez+son+URL+dans+les+cinq+prochaines+minutes.&reveal=report-url&revealId=4b7a8a83-dce5-40f2-9136-1db25c8c08f7 200 in 167ms (next.js: 9ms, proxy.ts: 8ms, application-code: 151ms)
 POST /reports?notice=Rapport%20cr%C3%A9%C3%A9.%20R%C3%A9v%C3%A9lez%20son%20URL%20dans%20les%20cinq%20prochaines%20minutes.&reveal=report-url&revealId=d1aa1c50-8d0d-4270-af9b-b10581b6079e 200 in 293ms (next.js: 4ms, proxy.ts: 8ms, application-code: 281ms)
  └─ ƒ createShareLink({}) in 91ms src/app/report-actions.ts
 POST /api/secret-revelation 200 in 34ms (next.js: 3ms, proxy.ts: 5ms, application-code: 26ms)
 GET /r/[REDACTED]?edition=a011a5a5-e8e8-4705-97be-32761f369c16 200 in 132ms (next.js: 6ms, proxy.ts: 3ms, application-code: 124ms)
 GET /r/[REDACTED]/csv?edition=a011a5a5-e8e8-4705-97be-32761f369c16 200 in 28ms (next.js: 4ms, proxy.ts: 6ms, application-code: 18ms)
 GET /r/[REDACTED]/pdf?edition=a011a5a5-e8e8-4705-97be-32761f369c16 200 in 166ms (next.js: 9ms, proxy.ts: 4ms, application-code: 152ms)
 GET /reports?notice=Rapport+cr%C3%A9%C3%A9.+R%C3%A9v%C3%A9lez+son+URL+dans+les+cinq+prochaines+minutes.&reveal=report-url&revealId=28a72aea-f8b8-45f7-8b57-eb64bc05d564 200 in 104ms (next.js: 3ms, proxy.ts: 5ms, application-code: 96ms)
 POST /reports?notice=Rapport%20cr%C3%A9%C3%A9.%20R%C3%A9v%C3%A9lez%20son%20URL%20dans%20les%20cinq%20prochaines%20minutes.&reveal=report-url&revealId=4b7a8a83-dce5-40f2-9136-1db25c8c08f7 200 in 163ms (next.js: 6ms, proxy.ts: 10ms, application-code: 147ms)
  └─ ƒ createShareLink({}) in 33ms src/app/report-actions.ts
 POST /api/secret-revelation 200 in 48ms (next.js: 4ms, proxy.ts: 7ms, application-code: 37ms)
 GET /r/[REDACTED]?edition=dea4b888-9947-4a82-b722-52ce490c1219 200 in 129ms (next.js: 8ms, proxy.ts: 3ms, application-code: 117ms)
 GET /r/[REDACTED]/csv?edition=dea4b888-9947-4a82-b722-52ce490c1219 200 in 25ms (next.js: 7ms, proxy.ts: 4ms, application-code: 14ms)
 GET /r/[REDACTED]/pdf?edition=dea4b888-9947-4a82-b722-52ce490c1219 200 in 92ms (next.js: 7ms, proxy.ts: 3ms, application-code: 82ms)
 GET /reports?notice=Rapport+cr%C3%A9%C3%A9.+R%C3%A9v%C3%A9lez+son+URL+dans+les+cinq+prochaines+minutes.&reveal=report-url&revealId=7a582dba-1487-4402-8e35-0d010d539ed0 200 in 86ms (next.js: 2ms, proxy.ts: 10ms, application-code: 74ms)
 POST /reports?notice=Rapport%20cr%C3%A9%C3%A9.%20R%C3%A9v%C3%A9lez%20son%20URL%20dans%20les%20cinq%20prochaines%20minutes.&reveal=report-url&revealId=28a72aea-f8b8-45f7-8b57-eb64bc05d564 200 in 129ms (next.js: 4ms, proxy.ts: 5ms, application-code: 121ms)
  └─ ƒ createShareLink({}) in 26ms src/app/report-actions.ts
 POST /api/secret-revelation 200 in 31ms (next.js: 3ms, proxy.ts: 4ms, application-code: 24ms)
 GET /r/[REDACTED]?edition=86ec15f7-d089-4940-bc3c-b16bde1dc63e 200 in 157ms (next.js: 9ms, proxy.ts: 3ms, application-code: 146ms)
 GET /r/[REDACTED]/csv?edition=86ec15f7-d089-4940-bc3c-b16bde1dc63e 200 in 46ms (next.js: 4ms, proxy.ts: 6ms, application-code: 36ms)
 GET /r/[REDACTED]/pdf?edition=86ec15f7-d089-4940-bc3c-b16bde1dc63e 200 in 129ms (next.js: 9ms, proxy.ts: 5ms, application-code: 115ms)
 GET /reports?notice=Rapport+cr%C3%A9%C3%A9.+R%C3%A9v%C3%A9lez+son+URL+dans+les+cinq+prochaines+minutes.&reveal=report-url&revealId=b4dc6f8b-02ec-4085-a83f-1edb9687953c 200 in 83ms (next.js: 1.8ms, proxy.ts: 3ms, application-code: 79ms)
 POST /reports?notice=Rapport%20cr%C3%A9%C3%A9.%20R%C3%A9v%C3%A9lez%20son%20URL%20dans%20les%20cinq%20prochaines%20minutes.&reveal=report-url&revealId=7a582dba-1487-4402-8e35-0d010d539ed0 200 in 129ms (next.js: 5ms, proxy.ts: 7ms, application-code: 117ms)
  └─ ƒ createShareLink({}) in 25ms src/app/report-actions.ts
 POST /api/secret-revelation 200 in 26ms (next.js: 3ms, proxy.ts: 3ms, application-code: 20ms)
 GET /r/[REDACTED]?edition=2881762e-214f-4abf-a2ea-221afd60898e 200 in 113ms (next.js: 4ms, proxy.ts: 3ms, application-code: 105ms)
 GET /r/[REDACTED]/csv?edition=2881762e-214f-4abf-a2ea-221afd60898e 200 in 18ms (next.js: 3ms, proxy.ts: 3ms, application-code: 12ms)
 GET /r/[REDACTED]/pdf?edition=2881762e-214f-4abf-a2ea-221afd60898e 200 in 82ms (next.js: 5ms, proxy.ts: 1.7ms, application-code: 75ms)
 GET /r/[REDACTED]?edition=c3880931-6036-453b-a8a1-b07bd7c9e8c3 200 in 104ms (next.js: 6ms, proxy.ts: 2ms, application-code: 96ms)
 GET /r/[REDACTED]/csv?edition=c3880931-6036-453b-a8a1-b07bd7c9e8c3 200 in 17ms (next.js: 2.0ms, proxy.ts: 3ms, application-code: 11ms)
 GET /r/[REDACTED]/pdf?edition=c3880931-6036-453b-a8a1-b07bd7c9e8c3 200 in 248ms (next.js: 2ms, proxy.ts: 2ms, application-code: 243ms)
 GET /reports?notice=R%C3%A9vision+publi%C3%A9e.+Les+%C3%A9ditions+pr%C3%A9c%C3%A9dentes+restent+inchang%C3%A9es.&reveal=report-url&revealId=0186b72a-c603-4619-b539-d8f0f31e1dc5 200 in 116ms (next.js: 5ms, proxy.ts: 4ms, application-code: 108ms)
 POST /reports?notice=Rapport%20cr%C3%A9%C3%A9.%20R%C3%A9v%C3%A9lez%20son%20URL%20dans%20les%20cinq%20prochaines%20minutes.&reveal=report-url&revealId=b4dc6f8b-02ec-4085-a83f-1edb9687953c 200 in 181ms (next.js: 8ms, proxy.ts: 5ms, application-code: 168ms)
  └─ ƒ reviseReportEdition({}) in 42ms src/app/report-actions.ts
 POST /api/secret-revelation 200 in 18ms (next.js: 1.4ms, proxy.ts: 2ms, application-code: 15ms)
 GET /r/[REDACTED]?edition=f5dc8edd-be4e-4e6f-92ad-115f41c9b7d9 200 in 95ms (next.js: 4ms, proxy.ts: 2.0ms, application-code: 89ms)
 GET /r/[REDACTED]/csv?edition=f5dc8edd-be4e-4e6f-92ad-115f41c9b7d9 200 in 17ms (next.js: 3ms, proxy.ts: 3ms, application-code: 11ms)
 GET /reports?error=Les+donn%C3%A9es+compl%C3%A8tes+de+cette+p%C3%A9riode+ne+sont+pas+disponibles.+Actualisez+l%E2%80%99historique+du+compte+avant+de+publier+ce+bilan. 200 in 222ms (next.js: 3ms, proxy.ts: 3ms, application-code: 216ms)
 POST /reports?notice=R%C3%A9vision%20publi%C3%A9e.%20Les%20%C3%A9ditions%20pr%C3%A9c%C3%A9dentes%20restent%20inchang%C3%A9es.&reveal=report-url&revealId=0186b72a-c603-4619-b539-d8f0f31e1dc5 200 in 251ms (next.js: 2ms, proxy.ts: 2ms, application-code: 246ms)
  └─ ƒ createShareLink({}) in 14ms src/app/report-actions.ts
 GET /r/[REDACTED]?edition=c3880931-6036-453b-a8a1-b07bd7c9e8c3 200 in 262ms (next.js: 10ms, proxy.ts: 6ms, application-code: 245ms)
 GET /r/[REDACTED]/pdf?edition=c3880931-6036-453b-a8a1-b07bd7c9e8c3 429 in 20ms (next.js: 7ms, proxy.ts: 4ms, application-code: 10ms)
 GET /r/[REDACTED]/csv?edition=c3880931-6036-453b-a8a1-b07bd7c9e8c3 404 in 18ms (next.js: 6ms, proxy.ts: 3ms, application-code: 8ms)
 GET /reports 200 in 267ms (next.js: 3ms, proxy.ts: 4ms, application-code: 259ms)
  ✓  3 [chromium] › e2e/report-editions-local.spec.ts:16:53 › published report editions › creates every period and preserves HTML PDF CSV through revision in fr (13.9s)
 GET /reports 200 in 237ms (next.js: 4ms, proxy.ts: 4ms, application-code: 229ms)
 GET /api/auth/get-session 200 in 43ms (next.js: 11ms, proxy.ts: 8ms, application-code: 25ms)
 GET /api/auth/organization/list 200 in 46ms (next.js: 18ms, proxy.ts: 6ms, application-code: 22ms)
 POST /reports 200 in 122ms (next.js: 3ms, proxy.ts: 7ms, application-code: 112ms)
  └─ ƒ setCookieConsent({}) in 2ms src/app/preferences-actions.ts
 GET /reports?notice=Report+created.+Reveal+its+URL+within+the+next+five+minutes.&reveal=report-url&revealId=a5d1eb35-b64d-447c-8db3-a382f093b904 200 in 130ms (next.js: 4ms, proxy.ts: 3ms, application-code: 123ms)
 POST /reports 200 in 184ms (next.js: 7ms, proxy.ts: 5ms, application-code: 171ms)
  └─ ƒ createShareLink({}) in 30ms src/app/report-actions.ts
 POST /api/secret-revelation 200 in 26ms (next.js: 4ms, proxy.ts: 5ms, application-code: 18ms)
 GET /r/[REDACTED]?edition=c0798a0c-ad52-4336-98f5-a6a1572ce953 200 in 147ms (next.js: 8ms, proxy.ts: 5ms, application-code: 133ms)
 GET /r/[REDACTED]/csv?edition=c0798a0c-ad52-4336-98f5-a6a1572ce953 200 in 26ms (next.js: 5ms, proxy.ts: 4ms, application-code: 17ms)
 GET /r/[REDACTED]/pdf?edition=c0798a0c-ad52-4336-98f5-a6a1572ce953 200 in 302ms (next.js: 5ms, proxy.ts: 3ms, application-code: 293ms)
 GET /r/[REDACTED]?error=Email+code+delivery+is+not+configured.&edition=c0798a0c-ad52-4336-98f5-a6a1572ce953 200 in 165ms (next.js: 13ms, proxy.ts: 7ms, application-code: 145ms)
 POST /r/[REDACTED]?edition=c0798a0c-ad52-4336-98f5-a6a1572ce953 200 in 231ms (next.js: 6ms, proxy.ts: 8ms, application-code: 216ms)
  └─ ƒ requestReportFeedbackOtp({}) in 32ms src/app/actions.ts
 GET /r/[REDACTED]?edition=c0798a0c-ad52-4336-98f5-a6a1572ce953&otp=1 200 in 170ms (next.js: 11ms, proxy.ts: 4ms, application-code: 154ms)
 GET /r/[REDACTED]?error=Request+a+new+code.&otp=1&edition=c0798a0c-ad52-4336-98f5-a6a1572ce953 200 in 111ms (next.js: 6ms, proxy.ts: 3ms, application-code: 102ms)
 POST /r/[REDACTED]?edition=c0798a0c-ad52-4336-98f5-a6a1572ce953&otp=1 200 in 142ms (next.js: 8ms, proxy.ts: 5ms, application-code: 129ms)
  └─ ƒ verifyReportFeedbackOtp({}) in 9ms src/app/actions.ts
 GET /reports?notice=Report+created.+Reveal+its+URL+within+the+next+five+minutes.&reveal=report-url&revealId=fbe38074-6cec-44f2-969c-92063fa95c8a 200 in 141ms (next.js: 7ms, proxy.ts: 4ms, application-code: 130ms)
 POST /reports?notice=Report%20created.%20Reveal%20its%20URL%20within%20the%20next%20five%20minutes.&reveal=report-url&revealId=a5d1eb35-b64d-447c-8db3-a382f093b904 200 in 222ms (next.js: 5ms, proxy.ts: 13ms, application-code: 204ms)
  └─ ƒ createShareLink({}) in 40ms src/app/report-actions.ts
 POST /api/secret-revelation 200 in 48ms (next.js: 5ms, proxy.ts: 5ms, application-code: 37ms)
 GET /r/[REDACTED]?edition=590d1946-b477-4992-932d-f1364ad8320e 200 in 449ms (next.js: 4ms, proxy.ts: 4ms, application-code: 441ms)
 GET /r/[REDACTED]/csv?edition=590d1946-b477-4992-932d-f1364ad8320e 200 in 44ms (next.js: 12ms, proxy.ts: 8ms, application-code: 24ms)
 GET /r/[REDACTED]/pdf?edition=590d1946-b477-4992-932d-f1364ad8320e 200 in 142ms (next.js: 13ms, proxy.ts: 3ms, application-code: 125ms)
 GET /reports?notice=Report+created.+Reveal+its+URL+within+the+next+five+minutes.&reveal=report-url&revealId=16d47336-aa00-4c8e-8848-f0f4eec6e94f 200 in 192ms (next.js: 3ms, proxy.ts: 8ms, application-code: 181ms)
 POST /reports?notice=Report%20created.%20Reveal%20its%20URL%20within%20the%20next%20five%20minutes.&reveal=report-url&revealId=fbe38074-6cec-44f2-969c-92063fa95c8a 200 in 298ms (next.js: 5ms, proxy.ts: 12ms, application-code: 280ms)
  └─ ƒ createShareLink({}) in 70ms src/app/report-actions.ts
 POST /api/secret-revelation 200 in 55ms (next.js: 5ms, proxy.ts: 10ms, application-code: 39ms)
 GET /r/[REDACTED]?edition=eeba660d-f0cd-402b-8706-1e4ae3e54626 200 in 145ms (next.js: 8ms, proxy.ts: 6ms, application-code: 131ms)
 GET /r/[REDACTED]/csv?edition=eeba660d-f0cd-402b-8706-1e4ae3e54626 200 in 49ms (next.js: 9ms, proxy.ts: 6ms, application-code: 34ms)
 GET /r/[REDACTED]/pdf?edition=eeba660d-f0cd-402b-8706-1e4ae3e54626 200 in 198ms (next.js: 10ms, proxy.ts: 8ms, application-code: 180ms)
 GET /reports?notice=Report+created.+Reveal+its+URL+within+the+next+five+minutes.&reveal=report-url&revealId=fe940880-3bd3-4f0d-aa96-5a89f59cde6f 200 in 161ms (next.js: 4ms, proxy.ts: 10ms, application-code: 147ms)
 POST /reports?notice=Report%20created.%20Reveal%20its%20URL%20within%20the%20next%20five%20minutes.&reveal=report-url&revealId=16d47336-aa00-4c8e-8848-f0f4eec6e94f 200 in 252ms (next.js: 7ms, proxy.ts: 18ms, application-code: 228ms)
  └─ ƒ createShareLink({}) in 45ms src/app/report-actions.ts
 POST /api/secret-revelation 200 in 97ms (next.js: 16ms, proxy.ts: 10ms, application-code: 71ms)
 GET /r/[REDACTED]?edition=0ee5b2dd-6d7a-4259-8b67-68ab67d72da8 200 in 438ms (next.js: 200ms, proxy.ts: 28ms, application-code: 210ms)
 GET /r/[REDACTED]/csv?edition=0ee5b2dd-6d7a-4259-8b67-68ab67d72da8 200 in 20ms (next.js: 5ms, proxy.ts: 4ms, application-code: 11ms)
 GET /r/[REDACTED]/pdf?edition=0ee5b2dd-6d7a-4259-8b67-68ab67d72da8 200 in 112ms (next.js: 7ms, proxy.ts: 3ms, application-code: 102ms)
 GET /reports?notice=Report+created.+Reveal+its+URL+within+the+next+five+minutes.&reveal=report-url&revealId=32c1c4c2-2c14-4c5a-a753-a1166449676a 200 in 159ms (next.js: 3ms, proxy.ts: 3ms, application-code: 152ms)
 POST /reports?notice=Report%20created.%20Reveal%20its%20URL%20within%20the%20next%20five%20minutes.&reveal=report-url&revealId=fe940880-3bd3-4f0d-aa96-5a89f59cde6f 200 in 234ms (next.js: 15ms, proxy.ts: 6ms, application-code: 213ms)
  └─ ƒ createShareLink({}) in 41ms src/app/report-actions.ts
 POST /api/secret-revelation 200 in 104ms (next.js: 10ms, proxy.ts: 9ms, application-code: 85ms)
 GET /r/[REDACTED]?edition=81198877-638f-4aa1-b9c5-f48807c21d58 200 in 375ms (next.js: 19ms, proxy.ts: 7ms, application-code: 349ms)
 GET /r/[REDACTED]/csv?edition=81198877-638f-4aa1-b9c5-f48807c21d58 200 in 116ms (next.js: 22ms, proxy.ts: 16ms, application-code: 78ms)
 GET /r/[REDACTED]/pdf?edition=81198877-638f-4aa1-b9c5-f48807c21d58 200 in 193ms (next.js: 9ms, proxy.ts: 5ms, application-code: 179ms)
 GET /r/[REDACTED]?edition=c0798a0c-ad52-4336-98f5-a6a1572ce953 200 in 248ms (next.js: 11ms, proxy.ts: 6ms, application-code: 231ms)
 GET /r/[REDACTED]/csv?edition=c0798a0c-ad52-4336-98f5-a6a1572ce953 200 in 80ms (next.js: 8ms, proxy.ts: 13ms, application-code: 60ms)
 GET /r/[REDACTED]/pdf?edition=c0798a0c-ad52-4336-98f5-a6a1572ce953 200 in 387ms (next.js: 19ms, proxy.ts: 12ms, application-code: 355ms)
 GET /reports?notice=Revision+published.+Previous+editions+remain+unchanged.&reveal=report-url&revealId=5df34a46-5960-47b1-b24d-b1d23b10aa0d 200 in 105ms (next.js: 2ms, proxy.ts: 4ms, application-code: 99ms)
 POST /reports?notice=Report%20created.%20Reveal%20its%20URL%20within%20the%20next%20five%20minutes.&reveal=report-url&revealId=32c1c4c2-2c14-4c5a-a753-a1166449676a 200 in 148ms (next.js: 5ms, proxy.ts: 8ms, application-code: 136ms)
  └─ ƒ reviseReportEdition({}) in 22ms src/app/report-actions.ts
 POST /api/secret-revelation 200 in 23ms (next.js: 3ms, proxy.ts: 4ms, application-code: 16ms)
 GET /r/[REDACTED]?edition=caae8e3b-9426-40aa-b049-93e8ca5f220c 200 in 154ms (next.js: 8ms, proxy.ts: 2ms, application-code: 144ms)
 GET /r/[REDACTED]/csv?edition=caae8e3b-9426-40aa-b049-93e8ca5f220c 200 in 38ms (next.js: 9ms, proxy.ts: 6ms, application-code: 24ms)
 GET /reports?error=Les+donn%C3%A9es+compl%C3%A8tes+de+cette+p%C3%A9riode+ne+sont+pas+disponibles.+Actualisez+l%E2%80%99historique+du+compte+avant+de+publier+ce+bilan. 200 in 249ms (next.js: 3ms, proxy.ts: 3ms, application-code: 243ms)
 POST /reports?notice=Revision%20published.%20Previous%20editions%20remain%20unchanged.&reveal=report-url&revealId=5df34a46-5960-47b1-b24d-b1d23b10aa0d 200 in 341ms (next.js: 7ms, proxy.ts: 14ms, application-code: 319ms)
  └─ ƒ createShareLink({}) in 48ms src/app/report-actions.ts
 GET /r/[REDACTED]?edition=c0798a0c-ad52-4336-98f5-a6a1572ce953 200 in 176ms (next.js: 10ms, proxy.ts: 5ms, application-code: 160ms)
 GET /r/[REDACTED]/pdf?edition=c0798a0c-ad52-4336-98f5-a6a1572ce953 429 in 41ms (next.js: 10ms, proxy.ts: 5ms, application-code: 26ms)
 GET /r/[REDACTED]/csv?edition=c0798a0c-ad52-4336-98f5-a6a1572ce953 404 in 26ms (next.js: 9ms, proxy.ts: 8ms, application-code: 10ms)
 GET /reports 200 in 303ms (next.js: 3ms, proxy.ts: 9ms, application-code: 291ms)
  ✓  4 [chromium] › e2e/report-editions-local.spec.ts:16:53 › published report editions › creates every period and preserves HTML PDF CSV through revision in en (13.2s)

  4 passed (33.5s)
{"ok":true,"cleaned":"local-browser-fixtures"}
[?25h
