
> @yodev/ads@0.1.0 test:e2e:local
> node scripts/verify-local-browser.mjs e2e/account-selection-actors-local.spec.ts e2e/prod-ready-local.spec.ts --grep account selection

{"ok":true,"fixtureRoles":["owner","admin","strategist","analyst","client"],"foreignExportId":"80000000-0000-4000-8000-000000000003"}

> @yodev/ads@0.1.0 dev
> next dev --hostname 127.0.0.1 --port 3017

▲ Next.js 16.3.0 (Turbopack)
- Local:         http://127.0.0.1:3017
- Network:       http://127.0.0.1:3017
- Environments: .env.local
✓ Ready in 275ms
✓ Running next.config.ts took 598ms
- Experiments (use with caution):
  · clientTraceMetadata

 GET /sign-in 200 in 2.7s (next.js: 2.2s, proxy.ts: 130ms, application-code: 371ms)
 GET /sign-in 200 in 2.8s (next.js: 2.2s, proxy.ts: 126ms, application-code: 408ms)
 GET /icon?a62dacc6b033a714 200 in 236ms (next.js: 67ms, proxy.ts: 9ms, application-code: 160ms)
 GET /sign-in 200 in 123ms (next.js: 81ms, proxy.ts: 4ms, application-code: 37ms)
 POST /api/auth/sign-in/email 200 in 931ms (next.js: 750ms, proxy.ts: 5ms, application-code: 176ms)
 POST /api/auth/sign-in/email 200 in 88ms (next.js: 4ms, proxy.ts: 3ms, application-code: 81ms)
 POST /api/auth/sign-in/email 200 in 83ms (next.js: 2ms, proxy.ts: 3ms, application-code: 78ms)
 POST /api/auth/sign-in/email 200 in 87ms (next.js: 2ms, proxy.ts: 2ms, application-code: 83ms)
 POST /api/auth/sign-in/email 200 in 82ms (next.js: 3ms, proxy.ts: 2ms, application-code: 76ms)
 GET /dashboard 200 in 504ms (next.js: 223ms, proxy.ts: 4ms, application-code: 277ms)
 GET /settings 200 in 237ms (next.js: 31ms, proxy.ts: 2.0ms, application-code: 204ms)
 GET /billing 200 in 171ms (next.js: 14ms, proxy.ts: 2.0ms, application-code: 156ms)
 GET /support 200 in 143ms (next.js: 15ms, proxy.ts: 3ms, application-code: 125ms)
 GET /accounts 200 in 133ms (next.js: 13ms, proxy.ts: 2ms, application-code: 118ms)
 GET /history 200 in 133ms (next.js: 15ms, proxy.ts: 2ms, application-code: 115ms)
 GET /alerts 200 in 137ms (next.js: 15ms, proxy.ts: 2ms, application-code: 120ms)
 GET /tasks 200 in 153ms (next.js: 20ms, proxy.ts: 1.8ms, application-code: 131ms)
 GET /approvals 200 in 134ms (next.js: 23ms, proxy.ts: 1.9ms, application-code: 109ms)
 GET /reports 200 in 193ms (next.js: 21ms, proxy.ts: 1.9ms, application-code: 170ms)
 GET /audit 200 in 129ms (next.js: 20ms, proxy.ts: 2ms, application-code: 107ms)
 GET /agents 200 in 197ms (next.js: 20ms, proxy.ts: 2ms, application-code: 174ms)
 GET / 200 in 108ms (next.js: 18ms, proxy.ts: 2ms, application-code: 88ms)
 GET /privacy 200 in 52ms (next.js: 12ms, proxy.ts: 2ms, application-code: 38ms)
 GET /terms 200 in 49ms (next.js: 12ms, proxy.ts: 2ms, application-code: 35ms)
 GET /subprocessors 200 in 107ms (next.js: 39ms, proxy.ts: 2ms, application-code: 66ms)
 GET /status 200 in 96ms (next.js: 33ms, proxy.ts: 2ms, application-code: 61ms)
 GET /sign-in 200 in 34ms (next.js: 4ms, proxy.ts: 1.9ms, application-code: 28ms)
 GET /sign-up 200 in 316ms (next.js: 283ms, proxy.ts: 2ms, application-code: 30ms)
Local browser states ready in /var/folders/9h/sbxl7zl90j9_wc743xft5j8h0000gn/T/yodev-ads-browser-0dgaza

Running 4 tests using 1 worker

(node:34945) Warning: The 'NO_COLOR' env is ignored due to the 'FORCE_COLOR' env being set.
(Use `node --trace-warnings ...` to show where the warning was created)
 GET /accounts 200 in 204ms (next.js: 3ms, proxy.ts: 3ms, application-code: 198ms)
 GET /api/auth/get-session 200 in 38ms (next.js: 15ms, proxy.ts: 3ms, application-code: 20ms)
 GET /api/auth/organization/list 200 in 43ms (next.js: 5ms, proxy.ts: 4ms, application-code: 34ms)
 GET /accounts?selection=saved 200 in 66ms (next.js: 1.9ms, proxy.ts: 3ms, application-code: 61ms)
 POST /accounts 200 in 108ms (next.js: 4ms, proxy.ts: 3ms, application-code: 101ms)
  └─ ƒ updateManagedAccounts({}) in 18ms src/app/account-selection-actions.ts
 GET /accounts?selection=workspace_changed 200 in 64ms (next.js: 1.5ms, proxy.ts: 2ms, application-code: 60ms)
 POST /accounts?selection=saved 200 in 82ms (next.js: 2ms, proxy.ts: 3ms, application-code: 77ms)
  └─ ƒ updateManagedAccounts({}) in 6ms src/app/account-selection-actions.ts
 GET /accounts?selection=unavailable 200 in 79ms (next.js: 1.9ms, proxy.ts: 2ms, application-code: 75ms)
 POST /accounts?selection=workspace_changed 200 in 99ms (next.js: 3ms, proxy.ts: 4ms, application-code: 92ms)
  └─ ƒ updateManagedAccounts({}) in 6ms src/app/account-selection-actions.ts
 GET /accounts 200 in 111ms (next.js: 1.5ms, proxy.ts: 2ms, application-code: 108ms)
 GET /api/auth/get-session 200 in 30ms (next.js: 7ms, proxy.ts: 4ms, application-code: 19ms)
 GET /api/auth/organization/list 200 in 33ms (next.js: 11ms, proxy.ts: 5ms, application-code: 17ms)
 POST /accounts 200 in 13ms (next.js: 2ms, proxy.ts: 3ms, application-code: 8ms)
  ✓  1 [chromium] › e2e/account-selection-actors-local.spec.ts:6:7 › account selection actor fr saves and refuses stale workspace, role and grace forms (2.0s)
 GET /accounts?selection=unavailable 200 in 70ms (next.js: 3ms, proxy.ts: 4ms, application-code: 63ms)
 GET /accounts 200 in 111ms (next.js: 1.5ms, proxy.ts: 2ms, application-code: 107ms)
 GET /api/auth/get-session 200 in 25ms (next.js: 4ms, proxy.ts: 3ms, application-code: 18ms)
 GET /api/auth/organization/list 200 in 27ms (next.js: 8ms, proxy.ts: 3ms, application-code: 16ms)
 GET /accounts?selection=saved 200 in 65ms (next.js: 2ms, proxy.ts: 3ms, application-code: 60ms)
 POST /accounts 200 in 90ms (next.js: 2ms, proxy.ts: 3ms, application-code: 84ms)
  └─ ƒ updateManagedAccounts({}) in 11ms src/app/account-selection-actions.ts
 GET /accounts?selection=workspace_changed 200 in 102ms (next.js: 2ms, proxy.ts: 3ms, application-code: 96ms)
 POST /accounts?selection=saved 200 in 121ms (next.js: 2ms, proxy.ts: 4ms, application-code: 115ms)
  └─ ƒ updateManagedAccounts({}) in 5ms src/app/account-selection-actions.ts
 GET /accounts?selection=unavailable 200 in 56ms (next.js: 1.7ms, proxy.ts: 2ms, application-code: 52ms)
 POST /accounts?selection=workspace_changed 200 in 74ms (next.js: 3ms, proxy.ts: 4ms, application-code: 67ms)
  └─ ƒ updateManagedAccounts({}) in 5ms src/app/account-selection-actions.ts
 GET /accounts 200 in 109ms (next.js: 1.6ms, proxy.ts: 2ms, application-code: 105ms)
 GET /api/auth/get-session 200 in 47ms (next.js: 11ms, proxy.ts: 21ms, application-code: 15ms)
 GET /api/auth/organization/list 200 in 49ms (next.js: 13ms, proxy.ts: 23ms, application-code: 13ms)
 POST /accounts 200 in 12ms (next.js: 3ms, proxy.ts: 3ms, application-code: 6ms)
  ✓  2 [chromium] › e2e/account-selection-actors-local.spec.ts:6:7 › account selection actor en saves and refuses stale workspace, role and grace forms (1.6s)
 GET /accounts?selection=unavailable 200 in 64ms (next.js: 3ms, proxy.ts: 2ms, application-code: 60ms)
 GET /billing 200 in 159ms (next.js: 1.6ms, proxy.ts: 3ms, application-code: 154ms)
 GET /api/auth/get-session 200 in 106ms (next.js: 58ms, proxy.ts: 14ms, application-code: 35ms)
 GET /api/auth/organization/list 200 in 117ms (next.js: 62ms, proxy.ts: 14ms, application-code: 42ms)
 GET /accounts 200 in 181ms (next.js: 2ms, proxy.ts: 4ms, application-code: 176ms)
 GET /api/auth/get-session 200 in 21ms (next.js: 5ms, proxy.ts: 3ms, application-code: 13ms)
 GET /api/auth/organization/list 200 in 23ms (next.js: 8ms, proxy.ts: 3ms, application-code: 12ms)
 POST /accounts 200 in 65ms (next.js: 2ms, proxy.ts: 4ms, application-code: 60ms)
  └─ ƒ setCookieConsent({}) in 2ms src/app/preferences-actions.ts
 GET /accounts?selection=saved 200 in 57ms (next.js: 1.6ms, proxy.ts: 2ms, application-code: 53ms)
 POST /accounts 200 in 88ms (next.js: 2ms, proxy.ts: 3ms, application-code: 83ms)
  └─ ƒ updateManagedAccounts({}) in 20ms src/app/account-selection-actions.ts
 GET /accounts?selection=saved 200 in 65ms (next.js: 1.8ms, proxy.ts: 3ms, application-code: 61ms)
 POST /accounts?selection=saved 200 in 91ms (next.js: 3ms, proxy.ts: 4ms, application-code: 85ms)
  └─ ƒ updateManagedAccounts({}) in 11ms src/app/account-selection-actions.ts
 GET /accounts?selection=conflict 200 in 61ms (next.js: 1.7ms, proxy.ts: 2ms, application-code: 57ms)
 POST /accounts?selection=saved 200 in 81ms (next.js: 1.9ms, proxy.ts: 3ms, application-code: 76ms)
  └─ ƒ updateManagedAccounts({}) in 9ms src/app/account-selection-actions.ts
 GET /accounts?selection=saved 200 in 56ms (next.js: 1.7ms, proxy.ts: 1.9ms, application-code: 52ms)
 POST /accounts?selection=conflict 200 in 77ms (next.js: 1.9ms, proxy.ts: 2ms, application-code: 73ms)
  └─ ƒ updateManagedAccounts({}) in 11ms src/app/account-selection-actions.ts
 GET /accounts 200 in 110ms (next.js: 1.8ms, proxy.ts: 2ms, application-code: 106ms)
  ✓  3 [chromium] › e2e/prod-ready-local.spec.ts:26:44 › local production readiness regression journeys › managed account selection preserves priorities and enforces quota in fr (2.5s)
 GET /billing 200 in 148ms (next.js: 1.7ms, proxy.ts: 2ms, application-code: 144ms)
 GET /api/auth/get-session 200 in 103ms (next.js: 46ms, proxy.ts: 13ms, application-code: 44ms)
 GET /api/auth/organization/list 200 in 113ms (next.js: 49ms, proxy.ts: 13ms, application-code: 51ms)
 GET /accounts 200 in 162ms (next.js: 1.8ms, proxy.ts: 3ms, application-code: 156ms)
 GET /api/auth/get-session 200 in 35ms (next.js: 4ms, proxy.ts: 7ms, application-code: 24ms)
 GET /api/auth/organization/list 200 in 36ms (next.js: 17ms, proxy.ts: 6ms, application-code: 13ms)
 POST /accounts 200 in 58ms (next.js: 1.9ms, proxy.ts: 2ms, application-code: 54ms)
  └─ ƒ setCookieConsent({}) in 2ms src/app/preferences-actions.ts
 GET /accounts?selection=saved 200 in 57ms (next.js: 1.7ms, proxy.ts: 2.0ms, application-code: 54ms)
 POST /accounts 200 in 81ms (next.js: 1.7ms, proxy.ts: 3ms, application-code: 77ms)
  └─ ƒ updateManagedAccounts({}) in 13ms src/app/account-selection-actions.ts
 GET /accounts?selection=saved 200 in 58ms (next.js: 1.6ms, proxy.ts: 1.7ms, application-code: 55ms)
 POST /accounts?selection=saved 200 in 80ms (next.js: 1.8ms, proxy.ts: 3ms, application-code: 75ms)
  └─ ƒ updateManagedAccounts({}) in 11ms src/app/account-selection-actions.ts
 GET /accounts?selection=conflict 200 in 61ms (next.js: 1.9ms, proxy.ts: 1.9ms, application-code: 57ms)
 POST /accounts?selection=saved 200 in 81ms (next.js: 1.9ms, proxy.ts: 3ms, application-code: 76ms)
  └─ ƒ updateManagedAccounts({}) in 9ms src/app/account-selection-actions.ts
 GET /accounts?selection=saved 200 in 59ms (next.js: 1.6ms, proxy.ts: 2.0ms, application-code: 56ms)
 POST /accounts?selection=conflict 200 in 83ms (next.js: 1.9ms, proxy.ts: 3ms, application-code: 78ms)
  └─ ƒ updateManagedAccounts({}) in 13ms src/app/account-selection-actions.ts
 GET /accounts 200 in 105ms (next.js: 1.5ms, proxy.ts: 3ms, application-code: 100ms)
  ✓  4 [chromium] › e2e/prod-ready-local.spec.ts:26:44 › local production readiness regression journeys › managed account selection preserves priorities and enforces quota in en (2.5s)

  4 passed (9.4s)
{"ok":true,"cleaned":"local-browser-fixtures"}
[?25h
