
> @yodev/ads@0.1.0 test:e2e:local
> node scripts/verify-local-browser.mjs e2e/teams-session-local.spec.ts e2e/security-actors-local.spec.ts

{"ok":true,"fixtureRoles":["owner","admin","strategist","analyst","client"],"foreignExportId":"80000000-0000-4000-8000-000000000003"}

> @yodev/ads@0.1.0 dev
> next dev --hostname 127.0.0.1 --port 3017

▲ Next.js 16.3.0 (Turbopack)
- Local:         http://127.0.0.1:3017
- Network:       http://127.0.0.1:3017
- Environments: .env.local
✓ Ready in 339ms
✓ Running next.config.ts took 474ms
- Experiments (use with caution):
  · clientTraceMetadata

 GET /sign-in 200 in 2.0s (proxy.ts: 127ms)
 GET /sign-in 404 in 3.1s (next.js: 3.0s, application-code: 87ms)
 GET /sign-in 200 in 73ms (next.js: 11ms, proxy.ts: 29ms, application-code: 32ms)
 GET /sign-in 200 in 81ms (next.js: 12ms, proxy.ts: 6ms, application-code: 63ms)
 POST /api/auth/sign-in/email 200 in 1005ms (next.js: 798ms, proxy.ts: 8ms, application-code: 199ms)
 POST /api/auth/sign-in/email 200 in 91ms (next.js: 4ms, proxy.ts: 3ms, application-code: 84ms)
 POST /api/auth/sign-in/email 200 in 87ms (next.js: 2ms, proxy.ts: 2ms, application-code: 82ms)
 POST /api/auth/sign-in/email 200 in 88ms (next.js: 4ms, proxy.ts: 4ms, application-code: 81ms)
 POST /api/auth/sign-in/email 200 in 87ms (next.js: 2ms, proxy.ts: 2ms, application-code: 83ms)
 GET /dashboard 200 in 708ms (next.js: 240ms, proxy.ts: 3ms, application-code: 465ms)
 GET /settings 200 in 367ms (next.js: 32ms, proxy.ts: 2ms, application-code: 332ms)
 GET /billing 200 in 170ms (next.js: 15ms, proxy.ts: 2ms, application-code: 153ms)
 GET /support 200 in 154ms (next.js: 15ms, proxy.ts: 1.7ms, application-code: 137ms)
 GET /accounts 200 in 137ms (next.js: 17ms, proxy.ts: 2ms, application-code: 118ms)
 GET /history 200 in 140ms (next.js: 21ms, proxy.ts: 1.7ms, application-code: 118ms)
 GET /alerts 200 in 146ms (next.js: 22ms, proxy.ts: 1.8ms, application-code: 122ms)
 GET /tasks 200 in 177ms (next.js: 31ms, proxy.ts: 2ms, application-code: 144ms)
 GET /approvals 200 in 151ms (next.js: 25ms, proxy.ts: 1.8ms, application-code: 124ms)
 GET /reports 200 in 213ms (next.js: 26ms, proxy.ts: 1.9ms, application-code: 185ms)
 GET /audit 200 in 137ms (next.js: 23ms, proxy.ts: 1.9ms, application-code: 112ms)
 GET /agents 200 in 202ms (next.js: 25ms, proxy.ts: 1.9ms, application-code: 175ms)
 GET / 200 in 116ms (next.js: 24ms, proxy.ts: 3ms, application-code: 89ms)
 GET /privacy 200 in 60ms (next.js: 15ms, proxy.ts: 3ms, application-code: 42ms)
 GET /terms 200 in 55ms (next.js: 16ms, proxy.ts: 2ms, application-code: 37ms)
 GET /subprocessors 200 in 129ms (next.js: 50ms, proxy.ts: 3ms, application-code: 76ms)
 GET /status 200 in 120ms (next.js: 43ms, proxy.ts: 2ms, application-code: 74ms)
 GET /sign-in 200 in 36ms (next.js: 5ms, proxy.ts: 1.8ms, application-code: 30ms)
 GET /sign-up 200 in 333ms (next.js: 301ms, proxy.ts: 2ms, application-code: 30ms)
Local browser states ready in /var/folders/9h/sbxl7zl90j9_wc743xft5j8h0000gn/T/yodev-ads-browser-mG1StC

Running 4 tests using 1 worker

 GET /sign-in 200 in 102ms (next.js: 10ms, proxy.ts: 6ms, application-code: 87ms)
(node:25586) Warning: The 'NO_COLOR' env is ignored due to the 'FORCE_COLOR' env being set.
(Use `node --trace-warnings ...` to show where the warning was created)
 GET /icon?a62dacc6b033a714 200 in 190ms (next.js: 67ms, proxy.ts: 15ms, application-code: 108ms)
 GET /settings 200 in 232ms (next.js: 4ms, proxy.ts: 3ms, application-code: 225ms)
 GET /api/auth/get-session 200 in 33ms (next.js: 14ms, proxy.ts: 3ms, application-code: 15ms)
 GET /api/auth/organization/list 200 in 34ms (next.js: 6ms, proxy.ts: 3ms, application-code: 26ms)
 GET /settings?notice=Cl%C3%A9+cr%C3%A9%C3%A9e.+R%C3%A9v%C3%A9lez-la+une+seule+fois+dans+les+cinq+prochaines+minutes.&reveal=api-key&revealId=aee677dd-d970-4b44-8677-0783807382e0 200 in 121ms (next.js: 3ms, proxy.ts: 3ms, application-code: 115ms)
 POST /settings 200 in 162ms (next.js: 2ms, proxy.ts: 4ms, application-code: 156ms)
  └─ ƒ createAgencyApiKey({}) in 23ms src/app/actions.ts
 POST /api/secret-revelation 200 in 144ms (next.js: 109ms, proxy.ts: 3ms, application-code: 32ms)
 POST /api/secret-revelation 404 in 21ms (next.js: 3ms, proxy.ts: 5ms, application-code: 13ms)
 GET /settings 200 in 220ms (next.js: 2ms, proxy.ts: 3ms, application-code: 214ms)
 GET /api/auth/get-session 200 in 31ms (next.js: 5ms, proxy.ts: 4ms, application-code: 21ms)
 GET /api/auth/organization/list 200 in 32ms (next.js: 8ms, proxy.ts: 4ms, application-code: 20ms)
 GET /settings?notice=Cl%C3%A9+API+r%C3%A9voqu%C3%A9e. 200 in 98ms (next.js: 4ms, proxy.ts: 5ms, application-code: 90ms)
 POST /settings 200 in 133ms (next.js: 2ms, proxy.ts: 3ms, application-code: 128ms)
  └─ ƒ revokeAgencyApiKey({}) in 10ms src/app/actions.ts
 GET /settings?notice=Canal+de+notification+ajout%C3%A9. 200 in 113ms (next.js: 3ms, proxy.ts: 3ms, application-code: 107ms)
 POST /settings?notice=Cl%C3%A9%20API%20r%C3%A9voqu%C3%A9e. 200 in 139ms (next.js: 2ms, proxy.ts: 3ms, application-code: 134ms)
  └─ ƒ createNotificationChannel({}) in 14ms src/app/actions.ts
 GET /settings?notice=Canal+d%C3%A9sactiv%C3%A9. 200 in 95ms (next.js: 2ms, proxy.ts: 2ms, application-code: 90ms)
 POST /settings?notice=Canal%20de%20notification%20ajout%C3%A9. 200 in 120ms (next.js: 3ms, proxy.ts: 4ms, application-code: 113ms)
  └─ ƒ disableNotificationChannel({}) in 10ms src/app/actions.ts
 GET /settings?notice=R%C3%A8gles+de+s%C3%A9curit%C3%A9+enregistr%C3%A9es. 200 in 90ms (next.js: 2ms, proxy.ts: 1.8ms, application-code: 85ms)
 POST /settings?notice=Canal%20d%C3%A9sactiv%C3%A9. 200 in 123ms (next.js: 2.0ms, proxy.ts: 2ms, application-code: 118ms)
  └─ ƒ updateSafetyRules({}) in 23ms src/app/actions.ts
 GET /settings?notice=Le+job+sera+r%C3%A9ex%C3%A9cut%C3%A9+par+le+prochain+worker+disponible. 200 in 86ms (next.js: 1.8ms, proxy.ts: 1.9ms, application-code: 82ms)
 POST /settings?notice=R%C3%A8gles%20de%20s%C3%A9curit%C3%A9%20enregistr%C3%A9es. 200 in 105ms (next.js: 1.7ms, proxy.ts: 3ms, application-code: 101ms)
  └─ ƒ retryDeadLetterJob({}) in 10ms src/app/actions.ts
 GET /settings 200 in 223ms (next.js: 1.9ms, proxy.ts: 2ms, application-code: 219ms)
 GET /api/auth/get-session 200 in 34ms (next.js: 7ms, proxy.ts: 7ms, application-code: 19ms)
 GET /api/auth/organization/list 200 in 35ms (next.js: 13ms, proxy.ts: 5ms, application-code: 17ms)
 GET /settings?error=Permission+required%3A+workspace%3Aadmin 200 in 57ms (next.js: 1.9ms, proxy.ts: 2ms, application-code: 52ms)
 POST /settings 200 in 83ms (next.js: 3ms, proxy.ts: 7ms, application-code: 73ms)
  └─ ƒ createNotificationChannel({}) in 8ms src/app/actions.ts
 GET /support?error=Vous+n%E2%80%99avez+plus+acc%C3%A8s+%C3%A0+cette+page.+Choisissez+une+rubrique+disponible+ou+contactez+un+administrateur. 200 in 83ms (next.js: 4ms, proxy.ts: 4ms, application-code: 75ms)
 GET /support?error=Vous+n%E2%80%99avez+plus+acc%C3%A8s+%C3%A0+cette+page.+Choisissez+une+rubrique+disponible+ou+contactez+un+administrateur. 200 in 66ms (next.js: 5ms, proxy.ts: 7ms, application-code: 54ms)
  ✓  1 [chromium] › e2e/security-actors-local.spec.ts:6:7 › security actor fr manages resources and rejects obsolete authority (4.0s)
 GET /settings 200 in 228ms (next.js: 2ms, proxy.ts: 3ms, application-code: 223ms)
 GET /api/auth/get-session 200 in 21ms (next.js: 5ms, proxy.ts: 4ms, application-code: 13ms)
 GET /api/auth/organization/list 200 in 24ms (next.js: 8ms, proxy.ts: 3ms, application-code: 13ms)
 GET /settings?notice=Cl%C3%A9+cr%C3%A9%C3%A9e.+R%C3%A9v%C3%A9lez-la+une+seule+fois+dans+les+cinq+prochaines+minutes.&reveal=api-key&revealId=405d964d-79a3-4216-b95b-656559ce91a5 200 in 109ms (next.js: 2ms, proxy.ts: 3ms, application-code: 104ms)
 POST /settings 200 in 132ms (next.js: 2ms, proxy.ts: 3ms, application-code: 128ms)
  └─ ƒ createAgencyApiKey({}) in 11ms src/app/actions.ts
 POST /api/secret-revelation 200 in 23ms (next.js: 2ms, proxy.ts: 6ms, application-code: 15ms)
 POST /api/secret-revelation 404 in 17ms (next.js: 4ms, proxy.ts: 4ms, application-code: 10ms)
 GET /settings 200 in 259ms (next.js: 2ms, proxy.ts: 1.7ms, application-code: 256ms)
 GET /api/auth/get-session 200 in 27ms (next.js: 7ms, proxy.ts: 3ms, application-code: 18ms)
 GET /api/auth/organization/list 200 in 32ms (next.js: 10ms, proxy.ts: 3ms, application-code: 19ms)
 GET /settings?notice=Cl%C3%A9+API+r%C3%A9voqu%C3%A9e. 200 in 101ms (next.js: 1.8ms, proxy.ts: 2ms, application-code: 97ms)
 POST /settings 200 in 127ms (next.js: 4ms, proxy.ts: 5ms, application-code: 119ms)
  └─ ƒ revokeAgencyApiKey({}) in 11ms src/app/actions.ts
 GET /settings?notice=Canal+de+notification+ajout%C3%A9. 200 in 102ms (next.js: 1.7ms, proxy.ts: 1.8ms, application-code: 99ms)
 POST /settings?notice=Cl%C3%A9%20API%20r%C3%A9voqu%C3%A9e. 200 in 134ms (next.js: 12ms, proxy.ts: 3ms, application-code: 119ms)
  └─ ƒ createNotificationChannel({}) in 12ms src/app/actions.ts
 GET /settings?notice=Canal+d%C3%A9sactiv%C3%A9. 200 in 107ms (next.js: 2ms, proxy.ts: 2ms, application-code: 103ms)
 POST /settings?notice=Canal%20de%20notification%20ajout%C3%A9. 200 in 128ms (next.js: 2ms, proxy.ts: 3ms, application-code: 123ms)
  └─ ƒ disableNotificationChannel({}) in 11ms src/app/actions.ts
 GET /settings?notice=R%C3%A8gles+de+s%C3%A9curit%C3%A9+enregistr%C3%A9es. 200 in 88ms (next.js: 1.7ms, proxy.ts: 2ms, application-code: 85ms)
 POST /settings?notice=Canal%20d%C3%A9sactiv%C3%A9. 200 in 112ms (next.js: 1.9ms, proxy.ts: 3ms, application-code: 107ms)
  └─ ƒ updateSafetyRules({}) in 12ms src/app/actions.ts
 GET /settings?notice=Le+job+sera+r%C3%A9ex%C3%A9cut%C3%A9+par+le+prochain+worker+disponible. 200 in 92ms (next.js: 1.9ms, proxy.ts: 1.7ms, application-code: 88ms)
 POST /settings?notice=R%C3%A8gles%20de%20s%C3%A9curit%C3%A9%20enregistr%C3%A9es. 200 in 109ms (next.js: 2.0ms, proxy.ts: 2ms, application-code: 105ms)
  └─ ƒ retryDeadLetterJob({}) in 9ms src/app/actions.ts
 GET /settings 200 in 199ms (next.js: 1.6ms, proxy.ts: 2.0ms, application-code: 196ms)
 GET /api/auth/get-session 200 in 27ms (next.js: 6ms, proxy.ts: 3ms, application-code: 18ms)
 GET /api/auth/organization/list 200 in 29ms (next.js: 10ms, proxy.ts: 4ms, application-code: 15ms)
 GET /settings?error=Permission+required%3A+workspace%3Aadmin 200 in 60ms (next.js: 3ms, proxy.ts: 4ms, application-code: 53ms)
 POST /settings 200 in 83ms (next.js: 3ms, proxy.ts: 4ms, application-code: 75ms)
  └─ ƒ createNotificationChannel({}) in 8ms src/app/actions.ts
 GET /support?error=You+no+longer+have+access+to+this+page.+Choose+an+available+section+or+contact+an+administrator. 200 in 66ms (next.js: 1.9ms, proxy.ts: 3ms, application-code: 60ms)
 GET /support?error=You+no+longer+have+access+to+this+page.+Choose+an+available+section+or+contact+an+administrator. 200 in 48ms (next.js: 4ms, proxy.ts: 6ms, application-code: 38ms)
  ✓  2 [chromium] › e2e/security-actors-local.spec.ts:6:7 › security actor en manages resources and rejects obsolete authority (3.2s)
 GET /settings/teams 200 in 774ms (next.js: 573ms, proxy.ts: 2ms, application-code: 198ms)
 GET /api/auth/get-session 200 in 35ms (next.js: 11ms, proxy.ts: 4ms, application-code: 20ms)
 GET /api/auth/organization/list 200 in 36ms (next.js: 21ms, proxy.ts: 4ms, application-code: 11ms)
 GET /settings 200 in 103ms (next.js: 3ms, proxy.ts: 3ms, application-code: 96ms)
  ✓  3 [chromium] › e2e/teams-session-local.spec.ts:6:7 › Teams unavailable session has an actionable fr page (1.4s)
 GET /settings/teams 200 in 118ms (next.js: 1.7ms, proxy.ts: 2ms, application-code: 114ms)
 GET /api/auth/get-session 200 in 29ms (next.js: 7ms, proxy.ts: 3ms, application-code: 19ms)
 GET /api/auth/organization/list 200 in 33ms (next.js: 10ms, proxy.ts: 4ms, application-code: 19ms)
 GET /settings 200 in 68ms (next.js: 3ms, proxy.ts: 2ms, application-code: 63ms)
  ✓  4 [chromium] › e2e/teams-session-local.spec.ts:6:7 › Teams unavailable session has an actionable en page (734ms)

  4 passed (11.0s)
{"ok":true,"cleaned":"local-browser-fixtures"}
[?25h
