
> @yodev/ads@0.1.0 test:e2e:local
> node scripts/verify-local-browser.mjs --grep auth lifecycle|ownership transfer

{"ok":true,"fixtureRoles":["owner","admin","strategist","analyst","client"],"foreignExportId":"80000000-0000-4000-8000-000000000003"}

> @yodev/ads@0.1.0 dev
> next dev --hostname 127.0.0.1 --port 3017

▲ Next.js 16.3.0 (Turbopack)
- Local:         http://127.0.0.1:3017
- Network:       http://127.0.0.1:3017
- Environments: .env.local
✓ Ready in 259ms
✓ Running next.config.ts took 424ms
- Experiments (use with caution):
  · clientTraceMetadata

 GET /sign-in 200 in 1919ms (next.js: 1482ms, proxy.ts: 127ms, application-code: 309ms)
 POST /api/auth/sign-in/email 200 in 938ms (next.js: 770ms, proxy.ts: 6ms, application-code: 163ms)
 POST /api/auth/sign-in/email 200 in 82ms (next.js: 4ms, proxy.ts: 2ms, application-code: 76ms)
 POST /api/auth/sign-in/email 200 in 79ms (next.js: 2ms, proxy.ts: 3ms, application-code: 74ms)
 POST /api/auth/sign-in/email 200 in 78ms (next.js: 2ms, proxy.ts: 2ms, application-code: 74ms)
 POST /api/auth/sign-in/email 200 in 79ms (next.js: 2ms, proxy.ts: 3ms, application-code: 74ms)
 GET /dashboard 200 in 508ms (next.js: 197ms, proxy.ts: 2ms, application-code: 309ms)
 GET /settings 200 in 226ms (next.js: 28ms, proxy.ts: 2ms, application-code: 196ms)
 GET /billing 200 in 151ms (next.js: 13ms, proxy.ts: 2ms, application-code: 136ms)
 GET /support 200 in 148ms (next.js: 15ms, proxy.ts: 2ms, application-code: 131ms)
 GET /accounts 200 in 113ms (next.js: 11ms, proxy.ts: 1.9ms, application-code: 100ms)
 GET /history 200 in 118ms (next.js: 12ms, proxy.ts: 1.7ms, application-code: 104ms)
 GET /alerts 200 in 127ms (next.js: 18ms, proxy.ts: 1.8ms, application-code: 107ms)
 GET /tasks 200 in 146ms (next.js: 19ms, proxy.ts: 1.8ms, application-code: 125ms)
 GET /approvals 200 in 129ms (next.js: 22ms, proxy.ts: 1.8ms, application-code: 104ms)
 GET /reports 200 in 188ms (next.js: 19ms, proxy.ts: 2.0ms, application-code: 167ms)
 GET /audit 200 in 131ms (next.js: 19ms, proxy.ts: 1.9ms, application-code: 110ms)
 GET /agents 200 in 189ms (next.js: 20ms, proxy.ts: 1.9ms, application-code: 167ms)
 GET / 200 in 104ms (next.js: 17ms, proxy.ts: 1.8ms, application-code: 85ms)
 GET /privacy 200 in 52ms (next.js: 12ms, proxy.ts: 1.9ms, application-code: 37ms)
 GET /terms 200 in 49ms (next.js: 11ms, proxy.ts: 1.8ms, application-code: 36ms)
 GET /subprocessors 200 in 105ms (next.js: 41ms, proxy.ts: 2ms, application-code: 62ms)
 GET /status 200 in 112ms (next.js: 43ms, proxy.ts: 2.0ms, application-code: 67ms)
 GET /sign-in 200 in 37ms (next.js: 5ms, proxy.ts: 3ms, application-code: 29ms)
 GET /sign-up 200 in 406ms (next.js: 372ms, proxy.ts: 1.9ms, application-code: 32ms)
Local browser states ready in /var/folders/9h/sbxl7zl90j9_wc743xft5j8h0000gn/T/yodev-ads-browser-mHW8uD

Running 4 tests using 1 worker

(node:64405) Warning: The 'NO_COLOR' env is ignored due to the 'FORCE_COLOR' env being set.
(Use `node --trace-warnings ...` to show where the warning was created)
 GET /sign-up 200 in 94ms (next.js: 8ms, proxy.ts: 8ms, application-code: 78ms)
 POST /api/auth/sign-up/email 200 in 109ms (next.js: 5ms, proxy.ts: 3ms, application-code: 101ms)
 GET /api/auth/get-session 200 in 12ms (next.js: 2ms, proxy.ts: 2ms, application-code: 7ms)
 GET /sign-in 200 in 61ms (next.js: 7ms, proxy.ts: 5ms, application-code: 49ms)
 POST /api/auth/sign-in/email 403 in 133ms (next.js: 6ms, proxy.ts: 7ms, application-code: 121ms)
 GET /api/auth/get-session 200 in 14ms (next.js: 4ms, proxy.ts: 3ms, application-code: 8ms)
 GET /api/auth/verify-email?token=[REDACTED]&callbackURL=%2Fdashboard 302 in 17ms (next.js: 3ms, proxy.ts: 3ms, application-code: 11ms)
 GET /dashboard 307 in 56ms (next.js: 3ms, proxy.ts: 2ms, application-code: 50ms)
 GET /sign-in 200 in 43ms (next.js: 4ms, proxy.ts: 2.0ms, application-code: 37ms)
 GET /sign-in 200 in 73ms (next.js: 8ms, proxy.ts: 8ms, application-code: 57ms)
 POST /api/auth/sign-in/email 200 in 130ms (next.js: 5ms, proxy.ts: 7ms, application-code: 118ms)
 GET /dashboard 307 in 81ms (next.js: 3ms, proxy.ts: 5ms, application-code: 73ms)
 GET /onboarding 200 in 100ms (next.js: 48ms, proxy.ts: 3ms, application-code: 50ms)
 GET /settings 200 in 154ms (next.js: 3ms, proxy.ts: 2.0ms, application-code: 150ms)
 POST /onboarding 200 in 243ms (next.js: 1.7ms, proxy.ts: 3ms, application-code: 238ms)
  └─ ƒ createWorkspace({}) in 11ms src/app/onboarding/actions.ts
 GET /api/auth/get-session 200 in 101ms (next.js: 32ms, proxy.ts: 16ms, application-code: 53ms)
 GET /api/auth/organization/list 200 in 101ms (next.js: 21ms, proxy.ts: 14ms, application-code: 65ms)
 GET /api/auth/get-session 200 in 82ms (next.js: 44ms, proxy.ts: 26ms, application-code: 12ms)
 GET /sign-in 200 in 66ms (next.js: 10ms, proxy.ts: 4ms, application-code: 52ms)
 POST /api/auth/sign-in/magic-link 200 in 36ms (next.js: 5ms, proxy.ts: 5ms, application-code: 25ms)
 GET /api/auth/magic-link/verify?token=[REDACTED]&callbackURL=%2Fdashboard&errorCallbackURL=http%3A%2F%2Flocalhost%3A3017%2Fsign-in 302 in 17ms (next.js: 3ms, proxy.ts: 4ms, application-code: 10ms)
 GET /dashboard 200 in 146ms (next.js: 2ms, proxy.ts: 2ms, application-code: 141ms)
 GET /api/auth/get-session 200 in 40ms (next.js: 7ms, proxy.ts: 3ms, application-code: 30ms)
 GET /api/auth/get-session 200 in 40ms (next.js: 6ms, proxy.ts: 13ms, application-code: 21ms)
 GET /api/auth/organization/list 200 in 57ms (next.js: 11ms, proxy.ts: 13ms, application-code: 33ms)
 GET /api/auth/magic-link/verify?token=[REDACTED]&callbackURL=%2Fdashboard&errorCallbackURL=http%3A%2F%2Flocalhost%3A3017%2Fsign-in 302 in 45ms (next.js: 15ms, proxy.ts: 12ms, application-code: 18ms)
 GET /sign-in?error=INVALID_TOKEN 200 in 70ms (next.js: 8ms, proxy.ts: 3ms, application-code: 59ms)
 GET /sign-in 200 in 105ms (next.js: 22ms, proxy.ts: 13ms, application-code: 69ms)
 GET /api/auth/get-session 200 in 35ms (next.js: 7ms, proxy.ts: 15ms, application-code: 12ms)
 GET /forgot-password 200 in 113ms (next.js: 26ms, proxy.ts: 5ms, application-code: 82ms)
 GET /icon?a62dacc6b033a714 200 in 290ms (next.js: 91ms, proxy.ts: 7ms, application-code: 192ms)
 POST /api/auth/request-password-reset 200 in 21ms (next.js: 4ms, proxy.ts: 5ms, application-code: 12ms)
 GET /api/auth/reset-password/[REDACTED]?callbackURL=%2Freset-password 302 in 13ms (next.js: 2ms, proxy.ts: 2ms, application-code: 8ms)
 GET /reset-password?token=[REDACTED] 200 in 57ms (next.js: 16ms, proxy.ts: 2.0ms, application-code: 38ms)
 POST /api/auth/reset-password 200 in 106ms (next.js: 4ms, proxy.ts: 4ms, application-code: 98ms)
 GET /api/auth/get-session 200 in 12ms (next.js: 2ms, proxy.ts: 2ms, application-code: 8ms)
 GET /api/auth/get-session 200 in 10ms (next.js: 2ms, proxy.ts: 1.9ms, application-code: 5ms)
 GET /api/auth/reset-password/[REDACTED]?callbackURL=%2Freset-password 302 in 10ms (next.js: 1.9ms, proxy.ts: 1.9ms, application-code: 6ms)
 GET /reset-password?error=INVALID_TOKEN 200 in 45ms (next.js: 1.7ms, proxy.ts: 2ms, application-code: 41ms)
 GET /sign-in 200 in 39ms (next.js: 6ms, proxy.ts: 4ms, application-code: 30ms)
2026-09-07T07:21:51.656Z WARN [Better Auth]: Invalid password
 POST /api/auth/sign-in/email 401 in 197ms (next.js: 15ms, proxy.ts: 10ms, application-code: 172ms)
 GET /api/auth/get-session 200 in 23ms (next.js: 6ms, proxy.ts: 5ms, application-code: 12ms)
 GET /sign-in 200 in 53ms (next.js: 5ms, proxy.ts: 3ms, application-code: 44ms)
 POST /api/auth/sign-in/email 200 in 136ms (next.js: 2ms, proxy.ts: 3ms, application-code: 131ms)
 GET /dashboard 200 in 253ms (next.js: 7ms, proxy.ts: 14ms, application-code: 232ms)
 GET /api/auth/get-session 200 in 67ms (next.js: 39ms, proxy.ts: 9ms, application-code: 19ms)
 GET /api/auth/organization/list 200 in 70ms (next.js: 42ms, proxy.ts: 8ms, application-code: 20ms)
 GET /sign-in 200 in 89ms (next.js: 19ms, proxy.ts: 6ms, application-code: 64ms)
 POST /api/auth/sign-in/email 200 in 116ms (next.js: 5ms, proxy.ts: 5ms, application-code: 106ms)
 GET /dashboard 200 in 152ms (next.js: 3ms, proxy.ts: 4ms, application-code: 145ms)
 GET /account 200 in 196ms (next.js: 46ms, proxy.ts: 8ms, application-code: 141ms)
 GET /api/auth/get-session 200 in 106ms (next.js: 23ms, proxy.ts: 49ms, application-code: 35ms)
 GET /api/auth/organization/list 200 in 112ms (next.js: 30ms, proxy.ts: 49ms, application-code: 32ms)
 GET /api/auth/get-session 200 in 43ms (next.js: 12ms, proxy.ts: 18ms, application-code: 13ms)
 GET /api/auth/organization/list 200 in 47ms (next.js: 9ms, proxy.ts: 15ms, application-code: 23ms)
 GET /api/auth/passkey/list-user-passkeys 200 in 51ms (next.js: 14ms, proxy.ts: 10ms, application-code: 27ms)
 POST /api/auth/revoke-other-sessions 200 in 22ms (next.js: 6ms, proxy.ts: 7ms, application-code: 10ms)
 GET /api/auth/get-session 200 in 12ms (next.js: 3ms, proxy.ts: 1.8ms, application-code: 8ms)
 GET /api/auth/get-session 200 in 14ms (next.js: 3ms, proxy.ts: 4ms, application-code: 7ms)
 GET /api/auth/get-session 200 in 12ms (next.js: 4ms, proxy.ts: 3ms, application-code: 5ms)
 GET /api/auth/passkey/generate-register-options?authenticatorAttachment=platform&name=Passkey%20Ads%20by%20Yodev 200 in 15ms (next.js: 2ms, proxy.ts: 2ms, application-code: 10ms)
 POST /api/auth/passkey/verify-registration 200 in 20ms (next.js: 3ms, proxy.ts: 3ms, application-code: 14ms)
 GET /api/auth/passkey/list-user-passkeys 200 in 10ms (next.js: 2ms, proxy.ts: 1.9ms, application-code: 6ms)
 GET /api/auth/passkey/list-user-passkeys 200 in 10ms (next.js: 1.9ms, proxy.ts: 3ms, application-code: 6ms)
 POST /api/auth/passkey/delete-passkey 401 in 11ms (next.js: 2ms, proxy.ts: 1.9ms, application-code: 7ms)
 POST /api/auth/sign-out 200 in 8ms (next.js: 2.0ms, proxy.ts: 1.5ms, application-code: 5ms)
 GET /sign-in 200 in 32ms (next.js: 4ms, proxy.ts: 1.9ms, application-code: 27ms)
 GET /api/auth/passkey/generate-authenticate-options 200 in 19ms (next.js: 3ms, proxy.ts: 8ms, application-code: 8ms)
 POST /api/auth/passkey/verify-authentication 200 in 40ms (next.js: 5ms, proxy.ts: 3ms, application-code: 32ms)
 GET /dashboard 200 in 122ms (next.js: 4ms, proxy.ts: 5ms, application-code: 112ms)
 GET /api/auth/get-session 200 in 17ms (next.js: 5ms, proxy.ts: 3ms, application-code: 10ms)
 GET /api/auth/organization/list 200 in 42ms (next.js: 19ms, proxy.ts: 18ms, application-code: 5ms)
 GET /api/auth/get-session 200 in 49ms (next.js: 14ms, proxy.ts: 20ms, application-code: 14ms)
 GET /account 200 in 82ms (next.js: 2ms, proxy.ts: 3ms, application-code: 77ms)
 GET /api/auth/get-session 200 in 26ms (next.js: 8ms, proxy.ts: 5ms, application-code: 13ms)
 GET /api/auth/organization/list 200 in 27ms (next.js: 10ms, proxy.ts: 6ms, application-code: 11ms)
 GET /api/auth/passkey/list-user-passkeys 200 in 23ms (next.js: 12ms, proxy.ts: 3ms, application-code: 8ms)
 POST /api/auth/passkey/delete-passkey 200 in 12ms (next.js: 2ms, proxy.ts: 3ms, application-code: 7ms)
 POST /api/auth/sign-out 200 in 24ms (next.js: 14ms, proxy.ts: 4ms, application-code: 7ms)
 GET /api/auth/passkey/list-user-passkeys 200 in 26ms (next.js: 11ms, proxy.ts: 4ms, application-code: 11ms)
 GET /sign-in 200 in 56ms (next.js: 4ms, proxy.ts: 2ms, application-code: 50ms)
 GET /api/auth/passkey/generate-authenticate-options 200 in 13ms (next.js: 3ms, proxy.ts: 3ms, application-code: 7ms)
 POST /api/auth/passkey/verify-authentication 401 in 39ms (next.js: 4ms, proxy.ts: 6ms, application-code: 29ms)
 GET /api/auth/get-session 200 in 14ms (next.js: 3ms, proxy.ts: 5ms, application-code: 6ms)
 POST /api/auth/sign-in/magic-link 200 in 16ms (next.js: 2ms, proxy.ts: 4ms, application-code: 10ms)
 GET /api/auth/magic-link/verify?token=[REDACTED]&callbackURL=%2Fdashboard&errorCallbackURL=http%3A%2F%2Flocalhost%3A3017%2Fsign-in 302 in 18ms (next.js: 3ms, proxy.ts: 2ms, application-code: 13ms)
 GET /dashboard 200 in 119ms (next.js: 3ms, proxy.ts: 4ms, application-code: 112ms)
 GET /api/auth/get-session 200 in 24ms (next.js: 9ms, proxy.ts: 3ms, application-code: 13ms)
 GET /api/auth/organization/list 200 in 26ms (next.js: 13ms, proxy.ts: 3ms, application-code: 10ms)
 GET /invitation?id=0ba57d68-5717-4d17-9e7d-0fbe25563c99 200 in 61ms (next.js: 22ms, proxy.ts: 1.8ms, application-code: 38ms)
 GET /api/auth/get-session 200 in 10ms (next.js: 1.8ms, proxy.ts: 2ms, application-code: 6ms)
 POST /api/auth/organization/accept-invitation 403 in 12ms (next.js: 2ms, proxy.ts: 4ms, application-code: 7ms)
 POST /invitation?id=0ba57d68-5717-4d17-9e7d-0fbe25563c99 200 in 22ms (next.js: 1.6ms, proxy.ts: 1.7ms, application-code: 19ms)
  └─ ƒ recoverAcceptedInvitation("0ba57d68-5717-4d17-9e7d-0fbe25563c99") in 13ms src/app/invitation/actions.ts
 GET /invitation?id=20b33d74-02cb-4d1a-9d72-026a6acf3711 200 in 27ms (next.js: 1.7ms, proxy.ts: 1.9ms, application-code: 24ms)
 GET /api/auth/get-session 200 in 10ms (next.js: 2.0ms, proxy.ts: 2ms, application-code: 6ms)
 POST /api/auth/organization/accept-invitation 400 in 12ms (next.js: 2ms, proxy.ts: 3ms, application-code: 7ms)
 POST /invitation?id=20b33d74-02cb-4d1a-9d72-026a6acf3711 200 in 24ms (next.js: 2ms, proxy.ts: 2ms, application-code: 19ms)
  └─ ƒ recoverAcceptedInvitation("20b33d74-02cb-4d1a-9d72-026a6acf3711") in 7ms src/app/invitation/actions.ts
 GET /invitation?id=5f13318e-e544-4bad-88c6-c78b084ff669 200 in 54ms (next.js: 3ms, proxy.ts: 4ms, application-code: 47ms)
 GET /api/auth/get-session 200 in 13ms (next.js: 4ms, proxy.ts: 2ms, application-code: 7ms)
 POST /api/auth/organization/accept-invitation 400 in 13ms (next.js: 2ms, proxy.ts: 4ms, application-code: 7ms)
 POST /invitation?id=5f13318e-e544-4bad-88c6-c78b084ff669 200 in 15ms (next.js: 1.9ms, proxy.ts: 1.8ms, application-code: 11ms)
  └─ ƒ recoverAcceptedInvitation("5f13318e-e544-4bad-88c6-c78b084ff669") in 5ms src/app/invitation/actions.ts
 GET /invitation?id=0ad70610-3d60-4702-80c2-0f61737d71a4 200 in 28ms (next.js: 1.5ms, proxy.ts: 2ms, application-code: 25ms)
 GET /api/auth/get-session 200 in 11ms (next.js: 2ms, proxy.ts: 3ms, application-code: 5ms)
 GET /sign-in?returnTo=%2Finvitation%3Fid%3D0ad70610-3d60-4702-80c2-0f61737d71a4 200 in 21ms (next.js: 4ms, proxy.ts: 2ms, application-code: 15ms)
 POST /api/auth/sign-in/magic-link 200 in 15ms (next.js: 4ms, proxy.ts: 3ms, application-code: 8ms)
 GET /api/auth/magic-link/verify?token=[REDACTED]&callbackURL=%2Finvitation%3Fid%3D0ad70610-3d60-4702-80c2-0f61737d71a4&errorCallbackURL=http%3A%2F%2Flocalhost%3A3017%2Fsign-in%3FreturnTo%3D%252Finvitation%253Fid%253D0ad70610-3d60-4702-80c2-0f61737d71a4 302 in 15ms (next.js: 4ms, proxy.ts: 2ms, application-code: 9ms)
 GET /invitation?id=0ad70610-3d60-4702-80c2-0f61737d71a4 200 in 30ms (next.js: 2ms, proxy.ts: 2ms, application-code: 25ms)
 GET /api/auth/get-session 200 in 10ms (next.js: 2ms, proxy.ts: 2ms, application-code: 6ms)
 POST /api/auth/organization/accept-invitation 200 in 14ms (next.js: 2.0ms, proxy.ts: 2ms, application-code: 9ms)
 POST /invitation?id=0ad70610-3d60-4702-80c2-0f61737d71a4 200 in 11ms (next.js: 1.8ms, proxy.ts: 1.7ms, application-code: 8ms)
  └─ ƒ recoverAcceptedInvitation("0ad70610-3d60-4702-80c2-0f61737d71a4") in 3ms src/app/invitation/actions.ts
 POST /api/auth/organization/set-active 200 in 11ms (next.js: 2ms, proxy.ts: 1.8ms, application-code: 7ms)
 GET /api/auth/get-session 200 in 76ms (next.js: 51ms, proxy.ts: 10ms, application-code: 14ms)
 GET /dashboard 200 in 128ms (next.js: 1.7ms, proxy.ts: 1.5ms, application-code: 125ms)
 GET /api/auth/get-session 200 in 14ms (next.js: 3ms, proxy.ts: 3ms, application-code: 8ms)
 GET /api/auth/get-session 200 in 22ms (next.js: 5ms, proxy.ts: 5ms, application-code: 13ms)
 GET /api/auth/organization/list 200 in 24ms (next.js: 8ms, proxy.ts: 4ms, application-code: 11ms)
 GET /invitation?id=0ad70610-3d60-4702-80c2-0f61737d71a4 200 in 42ms (next.js: 5ms, proxy.ts: 2ms, application-code: 35ms)
 GET /api/auth/get-session 200 in 11ms (next.js: 3ms, proxy.ts: 2ms, application-code: 5ms)
 POST /api/auth/organization/accept-invitation 400 in 11ms (next.js: 1.9ms, proxy.ts: 3ms, application-code: 6ms)
 POST /invitation?id=0ad70610-3d60-4702-80c2-0f61737d71a4 200 in 13ms (next.js: 1.6ms, proxy.ts: 1.8ms, application-code: 10ms)
  └─ ƒ recoverAcceptedInvitation("0ad70610-3d60-4702-80c2-0f61737d71a4") in 5ms src/app/invitation/actions.ts
 POST /api/auth/organization/set-active 200 in 11ms (next.js: 1.8ms, proxy.ts: 2ms, application-code: 7ms)
 GET /api/auth/get-session 200 in 70ms (next.js: 43ms, proxy.ts: 11ms, application-code: 17ms)
 GET /dashboard 200 in 114ms (next.js: 1.9ms, proxy.ts: 1.9ms, application-code: 111ms)
 GET /invitation?id=0ad70610-3d60-4702-80c2-0f61737d71a4 200 in 29ms (next.js: 1.6ms, proxy.ts: 1.9ms, application-code: 26ms)
 GET /api/auth/get-session 200 in 10ms (next.js: 2ms, proxy.ts: 2ms, application-code: 6ms)
 POST /api/auth/organization/accept-invitation 400 in 15ms (next.js: 2ms, proxy.ts: 4ms, application-code: 8ms)
 POST /invitation?id=0ad70610-3d60-4702-80c2-0f61737d71a4 200 in 14ms (next.js: 1.8ms, proxy.ts: 1.9ms, application-code: 10ms)
  └─ ƒ recoverAcceptedInvitation("0ad70610-3d60-4702-80c2-0f61737d71a4") in 4ms src/app/invitation/actions.ts
 GET /dashboard 307 in 65ms (next.js: 2.0ms, proxy.ts: 2ms, application-code: 61ms)
 GET /onboarding 307 in 53ms (next.js: 3ms, proxy.ts: 3ms, application-code: 48ms)
 GET /dashboard 200 in 96ms (next.js: 1.8ms, proxy.ts: 1.9ms, application-code: 92ms)
 GET /api/auth/get-session 200 in 14ms (next.js: 6ms, proxy.ts: 1.8ms, application-code: 7ms)
 GET /api/auth/get-session 200 in 52ms (next.js: 23ms, proxy.ts: 18ms, application-code: 11ms)
 GET /api/auth/organization/list 200 in 55ms (next.js: 25ms, proxy.ts: 19ms, application-code: 11ms)
 GET /dashboard 307 in 93ms (next.js: 1.9ms, proxy.ts: 2ms, application-code: 88ms)
 GET /onboarding 200 in 51ms (next.js: 3ms, proxy.ts: 4ms, application-code: 44ms)
 GET /api/auth/get-session 200 in 13ms (next.js: 3ms, proxy.ts: 2ms, application-code: 8ms)
 GET /account 200 in 34ms (next.js: 1.6ms, proxy.ts: 1.9ms, application-code: 31ms)
 GET /api/auth/get-session 200 in 31ms (next.js: 6ms, proxy.ts: 5ms, application-code: 20ms)
 GET /api/auth/organization/list 200 in 34ms (next.js: 10ms, proxy.ts: 5ms, application-code: 20ms)
 GET /api/auth/passkey/list-user-passkeys 200 in 31ms (next.js: 18ms, proxy.ts: 3ms, application-code: 10ms)
 POST /api/auth/sign-out 200 in 10ms (next.js: 2ms, proxy.ts: 1.9ms, application-code: 6ms)
 GET /sign-in 200 in 44ms (next.js: 3ms, proxy.ts: 1.4ms, application-code: 39ms)
 GET /api/auth/get-session 200 in 31ms (next.js: 16ms, proxy.ts: 7ms, application-code: 8ms)
  ✓  1 [chromium] › e2e/auth-lifecycle-local.spec.ts:85:9 › auth lifecycle fr: verification, magic link, reset, sessions and passkey (14.3s)
 GET /sign-up 200 in 37ms (next.js: 6ms, proxy.ts: 2ms, application-code: 29ms)
 POST /api/auth/sign-up/email 200 in 92ms (next.js: 3ms, proxy.ts: 4ms, application-code: 86ms)
 GET /api/auth/get-session 200 in 21ms (next.js: 6ms, proxy.ts: 4ms, application-code: 11ms)
 GET /sign-in 200 in 69ms (next.js: 8ms, proxy.ts: 6ms, application-code: 55ms)
 POST /api/auth/sign-in/email 403 in 115ms (next.js: 5ms, proxy.ts: 4ms, application-code: 106ms)
 GET /api/auth/get-session 200 in 14ms (next.js: 4ms, proxy.ts: 3ms, application-code: 7ms)
 GET /api/auth/verify-email?token=[REDACTED]&callbackURL=%2Fdashboard 302 in 13ms (next.js: 2ms, proxy.ts: 3ms, application-code: 8ms)
 GET /dashboard 307 in 55ms (next.js: 2ms, proxy.ts: 2.0ms, application-code: 51ms)
 GET /sign-in 200 in 54ms (next.js: 5ms, proxy.ts: 3ms, application-code: 46ms)
 GET /sign-in 200 in 59ms (next.js: 5ms, proxy.ts: 20ms, application-code: 34ms)
 POST /api/auth/sign-in/email 200 in 85ms (next.js: 2ms, proxy.ts: 3ms, application-code: 80ms)
 GET /dashboard 307 in 52ms (next.js: 1.9ms, proxy.ts: 4ms, application-code: 47ms)
 GET /onboarding 200 in 48ms (next.js: 1.7ms, proxy.ts: 3ms, application-code: 43ms)
 GET /settings 200 in 85ms (next.js: 3ms, proxy.ts: 1.7ms, application-code: 80ms)
 POST /onboarding 200 in 108ms (next.js: 1.6ms, proxy.ts: 2ms, application-code: 104ms)
  └─ ƒ createWorkspace({}) in 11ms src/app/onboarding/actions.ts
 GET /api/auth/get-session 200 in 23ms (next.js: 5ms, proxy.ts: 3ms, application-code: 15ms)
 GET /api/auth/organization/list 200 in 26ms (next.js: 9ms, proxy.ts: 3ms, application-code: 14ms)
 GET /api/auth/get-session 200 in 19ms (next.js: 6ms, proxy.ts: 6ms, application-code: 7ms)
 GET /sign-in 200 in 33ms (next.js: 4ms, proxy.ts: 1.9ms, application-code: 27ms)
 POST /api/auth/sign-in/magic-link 200 in 19ms (next.js: 3ms, proxy.ts: 3ms, application-code: 13ms)
 GET /api/auth/magic-link/verify?token=[REDACTED]&callbackURL=%2Fdashboard&errorCallbackURL=http%3A%2F%2Flocalhost%3A3017%2Fsign-in 302 in 12ms (next.js: 2ms, proxy.ts: 2ms, application-code: 8ms)
 GET /dashboard 200 in 110ms (next.js: 1.8ms, proxy.ts: 1.7ms, application-code: 106ms)
 GET /api/auth/get-session 200 in 14ms (next.js: 5ms, proxy.ts: 2ms, application-code: 7ms)
 GET /api/auth/get-session 200 in 28ms (next.js: 11ms, proxy.ts: 6ms, application-code: 11ms)
 GET /api/auth/organization/list 200 in 29ms (next.js: 10ms, proxy.ts: 9ms, application-code: 10ms)
 GET /api/auth/magic-link/verify?token=[REDACTED]&callbackURL=%2Fdashboard&errorCallbackURL=http%3A%2F%2Flocalhost%3A3017%2Fsign-in 302 in 15ms (next.js: 5ms, proxy.ts: 4ms, application-code: 6ms)
 GET /sign-in?error=INVALID_TOKEN 200 in 41ms (next.js: 3ms, proxy.ts: 1.5ms, application-code: 36ms)
 GET /api/auth/get-session 200 in 13ms (next.js: 3ms, proxy.ts: 3ms, application-code: 7ms)
 GET /forgot-password 200 in 29ms (next.js: 3ms, proxy.ts: 2.0ms, application-code: 24ms)
 POST /api/auth/request-password-reset 200 in 15ms (next.js: 3ms, proxy.ts: 3ms, application-code: 9ms)
 GET /api/auth/reset-password/[REDACTED]?callbackURL=%2Freset-password 302 in 12ms (next.js: 3ms, proxy.ts: 2ms, application-code: 7ms)
 GET /reset-password?token=[REDACTED] 200 in 27ms (next.js: 1.8ms, proxy.ts: 2.0ms, application-code: 23ms)
 POST /api/auth/reset-password 200 in 78ms (next.js: 2ms, proxy.ts: 2ms, application-code: 74ms)
 GET /api/auth/get-session 200 in 9ms (next.js: 2ms, proxy.ts: 2ms, application-code: 5ms)
 GET /api/auth/get-session 200 in 8ms (next.js: 1.8ms, proxy.ts: 1.9ms, application-code: 4ms)
 GET /api/auth/reset-password/[REDACTED]?callbackURL=%2Freset-password 302 in 14ms (next.js: 7ms, proxy.ts: 1.7ms, application-code: 5ms)
 GET /reset-password?error=INVALID_TOKEN 200 in 35ms (next.js: 1.4ms, proxy.ts: 1.6ms, application-code: 32ms)
 GET /sign-in 200 in 42ms (next.js: 6ms, proxy.ts: 3ms, application-code: 33ms)
2026-09-07T07:22:03.758Z WARN [Better Auth]: Invalid password
 POST /api/auth/sign-in/email 401 in 84ms (next.js: 4ms, proxy.ts: 3ms, application-code: 77ms)
 GET /api/auth/get-session 200 in 8ms (next.js: 2.0ms, proxy.ts: 1.9ms, application-code: 4ms)
 GET /sign-in 200 in 31ms (next.js: 3ms, proxy.ts: 1.5ms, application-code: 27ms)
 POST /api/auth/sign-in/email 200 in 88ms (next.js: 2ms, proxy.ts: 3ms, application-code: 83ms)
 GET /dashboard 200 in 123ms (next.js: 2ms, proxy.ts: 3ms, application-code: 118ms)
 GET /sign-in 200 in 37ms (next.js: 4ms, proxy.ts: 2ms, application-code: 31ms)
 GET /api/auth/get-session 200 in 42ms (next.js: 16ms, proxy.ts: 10ms, application-code: 16ms)
 GET /api/auth/organization/list 200 in 46ms (next.js: 17ms, proxy.ts: 13ms, application-code: 15ms)
 POST /api/auth/sign-in/email 200 in 84ms (next.js: 1.9ms, proxy.ts: 3ms, application-code: 80ms)
 GET /dashboard 200 in 109ms (next.js: 3ms, proxy.ts: 3ms, application-code: 103ms)
 GET /account 200 in 66ms (next.js: 3ms, proxy.ts: 3ms, application-code: 61ms)
 GET /api/auth/get-session 200 in 33ms (next.js: 9ms, proxy.ts: 10ms, application-code: 14ms)
 GET /api/auth/organization/list 200 in 38ms (next.js: 12ms, proxy.ts: 10ms, application-code: 16ms)
 GET /api/auth/get-session 200 in 35ms (next.js: 14ms, proxy.ts: 4ms, application-code: 17ms)
 GET /api/auth/organization/list 200 in 37ms (next.js: 16ms, proxy.ts: 5ms, application-code: 16ms)
 GET /api/auth/passkey/list-user-passkeys 200 in 37ms (next.js: 11ms, proxy.ts: 10ms, application-code: 16ms)
 POST /api/auth/revoke-other-sessions 200 in 18ms (next.js: 4ms, proxy.ts: 5ms, application-code: 8ms)
 GET /api/auth/get-session 200 in 9ms (next.js: 2ms, proxy.ts: 1.7ms, application-code: 6ms)
 GET /api/auth/get-session 200 in 16ms (next.js: 3ms, proxy.ts: 4ms, application-code: 9ms)
 GET /api/auth/get-session 200 in 14ms (next.js: 3ms, proxy.ts: 5ms, application-code: 6ms)
 GET /api/auth/passkey/generate-register-options?authenticatorAttachment=platform&name=Ads%20by%20Yodev%20passkey 200 in 11ms (next.js: 2.0ms, proxy.ts: 2ms, application-code: 7ms)
 POST /api/auth/passkey/verify-registration 200 in 12ms (next.js: 2ms, proxy.ts: 2.0ms, application-code: 8ms)
 GET /api/auth/passkey/list-user-passkeys 200 in 9ms (next.js: 1.7ms, proxy.ts: 1.6ms, application-code: 6ms)
 GET /api/auth/passkey/list-user-passkeys 200 in 8ms (next.js: 1.7ms, proxy.ts: 1.6ms, application-code: 5ms)
 POST /api/auth/passkey/delete-passkey 401 in 8ms (next.js: 1.6ms, proxy.ts: 1.4ms, application-code: 5ms)
 POST /api/auth/sign-out 200 in 7ms (next.js: 1.5ms, proxy.ts: 1.5ms, application-code: 4ms)
 GET /sign-in 200 in 39ms (next.js: 4ms, proxy.ts: 1.4ms, application-code: 33ms)
 GET /api/auth/passkey/generate-authenticate-options 200 in 13ms (next.js: 3ms, proxy.ts: 3ms, application-code: 8ms)
 POST /api/auth/passkey/verify-authentication 200 in 38ms (next.js: 4ms, proxy.ts: 12ms, application-code: 21ms)
 GET /dashboard 200 in 110ms (next.js: 4ms, proxy.ts: 3ms, application-code: 103ms)
 GET /api/auth/get-session 200 in 20ms (next.js: 3ms, proxy.ts: 2ms, application-code: 14ms)
 GET /api/auth/organization/list 200 in 27ms (next.js: 12ms, proxy.ts: 12ms, application-code: 3ms)
 GET /api/auth/get-session 200 in 39ms (next.js: 8ms, proxy.ts: 21ms, application-code: 10ms)
 GET /account 200 in 65ms (next.js: 1.9ms, proxy.ts: 2.0ms, application-code: 61ms)
 GET /api/auth/get-session 200 in 23ms (next.js: 7ms, proxy.ts: 3ms, application-code: 13ms)
 GET /api/auth/organization/list 200 in 26ms (next.js: 9ms, proxy.ts: 4ms, application-code: 12ms)
 GET /api/auth/passkey/list-user-passkeys 200 in 22ms (next.js: 12ms, proxy.ts: 2ms, application-code: 7ms)
 POST /api/auth/passkey/delete-passkey 200 in 11ms (next.js: 2ms, proxy.ts: 2ms, application-code: 6ms)
 GET /api/auth/passkey/list-user-passkeys 200 in 15ms (next.js: 4ms, proxy.ts: 2ms, application-code: 9ms)
 POST /api/auth/sign-out 200 in 13ms (next.js: 6ms, proxy.ts: 1.9ms, application-code: 6ms)
 GET /sign-in 200 in 34ms (next.js: 4ms, proxy.ts: 1.6ms, application-code: 29ms)
 GET /api/auth/passkey/generate-authenticate-options 200 in 15ms (next.js: 4ms, proxy.ts: 5ms, application-code: 6ms)
 POST /api/auth/passkey/verify-authentication 401 in 28ms (next.js: 6ms, proxy.ts: 5ms, application-code: 17ms)
 GET /api/auth/get-session 200 in 16ms (next.js: 3ms, proxy.ts: 5ms, application-code: 7ms)
 POST /api/auth/sign-in/magic-link 200 in 17ms (next.js: 4ms, proxy.ts: 4ms, application-code: 9ms)
 GET /api/auth/magic-link/verify?token=[REDACTED]&callbackURL=%2Fdashboard&errorCallbackURL=http%3A%2F%2Flocalhost%3A3017%2Fsign-in 302 in 15ms (next.js: 2ms, proxy.ts: 3ms, application-code: 9ms)
 GET /dashboard 200 in 123ms (next.js: 2ms, proxy.ts: 2ms, application-code: 118ms)
 GET /api/auth/get-session 200 in 21ms (next.js: 5ms, proxy.ts: 3ms, application-code: 13ms)
 GET /api/auth/organization/list 200 in 23ms (next.js: 9ms, proxy.ts: 3ms, application-code: 11ms)
 GET /invitation?id=11d74e66-4748-4ca6-8665-e4f3f8c4af8d 200 in 29ms (next.js: 1.9ms, proxy.ts: 3ms, application-code: 24ms)
 GET /api/auth/get-session 200 in 10ms (next.js: 1.9ms, proxy.ts: 2ms, application-code: 6ms)
 POST /api/auth/organization/accept-invitation 403 in 13ms (next.js: 2ms, proxy.ts: 3ms, application-code: 7ms)
 POST /invitation?id=11d74e66-4748-4ca6-8665-e4f3f8c4af8d 200 in 15ms (next.js: 1.8ms, proxy.ts: 2ms, application-code: 11ms)
  └─ ƒ recoverAcceptedInvitation("11d74e66-4748-4ca6-8665-e4f3f8c4af8d") in 5ms src/app/invitation/actions.ts
 GET /invitation?id=1ceea821-a958-4f02-a630-58d53bcb9a97 200 in 30ms (next.js: 2ms, proxy.ts: 1.9ms, application-code: 26ms)
 GET /api/auth/get-session 200 in 11ms (next.js: 3ms, proxy.ts: 3ms, application-code: 6ms)
 POST /api/auth/organization/accept-invitation 400 in 12ms (next.js: 2ms, proxy.ts: 3ms, application-code: 7ms)
 POST /invitation?id=1ceea821-a958-4f02-a630-58d53bcb9a97 200 in 18ms (next.js: 1.6ms, proxy.ts: 1.6ms, application-code: 15ms)
  └─ ƒ recoverAcceptedInvitation("1ceea821-a958-4f02-a630-58d53bcb9a97") in 10ms src/app/invitation/actions.ts
 GET /invitation?id=d627176e-8ac3-4efb-9782-bcf87774faab 200 in 33ms (next.js: 2ms, proxy.ts: 4ms, application-code: 27ms)
 GET /api/auth/get-session 200 in 14ms (next.js: 2ms, proxy.ts: 5ms, application-code: 6ms)
 POST /api/auth/organization/accept-invitation 400 in 12ms (next.js: 2ms, proxy.ts: 3ms, application-code: 7ms)
 POST /invitation?id=d627176e-8ac3-4efb-9782-bcf87774faab 200 in 14ms (next.js: 2ms, proxy.ts: 1.8ms, application-code: 10ms)
  └─ ƒ recoverAcceptedInvitation("d627176e-8ac3-4efb-9782-bcf87774faab") in 4ms src/app/invitation/actions.ts
 GET /invitation?id=a08cb7ae-9fff-47f0-a3e1-9a683277ea8f 200 in 28ms (next.js: 1.6ms, proxy.ts: 2.0ms, application-code: 25ms)
 GET /api/auth/get-session 200 in 11ms (next.js: 3ms, proxy.ts: 2ms, application-code: 5ms)
 GET /sign-in?returnTo=%2Finvitation%3Fid%3Da08cb7ae-9fff-47f0-a3e1-9a683277ea8f 200 in 19ms (next.js: 4ms, proxy.ts: 1.9ms, application-code: 13ms)
 POST /api/auth/sign-in/magic-link 200 in 17ms (next.js: 3ms, proxy.ts: 4ms, application-code: 11ms)
 GET /api/auth/magic-link/verify?token=[REDACTED]&callbackURL=%2Finvitation%3Fid%3Da08cb7ae-9fff-47f0-a3e1-9a683277ea8f&errorCallbackURL=http%3A%2F%2Flocalhost%3A3017%2Fsign-in%3FreturnTo%3D%252Finvitation%253Fid%253Da08cb7ae-9fff-47f0-a3e1-9a683277ea8f 302 in 21ms (next.js: 2ms, proxy.ts: 1.8ms, application-code: 17ms)
 GET /invitation?id=a08cb7ae-9fff-47f0-a3e1-9a683277ea8f 200 in 28ms (next.js: 1.8ms, proxy.ts: 1.7ms, application-code: 24ms)
 GET /api/auth/get-session 200 in 10ms (next.js: 1.9ms, proxy.ts: 2ms, application-code: 6ms)
 POST /api/auth/organization/accept-invitation 200 in 14ms (next.js: 2.0ms, proxy.ts: 3ms, application-code: 10ms)
 POST /invitation?id=a08cb7ae-9fff-47f0-a3e1-9a683277ea8f 200 in 14ms (next.js: 1.7ms, proxy.ts: 1.9ms, application-code: 11ms)
  └─ ƒ recoverAcceptedInvitation("a08cb7ae-9fff-47f0-a3e1-9a683277ea8f") in 5ms src/app/invitation/actions.ts
 POST /api/auth/organization/set-active 200 in 11ms (next.js: 1.9ms, proxy.ts: 2ms, application-code: 7ms)
 GET /api/auth/get-session 200 in 74ms (next.js: 50ms, proxy.ts: 12ms, application-code: 12ms)
 GET /dashboard 200 in 125ms (next.js: 1.9ms, proxy.ts: 1.6ms, application-code: 121ms)
 GET /api/auth/get-session 200 in 12ms (next.js: 4ms, proxy.ts: 1.8ms, application-code: 6ms)
 GET /api/auth/get-session 200 in 19ms (next.js: 5ms, proxy.ts: 3ms, application-code: 11ms)
 GET /api/auth/organization/list 200 in 20ms (next.js: 9ms, proxy.ts: 3ms, application-code: 8ms)
 GET /invitation?id=a08cb7ae-9fff-47f0-a3e1-9a683277ea8f 200 in 28ms (next.js: 1.7ms, proxy.ts: 1.7ms, application-code: 25ms)
 GET /api/auth/get-session 200 in 10ms (next.js: 1.8ms, proxy.ts: 2ms, application-code: 6ms)
 POST /api/auth/organization/accept-invitation 400 in 10ms (next.js: 2ms, proxy.ts: 2ms, application-code: 6ms)
 POST /invitation?id=a08cb7ae-9fff-47f0-a3e1-9a683277ea8f 200 in 13ms (next.js: 1.7ms, proxy.ts: 1.6ms, application-code: 9ms)
  └─ ƒ recoverAcceptedInvitation("a08cb7ae-9fff-47f0-a3e1-9a683277ea8f") in 5ms src/app/invitation/actions.ts
 POST /api/auth/organization/set-active 200 in 10ms (next.js: 1.8ms, proxy.ts: 1.9ms, application-code: 7ms)
 GET /api/auth/get-session 200 in 73ms (next.js: 38ms, proxy.ts: 20ms, application-code: 15ms)
 GET /dashboard 200 in 115ms (next.js: 1.5ms, proxy.ts: 1.5ms, application-code: 112ms)
 GET /invitation?id=a08cb7ae-9fff-47f0-a3e1-9a683277ea8f 200 in 33ms (next.js: 1.8ms, proxy.ts: 2ms, application-code: 29ms)
 GET /api/auth/get-session 200 in 13ms (next.js: 4ms, proxy.ts: 3ms, application-code: 6ms)
 POST /api/auth/organization/accept-invitation 400 in 20ms (next.js: 3ms, proxy.ts: 3ms, application-code: 15ms)
 POST /invitation?id=a08cb7ae-9fff-47f0-a3e1-9a683277ea8f 200 in 13ms (next.js: 1.5ms, proxy.ts: 2ms, application-code: 9ms)
  └─ ƒ recoverAcceptedInvitation("a08cb7ae-9fff-47f0-a3e1-9a683277ea8f") in 4ms src/app/invitation/actions.ts
 GET /dashboard 307 in 58ms (next.js: 1.7ms, proxy.ts: 1.7ms, application-code: 55ms)
 GET /onboarding 307 in 45ms (next.js: 1.7ms, proxy.ts: 1.7ms, application-code: 41ms)
 GET /dashboard 200 in 104ms (next.js: 1.9ms, proxy.ts: 1.9ms, application-code: 100ms)
 GET /api/auth/get-session 200 in 15ms (next.js: 2.0ms, proxy.ts: 2ms, application-code: 11ms)
 GET /api/auth/get-session 200 in 62ms (next.js: 17ms, proxy.ts: 23ms, application-code: 21ms)
 GET /api/auth/organization/list 200 in 59ms (next.js: 19ms, proxy.ts: 22ms, application-code: 19ms)
 GET /dashboard 307 in 98ms (next.js: 15ms, proxy.ts: 3ms, application-code: 80ms)
 GET /onboarding 200 in 57ms (next.js: 1.8ms, proxy.ts: 4ms, application-code: 51ms)
 GET /api/auth/get-session 200 in 14ms (next.js: 5ms, proxy.ts: 2ms, application-code: 6ms)
 GET /account 200 in 38ms (next.js: 1.7ms, proxy.ts: 2ms, application-code: 34ms)
 GET /api/auth/get-session 200 in 18ms (next.js: 6ms, proxy.ts: 2ms, application-code: 10ms)
 GET /api/auth/organization/list 200 in 23ms (next.js: 9ms, proxy.ts: 3ms, application-code: 12ms)
 GET /api/auth/passkey/list-user-passkeys 200 in 21ms (next.js: 5ms, proxy.ts: 9ms, application-code: 6ms)
 POST /api/auth/sign-out 200 in 9ms (next.js: 1.9ms, proxy.ts: 1.9ms, application-code: 5ms)
 GET /sign-in 200 in 45ms (next.js: 4ms, proxy.ts: 1.7ms, application-code: 40ms)
 GET /api/auth/get-session 200 in 16ms (next.js: 4ms, proxy.ts: 3ms, application-code: 8ms)
  ✓  2 [chromium] › e2e/auth-lifecycle-local.spec.ts:85:9 › auth lifecycle en: verification, magic link, reset, sessions and passkey (11.1s)
 GET /settings 200 in 189ms (next.js: 3ms, proxy.ts: 2ms, application-code: 184ms)
 GET /api/auth/get-session 200 in 18ms (next.js: 5ms, proxy.ts: 3ms, application-code: 10ms)
 GET /api/auth/organization/list 200 in 19ms (next.js: 8ms, proxy.ts: 3ms, application-code: 9ms)
 GET /settings?error=La+confirmation+ne+correspond+pas+%C3%A0+l%E2%80%99identifiant+de+l%E2%80%99espace. 200 in 77ms (next.js: 3ms, proxy.ts: 1.8ms, application-code: 71ms)
 POST /settings 200 in 97ms (next.js: 2ms, proxy.ts: 3ms, application-code: 93ms)
  └─ ƒ transferWorkspaceOwnership({}) in 9ms src/app/actions.ts
 GET /settings?notice=Propri%C3%A9t%C3%A9+de+l%E2%80%99espace+transf%C3%A9r%C3%A9e. 200 in 90ms (next.js: 2ms, proxy.ts: 1.8ms, application-code: 86ms)
 POST /settings?error=La%20confirmation%20ne%20correspond%20pas%20%C3%A0%20l%E2%80%99identifiant%20de%20l%E2%80%99espace. 200 in 113ms (next.js: 2ms, proxy.ts: 3ms, application-code: 108ms)
  └─ ƒ transferWorkspaceOwnership({}) in 12ms src/app/actions.ts
 GET /settings?error=Seul+le+propri%C3%A9taire+peut+transf%C3%A9rer+la+propri%C3%A9t%C3%A9. 200 in 68ms (next.js: 1.7ms, proxy.ts: 1.8ms, application-code: 64ms)
 POST /settings?error=La%20confirmation%20ne%20correspond%20pas%20%C3%A0%20l%E2%80%99identifiant%20de%20l%E2%80%99espace. 200 in 81ms (next.js: 1.9ms, proxy.ts: 2ms, application-code: 77ms)
  └─ ƒ transferWorkspaceOwnership({}) in 5ms src/app/actions.ts
 GET /settings 200 in 165ms (next.js: 1.6ms, proxy.ts: 1.6ms, application-code: 162ms)
 GET /api/auth/get-session 200 in 19ms (next.js: 5ms, proxy.ts: 2ms, application-code: 12ms)
 GET /api/auth/organization/list 200 in 23ms (next.js: 8ms, proxy.ts: 2ms, application-code: 12ms)
  ✓  3 [chromium] › e2e/ownership-local.spec.ts:5:61 › ownership transfer fr rechecks old owner authority and preserves other agencies (1.6s)
 GET /settings 200 in 176ms (next.js: 1.9ms, proxy.ts: 1.7ms, application-code: 173ms)
 GET /api/auth/get-session 200 in 23ms (next.js: 11ms, proxy.ts: 5ms, application-code: 7ms)
 GET /api/auth/organization/list 200 in 24ms (next.js: 4ms, proxy.ts: 5ms, application-code: 15ms)
 GET /settings?error=La+confirmation+ne+correspond+pas+%C3%A0+l%E2%80%99identifiant+de+l%E2%80%99espace. 200 in 89ms (next.js: 2ms, proxy.ts: 1.7ms, application-code: 85ms)
 POST /settings 200 in 110ms (next.js: 3ms, proxy.ts: 3ms, application-code: 104ms)
  └─ ƒ transferWorkspaceOwnership({}) in 9ms src/app/actions.ts
 GET /settings?notice=Workspace+ownership+transferred. 200 in 80ms (next.js: 8ms, proxy.ts: 1.5ms, application-code: 70ms)
 POST /settings?error=La%20confirmation%20ne%20correspond%20pas%20%C3%A0%20l%E2%80%99identifiant%20de%20l%E2%80%99espace. 200 in 103ms (next.js: 3ms, proxy.ts: 3ms, application-code: 98ms)
  └─ ƒ transferWorkspaceOwnership({}) in 10ms src/app/actions.ts
 GET /settings?error=Seul+le+propri%C3%A9taire+peut+transf%C3%A9rer+la+propri%C3%A9t%C3%A9. 200 in 74ms (next.js: 1.7ms, proxy.ts: 1.8ms, application-code: 70ms)
 POST /settings?error=La%20confirmation%20ne%20correspond%20pas%20%C3%A0%20l%E2%80%99identifiant%20de%20l%E2%80%99espace. 200 in 91ms (next.js: 5ms, proxy.ts: 2ms, application-code: 84ms)
  └─ ƒ transferWorkspaceOwnership({}) in 5ms src/app/actions.ts
 GET /settings 200 in 178ms (next.js: 1.8ms, proxy.ts: 1.7ms, application-code: 174ms)
 GET /api/auth/get-session 200 in 19ms (next.js: 5ms, proxy.ts: 3ms, application-code: 11ms)
 GET /api/auth/organization/list 200 in 20ms (next.js: 9ms, proxy.ts: 3ms, application-code: 8ms)
  ✓  4 [chromium] › e2e/ownership-local.spec.ts:5:61 › ownership transfer en rechecks old owner authority and preserves other agencies (1.6s)

  4 passed (29.7s)
{"ok":true,"cleaned":"local-browser-fixtures"}
[?25h
