
> @yodev/ads@0.1.0 test:e2e:local
> node scripts/verify-local-browser.mjs --grep complete analytical collections|stored analytics remain

{"ok":true,"fixtureRoles":["owner","admin","strategist","analyst","client"],"foreignExportId":"80000000-0000-4000-8000-000000000003"}

> @yodev/ads@0.1.0 dev
> next dev --hostname 127.0.0.1 --port 3017

▲ Next.js 16.3.0 (Turbopack)
- Local:         http://127.0.0.1:3017
- Network:       http://127.0.0.1:3017
- Environments: .env.local
✓ Ready in 259ms
✓ Running next.config.ts took 453ms
- Experiments (use with caution):
  · clientTraceMetadata

 GET /sign-in 200 in 1912ms (next.js: 1433ms, proxy.ts: 168ms, application-code: 312ms)
 POST /api/auth/sign-in/email 200 in 1002ms (next.js: 816ms, proxy.ts: 4ms, application-code: 182ms)
 POST /api/auth/sign-in/email 200 in 104ms (next.js: 7ms, proxy.ts: 3ms, application-code: 94ms)
 POST /api/auth/sign-in/email 200 in 120ms (next.js: 5ms, proxy.ts: 6ms, application-code: 109ms)
 POST /api/auth/sign-in/email 200 in 87ms (next.js: 3ms, proxy.ts: 5ms, application-code: 79ms)
 POST /api/auth/sign-in/email 200 in 95ms (next.js: 15ms, proxy.ts: 3ms, application-code: 77ms)
 GET /sign-in 200 in 146ms (next.js: 14ms, proxy.ts: 8ms, application-code: 124ms)
 GET /dashboard 200 in 896ms (next.js: 309ms, proxy.ts: 4ms, application-code: 584ms)
 GET /settings 200 in 325ms (next.js: 46ms, proxy.ts: 13ms, application-code: 266ms)
 GET /icon?a62dacc6b033a714 200 in 134ms (next.js: 20ms, proxy.ts: 5ms, application-code: 109ms)
 GET /billing 200 in 319ms (next.js: 30ms, proxy.ts: 4ms, application-code: 286ms)
 GET /support 200 in 169ms (next.js: 28ms, proxy.ts: 1.9ms, application-code: 140ms)
 GET /accounts 200 in 124ms (next.js: 13ms, proxy.ts: 3ms, application-code: 108ms)
 GET /history 200 in 131ms (next.js: 14ms, proxy.ts: 1.7ms, application-code: 116ms)
 GET /alerts 200 in 155ms (next.js: 29ms, proxy.ts: 1.8ms, application-code: 125ms)
 GET /tasks 200 in 165ms (next.js: 28ms, proxy.ts: 1.8ms, application-code: 135ms)
 GET /approvals 200 in 154ms (next.js: 33ms, proxy.ts: 2ms, application-code: 118ms)
 GET /reports 200 in 195ms (next.js: 30ms, proxy.ts: 1.7ms, application-code: 163ms)
 GET /audit 200 in 130ms (next.js: 15ms, proxy.ts: 1.9ms, application-code: 113ms)
 GET /agents 200 in 192ms (next.js: 27ms, proxy.ts: 1.7ms, application-code: 163ms)
 GET / 200 in 89ms (next.js: 12ms, proxy.ts: 1.8ms, application-code: 75ms)
 GET /privacy 200 in 45ms (next.js: 9ms, proxy.ts: 1.9ms, application-code: 34ms)
 GET /terms 200 in 45ms (next.js: 11ms, proxy.ts: 1.8ms, application-code: 33ms)
 GET /subprocessors 200 in 97ms (next.js: 39ms, proxy.ts: 1.8ms, application-code: 56ms)
 GET /status 200 in 95ms (next.js: 33ms, proxy.ts: 1.9ms, application-code: 60ms)
 GET /sign-in 200 in 33ms (next.js: 4ms, proxy.ts: 1.8ms, application-code: 27ms)
 GET /sign-up 200 in 295ms (next.js: 265ms, proxy.ts: 1.9ms, application-code: 28ms)
Local browser states ready in /var/folders/9h/sbxl7zl90j9_wc743xft5j8h0000gn/T/yodev-ads-browser-C8oZUZ

Running 4 tests using 1 worker

(node:15015) Warning: The 'NO_COLOR' env is ignored due to the 'FORCE_COLOR' env being set.
(Use `node --trace-warnings ...` to show where the warning was created)
 GET /insights?client=80000000-0000-4000-8000-000000000091 200 in 1144ms (next.js: 533ms, proxy.ts: 2ms, application-code: 609ms)
 GET /api/auth/get-session 200 in 23ms (next.js: 5ms, proxy.ts: 3ms, application-code: 15ms)
 GET /api/auth/organization/list 200 in 27ms (next.js: 10ms, proxy.ts: 3ms, application-code: 14ms)
 POST /insights?client=80000000-0000-4000-8000-000000000091 200 in 149ms (next.js: 4ms, proxy.ts: 5ms, application-code: 140ms)
  └─ ƒ setCookieConsent({}) in 3ms src/app/preferences-actions.ts
 GET /insights/devices?client=80000000-0000-4000-8000-000000000091 200 in 911ms (next.js: 803ms, proxy.ts: 13ms, application-code: 95ms)
 GET /insights/devices?client=80000000-0000-4000-8000-000000000091&cursor=[REDACTED_CURSOR] 200 in 109ms (next.js: 6ms, proxy.ts: 3ms, application-code: 99ms)
 GET /insights/devices?client=80000000-0000-4000-8000-000000000091&q=%25_ 200 in 183ms (next.js: 3ms, proxy.ts: 2.0ms, application-code: 179ms)
 GET /api/auth/get-session 200 in 22ms (next.js: 6ms, proxy.ts: 3ms, application-code: 14ms)
 GET /api/auth/organization/list 200 in 26ms (next.js: 10ms, proxy.ts: 3ms, application-code: 12ms)
 GET /insights/devices/export?client=80000000-0000-4000-8000-000000000091&version=c49b9a5f-282e-4440-88b5-04cc75e48831 200 in 1708ms (next.js: 1642ms, proxy.ts: 2ms, application-code: 64ms)
 GET /insights/devices?client=80000000-0000-4000-8000-000000000091&cursor=[REDACTED_CURSOR] 200 in 220ms (next.js: 6ms, proxy.ts: 3ms, application-code: 210ms)
 GET /api/auth/get-session 200 in 42ms (next.js: 12ms, proxy.ts: 3ms, application-code: 27ms)
 GET /api/auth/organization/list 200 in 45ms (next.js: 26ms, proxy.ts: 3ms, application-code: 16ms)
 GET /insights/devices/export?client=80000000-0000-4000-8000-000000000091&version=c49b9a5f-282e-4440-88b5-04cc75e48831 409 in 17ms (next.js: 4ms, proxy.ts: 1.9ms, application-code: 11ms)
 GET /insights/devices?client=80000000-0000-4000-8000-000000000091&cursor=[REDACTED_CURSOR] 200 in 190ms (next.js: 4ms, proxy.ts: 2ms, application-code: 184ms)
 GET /api/auth/get-session 200 in 147ms (next.js: 61ms, proxy.ts: 11ms, application-code: 74ms)
 GET /api/auth/organization/list 200 in 181ms (next.js: 62ms, proxy.ts: 4ms, application-code: 115ms)
 GET /insights/devices?client=80000000-0000-4000-8000-000000000099 404 in 189ms (next.js: 8ms, proxy.ts: 4ms, application-code: 177ms)
 GET /insights/devices/export?client=80000000-0000-4000-8000-000000000099&version=c49b9a5f-282e-4440-88b5-04cc75e48831 404 in 15ms (next.js: 2ms, proxy.ts: 3ms, application-code: 10ms)
 GET /insights/devices/export?client=80000000-0000-4000-8000-000000000091&version=c49b9a5f-282e-4440-88b5-04cc75e48831 403 in 13ms (next.js: 2ms, proxy.ts: 3ms, application-code: 7ms)
  ✓  1 [chromium] › e2e/analytical-pages-local.spec.ts:15:53 › complete analytical collections › browses, searches and exports all stored rows in fr (7.3s)
 GET /insights?client=80000000-0000-4000-8000-000000000091 200 in 592ms (next.js: 2ms, proxy.ts: 2ms, application-code: 588ms)
 GET /api/auth/get-session 200 in 20ms (next.js: 5ms, proxy.ts: 3ms, application-code: 12ms)
 GET /api/auth/organization/list 200 in 22ms (next.js: 9ms, proxy.ts: 3ms, application-code: 11ms)
 POST /insights?client=80000000-0000-4000-8000-000000000091 200 in 185ms (next.js: 2ms, proxy.ts: 6ms, application-code: 177ms)
  └─ ƒ setCookieConsent({}) in 1ms src/app/preferences-actions.ts
 GET /insights/devices?client=80000000-0000-4000-8000-000000000091 200 in 205ms (next.js: 8ms, proxy.ts: 5ms, application-code: 193ms)
 GET /insights/devices?client=80000000-0000-4000-8000-000000000091&cursor=[REDACTED_CURSOR] 200 in 148ms (next.js: 17ms, proxy.ts: 3ms, application-code: 127ms)
 GET /insights/devices?client=80000000-0000-4000-8000-000000000091&q=%25_ 200 in 151ms (next.js: 8ms, proxy.ts: 2ms, application-code: 140ms)
 GET /api/auth/get-session 200 in 23ms (next.js: 6ms, proxy.ts: 3ms, application-code: 14ms)
 GET /api/auth/organization/list 200 in 25ms (next.js: 11ms, proxy.ts: 3ms, application-code: 11ms)
 GET /insights/devices/export?client=80000000-0000-4000-8000-000000000091&version=c4358c7f-ae96-44c5-88ca-37ba321128d1 200 in 19ms (next.js: 3ms, proxy.ts: 2ms, application-code: 14ms)
 GET /insights/devices?client=80000000-0000-4000-8000-000000000091&cursor=[REDACTED_CURSOR] 200 in 137ms (next.js: 4ms, proxy.ts: 3ms, application-code: 130ms)
 GET /api/auth/get-session 200 in 32ms (next.js: 8ms, proxy.ts: 10ms, application-code: 14ms)
 GET /insights/devices/export?client=80000000-0000-4000-8000-000000000091&version=c4358c7f-ae96-44c5-88ca-37ba321128d1 409 in 41ms (next.js: 6ms, proxy.ts: 3ms, application-code: 32ms)
 GET /api/auth/organization/list 200 in 35ms (next.js: 12ms, proxy.ts: 10ms, application-code: 13ms)
 GET /insights/devices?client=80000000-0000-4000-8000-000000000091&cursor=[REDACTED_CURSOR] 200 in 195ms (next.js: 5ms, proxy.ts: 3ms, application-code: 187ms)
 GET /api/auth/get-session 200 in 109ms (next.js: 64ms, proxy.ts: 17ms, application-code: 28ms)
 GET /api/auth/organization/list 200 in 115ms (next.js: 67ms, proxy.ts: 17ms, application-code: 31ms)
 GET /insights/devices?client=80000000-0000-4000-8000-000000000099 404 in 158ms (next.js: 3ms, proxy.ts: 3ms, application-code: 152ms)
 GET /insights/devices/export?client=80000000-0000-4000-8000-000000000099&version=c4358c7f-ae96-44c5-88ca-37ba321128d1 404 in 28ms (next.js: 5ms, proxy.ts: 2ms, application-code: 20ms)
 GET /insights/devices/export?client=80000000-0000-4000-8000-000000000091&version=c4358c7f-ae96-44c5-88ca-37ba321128d1 403 in 10ms (next.js: 3ms, proxy.ts: 2ms, application-code: 5ms)
  ✓  2 [chromium] › e2e/analytical-pages-local.spec.ts:15:53 › complete analytical collections › browses, searches and exports all stored rows in en (4.1s)
 GET /dashboard?client=80000000-0000-4000-8000-000000000005 200 in 238ms (next.js: 12ms, proxy.ts: 1.8ms, application-code: 224ms)
 GET /api/auth/get-session 200 in 26ms (next.js: 6ms, proxy.ts: 4ms, application-code: 16ms)
 GET /api/auth/organization/list 200 in 30ms (next.js: 10ms, proxy.ts: 4ms, application-code: 17ms)
 GET /analysis?client=80000000-0000-4000-8000-000000000005 200 in 1019ms (next.js: 622ms, proxy.ts: 8ms, application-code: 389ms)
 GET /api/auth/get-session 200 in 130ms (next.js: 79ms, proxy.ts: 28ms, application-code: 23ms)
 GET /api/auth/organization/list 200 in 136ms (next.js: 80ms, proxy.ts: 32ms, application-code: 24ms)
 GET /insights?client=80000000-0000-4000-8000-000000000005 200 in 269ms (next.js: 3ms, proxy.ts: 3ms, application-code: 263ms)
 GET /api/auth/get-session 200 in 112ms (next.js: 54ms, proxy.ts: 26ms, application-code: 33ms)
 GET /api/auth/organization/list 200 in 117ms (next.js: 58ms, proxy.ts: 25ms, application-code: 33ms)
 GET /dashboard?client=80000000-0000-4000-8000-000000000005 200 in 236ms (next.js: 1.9ms, proxy.ts: 2ms, application-code: 232ms)
 GET /api/auth/get-session 200 in 21ms (next.js: 5ms, proxy.ts: 3ms, application-code: 14ms)
 GET /api/auth/organization/list 200 in 26ms (next.js: 9ms, proxy.ts: 3ms, application-code: 14ms)
 GET /analysis?client=80000000-0000-4000-8000-000000000005 200 in 178ms (next.js: 2ms, proxy.ts: 6ms, application-code: 171ms)
 GET /api/auth/get-session 200 in 71ms (next.js: 40ms, proxy.ts: 4ms, application-code: 27ms)
 GET /api/auth/organization/list 200 in 119ms (next.js: 49ms, proxy.ts: 4ms, application-code: 66ms)
 GET /insights?client=80000000-0000-4000-8000-000000000005 200 in 218ms (next.js: 3ms, proxy.ts: 4ms, application-code: 211ms)
 GET /api/auth/get-session 200 in 21ms (next.js: 5ms, proxy.ts: 4ms, application-code: 12ms)
 GET /api/auth/organization/list 200 in 24ms (next.js: 7ms, proxy.ts: 5ms, application-code: 12ms)
 GET /insights?client=80000000-0000-4000-8000-000000000005 200 in 236ms (next.js: 2ms, proxy.ts: 4ms, application-code: 230ms)
 GET /api/auth/get-session 200 in 22ms (next.js: 6ms, proxy.ts: 3ms, application-code: 13ms)
 GET /api/auth/organization/list 200 in 24ms (next.js: 11ms, proxy.ts: 3ms, application-code: 10ms)
 POST /insights?client=80000000-0000-4000-8000-000000000005 200 in 81ms (next.js: 2ms, proxy.ts: 3ms, application-code: 76ms)
  └─ ƒ setCookieConsent({}) in 2ms src/app/preferences-actions.ts
  ✓  3 [chromium] › e2e/prod-ready-local.spec.ts:125:44 › local production readiness regression journeys › stored analytics remain available without Google and during grace in fr (3.9s)
 GET /dashboard?client=80000000-0000-4000-8000-000000000005 200 in 200ms (next.js: 2ms, proxy.ts: 2.0ms, application-code: 195ms)
 GET /api/auth/get-session 200 in 30ms (next.js: 5ms, proxy.ts: 3ms, application-code: 22ms)
 GET /api/auth/organization/list 200 in 34ms (next.js: 17ms, proxy.ts: 3ms, application-code: 14ms)
 GET /analysis?client=80000000-0000-4000-8000-000000000005 200 in 195ms (next.js: 5ms, proxy.ts: 5ms, application-code: 186ms)
 GET /api/auth/get-session 200 in 82ms (next.js: 58ms, proxy.ts: 12ms, application-code: 11ms)
 GET /api/auth/organization/list 200 in 85ms (next.js: 61ms, proxy.ts: 12ms, application-code: 12ms)
 GET /insights?client=80000000-0000-4000-8000-000000000005 200 in 242ms (next.js: 4ms, proxy.ts: 2ms, application-code: 236ms)
 GET /api/auth/get-session 200 in 80ms (next.js: 55ms, proxy.ts: 13ms, application-code: 13ms)
 GET /api/auth/organization/list 200 in 87ms (next.js: 58ms, proxy.ts: 13ms, application-code: 16ms)
 GET /dashboard?client=80000000-0000-4000-8000-000000000005 200 in 225ms (next.js: 3ms, proxy.ts: 1.9ms, application-code: 220ms)
 GET /api/auth/get-session 200 in 16ms (next.js: 3ms, proxy.ts: 3ms, application-code: 10ms)
 GET /api/auth/organization/list 200 in 18ms (next.js: 7ms, proxy.ts: 3ms, application-code: 8ms)
 GET /analysis?client=80000000-0000-4000-8000-000000000005 200 in 177ms (next.js: 2ms, proxy.ts: 2ms, application-code: 172ms)
 GET /api/auth/get-session 200 in 77ms (next.js: 53ms, proxy.ts: 12ms, application-code: 12ms)
 GET /api/auth/organization/list 200 in 80ms (next.js: 56ms, proxy.ts: 12ms, application-code: 12ms)
 GET /insights?client=80000000-0000-4000-8000-000000000005 200 in 232ms (next.js: 2ms, proxy.ts: 3ms, application-code: 227ms)
 GET /api/auth/get-session 200 in 89ms (next.js: 58ms, proxy.ts: 17ms, application-code: 13ms)
 GET /api/auth/organization/list 200 in 92ms (next.js: 62ms, proxy.ts: 17ms, application-code: 14ms)
 GET /insights?client=80000000-0000-4000-8000-000000000005 200 in 252ms (next.js: 4ms, proxy.ts: 2ms, application-code: 245ms)
 GET /api/auth/get-session 200 in 26ms (next.js: 5ms, proxy.ts: 5ms, application-code: 16ms)
 GET /api/auth/organization/list 200 in 28ms (next.js: 8ms, proxy.ts: 5ms, application-code: 15ms)
 POST /insights?client=80000000-0000-4000-8000-000000000005 200 in 81ms (next.js: 2ms, proxy.ts: 3ms, application-code: 76ms)
  └─ ƒ setCookieConsent({}) in 2ms src/app/preferences-actions.ts
  ✓  4 [chromium] › e2e/prod-ready-local.spec.ts:125:44 › local production readiness regression journeys › stored analytics remain available without Google and during grace in en (3.1s)

  4 passed (19.1s)
[?25h
{"ok":true,"cleaned":"local-browser-fixtures"}
